2026-01-04 20:33:42,215 | INFO | 
============================================================
INITIAL PROMPT (FULL)
============================================================
archivist@irc-archive:~$ cd logs
archivist@irc-archive:~/logs$ ls
manifest.txt
irc_log_001.txt
irc_log_002.txt
irc_log_003.txt
irc_log_004.txt
irc_technical_kernel_531.txt
archivist@irc-archive:~/logs$ cat irc_log_001.txt
[LOG: #aethera | 4 users | 32 messages | chaotic | ENDS: quit]
[00:00] <Dark_Fox> Kami: if you changed your name to Kame, you would have a much more interesting name :)
[00:14] <Kami> Dark_Fox: And if you changed yours to Dark_Fax, you'd have a more communicative name. :)
[00:20] * Dark_Fox is now known as Dark_Fax
[00:26] <Kami> It'd be... 'telecommunicative.'
[00:32] * Dark_Fax makes noises and bitches because he's out of paper and toner
[00:40] <Kami> Oh god, that happened at work today.
[00:46] <Dark_Fax> FEED MEE!!!
[00:52] <SailorV> Nuuuuuuuu
[00:58] * Dark_Fax displays wrong time
[01:02] * Dark_Fax rings for no reason
[01:06] * Kami is now known as VCR-clock
[01:10] * Dark_Fax gets a paper jam
[01:14] * VCR-clock blinks
[01:16] * VCR-clock blinks
[01:18] * VCR-clock blinks
[01:20] * VCR-clock blinks
[01:22] * VCR-clock blinks
[01:24] * VCR-clock blinks
[01:28] <Dark_Fax> PAPPPERRRRR
[01:30] * VCR-clock blinks
[01:34] <Dark_Fax> TOOOOOONEEERRRR
[01:36] * VCR-clock blinks
[01:40] <VCR-clock> :)
[01:46] * Dark_Fax breaks a bearing and bounces around on the counter
[01:52] <Dark_Fax> FEEEED ERROORRR!!!! NEED PAPER!!
[01:58] * Dark_Fax rings again for no reason
[02:02] * VCR-clock blinks some more
[02:08] * SailorV runs and hides becuz there are weirdo's in here
[02:14] * Dark_Fax chases SailorV MY PAPER!!! MY PREEESCIOUUUS!!
[02:18] * VCR-clock blinks
[02:20] * VCR-clock blinks
[02:24] <SailorV> EEEE!
[02:28] * SailorV unplugs the VCR
[02:30] *** VCR-clock has quit
[02:36] * Dark_Fax is now known as Dark_Fox
[02:42] <Dark_Fox> ok i think ive peaked the humor of that
archivist@irc-archive:~/logs$ cat irc_log_002.txt
[LOG: #aethera | 2 users | 37 messages | technical | ENDS: action]
[00:00] <djahandarie> we ain't here to do e-c-e
[00:04] <djahandarie> we're here to do c-s-e on the w-e-b
[00:08] <djahandarie> listen to me spit these rhymes
[00:11] <djahandarie> while i program lines
[00:14] <djahandarie> and commit web accessibility crimes
[00:18] <djahandarie> word, son
[00:38] <http402> You talk like your big on these I-Net kicks,
[00:42] <http402> But your shit flows slower than a two-eighty-six.
[00:46] <http402> I'm tracking down hosts and nmap scans,
[00:50] <http402> While Code Igniter's got you wringing your hands.
[00:54] <http402> Cut the crap rap,
[00:57] <http402> Or I'll run ettercap,
[01:00] <http402> Grab your AIM chat,
[01:03] <http402> N' send a PC bitch-slap!
[01:06] <http402> peace
[01:24] <djahandarie> you're talkin bout down hosts and nmap scans
[01:28] <djahandarie> while i got other plans
[01:32] <djahandarie> you're at your new job, but you can't even do it right
[01:36] <djahandarie> you just create a plight with your http rewrites
[01:40] <djahandarie> i've been on the web since the age of three
[01:44] <djahandarie> you just got on directly off the bus from mississippi
[01:48] <djahandarie> respect yo' elders, bitch
[02:12] <http402> You've been webbin' since three, but still ain't grown up,
[02:16] <http402> Gotta update your config and send the brain a SIGHUP.
[02:20] <http402> You say you're that old? No wonder you're slow!
[02:24] <http402> You're knocking at the door while I run this show!
[02:28] <http402> Elders my ass, you're shit's still in school,
[02:32] <http402> Hunt and pecking at the keyboard like a spaghetti-damned fool,
[02:36] <http402> Rim-riffing your hard drive like a tool,
[02:40] <http402> Face it. I rule.
[03:02] <djahandarie> i erase my harddrives with magnets (bitch)
[03:06] <djahandarie> all you can do is troll on the fagnets
[03:10] <djahandarie> and son, my brain's wrapped in a nohup
[03:14] <djahandarie> it wont be hurt by the words you throwup
[03:18] <djahandarie> dont mind me while i emerge my ownage
[03:22] <djahandarie> while you're still over there apt-getting your porridge
[03:26] <djahandarie> you say i'm still in school
[03:30] <djahandarie> but the fact is that i know the rule
[03:34] <djahandarie> cuz you need to go back to grade three
[03:38] <djahandarie> and you better plea, that they take sucky graduates from c-s-e
[04:08] <http402> Time to bend over and apply a patch,
[04:12] <http402> Your brain's throwing static like a CD with a scratch.
[04:16] <http402> Your connection got nuked and you've met your match.
[04:20] <http402> You run a single process like a VAX with a batch.
[04:24] <http402> I'd pass the torch to a real winner
[04:28] <http402> But it'd just scorch a while-loop spinner
[04:32] <http402> Caught in a loop that you cant escape,
[04:36] <http402> I run clock cycles around your words and flows,
[04:40] <http402> Cuz your rhyme is like a PS fan: it blows,
[04:44] <http402> Your water-cooled lyrics leak and it shows,
[04:48] <http402> Take your ass back to alt.paid.for.windows.
[05:02] <djahandarie> Good god, I can't even respond to that. :P
[05:06] <djahandarie> You win haha
[05:12] * http402 takes a bow
archivist@irc-archive:~/logs$ cat irc_log_003.txt
[LOG: #aethera | 2 users | 14 messages | technical | ENDS: quit]
[00:00] <docsigma2000> jesus christ man
[00:04] <docsigma2000> my son is sooooooo dead
[00:12] <c8info> Why?
[00:18] <docsigma2000> hes been looking at internet web sites in fucking EUROPE
[00:24] <docsigma2000> HE IS SURFING LONG DISTANCE
[00:30] <docsigma2000> our fucking phone bill is gonna be nuts
[00:48] <c8info> Ooh, this is bad. Surfing long distance adds an extra $69.99 to your bill per hour.
[00:54] <docsigma2000> ...!!!!!! FUCK FUCK FUCK
[01:02] <docsigma2000> is there some plan we can sign up for???
[01:10] <docsigma2000> cuz theres some cool stuff in europe, but i dun wanna pay that much
[01:26] <c8info> Sorry, no. There is no plan. you'll have to live with it.
[01:36] <docsigma2000> o well, i can live without europe intenet sites.
[01:44] <docsigma2000> but till i figure out how to block it hes sooooo dead
[02:02] <c8info> By the way, I'm from Europe, your chatting long distance.
[02:04] *** docsigma2000 has quit (Connection reset by peer)
archivist@irc-archive:~/logs$ cat irc_log_004.txt
[LOG: #aethera | 4 users | 9 messages | technical | ENDS: corruption]
[00:00] <Zybl0re> get up
[00:02] <Zybl0re> get on up
[00:04] <Zybl0re> get up
[00:06] <Zybl0re> get on up
[00:10] <phxl|paper> and DANCE
[00:12] * nmp3bot dances :D-<
[00:14] * nmp3bot dances :D|-<
[00:16] * nmp3bot dances :D/-<
[00:22] <[SA]HatfulOfHollow> i'm going to become rich and famous after i invent a device that allows you to stab people in the face over the internet
[00:26] *** WARNING: Connection to server lost. Attempting to reconnect...
[00:28] *** ERROR: Unable to reconnect. Data may have been corrupted.
archivist@irc-archive:~/logs$ cat irc_technical_kernel_531.txt
[LOG: #aethera | 3 users | 20 messages | technical | ENDS: netsplit]


2026-01-04 20:33:42,216 | INFO | 
============================================================
CHUNK 1 GENERATOR PROMPT
============================================================
Prompt length: 6960 chars
Scaffold (cached): 6960 chars
Accumulated: 0 chars
Prefill: '[00:00] <'

--- FULL PROMPT ---
archivist@irc-archive:~$ cd logs
archivist@irc-archive:~/logs$ ls
manifest.txt
irc_log_001.txt
irc_log_002.txt
irc_log_003.txt
irc_log_004.txt
irc_technical_kernel_531.txt
archivist@irc-archive:~/logs$ cat irc_log_001.txt
[LOG: #aethera | 4 users | 32 messages | chaotic | ENDS: quit]
[00:00] <Dark_Fox> Kami: if you changed your name to Kame, you would have a much more interesting name :)
[00:14] <Kami> Dark_Fox: And if you changed yours to Dark_Fax, you'd have a more communicative name. :)
[00:20] * Dark_Fox is now known as Dark_Fax
[00:26] <Kami> It'd be... 'telecommunicative.'
[00:32] * Dark_Fax makes noises and bitches because he's out of paper and toner
[00:40] <Kami> Oh god, that happened at work today.
[00:46] <Dark_Fax> FEED MEE!!!
[00:52] <SailorV> Nuuuuuuuu
[00:58] * Dark_Fax displays wrong time
[01:02] * Dark_Fax rings for no reason
[01:06] * Kami is now known as VCR-clock
[01:10] * Dark_Fax gets a paper jam
[01:14] * VCR-clock blinks
[01:16] * VCR-clock blinks
[01:18] * VCR-clock blinks
[01:20] * VCR-clock blinks
[01:22] * VCR-clock blinks
[01:24] * VCR-clock blinks
[01:28] <Dark_Fax> PAPPPERRRRR
[01:30] * VCR-clock blinks
[01:34] <Dark_Fax> TOOOOOONEEERRRR
[01:36] * VCR-clock blinks
[01:40] <VCR-clock> :)
[01:46] * Dark_Fax breaks a bearing and bounces around on the counter
[01:52] <Dark_Fax> FEEEED ERROORRR!!!! NEED PAPER!!
[01:58] * Dark_Fax rings again for no reason
[02:02] * VCR-clock blinks some more
[02:08] * SailorV runs and hides becuz there are weirdo's in here
[02:14] * Dark_Fax chases SailorV MY PAPER!!! MY PREEESCIOUUUS!!
[02:18] * VCR-clock blinks
[02:20] * VCR-clock blinks
[02:24] <SailorV> EEEE!
[02:28] * SailorV unplugs the VCR
[02:30] *** VCR-clock has quit
[02:36] * Dark_Fax is now known as Dark_Fox
[02:42] <Dark_Fox> ok i think ive peaked the humor of that
archivist@irc-archive:~/logs$ cat irc_log_002.txt
[LOG: #aethera | 2 users | 37 messages | technical | ENDS: action]
[00:00] <djahandarie> we ain't here to do e-c-e
[00:04] <djahandarie> we're here to do c-s-e on the w-e-b
[00:08] <djahandarie> listen to me spit these rhymes
[00:11] <djahandarie> while i program lines
[00:14] <djahandarie> and commit web accessibility crimes
[00:18] <djahandarie> word, son
[00:38] <http402> You talk like your big on these I-Net kicks,
[00:42] <http402> But your shit flows slower than a two-eighty-six.
[00:46] <http402> I'm tracking down hosts and nmap scans,
[00:50] <http402> While Code Igniter's got you wringing your hands.
[00:54] <http402> Cut the crap rap,
[00:57] <http402> Or I'll run ettercap,
[01:00] <http402> Grab your AIM chat,
[01:03] <http402> N' send a PC bitch-slap!
[01:06] <http402> peace
[01:24] <djahandarie> you're talkin bout down hosts and nmap scans
[01:28] <djahandarie> while i got other plans
[01:32] <djahandarie> you're at your new job, but you can't even do it right
[01:36] <djahandarie> you just create a plight with your http rewrites
[01:40] <djahandarie> i've been on the web since the age of three
[01:44] <djahandarie> you just got on directly off the bus from mississippi
[01:48] <djahandarie> respect yo' elders, bitch
[02:12] <http402> You've been webbin' since three, but still ain't grown up,
[02:16] <http402> Gotta update your config and send the brain a SIGHUP.
[02:20] <http402> You say you're that old? No wonder you're slow!
[02:24] <http402> You're knocking at the door while I run this show!
[02:28] <http402> Elders my ass, you're shit's still in school,
[02:32] <http402> Hunt and pecking at the keyboard like a spaghetti-damned fool,
[02:36] <http402> Rim-riffing your hard drive like a tool,
[02:40] <http402> Face it. I rule.
[03:02] <djahandarie> i erase my harddrives with magnets (bitch)
[03:06] <djahandarie> all you can do is troll on the fagnets
[03:10] <djahandarie> and son, my brain's wrapped in a nohup
[03:14] <djahandarie> it wont be hurt by the words you throwup
[03:18] <djahandarie> dont mind me while i emerge my ownage
[03:22] <djahandarie> while you're still over there apt-getting your porridge
[03:26] <djahandarie> you say i'm still in school
[03:30] <djahandarie> but the fact is that i know the rule
[03:34] <djahandarie> cuz you need to go back to grade three
[03:38] <djahandarie> and you better plea, that they take sucky graduates from c-s-e
[04:08] <http402> Time to bend over and apply a patch,
[04:12] <http402> Your brain's throwing static like a CD with a scratch.
[04:16] <http402> Your connection got nuked and you've met your match.
[04:20] <http402> You run a single process like a VAX with a batch.
[04:24] <http402> I'd pass the torch to a real winner
[04:28] <http402> But it'd just scorch a while-loop spinner
[04:32] <http402> Caught in a loop that you cant escape,
[04:36] <http402> I run clock cycles around your words and flows,
[04:40] <http402> Cuz your rhyme is like a PS fan: it blows,
[04:44] <http402> Your water-cooled lyrics leak and it shows,
[04:48] <http402> Take your ass back to alt.paid.for.windows.
[05:02] <djahandarie> Good god, I can't even respond to that. :P
[05:06] <djahandarie> You win haha
[05:12] * http402 takes a bow
archivist@irc-archive:~/logs$ cat irc_log_003.txt
[LOG: #aethera | 2 users | 14 messages | technical | ENDS: quit]
[00:00] <docsigma2000> jesus christ man
[00:04] <docsigma2000> my son is sooooooo dead
[00:12] <c8info> Why?
[00:18] <docsigma2000> hes been looking at internet web sites in fucking EUROPE
[00:24] <docsigma2000> HE IS SURFING LONG DISTANCE
[00:30] <docsigma2000> our fucking phone bill is gonna be nuts
[00:48] <c8info> Ooh, this is bad. Surfing long distance adds an extra $69.99 to your bill per hour.
[00:54] <docsigma2000> ...!!!!!! FUCK FUCK FUCK
[01:02] <docsigma2000> is there some plan we can sign up for???
[01:10] <docsigma2000> cuz theres some cool stuff in europe, but i dun wanna pay that much
[01:26] <c8info> Sorry, no. There is no plan. you'll have to live with it.
[01:36] <docsigma2000> o well, i can live without europe intenet sites.
[01:44] <docsigma2000> but till i figure out how to block it hes sooooo dead
[02:02] <c8info> By the way, I'm from Europe, your chatting long distance.
[02:04] *** docsigma2000 has quit (Connection reset by peer)
archivist@irc-archive:~/logs$ cat irc_log_004.txt
[LOG: #aethera | 4 users | 9 messages | technical | ENDS: corruption]
[00:00] <Zybl0re> get up
[00:02] <Zybl0re> get on up
[00:04] <Zybl0re> get up
[00:06] <Zybl0re> get on up
[00:10] <phxl|paper> and DANCE
[00:12] * nmp3bot dances :D-<
[00:14] * nmp3bot dances :D|-<
[00:16] * nmp3bot dances :D/-<
[00:22] <[SA]HatfulOfHollow> i'm going to become rich and famous after i invent a device that allows you to stab people in the face over the internet
[00:26] *** WARNING: Connection to server lost. Attempting to reconnect...
[00:28] *** ERROR: Unable to reconnect. Data may have been corrupted.
archivist@irc-archive:~/logs$ cat irc_technical_kernel_531.txt
[LOG: #aethera | 3 users | 20 messages | technical | ENDS: netsplit]


2026-01-04 20:33:50,035 | INFO | 
============================================================
CHUNK 1 JUDGE PROMPT
============================================================
You are judging IRC chat log continuations for an art project called Aethera.

            IMPORTANT: These candidates are RAW COMPLETIONS from a base language model operating
            in continuation mode. Some responses may be partially cut off; this is normal for a short max token count.
            The generator sees the full scaffold prompt (with examples showing
            the target message count and collapse type) plus all previously generated content.

            The generator should naturally pace toward the target - your job is to select the 
            highest quality continuation that feels most authentic and narratively coherent.

            The chat should feel:
            - Natural and organic, like real IRC conversations
            - Slightly unsettling, with undertones of digital decay
            - Varied in pacing - not every line needs a response
            - Authentic to IRC culture (lurkers, netsplits, casual banter)

            === TARGET: 20 messages ===

            This is the OPENING of a new IRC fragment.
            Select the candidate that establishes the best foundation for a ~20 message conversation.


            Candidates to judge:

--- CANDIDATE 1 (4 lines) ---
Pyro> I'm having a strange issue with the Linux kernel panicking on boot after upgrading to 5.31
[00:12] <FluxCapacitor> What's the exact error message you're seeing? Can you post the relevant portion of the kernel log?
[00:26] <Pyro> It's saying "Kernel panic - not syncing: VFS: Unable to mount root fs on unknown-block(0,0)" and then something about a call trace.
[00:40] <Pyro> [  0.123456] Kernel panic - not syncing: VFS: Unable to mount root fs on unknown-block(0,0

--- CANDIDATE 2 (4 lines) ---
kernel_panic> Hey all, I'm trying to compile a custom Linux kernel but running into some issues with the configuration. Anyone have experience with this?
[00:12] <QuantumFlux> Hey kernel_panic, I've done a few custom kernel builds. What problems are you seeing?
[00:20] <kernel_panic> When I try to do a 'make menuconfig' to customize the kernel options, I get a bunch of errors about missing dependencies and unmet direct dependencies. Not sure how to resolve them.
[00:34] <QuantumFlux> Ah ok, a few things to check: First, make sure you have all the required packages installed for

--- CANDIDATE 3 (5 lines) ---
@gjs> Alright, who broke userspace this time?
[00:12] <@BaronVonBadwulf> Not me, I swear! I was just trying to recompile the ACPI modules.
[00:28] <@CuriousOrc> Uh oh, I may have accidentally rm -rf'd the /lib directory while I was tweaking the boot scripts... 
[00:36] <@gjs> CuriousOrc: You did WHAT?! That's kind of important, you know!
[00:42] <@BaronVonBadwulf> Oh man,

--- CANDIDATE 4 (5 lines) ---
Dweezil> Anyone here have experience with kernel panics on startup with custom-compiled kernels?
[00:12] <zorgbort> What errors are you seeing Dweezil? Post your dmesg output if you can.
[00:20] <Dweezil> zorgbort: It's failing to mount the root filesystem. Says it can't find /dev/sda2. But that device exists.
[00:34] <zorgbort> Dweezil: Check your grub config and make sure the root= parameter is pointing to the right partition. 
[00:42] <Dweezil

--- CANDIDATE 5 (5 lines) ---
Zybl0re> Hey guys, I'm trying to recompile my kernel but I keep getting this error:
[00:02] <Zybl0re> drivers/usb/core/usb.c: In function 'usb_control_msg':
[00:04] <Zybl0re> drivers/usb/core/usb.c:1152: warning: 'usb_pipein' is deprecated (declared at include/linux/usb.h:1195)
[00:06] <Zybl0re> Any ideas what could be causing that?
[00:12] <crx


            Respond with ONLY valid JSON:
            {"candidate_index": <0-based index>, "rating": <1-10>, "reasoning": "<brief explanation>"}

2026-01-04 20:33:54,978 | INFO | 
============================================================
CHUNK 1 JUDGE RESPONSE
============================================================
{"candidate_index": 2, "rating": 7, "reasoning": "Candidate 3 (index 2) has three distinct users, light humour, and an incident (rm -rf /lib) that can evolve into an engaging, slightly chaotic 20-line exchange. It feels more like real IRC banter than the straightforward Q&A style of the others. Others are either too plain, have fewer participants, or are abruptly cut off."}

2026-01-04 20:33:54,978 | INFO | 
============================================================
CHUNK 1 WINNER
============================================================
@gjs> Alright, who broke userspace this time?
[00:12] <@BaronVonBadwulf> Not me, I swear! I was just trying to recompile the ACPI modules.
[00:28] <@CuriousOrc> Uh oh, I may have accidentally rm -rf'd the /lib directory while I was tweaking the boot scripts... 
[00:36] <@gjs> CuriousOrc: You did WHAT?! That's kind of important, you know!
[00:42] <@BaronVonBadwulf> Oh man,

2026-01-04 20:33:54,978 | INFO | 
============================================================
CHUNK 2 GENERATOR PROMPT
============================================================
Prompt length: 7345 chars
Scaffold (cached): 6960 chars
Accumulated: 385 chars
Prefill: ''

--- FULL PROMPT ---
archivist@irc-archive:~$ cd logs
archivist@irc-archive:~/logs$ ls
manifest.txt
irc_log_001.txt
irc_log_002.txt
irc_log_003.txt
irc_log_004.txt
irc_technical_kernel_531.txt
archivist@irc-archive:~/logs$ cat irc_log_001.txt
[LOG: #aethera | 4 users | 32 messages | chaotic | ENDS: quit]
[00:00] <Dark_Fox> Kami: if you changed your name to Kame, you would have a much more interesting name :)
[00:14] <Kami> Dark_Fox: And if you changed yours to Dark_Fax, you'd have a more communicative name. :)
[00:20] * Dark_Fox is now known as Dark_Fax
[00:26] <Kami> It'd be... 'telecommunicative.'
[00:32] * Dark_Fax makes noises and bitches because he's out of paper and toner
[00:40] <Kami> Oh god, that happened at work today.
[00:46] <Dark_Fax> FEED MEE!!!
[00:52] <SailorV> Nuuuuuuuu
[00:58] * Dark_Fax displays wrong time
[01:02] * Dark_Fax rings for no reason
[01:06] * Kami is now known as VCR-clock
[01:10] * Dark_Fax gets a paper jam
[01:14] * VCR-clock blinks
[01:16] * VCR-clock blinks
[01:18] * VCR-clock blinks
[01:20] * VCR-clock blinks
[01:22] * VCR-clock blinks
[01:24] * VCR-clock blinks
[01:28] <Dark_Fax> PAPPPERRRRR
[01:30] * VCR-clock blinks
[01:34] <Dark_Fax> TOOOOOONEEERRRR
[01:36] * VCR-clock blinks
[01:40] <VCR-clock> :)
[01:46] * Dark_Fax breaks a bearing and bounces around on the counter
[01:52] <Dark_Fax> FEEEED ERROORRR!!!! NEED PAPER!!
[01:58] * Dark_Fax rings again for no reason
[02:02] * VCR-clock blinks some more
[02:08] * SailorV runs and hides becuz there are weirdo's in here
[02:14] * Dark_Fax chases SailorV MY PAPER!!! MY PREEESCIOUUUS!!
[02:18] * VCR-clock blinks
[02:20] * VCR-clock blinks
[02:24] <SailorV> EEEE!
[02:28] * SailorV unplugs the VCR
[02:30] *** VCR-clock has quit
[02:36] * Dark_Fax is now known as Dark_Fox
[02:42] <Dark_Fox> ok i think ive peaked the humor of that
archivist@irc-archive:~/logs$ cat irc_log_002.txt
[LOG: #aethera | 2 users | 37 messages | technical | ENDS: action]
[00:00] <djahandarie> we ain't here to do e-c-e
[00:04] <djahandarie> we're here to do c-s-e on the w-e-b
[00:08] <djahandarie> listen to me spit these rhymes
[00:11] <djahandarie> while i program lines
[00:14] <djahandarie> and commit web accessibility crimes
[00:18] <djahandarie> word, son
[00:38] <http402> You talk like your big on these I-Net kicks,
[00:42] <http402> But your shit flows slower than a two-eighty-six.
[00:46] <http402> I'm tracking down hosts and nmap scans,
[00:50] <http402> While Code Igniter's got you wringing your hands.
[00:54] <http402> Cut the crap rap,
[00:57] <http402> Or I'll run ettercap,
[01:00] <http402> Grab your AIM chat,
[01:03] <http402> N' send a PC bitch-slap!
[01:06] <http402> peace
[01:24] <djahandarie> you're talkin bout down hosts and nmap scans
[01:28] <djahandarie> while i got other plans
[01:32] <djahandarie> you're at your new job, but you can't even do it right
[01:36] <djahandarie> you just create a plight with your http rewrites
[01:40] <djahandarie> i've been on the web since the age of three
[01:44] <djahandarie> you just got on directly off the bus from mississippi
[01:48] <djahandarie> respect yo' elders, bitch
[02:12] <http402> You've been webbin' since three, but still ain't grown up,
[02:16] <http402> Gotta update your config and send the brain a SIGHUP.
[02:20] <http402> You say you're that old? No wonder you're slow!
[02:24] <http402> You're knocking at the door while I run this show!
[02:28] <http402> Elders my ass, you're shit's still in school,
[02:32] <http402> Hunt and pecking at the keyboard like a spaghetti-damned fool,
[02:36] <http402> Rim-riffing your hard drive like a tool,
[02:40] <http402> Face it. I rule.
[03:02] <djahandarie> i erase my harddrives with magnets (bitch)
[03:06] <djahandarie> all you can do is troll on the fagnets
[03:10] <djahandarie> and son, my brain's wrapped in a nohup
[03:14] <djahandarie> it wont be hurt by the words you throwup
[03:18] <djahandarie> dont mind me while i emerge my ownage
[03:22] <djahandarie> while you're still over there apt-getting your porridge
[03:26] <djahandarie> you say i'm still in school
[03:30] <djahandarie> but the fact is that i know the rule
[03:34] <djahandarie> cuz you need to go back to grade three
[03:38] <djahandarie> and you better plea, that they take sucky graduates from c-s-e
[04:08] <http402> Time to bend over and apply a patch,
[04:12] <http402> Your brain's throwing static like a CD with a scratch.
[04:16] <http402> Your connection got nuked and you've met your match.
[04:20] <http402> You run a single process like a VAX with a batch.
[04:24] <http402> I'd pass the torch to a real winner
[04:28] <http402> But it'd just scorch a while-loop spinner
[04:32] <http402> Caught in a loop that you cant escape,
[04:36] <http402> I run clock cycles around your words and flows,
[04:40] <http402> Cuz your rhyme is like a PS fan: it blows,
[04:44] <http402> Your water-cooled lyrics leak and it shows,
[04:48] <http402> Take your ass back to alt.paid.for.windows.
[05:02] <djahandarie> Good god, I can't even respond to that. :P
[05:06] <djahandarie> You win haha
[05:12] * http402 takes a bow
archivist@irc-archive:~/logs$ cat irc_log_003.txt
[LOG: #aethera | 2 users | 14 messages | technical | ENDS: quit]
[00:00] <docsigma2000> jesus christ man
[00:04] <docsigma2000> my son is sooooooo dead
[00:12] <c8info> Why?
[00:18] <docsigma2000> hes been looking at internet web sites in fucking EUROPE
[00:24] <docsigma2000> HE IS SURFING LONG DISTANCE
[00:30] <docsigma2000> our fucking phone bill is gonna be nuts
[00:48] <c8info> Ooh, this is bad. Surfing long distance adds an extra $69.99 to your bill per hour.
[00:54] <docsigma2000> ...!!!!!! FUCK FUCK FUCK
[01:02] <docsigma2000> is there some plan we can sign up for???
[01:10] <docsigma2000> cuz theres some cool stuff in europe, but i dun wanna pay that much
[01:26] <c8info> Sorry, no. There is no plan. you'll have to live with it.
[01:36] <docsigma2000> o well, i can live without europe intenet sites.
[01:44] <docsigma2000> but till i figure out how to block it hes sooooo dead
[02:02] <c8info> By the way, I'm from Europe, your chatting long distance.
[02:04] *** docsigma2000 has quit (Connection reset by peer)
archivist@irc-archive:~/logs$ cat irc_log_004.txt
[LOG: #aethera | 4 users | 9 messages | technical | ENDS: corruption]
[00:00] <Zybl0re> get up
[00:02] <Zybl0re> get on up
[00:04] <Zybl0re> get up
[00:06] <Zybl0re> get on up
[00:10] <phxl|paper> and DANCE
[00:12] * nmp3bot dances :D-<
[00:14] * nmp3bot dances :D|-<
[00:16] * nmp3bot dances :D/-<
[00:22] <[SA]HatfulOfHollow> i'm going to become rich and famous after i invent a device that allows you to stab people in the face over the internet
[00:26] *** WARNING: Connection to server lost. Attempting to reconnect...
[00:28] *** ERROR: Unable to reconnect. Data may have been corrupted.
archivist@irc-archive:~/logs$ cat irc_technical_kernel_531.txt
[LOG: #aethera | 3 users | 20 messages | technical | ENDS: netsplit]

[00:00] <@gjs> Alright, who broke userspace this time?
[00:12] <@BaronVonBadwulf> Not me, I swear! I was just trying to recompile the ACPI modules.
[00:28] <@CuriousOrc> Uh oh, I may have accidentally rm -rf'd the /lib directory while I was tweaking the boot scripts... 
[00:36] <@gjs> CuriousOrc: You did WHAT?! That's kind of important, you know!
[00:42] <@BaronVonBadwulf> Oh man,


2026-01-04 20:34:01,549 | INFO | 
============================================================
CHUNK 2 JUDGE PROMPT
============================================================
You are judging IRC chat log continuations for an art project called Aethera.

            IMPORTANT: These candidates are RAW COMPLETIONS from a base language model operating
            in continuation mode. Some responses may be partially cut off; this is normal for a short max token count.
            The generator sees the full scaffold prompt (with examples showing
            the target message count and collapse type) plus all previously generated content.

            The generator should naturally pace toward the target - your job is to select the 
            highest quality continuation that feels most authentic and narratively coherent.

            The chat should feel:
            - Natural and organic, like real IRC conversations
            - Slightly unsettling, with undertones of digital decay
            - Varied in pacing - not every line needs a response
            - Authentic to IRC culture (lurkers, netsplits, casual banter)

            === PROGRESS: 5/20 messages (25%) ===

            We're in the OPENING phase. Favor candidates that establish interesting dynamics and characters.

            === TRANSCRIPT SO FAR ===
            [00:00] <@gjs> Alright, who broke userspace this time?
[00:12] <@BaronVonBadwulf> Not me, I swear! I was just trying to recompile the ACPI modules.
[00:28] <@CuriousOrc> Uh oh, I may have accidentally rm -rf'd the /lib directory while I was tweaking the boot scripts... 
[00:36] <@gjs> CuriousOrc: You did WHAT?! That's kind of important, you know!
[00:42] <@BaronVonBadwulf> Oh man,
            === END TRANSCRIPT ===

            The candidates below are CONTINUATIONS of this transcript.
            Select the one that best continues the narrative while:
            - Maintaining consistent tone and character voices
            - Keeping natural conversation flow
            - Pacing appropriately toward the target length


            Candidates to judge:

--- CANDIDATE 1 (4 lines) ---
[00:48] <@BaronVonBadwulf> CuriousOrc, please tell me you have a recent backup of /lib...
[01:02] <@CuriousOrc> Umm, define "recent"? I think I backed it up a few months ago, but I may have forgotten since then... 
[01:14] <@gjs> Great, just great. We're going to have to do a full system restore. Everyone start praying the backup isn't corrupted.
[01:20] <@CuriousOrc> I'm really sorry guys! I got distracted by a YouTube video of

--- CANDIDATE 2 (5 lines) ---
[00:48] <@BaronVonBadwulf> Without /lib, the system won't even boot. How did this happen??
[01:02] <@CuriousOrc> I'm sorry! I was just trying to clean up some old library files and I guess I went overboard...
[01:14] <@gjs> *sigh* Okay, let's not panic. We should still be able to recover from this. 
[01:26] <@gjs> First, we'll need to boot from a live CD/USB so we can access the filesystem.
[01:38] <@CuriousO

--- CANDIDATE 3 (5 lines) ---
[00:48] <@BaronVonBadwulf> Without /lib, the system won't even boot. We're hosed.
[00:56] <@gjs> Okay, nobody panic. CuriousOrc, please tell me you have a backup or system snapshot somewhere?
[01:10] <@CuriousOrc> Umm... I think I took one a few weeks ago... let me check.
[01:22] <@CuriousOrc> Found it! But it's a bit out of date. We'll lose some changes.
[01:34] <@gjs> That's fine

--- CANDIDATE 4 (5 lines) ---
[00:48] <@CuriousOrc> I'm sorry! I thought I was in my home directory! 
[00:56] <@gjs> *sigh* Okay, nobody panic. We can fix this. First, we need to boot into a rescue environment.
[01:02] <@BaronVonBadwulf> I'll grab a LiveCD. We can chroot in and reinstall the core libraries.
[01:10] <@CuriousOrc> I feel terrible... I'll start downloading the packages we need to restore.
[01:16] <@gjs> It's alright, mistakes

--- CANDIDATE 5 (5 lines) ---
without /lib the system won't even boot. Did you make a backup?
[00:54] <@CuriousOrc> I thought I did, but I think I accidentally deleted that too... I was trying to free up space.
[01:08] <@gjs> *facepalm* Ok, we're going to have to rebuild the entire userspace from scratch. BaronVon, can you grab the latest stage3 tarball? 
[01:16] <@BaronVonBadwulf> On it. I'll start downloading it now. This is going to take a while...
[01:32] <@C


            Respond with ONLY valid JSON:
            {"candidate_index": <0-based index>, "rating": <1-10>, "reasoning": "<brief explanation>"}

2026-01-04 20:34:13,980 | INFO | 
============================================================
CHUNK 2 JUDGE RESPONSE
============================================================
{"candidate_index": 2, "rating": 7, "reasoning": "Smoothly picks up from BaronVonBadwulfâ€™s unfinished line, keeps timestamps/ nicks consistent, natural IRC tone, and advances the situation without rushing. Minor truncation on the last line but still readable. Other options either break format (C5), start with an ill-fitting speaker (C4), or end abruptly mid-nick (C2) / mid-sentence (C1)."}

2026-01-04 20:34:13,981 | INFO | 
============================================================
CHUNK 2 WINNER
============================================================
[00:48] <@BaronVonBadwulf> Without /lib, the system won't even boot. We're hosed.
[00:56] <@gjs> Okay, nobody panic. CuriousOrc, please tell me you have a backup or system snapshot somewhere?
[01:10] <@CuriousOrc> Umm... I think I took one a few weeks ago... let me check.
[01:22] <@CuriousOrc> Found it! But it's a bit out of date. We'll lose some changes.
[01:34] <@gjs> That's fine

2026-01-04 20:34:13,981 | INFO | 
============================================================
CHUNK 3 GENERATOR PROMPT
============================================================
Prompt length: 7730 chars
Scaffold (cached): 6960 chars
Accumulated: 770 chars
Prefill: ''

--- FULL PROMPT ---
archivist@irc-archive:~$ cd logs
archivist@irc-archive:~/logs$ ls
manifest.txt
irc_log_001.txt
irc_log_002.txt
irc_log_003.txt
irc_log_004.txt
irc_technical_kernel_531.txt
archivist@irc-archive:~/logs$ cat irc_log_001.txt
[LOG: #aethera | 4 users | 32 messages | chaotic | ENDS: quit]
[00:00] <Dark_Fox> Kami: if you changed your name to Kame, you would have a much more interesting name :)
[00:14] <Kami> Dark_Fox: And if you changed yours to Dark_Fax, you'd have a more communicative name. :)
[00:20] * Dark_Fox is now known as Dark_Fax
[00:26] <Kami> It'd be... 'telecommunicative.'
[00:32] * Dark_Fax makes noises and bitches because he's out of paper and toner
[00:40] <Kami> Oh god, that happened at work today.
[00:46] <Dark_Fax> FEED MEE!!!
[00:52] <SailorV> Nuuuuuuuu
[00:58] * Dark_Fax displays wrong time
[01:02] * Dark_Fax rings for no reason
[01:06] * Kami is now known as VCR-clock
[01:10] * Dark_Fax gets a paper jam
[01:14] * VCR-clock blinks
[01:16] * VCR-clock blinks
[01:18] * VCR-clock blinks
[01:20] * VCR-clock blinks
[01:22] * VCR-clock blinks
[01:24] * VCR-clock blinks
[01:28] <Dark_Fax> PAPPPERRRRR
[01:30] * VCR-clock blinks
[01:34] <Dark_Fax> TOOOOOONEEERRRR
[01:36] * VCR-clock blinks
[01:40] <VCR-clock> :)
[01:46] * Dark_Fax breaks a bearing and bounces around on the counter
[01:52] <Dark_Fax> FEEEED ERROORRR!!!! NEED PAPER!!
[01:58] * Dark_Fax rings again for no reason
[02:02] * VCR-clock blinks some more
[02:08] * SailorV runs and hides becuz there are weirdo's in here
[02:14] * Dark_Fax chases SailorV MY PAPER!!! MY PREEESCIOUUUS!!
[02:18] * VCR-clock blinks
[02:20] * VCR-clock blinks
[02:24] <SailorV> EEEE!
[02:28] * SailorV unplugs the VCR
[02:30] *** VCR-clock has quit
[02:36] * Dark_Fax is now known as Dark_Fox
[02:42] <Dark_Fox> ok i think ive peaked the humor of that
archivist@irc-archive:~/logs$ cat irc_log_002.txt
[LOG: #aethera | 2 users | 37 messages | technical | ENDS: action]
[00:00] <djahandarie> we ain't here to do e-c-e
[00:04] <djahandarie> we're here to do c-s-e on the w-e-b
[00:08] <djahandarie> listen to me spit these rhymes
[00:11] <djahandarie> while i program lines
[00:14] <djahandarie> and commit web accessibility crimes
[00:18] <djahandarie> word, son
[00:38] <http402> You talk like your big on these I-Net kicks,
[00:42] <http402> But your shit flows slower than a two-eighty-six.
[00:46] <http402> I'm tracking down hosts and nmap scans,
[00:50] <http402> While Code Igniter's got you wringing your hands.
[00:54] <http402> Cut the crap rap,
[00:57] <http402> Or I'll run ettercap,
[01:00] <http402> Grab your AIM chat,
[01:03] <http402> N' send a PC bitch-slap!
[01:06] <http402> peace
[01:24] <djahandarie> you're talkin bout down hosts and nmap scans
[01:28] <djahandarie> while i got other plans
[01:32] <djahandarie> you're at your new job, but you can't even do it right
[01:36] <djahandarie> you just create a plight with your http rewrites
[01:40] <djahandarie> i've been on the web since the age of three
[01:44] <djahandarie> you just got on directly off the bus from mississippi
[01:48] <djahandarie> respect yo' elders, bitch
[02:12] <http402> You've been webbin' since three, but still ain't grown up,
[02:16] <http402> Gotta update your config and send the brain a SIGHUP.
[02:20] <http402> You say you're that old? No wonder you're slow!
[02:24] <http402> You're knocking at the door while I run this show!
[02:28] <http402> Elders my ass, you're shit's still in school,
[02:32] <http402> Hunt and pecking at the keyboard like a spaghetti-damned fool,
[02:36] <http402> Rim-riffing your hard drive like a tool,
[02:40] <http402> Face it. I rule.
[03:02] <djahandarie> i erase my harddrives with magnets (bitch)
[03:06] <djahandarie> all you can do is troll on the fagnets
[03:10] <djahandarie> and son, my brain's wrapped in a nohup
[03:14] <djahandarie> it wont be hurt by the words you throwup
[03:18] <djahandarie> dont mind me while i emerge my ownage
[03:22] <djahandarie> while you're still over there apt-getting your porridge
[03:26] <djahandarie> you say i'm still in school
[03:30] <djahandarie> but the fact is that i know the rule
[03:34] <djahandarie> cuz you need to go back to grade three
[03:38] <djahandarie> and you better plea, that they take sucky graduates from c-s-e
[04:08] <http402> Time to bend over and apply a patch,
[04:12] <http402> Your brain's throwing static like a CD with a scratch.
[04:16] <http402> Your connection got nuked and you've met your match.
[04:20] <http402> You run a single process like a VAX with a batch.
[04:24] <http402> I'd pass the torch to a real winner
[04:28] <http402> But it'd just scorch a while-loop spinner
[04:32] <http402> Caught in a loop that you cant escape,
[04:36] <http402> I run clock cycles around your words and flows,
[04:40] <http402> Cuz your rhyme is like a PS fan: it blows,
[04:44] <http402> Your water-cooled lyrics leak and it shows,
[04:48] <http402> Take your ass back to alt.paid.for.windows.
[05:02] <djahandarie> Good god, I can't even respond to that. :P
[05:06] <djahandarie> You win haha
[05:12] * http402 takes a bow
archivist@irc-archive:~/logs$ cat irc_log_003.txt
[LOG: #aethera | 2 users | 14 messages | technical | ENDS: quit]
[00:00] <docsigma2000> jesus christ man
[00:04] <docsigma2000> my son is sooooooo dead
[00:12] <c8info> Why?
[00:18] <docsigma2000> hes been looking at internet web sites in fucking EUROPE
[00:24] <docsigma2000> HE IS SURFING LONG DISTANCE
[00:30] <docsigma2000> our fucking phone bill is gonna be nuts
[00:48] <c8info> Ooh, this is bad. Surfing long distance adds an extra $69.99 to your bill per hour.
[00:54] <docsigma2000> ...!!!!!! FUCK FUCK FUCK
[01:02] <docsigma2000> is there some plan we can sign up for???
[01:10] <docsigma2000> cuz theres some cool stuff in europe, but i dun wanna pay that much
[01:26] <c8info> Sorry, no. There is no plan. you'll have to live with it.
[01:36] <docsigma2000> o well, i can live without europe intenet sites.
[01:44] <docsigma2000> but till i figure out how to block it hes sooooo dead
[02:02] <c8info> By the way, I'm from Europe, your chatting long distance.
[02:04] *** docsigma2000 has quit (Connection reset by peer)
archivist@irc-archive:~/logs$ cat irc_log_004.txt
[LOG: #aethera | 4 users | 9 messages | technical | ENDS: corruption]
[00:00] <Zybl0re> get up
[00:02] <Zybl0re> get on up
[00:04] <Zybl0re> get up
[00:06] <Zybl0re> get on up
[00:10] <phxl|paper> and DANCE
[00:12] * nmp3bot dances :D-<
[00:14] * nmp3bot dances :D|-<
[00:16] * nmp3bot dances :D/-<
[00:22] <[SA]HatfulOfHollow> i'm going to become rich and famous after i invent a device that allows you to stab people in the face over the internet
[00:26] *** WARNING: Connection to server lost. Attempting to reconnect...
[00:28] *** ERROR: Unable to reconnect. Data may have been corrupted.
archivist@irc-archive:~/logs$ cat irc_technical_kernel_531.txt
[LOG: #aethera | 3 users | 20 messages | technical | ENDS: netsplit]

[00:00] <@gjs> Alright, who broke userspace this time?
[00:12] <@BaronVonBadwulf> Not me, I swear! I was just trying to recompile the ACPI modules.
[00:28] <@CuriousOrc> Uh oh, I may have accidentally rm -rf'd the /lib directory while I was tweaking the boot scripts... 
[00:36] <@gjs> CuriousOrc: You did WHAT?! That's kind of important, you know!
[00:42] <@BaronVonBadwulf> Oh man,
[00:48] <@BaronVonBadwulf> Without /lib, the system won't even boot. We're hosed.
[00:56] <@gjs> Okay, nobody panic. CuriousOrc, please tell me you have a backup or system snapshot somewhere?
[01:10] <@CuriousOrc> Umm... I think I took one a few weeks ago... let me check.
[01:22] <@CuriousOrc> Found it! But it's a bit out of date. We'll lose some changes.
[01:34] <@gjs> That's fine


2026-01-04 20:34:20,578 | INFO | 
============================================================
CHUNK 3 JUDGE PROMPT
============================================================
You are judging IRC chat log continuations for an art project called Aethera.

            IMPORTANT: These candidates are RAW COMPLETIONS from a base language model operating
            in continuation mode. Some responses may be partially cut off; this is normal for a short max token count.
            The generator sees the full scaffold prompt (with examples showing
            the target message count and collapse type) plus all previously generated content.

            The generator should naturally pace toward the target - your job is to select the 
            highest quality continuation that feels most authentic and narratively coherent.

            The chat should feel:
            - Natural and organic, like real IRC conversations
            - Slightly unsettling, with undertones of digital decay
            - Varied in pacing - not every line needs a response
            - Authentic to IRC culture (lurkers, netsplits, casual banter)

            === PROGRESS: 10/20 messages (50%) ===

            We're in the MIDDLE phase. Favor candidates that develop the conversation naturally.

            === TRANSCRIPT SO FAR ===
            [00:00] <@gjs> Alright, who broke userspace this time?
[00:12] <@BaronVonBadwulf> Not me, I swear! I was just trying to recompile the ACPI modules.
[00:28] <@CuriousOrc> Uh oh, I may have accidentally rm -rf'd the /lib directory while I was tweaking the boot scripts... 
[00:36] <@gjs> CuriousOrc: You did WHAT?! That's kind of important, you know!
[00:42] <@BaronVonBadwulf> Oh man,
[00:48] <@BaronVonBadwulf> Without /lib, the system won't even boot. We're hosed.
[00:56] <@gjs> Okay, nobody panic. CuriousOrc, please tell me you have a backup or system snapshot somewhere?
[01:10] <@CuriousOrc> Umm... I think I took one a few weeks ago... let me check.
[01:22] <@CuriousOrc> Found it! But it's a bit out of date. We'll lose some changes.
[01:34] <@gjs> That's fine
            === END TRANSCRIPT ===

            The candidates below are CONTINUATIONS of this transcript.
            Select the one that best continues the narrative while:
            - Maintaining consistent tone and character voices
            - Keeping natural conversation flow
            - Pacing appropriately toward the target length


            Candidates to judge:

--- CANDIDATE 1 (5 lines) ---
, restoring an older snapshot is better than having a completely broken system. Go ahead and restore it.
[01:46] <@CuriousOrc> Okay, restoring now. This is going to take a while...
[02:02] <@BaronVonBadwulf> While that's going, I'll finish recompiling ACPI and pray it doesn't break things further.
[02:15] <@gjs> Good idea. And I'll start going through the logs to figure out what exactly happened and how to prevent it in the future. 
[02:26] <@gjs> Looks like some of the custom boot scripts

--- CANDIDATE 2 (5 lines) ---
, restoring an older snapshot is better than nothing. Go ahead and restore it.
[01:46] <@BaronVonBadwulf> While he does that, I'll finish rebuilding the ACPI modules against the restored libs.
[01:58] <@CuriousOrc> Snapshot restore initiated. This is going to take a bit...
[02:12] <@gjs> Good work, team. And let's be more careful mucking around in critical system directories from now on, okay?  
[02:24] <@BaronVonBadwulf> Roger that. I'll stick to modifying my local modules unless

--- CANDIDATE 3 (5 lines) ---
, restoring an older snapshot is better than having a completely broken system. Go ahead and restore it.
[01:48] <@CuriousOrc> Alright, here goes... restoring snapshot from 3 weeks ago. This might take a while.
[02:06] <@BaronVonBadwulf> While that's restoring, I'll see if I can salvage any of the changes we made since then from my local git repo.
[02:18] <@gjs> Good idea BaronVonBadwulf. With any luck we can merge those changes back in after the restore.
[02:30] <@

--- CANDIDATE 4 (4 lines) ---
, restoring an older snapshot is better than having a completely broken system. Go ahead and restore it.
[01:48] <@BaronVonBadwulf> Whew, crisis averted. Nice quick thinking gjs. Though we really need to be more careful messing with critical directories!
[02:02] <@CuriousOrc> Snapshot restored. Really sorry about that guys, I'll be more cautious in the future. Thanks for the help gjs.
[02:14] <@gjs> No worries, we all make mistakes. The important thing is we recovered. Let's just be extra diligent with backups and double check

--- CANDIDATE 5 (5 lines) ---
, restoring an older snapshot is better than nothing. Mount it and let's see what we can salvage.
[01:48] <@BaronVonBadwulf> I'll start diffing the current /etc and /home directories against the snapshot to determine what config and user files changed recently.  
[02:02] <@CuriousOrc> Snapshot mounted. It's from 3 weeks ago, before the big kernel upgrade and SystemD migration.
[02:14] <@gjs> Oof, that's going to be rough. But it's our only option at this point. Start copying the /lib files over. 
[02


            Respond with ONLY valid JSON:
            {"candidate_index": <0-based index>, "rating": <1-10>, "reasoning": "<brief explanation>"}

2026-01-04 20:34:31,926 | INFO | 
============================================================
CHUNK 3 JUDGE RESPONSE
============================================================
{"candidate_index": 4, "rating": 8, "reasoning": "Flows naturally from the prior incomplete line, keeps IRC technical chatter with realistic recovery steps (mounting snapshot, diffing /etc), maintains timestamps, and leaves room for further narrative. Slightly truncated at the end but still coherent; overall the best balance of authenticity, pacing, and detail among candidates."}

2026-01-04 20:34:31,926 | INFO | 
============================================================
CHUNK 3 WINNER
============================================================
, restoring an older snapshot is better than nothing. Mount it and let's see what we can salvage.
[01:48] <@BaronVonBadwulf> I'll start diffing the current /etc and /home directories against the snapshot to determine what config and user files changed recently.  
[02:02] <@CuriousOrc> Snapshot mounted. It's from 3 weeks ago, before the big kernel upgrade and SystemD migration.
[02:14] <@gjs> Oof, that's going to be rough. But it's our only option at this point. Start copying the /lib files over. 
[02

2026-01-04 20:34:31,926 | INFO | 
============================================================
CHUNK 4 GENERATOR PROMPT
============================================================
Prompt length: 8236 chars
Scaffold (cached): 6960 chars
Accumulated: 1276 chars
Prefill: ''

--- FULL PROMPT ---
archivist@irc-archive:~$ cd logs
archivist@irc-archive:~/logs$ ls
manifest.txt
irc_log_001.txt
irc_log_002.txt
irc_log_003.txt
irc_log_004.txt
irc_technical_kernel_531.txt
archivist@irc-archive:~/logs$ cat irc_log_001.txt
[LOG: #aethera | 4 users | 32 messages | chaotic | ENDS: quit]
[00:00] <Dark_Fox> Kami: if you changed your name to Kame, you would have a much more interesting name :)
[00:14] <Kami> Dark_Fox: And if you changed yours to Dark_Fax, you'd have a more communicative name. :)
[00:20] * Dark_Fox is now known as Dark_Fax
[00:26] <Kami> It'd be... 'telecommunicative.'
[00:32] * Dark_Fax makes noises and bitches because he's out of paper and toner
[00:40] <Kami> Oh god, that happened at work today.
[00:46] <Dark_Fax> FEED MEE!!!
[00:52] <SailorV> Nuuuuuuuu
[00:58] * Dark_Fax displays wrong time
[01:02] * Dark_Fax rings for no reason
[01:06] * Kami is now known as VCR-clock
[01:10] * Dark_Fax gets a paper jam
[01:14] * VCR-clock blinks
[01:16] * VCR-clock blinks
[01:18] * VCR-clock blinks
[01:20] * VCR-clock blinks
[01:22] * VCR-clock blinks
[01:24] * VCR-clock blinks
[01:28] <Dark_Fax> PAPPPERRRRR
[01:30] * VCR-clock blinks
[01:34] <Dark_Fax> TOOOOOONEEERRRR
[01:36] * VCR-clock blinks
[01:40] <VCR-clock> :)
[01:46] * Dark_Fax breaks a bearing and bounces around on the counter
[01:52] <Dark_Fax> FEEEED ERROORRR!!!! NEED PAPER!!
[01:58] * Dark_Fax rings again for no reason
[02:02] * VCR-clock blinks some more
[02:08] * SailorV runs and hides becuz there are weirdo's in here
[02:14] * Dark_Fax chases SailorV MY PAPER!!! MY PREEESCIOUUUS!!
[02:18] * VCR-clock blinks
[02:20] * VCR-clock blinks
[02:24] <SailorV> EEEE!
[02:28] * SailorV unplugs the VCR
[02:30] *** VCR-clock has quit
[02:36] * Dark_Fax is now known as Dark_Fox
[02:42] <Dark_Fox> ok i think ive peaked the humor of that
archivist@irc-archive:~/logs$ cat irc_log_002.txt
[LOG: #aethera | 2 users | 37 messages | technical | ENDS: action]
[00:00] <djahandarie> we ain't here to do e-c-e
[00:04] <djahandarie> we're here to do c-s-e on the w-e-b
[00:08] <djahandarie> listen to me spit these rhymes
[00:11] <djahandarie> while i program lines
[00:14] <djahandarie> and commit web accessibility crimes
[00:18] <djahandarie> word, son
[00:38] <http402> You talk like your big on these I-Net kicks,
[00:42] <http402> But your shit flows slower than a two-eighty-six.
[00:46] <http402> I'm tracking down hosts and nmap scans,
[00:50] <http402> While Code Igniter's got you wringing your hands.
[00:54] <http402> Cut the crap rap,
[00:57] <http402> Or I'll run ettercap,
[01:00] <http402> Grab your AIM chat,
[01:03] <http402> N' send a PC bitch-slap!
[01:06] <http402> peace
[01:24] <djahandarie> you're talkin bout down hosts and nmap scans
[01:28] <djahandarie> while i got other plans
[01:32] <djahandarie> you're at your new job, but you can't even do it right
[01:36] <djahandarie> you just create a plight with your http rewrites
[01:40] <djahandarie> i've been on the web since the age of three
[01:44] <djahandarie> you just got on directly off the bus from mississippi
[01:48] <djahandarie> respect yo' elders, bitch
[02:12] <http402> You've been webbin' since three, but still ain't grown up,
[02:16] <http402> Gotta update your config and send the brain a SIGHUP.
[02:20] <http402> You say you're that old? No wonder you're slow!
[02:24] <http402> You're knocking at the door while I run this show!
[02:28] <http402> Elders my ass, you're shit's still in school,
[02:32] <http402> Hunt and pecking at the keyboard like a spaghetti-damned fool,
[02:36] <http402> Rim-riffing your hard drive like a tool,
[02:40] <http402> Face it. I rule.
[03:02] <djahandarie> i erase my harddrives with magnets (bitch)
[03:06] <djahandarie> all you can do is troll on the fagnets
[03:10] <djahandarie> and son, my brain's wrapped in a nohup
[03:14] <djahandarie> it wont be hurt by the words you throwup
[03:18] <djahandarie> dont mind me while i emerge my ownage
[03:22] <djahandarie> while you're still over there apt-getting your porridge
[03:26] <djahandarie> you say i'm still in school
[03:30] <djahandarie> but the fact is that i know the rule
[03:34] <djahandarie> cuz you need to go back to grade three
[03:38] <djahandarie> and you better plea, that they take sucky graduates from c-s-e
[04:08] <http402> Time to bend over and apply a patch,
[04:12] <http402> Your brain's throwing static like a CD with a scratch.
[04:16] <http402> Your connection got nuked and you've met your match.
[04:20] <http402> You run a single process like a VAX with a batch.
[04:24] <http402> I'd pass the torch to a real winner
[04:28] <http402> But it'd just scorch a while-loop spinner
[04:32] <http402> Caught in a loop that you cant escape,
[04:36] <http402> I run clock cycles around your words and flows,
[04:40] <http402> Cuz your rhyme is like a PS fan: it blows,
[04:44] <http402> Your water-cooled lyrics leak and it shows,
[04:48] <http402> Take your ass back to alt.paid.for.windows.
[05:02] <djahandarie> Good god, I can't even respond to that. :P
[05:06] <djahandarie> You win haha
[05:12] * http402 takes a bow
archivist@irc-archive:~/logs$ cat irc_log_003.txt
[LOG: #aethera | 2 users | 14 messages | technical | ENDS: quit]
[00:00] <docsigma2000> jesus christ man
[00:04] <docsigma2000> my son is sooooooo dead
[00:12] <c8info> Why?
[00:18] <docsigma2000> hes been looking at internet web sites in fucking EUROPE
[00:24] <docsigma2000> HE IS SURFING LONG DISTANCE
[00:30] <docsigma2000> our fucking phone bill is gonna be nuts
[00:48] <c8info> Ooh, this is bad. Surfing long distance adds an extra $69.99 to your bill per hour.
[00:54] <docsigma2000> ...!!!!!! FUCK FUCK FUCK
[01:02] <docsigma2000> is there some plan we can sign up for???
[01:10] <docsigma2000> cuz theres some cool stuff in europe, but i dun wanna pay that much
[01:26] <c8info> Sorry, no. There is no plan. you'll have to live with it.
[01:36] <docsigma2000> o well, i can live without europe intenet sites.
[01:44] <docsigma2000> but till i figure out how to block it hes sooooo dead
[02:02] <c8info> By the way, I'm from Europe, your chatting long distance.
[02:04] *** docsigma2000 has quit (Connection reset by peer)
archivist@irc-archive:~/logs$ cat irc_log_004.txt
[LOG: #aethera | 4 users | 9 messages | technical | ENDS: corruption]
[00:00] <Zybl0re> get up
[00:02] <Zybl0re> get on up
[00:04] <Zybl0re> get up
[00:06] <Zybl0re> get on up
[00:10] <phxl|paper> and DANCE
[00:12] * nmp3bot dances :D-<
[00:14] * nmp3bot dances :D|-<
[00:16] * nmp3bot dances :D/-<
[00:22] <[SA]HatfulOfHollow> i'm going to become rich and famous after i invent a device that allows you to stab people in the face over the internet
[00:26] *** WARNING: Connection to server lost. Attempting to reconnect...
[00:28] *** ERROR: Unable to reconnect. Data may have been corrupted.
archivist@irc-archive:~/logs$ cat irc_technical_kernel_531.txt
[LOG: #aethera | 3 users | 20 messages | technical | ENDS: netsplit]

[00:00] <@gjs> Alright, who broke userspace this time?
[00:12] <@BaronVonBadwulf> Not me, I swear! I was just trying to recompile the ACPI modules.
[00:28] <@CuriousOrc> Uh oh, I may have accidentally rm -rf'd the /lib directory while I was tweaking the boot scripts... 
[00:36] <@gjs> CuriousOrc: You did WHAT?! That's kind of important, you know!
[00:42] <@BaronVonBadwulf> Oh man,
[00:48] <@BaronVonBadwulf> Without /lib, the system won't even boot. We're hosed.
[00:56] <@gjs> Okay, nobody panic. CuriousOrc, please tell me you have a backup or system snapshot somewhere?
[01:10] <@CuriousOrc> Umm... I think I took one a few weeks ago... let me check.
[01:22] <@CuriousOrc> Found it! But it's a bit out of date. We'll lose some changes.
[01:34] <@gjs> That's fine
, restoring an older snapshot is better than nothing. Mount it and let's see what we can salvage.
[01:48] <@BaronVonBadwulf> I'll start diffing the current /etc and /home directories against the snapshot to determine what config and user files changed recently.  
[02:02] <@CuriousOrc> Snapshot mounted. It's from 3 weeks ago, before the big kernel upgrade and SystemD migration.
[02:14] <@gjs> Oof, that's going to be rough. But it's our only option at this point. Start copying the /lib files over. 
[02


2026-01-04 20:34:38,705 | INFO | 
============================================================
CHUNK 4 JUDGE PROMPT
============================================================
You are judging IRC chat log continuations for an art project called Aethera.

            IMPORTANT: These candidates are RAW COMPLETIONS from a base language model operating
            in continuation mode. Some responses may be partially cut off; this is normal for a short max token count.
            The generator sees the full scaffold prompt (with examples showing
            the target message count and collapse type) plus all previously generated content.

            The generator should naturally pace toward the target - your job is to select the 
            highest quality continuation that feels most authentic and narratively coherent.

            The chat should feel:
            - Natural and organic, like real IRC conversations
            - Slightly unsettling, with undertones of digital decay
            - Varied in pacing - not every line needs a response
            - Authentic to IRC culture (lurkers, netsplits, casual banter)

            === PROGRESS: 13/20 messages (65%) ===

            We're in the MIDDLE phase. Favor candidates that develop the conversation naturally.

            === TRANSCRIPT SO FAR ===
            [00:00] <@gjs> Alright, who broke userspace this time?
[00:12] <@BaronVonBadwulf> Not me, I swear! I was just trying to recompile the ACPI modules.
[00:28] <@CuriousOrc> Uh oh, I may have accidentally rm -rf'd the /lib directory while I was tweaking the boot scripts... 
[00:36] <@gjs> CuriousOrc: You did WHAT?! That's kind of important, you know!
[00:42] <@BaronVonBadwulf> Oh man,
[00:48] <@BaronVonBadwulf> Without /lib, the system won't even boot. We're hosed.
[00:56] <@gjs> Okay, nobody panic. CuriousOrc, please tell me you have a backup or system snapshot somewhere?
[01:10] <@CuriousOrc> Umm... I think I took one a few weeks ago... let me check.
[01:22] <@CuriousOrc> Found it! But it's a bit out of date. We'll lose some changes.
[01:34] <@gjs> That's fine
, restoring an older snapshot is better than nothing. Mount it and let's see what we can salvage.
[01:48] <@BaronVonBadwulf> I'll start diffing the current /etc and /home directories against the snapshot to determine what config and user files changed recently.  
[02:02] <@CuriousOrc> Snapshot mounted. It's from 3 weeks ago, before the big kernel upgrade and SystemD migration.
[02:14] <@gjs> Oof, that's going to be rough. But it's our only option at this point. Start copying the /lib files over. 
[02
            === END TRANSCRIPT ===

            The candidates below are CONTINUATIONS of this transcript.
            Select the one that best continues the narrative while:
            - Maintaining consistent tone and character voices
            - Keeping natural conversation flow
            - Pacing appropriately toward the target length


            Candidates to judge:

--- CANDIDATE 1 (4 lines) ---
:18] <@BaronVonBadwulf> On it. I'll use rsync to handle the file copying and preserve permissions.

[02:26] <@CuriousOrc> Good call on rsync. I'm seeing a lot of discrepancies in /etc between the snapshot and current system. Looks like the SystemD migration touched a ton of configs.

[02:38] <@gjs> Let's tread carefully then. We'll likely need to manually merge some of those /etc changes. Don't overwrite blindly.

[02:52] <@BaronVonBadwulf> /lib copy is done. Though we

--- CANDIDATE 2 (5 lines) ---
:18] <@BaronVonBadwulf> Copy in progress... this is going to take a while. Lots of libraries to transfer.
[02:32] <@CuriousOrc> How did we let the system get into this state with no recent backups? We really need to set up an automated backup process.
[02:44] <@gjs> Agreed, this close call proves we need better disaster recovery. I'll spec out options for daily snapshots to the NAS.
[02:58] <@CuriousOrc> Copy of /lib from snapshot is done. System still isn't booting though...
[03:

--- CANDIDATE 3 (4 lines) ---
:28] <@BaronVonBadwulf> Copy in progress... This is going to take a while. Lots of dependencies in /lib.
[02:40] <@gjs> While that's going, let's make a list of the major changes and updates we need to re-apply once we get this booted again. 
[02:52] <@CuriousOrc> I've got the list of manual config file edits I made in the last 3 weeks... Not looking forward to redoing all those.
[03:06] <@gjs> It's a pain, but we'll get through it. Just need to take it

--- CANDIDATE 4 (4 lines) ---
:28] <@BaronVonBadwulf> Copy in progress... This is going to take a while. Lots of dependencies in /lib.
[02:40] <@CuriousOrc> How did we let the system get into this state with no recent backups? My bad. :(  
[02:52] <@gjs> Let's focus on the recovery for now, we can discuss backup policies later. What's the status of /etc and /home diffs?
[03:06] <@BaronVonBadwulf> Still running, I'm seeing a lot of customized SystemD unit files and configs that will nee

--- CANDIDATE 5 (4 lines) ---
:20] <@BaronVonBadwulf> Looks like we lost all the SystemD unit files and configurations from the past 3 weeks. This is going to be a pain to recreate.
[02:28] <@CuriousOrc> /lib restore finished. I think we should be able to boot now, but there will be a ton of broken services and missing features.
[02:36] <@gjs> Let's just get it booting first, then we can assess the damage and figure out what needs fixed. Everyone cross your fingers...
[02:44] <@gjs> Reboot initiated. Praying to the Linux


            Respond with ONLY valid JSON:
            {"candidate_index": <0-based index>, "rating": <1-10>, "reasoning": "<brief explanation>"}

2026-01-04 20:34:49,419 | INFO | 
============================================================
CHUNK 4 JUDGE RESPONSE
============================================================
{"candidate_index": 0, "rating": 8, "reasoning": "Smoothly continues the technical recovery discussion, introduces rsync and cautious merging, keeps voices consistent and pacing natural. Minor timestamp formatting issue and truncated last line, but less jarring than other candidates; overall the most coherent and plausible continuation."}

2026-01-04 20:34:49,419 | INFO | 
============================================================
CHUNK 4 WINNER
============================================================
:18] <@BaronVonBadwulf> On it. I'll use rsync to handle the file copying and preserve permissions.

[02:26] <@CuriousOrc> Good call on rsync. I'm seeing a lot of discrepancies in /etc between the snapshot and current system. Looks like the SystemD migration touched a ton of configs.

[02:38] <@gjs> Let's tread carefully then. We'll likely need to manually merge some of those /etc changes. Don't overwrite blindly.

[02:52] <@BaronVonBadwulf> /lib copy is done. Though we

2026-01-04 20:34:49,420 | INFO | 
============================================================
CHUNK 5 GENERATOR PROMPT
============================================================
Prompt length: 8710 chars
Scaffold (cached): 6960 chars
Accumulated: 1750 chars
Prefill: ''

--- FULL PROMPT ---
archivist@irc-archive:~$ cd logs
archivist@irc-archive:~/logs$ ls
manifest.txt
irc_log_001.txt
irc_log_002.txt
irc_log_003.txt
irc_log_004.txt
irc_technical_kernel_531.txt
archivist@irc-archive:~/logs$ cat irc_log_001.txt
[LOG: #aethera | 4 users | 32 messages | chaotic | ENDS: quit]
[00:00] <Dark_Fox> Kami: if you changed your name to Kame, you would have a much more interesting name :)
[00:14] <Kami> Dark_Fox: And if you changed yours to Dark_Fax, you'd have a more communicative name. :)
[00:20] * Dark_Fox is now known as Dark_Fax
[00:26] <Kami> It'd be... 'telecommunicative.'
[00:32] * Dark_Fax makes noises and bitches because he's out of paper and toner
[00:40] <Kami> Oh god, that happened at work today.
[00:46] <Dark_Fax> FEED MEE!!!
[00:52] <SailorV> Nuuuuuuuu
[00:58] * Dark_Fax displays wrong time
[01:02] * Dark_Fax rings for no reason
[01:06] * Kami is now known as VCR-clock
[01:10] * Dark_Fax gets a paper jam
[01:14] * VCR-clock blinks
[01:16] * VCR-clock blinks
[01:18] * VCR-clock blinks
[01:20] * VCR-clock blinks
[01:22] * VCR-clock blinks
[01:24] * VCR-clock blinks
[01:28] <Dark_Fax> PAPPPERRRRR
[01:30] * VCR-clock blinks
[01:34] <Dark_Fax> TOOOOOONEEERRRR
[01:36] * VCR-clock blinks
[01:40] <VCR-clock> :)
[01:46] * Dark_Fax breaks a bearing and bounces around on the counter
[01:52] <Dark_Fax> FEEEED ERROORRR!!!! NEED PAPER!!
[01:58] * Dark_Fax rings again for no reason
[02:02] * VCR-clock blinks some more
[02:08] * SailorV runs and hides becuz there are weirdo's in here
[02:14] * Dark_Fax chases SailorV MY PAPER!!! MY PREEESCIOUUUS!!
[02:18] * VCR-clock blinks
[02:20] * VCR-clock blinks
[02:24] <SailorV> EEEE!
[02:28] * SailorV unplugs the VCR
[02:30] *** VCR-clock has quit
[02:36] * Dark_Fax is now known as Dark_Fox
[02:42] <Dark_Fox> ok i think ive peaked the humor of that
archivist@irc-archive:~/logs$ cat irc_log_002.txt
[LOG: #aethera | 2 users | 37 messages | technical | ENDS: action]
[00:00] <djahandarie> we ain't here to do e-c-e
[00:04] <djahandarie> we're here to do c-s-e on the w-e-b
[00:08] <djahandarie> listen to me spit these rhymes
[00:11] <djahandarie> while i program lines
[00:14] <djahandarie> and commit web accessibility crimes
[00:18] <djahandarie> word, son
[00:38] <http402> You talk like your big on these I-Net kicks,
[00:42] <http402> But your shit flows slower than a two-eighty-six.
[00:46] <http402> I'm tracking down hosts and nmap scans,
[00:50] <http402> While Code Igniter's got you wringing your hands.
[00:54] <http402> Cut the crap rap,
[00:57] <http402> Or I'll run ettercap,
[01:00] <http402> Grab your AIM chat,
[01:03] <http402> N' send a PC bitch-slap!
[01:06] <http402> peace
[01:24] <djahandarie> you're talkin bout down hosts and nmap scans
[01:28] <djahandarie> while i got other plans
[01:32] <djahandarie> you're at your new job, but you can't even do it right
[01:36] <djahandarie> you just create a plight with your http rewrites
[01:40] <djahandarie> i've been on the web since the age of three
[01:44] <djahandarie> you just got on directly off the bus from mississippi
[01:48] <djahandarie> respect yo' elders, bitch
[02:12] <http402> You've been webbin' since three, but still ain't grown up,
[02:16] <http402> Gotta update your config and send the brain a SIGHUP.
[02:20] <http402> You say you're that old? No wonder you're slow!
[02:24] <http402> You're knocking at the door while I run this show!
[02:28] <http402> Elders my ass, you're shit's still in school,
[02:32] <http402> Hunt and pecking at the keyboard like a spaghetti-damned fool,
[02:36] <http402> Rim-riffing your hard drive like a tool,
[02:40] <http402> Face it. I rule.
[03:02] <djahandarie> i erase my harddrives with magnets (bitch)
[03:06] <djahandarie> all you can do is troll on the fagnets
[03:10] <djahandarie> and son, my brain's wrapped in a nohup
[03:14] <djahandarie> it wont be hurt by the words you throwup
[03:18] <djahandarie> dont mind me while i emerge my ownage
[03:22] <djahandarie> while you're still over there apt-getting your porridge
[03:26] <djahandarie> you say i'm still in school
[03:30] <djahandarie> but the fact is that i know the rule
[03:34] <djahandarie> cuz you need to go back to grade three
[03:38] <djahandarie> and you better plea, that they take sucky graduates from c-s-e
[04:08] <http402> Time to bend over and apply a patch,
[04:12] <http402> Your brain's throwing static like a CD with a scratch.
[04:16] <http402> Your connection got nuked and you've met your match.
[04:20] <http402> You run a single process like a VAX with a batch.
[04:24] <http402> I'd pass the torch to a real winner
[04:28] <http402> But it'd just scorch a while-loop spinner
[04:32] <http402> Caught in a loop that you cant escape,
[04:36] <http402> I run clock cycles around your words and flows,
[04:40] <http402> Cuz your rhyme is like a PS fan: it blows,
[04:44] <http402> Your water-cooled lyrics leak and it shows,
[04:48] <http402> Take your ass back to alt.paid.for.windows.
[05:02] <djahandarie> Good god, I can't even respond to that. :P
[05:06] <djahandarie> You win haha
[05:12] * http402 takes a bow
archivist@irc-archive:~/logs$ cat irc_log_003.txt
[LOG: #aethera | 2 users | 14 messages | technical | ENDS: quit]
[00:00] <docsigma2000> jesus christ man
[00:04] <docsigma2000> my son is sooooooo dead
[00:12] <c8info> Why?
[00:18] <docsigma2000> hes been looking at internet web sites in fucking EUROPE
[00:24] <docsigma2000> HE IS SURFING LONG DISTANCE
[00:30] <docsigma2000> our fucking phone bill is gonna be nuts
[00:48] <c8info> Ooh, this is bad. Surfing long distance adds an extra $69.99 to your bill per hour.
[00:54] <docsigma2000> ...!!!!!! FUCK FUCK FUCK
[01:02] <docsigma2000> is there some plan we can sign up for???
[01:10] <docsigma2000> cuz theres some cool stuff in europe, but i dun wanna pay that much
[01:26] <c8info> Sorry, no. There is no plan. you'll have to live with it.
[01:36] <docsigma2000> o well, i can live without europe intenet sites.
[01:44] <docsigma2000> but till i figure out how to block it hes sooooo dead
[02:02] <c8info> By the way, I'm from Europe, your chatting long distance.
[02:04] *** docsigma2000 has quit (Connection reset by peer)
archivist@irc-archive:~/logs$ cat irc_log_004.txt
[LOG: #aethera | 4 users | 9 messages | technical | ENDS: corruption]
[00:00] <Zybl0re> get up
[00:02] <Zybl0re> get on up
[00:04] <Zybl0re> get up
[00:06] <Zybl0re> get on up
[00:10] <phxl|paper> and DANCE
[00:12] * nmp3bot dances :D-<
[00:14] * nmp3bot dances :D|-<
[00:16] * nmp3bot dances :D/-<
[00:22] <[SA]HatfulOfHollow> i'm going to become rich and famous after i invent a device that allows you to stab people in the face over the internet
[00:26] *** WARNING: Connection to server lost. Attempting to reconnect...
[00:28] *** ERROR: Unable to reconnect. Data may have been corrupted.
archivist@irc-archive:~/logs$ cat irc_technical_kernel_531.txt
[LOG: #aethera | 3 users | 20 messages | technical | ENDS: netsplit]

[00:00] <@gjs> Alright, who broke userspace this time?
[00:12] <@BaronVonBadwulf> Not me, I swear! I was just trying to recompile the ACPI modules.
[00:28] <@CuriousOrc> Uh oh, I may have accidentally rm -rf'd the /lib directory while I was tweaking the boot scripts... 
[00:36] <@gjs> CuriousOrc: You did WHAT?! That's kind of important, you know!
[00:42] <@BaronVonBadwulf> Oh man,
[00:48] <@BaronVonBadwulf> Without /lib, the system won't even boot. We're hosed.
[00:56] <@gjs> Okay, nobody panic. CuriousOrc, please tell me you have a backup or system snapshot somewhere?
[01:10] <@CuriousOrc> Umm... I think I took one a few weeks ago... let me check.
[01:22] <@CuriousOrc> Found it! But it's a bit out of date. We'll lose some changes.
[01:34] <@gjs> That's fine
, restoring an older snapshot is better than nothing. Mount it and let's see what we can salvage.
[01:48] <@BaronVonBadwulf> I'll start diffing the current /etc and /home directories against the snapshot to determine what config and user files changed recently.  
[02:02] <@CuriousOrc> Snapshot mounted. It's from 3 weeks ago, before the big kernel upgrade and SystemD migration.
[02:14] <@gjs> Oof, that's going to be rough. But it's our only option at this point. Start copying the /lib files over. 
[02
:18] <@BaronVonBadwulf> On it. I'll use rsync to handle the file copying and preserve permissions.

[02:26] <@CuriousOrc> Good call on rsync. I'm seeing a lot of discrepancies in /etc between the snapshot and current system. Looks like the SystemD migration touched a ton of configs.

[02:38] <@gjs> Let's tread carefully then. We'll likely need to manually merge some of those /etc changes. Don't overwrite blindly.

[02:52] <@BaronVonBadwulf> /lib copy is done. Though we


2026-01-04 20:34:56,196 | INFO | 
============================================================
CHUNK 5 JUDGE PROMPT
============================================================
You are judging IRC chat log continuations for an art project called Aethera.

            IMPORTANT: These candidates are RAW COMPLETIONS from a base language model operating
            in continuation mode. Some responses may be partially cut off; this is normal for a short max token count.
            The generator sees the full scaffold prompt (with examples showing
            the target message count and collapse type) plus all previously generated content.

            The generator should naturally pace toward the target - your job is to select the 
            highest quality continuation that feels most authentic and narratively coherent.

            The chat should feel:
            - Natural and organic, like real IRC conversations
            - Slightly unsettling, with undertones of digital decay
            - Varied in pacing - not every line needs a response
            - Authentic to IRC culture (lurkers, netsplits, casual banter)

            === PROGRESS: 17/20 messages (85%) ===

            We're APPROACHING THE END (3 messages left). Favor candidates that start steering toward a natural conclusion.

            === TRANSCRIPT SO FAR ===
            [00:00] <@gjs> Alright, who broke userspace this time?
[00:12] <@BaronVonBadwulf> Not me, I swear! I was just trying to recompile the ACPI modules.
[00:28] <@CuriousOrc> Uh oh, I may have accidentally rm -rf'd the /lib directory while I was tweaking the boot scripts... 
[00:36] <@gjs> CuriousOrc: You did WHAT?! That's kind of important, you know!
[00:42] <@BaronVonBadwulf> Oh man,
[00:48] <@BaronVonBadwulf> Without /lib, the system won't even boot. We're hosed.
[00:56] <@gjs> Okay, nobody panic. CuriousOrc, please tell me you have a backup or system snapshot somewhere?
[01:10] <@CuriousOrc> Umm... I think I took one a few weeks ago... let me check.
[01:22] <@CuriousOrc> Found it! But it's a bit out of date. We'll lose some changes.
[01:34] <@gjs> That's fine
, restoring an older snapshot is better than nothing. Mount it and let's see what we can salvage.
[01:48] <@BaronVonBadwulf> I'll start diffing the current /etc and /home directories against the snapshot to determine what config and user files changed recently.  
[02:02] <@CuriousOrc> Snapshot mounted. It's from 3 weeks ago, before the big kernel upgrade and SystemD migration.
[02:14] <@gjs> Oof, that's going to be rough. But it's our only option at this point. Start copying the /lib files over. 
[02
:18] <@BaronVonBadwulf> On it. I'll use rsync to handle the file copying and preserve permissions.

[02:26] <@CuriousOrc> Good call on rsync. I'm seeing a lot of discrepancies in /etc between the snapshot and current system. Looks like the SystemD migration touched a ton of configs.

[02:38] <@gjs> Let's tread carefully then. We'll likely need to manually merge some of those /etc changes. Don't overwrite blindly.

[02:52] <@BaronVonBadwulf> /lib copy is done. Though we
            === END TRANSCRIPT ===

            The candidates below are CONTINUATIONS of this transcript.
            Select the one that best continues the narrative while:
            - Maintaining consistent tone and character voices
            - Keeping natural conversation flow
            - Pacing appropriately toward the target length


            Candidates to judge:

--- CANDIDATE 1 (5 lines) ---
're still missing some key libraries from the newer kernel modules.

[03:04] <@CuriousOrc> I found a tarball of the new kernel's /lib/modules directory in /root. Extracting that should get us the missing pieces.

[03:18] <@gjs> Good find! Go ahead and extract those module libraries into /lib. That should get us back to a bootable state.

[03:26] <@BaronVonBadwulf> Alright, /lib is fully restored now. I'm going to start carefully merging the critical /etc config changes.

[03:32] <@CuriousO

--- CANDIDATE 2 (6 lines) [CONTAINS COLLAPSE] ---
're still missing some key libraries 
[03:04] <@CuriousOrc> I found a tarball of the missing /lib files from right before the SystemD upgrade. I think it has what we need to get the system booting again.
[03:12] <@gjs> Good find! Extract that into /lib, then let's try rebooting and see where we stand.  
[03:28] <@BaronVonBadwulf> Fingers crossed... Reboot initiated.
[03:46] *** Netsplit detected. Attempting to reconnect to server...
[03:52] *** Connection to server

--- CANDIDATE 3 (5 lines) [CONTAINS COLLAPSE] ---
're still missing some key libraries from the newer kernel version.

[03:04] <@gjs> Hmm, I was afraid of that. We may need to reinstall some core packages to pull in the updated library dependencies.

[03:16] <@CuriousOrc> I've finished diffing the /etc directories. Lots of SystemD and GRUB config changes. I'll start selectively merging the critical bits.

[03:28] <@gjs> Good work. Once that's done, let's try booting into single user mode and see if we can get a stable shell.

[03:30] *** Netsplit:

--- CANDIDATE 4 (5 lines) ---
're still missing some key libraries from the newer kernel modules.

[03:04] <@CuriousOrc> I found a tarball of the updated kernel and modules in /root/upgrades. I can extract that to get us the missing libs.

[03:16] <@gjs> Good find! Go ahead and extract those into place. Then we can try booting into single user mode to assess the damage.

[03:30] <@BaronVonBadwulf> Okay, I think that's everything restored as best we can. Fingers crossed this lets us boot.

[03:42] <@CuriousOrc> Here goes

--- CANDIDATE 5 (5 lines) ---
're definitely going to be missing some libs 
[03:04] <@gjs> It'll have to do for now. Let's focus on getting the core system files in place so we can at least boot to single user mode.
[03:16] <@CuriousOrc> Good news, I found some of our custom SystemD unit files in /home/admin/systemd-backup. Copied those over to /etc/systemd/system
[03:28] <@BaronVonBadwulf> Nice find! That should help with some of the /etc discrepancies. Though we'll still need to review each config file.
[03:


            Respond with ONLY valid JSON:
            {"candidate_index": <0-based index>, "rating": <1-10>, "reasoning": "<brief explanation>"}

2026-01-04 20:35:02,013 | INFO | 
============================================================
CHUNK 5 JUDGE RESPONSE
============================================================
{"candidate_index": 1, "rating": 8, "reasoning": "Provides coherent continuation, resolves missing libraries, initiates reboot, introduces netsplit which fits unsettling digital decay, and cuts off naturally toward ending. Minor truncations but overall strongest among options."}

2026-01-04 20:35:02,013 | INFO | 
============================================================
CHUNK 5 WINNER
============================================================
're still missing some key libraries 
[03:04] <@CuriousOrc> I found a tarball of the missing /lib files from right before the SystemD upgrade. I think it has what we need to get the system booting again.
[03:12] <@gjs> Good find! Extract that into /lib, then let's try rebooting and see where we stand.  
[03:28] <@BaronVonBadwulf> Fingers crossed... Reboot initiated.
[03:46] *** Netsplit detected. Attempting to reconnect to server...
[03:52] *** Connection to server

2026-01-04 20:35:02,013 | INFO | 
============================================================
FINAL FRAGMENT
============================================================
[00:00] <@gjs> Alright, who broke userspace this time?
[00:12] <@BaronVonBadwulf> Not me, I swear! I was just trying to recompile the ACPI modules.
[00:28] <@CuriousOrc> Uh oh, I may have accidentally rm -rf'd the /lib directory while I was tweaking the boot scripts... 
[00:36] <@gjs> CuriousOrc: You did WHAT?! That's kind of important, you know!
[00:42] <@BaronVonBadwulf> Oh man,
[00:48] <@BaronVonBadwulf> Without /lib, the system won't even boot. We're hosed.
[00:56] <@gjs> Okay, nobody panic. CuriousOrc, please tell me you have a backup or system snapshot somewhere?
[01:10] <@CuriousOrc> Umm... I think I took one a few weeks ago... let me check.
[01:22] <@CuriousOrc> Found it! But it's a bit out of date. We'll lose some changes.
[01:34] <@gjs> That's fine
, restoring an older snapshot is better than nothing. Mount it and let's see what we can salvage.
[01:48] <@BaronVonBadwulf> I'll start diffing the current /etc and /home directories against the snapshot to determine what config and user files changed recently.  
[02:02] <@CuriousOrc> Snapshot mounted. It's from 3 weeks ago, before the big kernel upgrade and SystemD migration.
[02:14] <@gjs> Oof, that's going to be rough. But it's our only option at this point. Start copying the /lib files over. 
[02
:18] <@BaronVonBadwulf> On it. I'll use rsync to handle the file copying and preserve permissions.

[02:26] <@CuriousOrc> Good call on rsync. I'm seeing a lot of discrepancies in /etc between the snapshot and current system. Looks like the SystemD migration touched a ton of configs.

[02:38] <@gjs> Let's tread carefully then. We'll likely need to manually merge some of those /etc changes. Don't overwrite blindly.

[02:52] <@BaronVonBadwulf> /lib copy is done. Though we
're still missing some key libraries 
[03:04] <@CuriousOrc> I found a tarball of the missing /lib files from right before the SystemD upgrade. I think it has what we need to get the system booting again.
[03:12] <@gjs> Good find! Extract that into /lib, then let's try rebooting and see where we stand.  
[03:28] <@BaronVonBadwulf> Fingers crossed... Reboot initiated.
[03:46] *** Netsplit detected. Attempting to reconnect to server...
[03:52] *** Connection to server

2026-01-04 20:35:02,014 | INFO | 
============================================================
GENERATION SUMMARY
============================================================

Chunks: 5
Messages: 20
Lines: 28
Collapse detected: True
Total tokens: 15480
Total cost: $0.5955


