2026-01-04 21:23:43,474 | INFO | 
============================================================
INITIAL PROMPT (FULL)
============================================================
archivist@irc-archive:~$ cd logs
archivist@irc-archive:~/logs$ ls
manifest.txt
irc_log_001.txt
irc_log_002.txt
irc_log_003.txt
irc_log_004.txt
irc_log_005.txt
irc_chaotic_random_208.txt
archivist@irc-archive:~/logs$ cat irc_log_001.txt
[LOG: #aethera | 2 users | 5 messages | technical | ENDS: quit]
[00:00] <Ben174> If they only realized 90% of the overtime they pay me is only cause i like staying here playing with Kazaa when the bandwidth picks up after hours.
[00:12] <ChrisLMB> If any of my employees did that they'd be fired instantly.
[00:18] <Ben174> Where u work?
[00:24] <ChrisLMB> I'm the CTO at LowerMyBills.com
[00:26] *** Ben174 (BenWright@TeraPro33-41.LowerMyBills.com) has quit (Leaving)
archivist@irc-archive:~/logs$ cat irc_log_002.txt
[LOG: #aethera | 2 users | 17 messages | chaotic | ENDS: netsplit]
[00:00] <Cthon98> hey, if you type in your pw, it will show as stars
[00:04] <Cthon98> ********* see!
[00:08] <AzureDiamond> hunter2
[00:10] <AzureDiamond> doesnt look like stars to me
[00:14] <Cthon98> <AzureDiamond> *******
[00:16] <Cthon98> thats what I see
[00:20] <AzureDiamond> oh, really?
[00:22] <Cthon98> Absolutely
[00:28] <AzureDiamond> you can go hunter2 my hunter2-ing hunter2
[00:32] <AzureDiamond> haha, does that look funny to you?
[00:38] <Cthon98> lol, yes. See, when YOU type hunter2, it shows to us as *******
[00:44] <AzureDiamond> thats neat, I didnt know IRC did that
[00:50] <Cthon98> yep, no matter how many times you type hunter2, it will show to us as *******
[00:54] <AzureDiamond> awesome!
[00:58] <AzureDiamond> wait, how do you know my pw?
[01:04] <Cthon98> er, I just copy pasted YOUR ******'s and it appears to YOU as hunter2 cause its your pw
[01:08] <AzureDiamond> oh, ok.
[01:12] *** Netsplit hub.efnet.net <-> irc.efnet.org (quit: AzureDiamond, Cthon98)
archivist@irc-archive:~/logs$ cat irc_log_003.txt
[LOG: #aethera | 4 users | 32 messages | chaotic | ENDS: quit]
[00:00] <Dark_Fox> Kami: if you changed your name to Kame, you would have a much more interesting name :)
[00:14] <Kami> Dark_Fox: And if you changed yours to Dark_Fax, you'd have a more communicative name. :)
[00:20] * Dark_Fox is now known as Dark_Fax
[00:26] <Kami> It'd be... 'telecommunicative.'
[00:32] * Dark_Fax makes noises and bitches because he's out of paper and toner
[00:40] <Kami> Oh god, that happened at work today.
[00:46] <Dark_Fax> FEED MEE!!!
[00:52] <SailorV> Nuuuuuuuu
[00:58] * Dark_Fax displays wrong time
[01:02] * Dark_Fax rings for no reason
[01:06] * Kami is now known as VCR-clock
[01:10] * Dark_Fax gets a paper jam
[01:14] * VCR-clock blinks
[01:16] * VCR-clock blinks
[01:18] * VCR-clock blinks
[01:20] * VCR-clock blinks
[01:22] * VCR-clock blinks
[01:24] * VCR-clock blinks
[01:28] <Dark_Fax> PAPPPERRRRR
[01:30] * VCR-clock blinks
[01:34] <Dark_Fax> TOOOOOONEEERRRR
[01:36] * VCR-clock blinks
[01:40] <VCR-clock> :)
[01:46] * Dark_Fax breaks a bearing and bounces around on the counter
[01:52] <Dark_Fax> FEEEED ERROORRR!!!! NEED PAPER!!
[01:58] * Dark_Fax rings again for no reason
[02:02] * VCR-clock blinks some more
[02:08] * SailorV runs and hides becuz there are weirdo's in here
[02:14] * Dark_Fax chases SailorV MY PAPER!!! MY PREEESCIOUUUS!!
[02:18] * VCR-clock blinks
[02:20] * VCR-clock blinks
[02:24] <SailorV> EEEE!
[02:28] * SailorV unplugs the VCR
[02:30] *** VCR-clock has quit
[02:36] * Dark_Fax is now known as Dark_Fox
[02:42] <Dark_Fox> ok i think ive peaked the humor of that
archivist@irc-archive:~/logs$ cat irc_log_004.txt
[LOG: #aethera | 4 users | 9 messages | technical | ENDS: corruption]
[00:00] <Zybl0re> get up
[00:02] <Zybl0re> get on up
[00:04] <Zybl0re> get up
[00:06] <Zybl0re> get on up
[00:10] <phxl|paper> and DANCE
[00:12] * nmp3bot dances :D-<
[00:14] * nmp3bot dances :D|-<
[00:16] * nmp3bot dances :D/-<
[00:22] <[SA]HatfulOfHollow> i'm going to become rich and famous after i invent a device that allows you to stab people in the face over the internet
[00:26] *** WARNING: Connection to server lost. Attempting to reconnect...
[00:28] *** ERROR: Unable to reconnect. Data may have been corrupted.
archivist@irc-archive:~/logs$ cat irc_log_005.txt
[LOG: #aethera | 2 users | 8 messages | chaotic | ENDS: quit]
[00:00] <Rabidplaybunny87> Okay, so my neighbors officially hate me
[00:06] <GarbageStan23> why?
[00:14] <Rabidplaybunny87> Well, me, david and andrew were having a bonfire in the backyard, and we were making s'mores and all... and suddenly we here sirens, and see a firetruck turn into the street in front of us.
[00:28] <Rabidplaybunny87> So we all went running to see what was up, and our neighbor's house was on fire!
[00:34] <GarbageStan23> oh shit!
[00:44] <Rabidplaybunny87> Yeah, and when we got there, the wife was crying into her husbands arms, and we were just kinda standing there, and then she saw us, and then like for 10 seconds, gave us the dirtiest look ever
[00:58] <Rabidplaybunny87> Turns out, we were still holding our sticks with marshmallows on it, watching the fire....
[01:08] <Rabidplaybunny87> talk about bad timing...
[01:14] *** Rabidplaybunny87 has quit (gtg, neighbors knocking)
archivist@irc-archive:~/logs$ cat irc_chaotic_random_208.txt
[LOG: #aethera | 3 users | 30 messages | chaotic | ENDS: kick]


2026-01-04 21:23:43,475 | INFO | 
============================================================
CHUNK 1 GENERATOR PROMPT
============================================================
Prompt length: 5249 chars
Scaffold (cached): 5249 chars
Accumulated: 0 chars
Prefill: '[00:00] <'

--- FULL PROMPT ---
archivist@irc-archive:~$ cd logs
archivist@irc-archive:~/logs$ ls
manifest.txt
irc_log_001.txt
irc_log_002.txt
irc_log_003.txt
irc_log_004.txt
irc_log_005.txt
irc_chaotic_random_208.txt
archivist@irc-archive:~/logs$ cat irc_log_001.txt
[LOG: #aethera | 2 users | 5 messages | technical | ENDS: quit]
[00:00] <Ben174> If they only realized 90% of the overtime they pay me is only cause i like staying here playing with Kazaa when the bandwidth picks up after hours.
[00:12] <ChrisLMB> If any of my employees did that they'd be fired instantly.
[00:18] <Ben174> Where u work?
[00:24] <ChrisLMB> I'm the CTO at LowerMyBills.com
[00:26] *** Ben174 (BenWright@TeraPro33-41.LowerMyBills.com) has quit (Leaving)
archivist@irc-archive:~/logs$ cat irc_log_002.txt
[LOG: #aethera | 2 users | 17 messages | chaotic | ENDS: netsplit]
[00:00] <Cthon98> hey, if you type in your pw, it will show as stars
[00:04] <Cthon98> ********* see!
[00:08] <AzureDiamond> hunter2
[00:10] <AzureDiamond> doesnt look like stars to me
[00:14] <Cthon98> <AzureDiamond> *******
[00:16] <Cthon98> thats what I see
[00:20] <AzureDiamond> oh, really?
[00:22] <Cthon98> Absolutely
[00:28] <AzureDiamond> you can go hunter2 my hunter2-ing hunter2
[00:32] <AzureDiamond> haha, does that look funny to you?
[00:38] <Cthon98> lol, yes. See, when YOU type hunter2, it shows to us as *******
[00:44] <AzureDiamond> thats neat, I didnt know IRC did that
[00:50] <Cthon98> yep, no matter how many times you type hunter2, it will show to us as *******
[00:54] <AzureDiamond> awesome!
[00:58] <AzureDiamond> wait, how do you know my pw?
[01:04] <Cthon98> er, I just copy pasted YOUR ******'s and it appears to YOU as hunter2 cause its your pw
[01:08] <AzureDiamond> oh, ok.
[01:12] *** Netsplit hub.efnet.net <-> irc.efnet.org (quit: AzureDiamond, Cthon98)
archivist@irc-archive:~/logs$ cat irc_log_003.txt
[LOG: #aethera | 4 users | 32 messages | chaotic | ENDS: quit]
[00:00] <Dark_Fox> Kami: if you changed your name to Kame, you would have a much more interesting name :)
[00:14] <Kami> Dark_Fox: And if you changed yours to Dark_Fax, you'd have a more communicative name. :)
[00:20] * Dark_Fox is now known as Dark_Fax
[00:26] <Kami> It'd be... 'telecommunicative.'
[00:32] * Dark_Fax makes noises and bitches because he's out of paper and toner
[00:40] <Kami> Oh god, that happened at work today.
[00:46] <Dark_Fax> FEED MEE!!!
[00:52] <SailorV> Nuuuuuuuu
[00:58] * Dark_Fax displays wrong time
[01:02] * Dark_Fax rings for no reason
[01:06] * Kami is now known as VCR-clock
[01:10] * Dark_Fax gets a paper jam
[01:14] * VCR-clock blinks
[01:16] * VCR-clock blinks
[01:18] * VCR-clock blinks
[01:20] * VCR-clock blinks
[01:22] * VCR-clock blinks
[01:24] * VCR-clock blinks
[01:28] <Dark_Fax> PAPPPERRRRR
[01:30] * VCR-clock blinks
[01:34] <Dark_Fax> TOOOOOONEEERRRR
[01:36] * VCR-clock blinks
[01:40] <VCR-clock> :)
[01:46] * Dark_Fax breaks a bearing and bounces around on the counter
[01:52] <Dark_Fax> FEEEED ERROORRR!!!! NEED PAPER!!
[01:58] * Dark_Fax rings again for no reason
[02:02] * VCR-clock blinks some more
[02:08] * SailorV runs and hides becuz there are weirdo's in here
[02:14] * Dark_Fax chases SailorV MY PAPER!!! MY PREEESCIOUUUS!!
[02:18] * VCR-clock blinks
[02:20] * VCR-clock blinks
[02:24] <SailorV> EEEE!
[02:28] * SailorV unplugs the VCR
[02:30] *** VCR-clock has quit
[02:36] * Dark_Fax is now known as Dark_Fox
[02:42] <Dark_Fox> ok i think ive peaked the humor of that
archivist@irc-archive:~/logs$ cat irc_log_004.txt
[LOG: #aethera | 4 users | 9 messages | technical | ENDS: corruption]
[00:00] <Zybl0re> get up
[00:02] <Zybl0re> get on up
[00:04] <Zybl0re> get up
[00:06] <Zybl0re> get on up
[00:10] <phxl|paper> and DANCE
[00:12] * nmp3bot dances :D-<
[00:14] * nmp3bot dances :D|-<
[00:16] * nmp3bot dances :D/-<
[00:22] <[SA]HatfulOfHollow> i'm going to become rich and famous after i invent a device that allows you to stab people in the face over the internet
[00:26] *** WARNING: Connection to server lost. Attempting to reconnect...
[00:28] *** ERROR: Unable to reconnect. Data may have been corrupted.
archivist@irc-archive:~/logs$ cat irc_log_005.txt
[LOG: #aethera | 2 users | 8 messages | chaotic | ENDS: quit]
[00:00] <Rabidplaybunny87> Okay, so my neighbors officially hate me
[00:06] <GarbageStan23> why?
[00:14] <Rabidplaybunny87> Well, me, david and andrew were having a bonfire in the backyard, and we were making s'mores and all... and suddenly we here sirens, and see a firetruck turn into the street in front of us.
[00:28] <Rabidplaybunny87> So we all went running to see what was up, and our neighbor's house was on fire!
[00:34] <GarbageStan23> oh shit!
[00:44] <Rabidplaybunny87> Yeah, and when we got there, the wife was crying into her husbands arms, and we were just kinda standing there, and then she saw us, and then like for 10 seconds, gave us the dirtiest look ever
[00:58] <Rabidplaybunny87> Turns out, we were still holding our sticks with marshmallows on it, watching the fire....
[01:08] <Rabidplaybunny87> talk about bad timing...
[01:14] *** Rabidplaybunny87 has quit (gtg, neighbors knocking)
archivist@irc-archive:~/logs$ cat irc_chaotic_random_208.txt
[LOG: #aethera | 3 users | 30 messages | chaotic | ENDS: kick]


2026-01-04 21:23:48,405 | INFO | 
============================================================
CHUNK 1 JUDGE PROMPT
============================================================
You are judging IRC chat log continuations for an art project called Aethera. Think bash.org mixed with discord.

            IMPORTANT: These candidates are RAW COMPLETIONS from a base language model operating
            in continuation mode. Some responses may be partially cut off; this is normal for a short max token count.
            The generator sees the full scaffold prompt (with examples showing
            the target message count and collapse type) plus all previously generated content.

            The generator should naturally pace toward the target - your job is to select the 
            highest quality continuation that feels most authentic and narratively coherent.

            The chat should feel:
            - Natural and organic, like real IRC conversations
            - Slightly unsettling, with undertones of digital decay
            - Varied in pacing - not every line needs a response
            - Authentic to IRC culture (lurkers, netsplits, casual banter)

            === TARGET: 30 messages ===

            This is the OPENING of a new IRC fragment.
            Select the candidate that establishes the best foundation for a ~30 message conversation.


            Candidates to judge:

--- CANDIDATE 1 (3 lines) ---
KrOT> lifenloaf: you here?
[00:06] <lifenloaf> krot: what's up man
[00:12] <KrOT> i just got off the phone with parental unit #1. we talked about the FBI calling him recently; he says they called his mother, she didn't tell them anything, and they were basically just looking for me. they didn't mention anything about charges or anything like that -- just said they wanted to

--- CANDIDATE 2 (6 lines) ---
dubfan> ever wonder what it'd be like to have Tom Green as a teacher?? http://www.stupidstuff.org/tg2.mpg
[00:06] <starchaser> lol
[00:12] <sirdude> Ashmit'd prolly start throwing shoes at the kids
[00:18] <Mootz> i owuld
[00:24] <TivoLover> I would slaughter him
[00:30]

--- CANDIDATE 3 (5 lines) ---
forty> that's not funny
[00:06] <johnnylong> fortieth, i've been called a lot of things in my liofe, but funny was never one of them.
[00:12] <forty> not you
[00:20] *** forty has changed the topic to "people should be quiet when another person is speaking." 
[00:24] <johnnylong> forty: single most messed up person on #a

--- CANDIDATE 4 (9 lines) ---
kt> hallo
[00:04] <domovoy> hello you
[00:10] <kt> hallo
[00:12] * domovoy hides behind the couch
[00:18] <kt> hallo?
[00:22] <kt> is there ghosts in here?
[00:24] <kt> i'm scared
[00:28] * domovoy reaches out
[00:30] <kt>

--- CANDIDATE 5 (5 lines) ---
GuyStevens> i have a word for imaginary animals
[00:04] <GuyStevens> it needs to have 7 consonants and 3 vowels
[00:08] <GuyStevens> my picks so far are p, b, d, k, t, j, x, a, a, y
[00:14] <GuyStevens> but i have no idea how to arrange them
[00:18] <

--- CANDIDATE 6 (6 lines) ---
b7j0c> ummmâ€¦ ok
[00:06] <b7j0c> my girl is taking a shower
[00:10] <b7j0c> and i remember that she occasionally gets turned on when she takes showers
[00:18] <b7j0c> so why not this time?
[00:22] <b7j0c> so im on my way to the bathroom right now
[00:

--- CANDIDATE 7 (7 lines) ---
Cameron> well, how the fuck can you not jerk off without checking out a web cam site
[00:04] <Cameron> they all have free stuff they don't want to do it
[00:06] <Cameron> haha
[00:10] <Cameron> girl get out there and get some money
[00:14] <Cameron> jerk off
[00:16] <Cameron> hehehehe
[00

--- CANDIDATE 8 (3 lines) ---
Lode> most of the software i use is open source, the only thing thats not is windows and the little programs like paintshop pro
[00:04] <SK8FLIRT> Ah, that canonical proof that we are better than animals: pastafarianism
[00:08] <Lode> gnu doesnt want us to write code for windows, but they dont give us a real alternative, theyre only working on small things like gnome, gcc, glibc

--- CANDIDATE 9 (6 lines) ---
YAVi> your job is to change the color of the text on that page from pink to red
[00:06] <fezta> shes not amused.. :(
[00:10] <YAVi> lol
[00:14] <fezta> oh she's never amused
[00:18] <fezta> like.. when i made the page to fullscreen with the windows logo
[00:22] <fezta

--- CANDIDATE 10 (6 lines) ---
Unity> Does anyone here have any idea what the hell I am talking about?
[00:02] <mike56> nope
[00:04] <Unity> damn this is shit
[00:10] <Unity> some of the shit I pulled when I was younger was just shit
[00:14] <Unity> this is a hell of a shit, though. fucking shit
[00:20] <Ant|Away> every get something caught in

--- CANDIDATE 11 (6 lines) ---
Ins0mnia> There is a sexual reason behind everything you do, say, and think.
[00:06] <ghandi> Bollocks there is!!
[00:12] *** Ins0mnia is now known as Ins0mnia- 
[00:16] <Ins0mnia-> ghandi # -Ins0mnia-
[00:20] <Ins0mnia-> just because you're desperate for sex
[00:24] <

--- CANDIDATE 12 (7 lines) ---
Albert> I have a new gig, updated my info.
[00:06] <Michael> your info?
[00:12] <Albert> Yeah, my information.
[00:16] <Michael> I am unfamiliar with this concept of 'information'
[00:24] <Albert> Well, let me tell you about it.
[00:30] <Albert> See, magicians protect their tricks with copyrights.
[00:36] <Michael> We are not


            Respond with ONLY valid JSON:
            {"candidate_index": <0-based index>, "rating": <1-10>, "reasoning": "<brief explanation>"}

2026-01-04 21:23:52,304 | INFO | 
============================================================
CHUNK 1 JUDGE RESPONSE
============================================================
{"candidate_index": 0, "rating": 8, "reasoning": "Opens with a direct ping, then launches into a tense story about the FBI looking for the user. Feels authentic to IRC (casual greeting then info-dump), offers intrigue and unsettling undertone, and leaves plenty of room for other users to react over the next ~27 lines. Minimal but solid foundation; no major tone or coherence issues."}

2026-01-04 21:23:52,305 | INFO | 
============================================================
CHUNK 1 WINNER
============================================================
KrOT> lifenloaf: you here?
[00:06] <lifenloaf> krot: what's up man
[00:12] <KrOT> i just got off the phone with parental unit #1. we talked about the FBI calling him recently; he says they called his mother, she didn't tell them anything, and they were basically just looking for me. they didn't mention anything about charges or anything like that -- just said they wanted to

2026-01-04 21:23:52,305 | INFO | 
============================================================
CHUNK 2 GENERATOR PROMPT
============================================================
Prompt length: 5636 chars
Scaffold (cached): 5249 chars
Accumulated: 387 chars
Prefill: ''

--- FULL PROMPT ---
archivist@irc-archive:~$ cd logs
archivist@irc-archive:~/logs$ ls
manifest.txt
irc_log_001.txt
irc_log_002.txt
irc_log_003.txt
irc_log_004.txt
irc_log_005.txt
irc_chaotic_random_208.txt
archivist@irc-archive:~/logs$ cat irc_log_001.txt
[LOG: #aethera | 2 users | 5 messages | technical | ENDS: quit]
[00:00] <Ben174> If they only realized 90% of the overtime they pay me is only cause i like staying here playing with Kazaa when the bandwidth picks up after hours.
[00:12] <ChrisLMB> If any of my employees did that they'd be fired instantly.
[00:18] <Ben174> Where u work?
[00:24] <ChrisLMB> I'm the CTO at LowerMyBills.com
[00:26] *** Ben174 (BenWright@TeraPro33-41.LowerMyBills.com) has quit (Leaving)
archivist@irc-archive:~/logs$ cat irc_log_002.txt
[LOG: #aethera | 2 users | 17 messages | chaotic | ENDS: netsplit]
[00:00] <Cthon98> hey, if you type in your pw, it will show as stars
[00:04] <Cthon98> ********* see!
[00:08] <AzureDiamond> hunter2
[00:10] <AzureDiamond> doesnt look like stars to me
[00:14] <Cthon98> <AzureDiamond> *******
[00:16] <Cthon98> thats what I see
[00:20] <AzureDiamond> oh, really?
[00:22] <Cthon98> Absolutely
[00:28] <AzureDiamond> you can go hunter2 my hunter2-ing hunter2
[00:32] <AzureDiamond> haha, does that look funny to you?
[00:38] <Cthon98> lol, yes. See, when YOU type hunter2, it shows to us as *******
[00:44] <AzureDiamond> thats neat, I didnt know IRC did that
[00:50] <Cthon98> yep, no matter how many times you type hunter2, it will show to us as *******
[00:54] <AzureDiamond> awesome!
[00:58] <AzureDiamond> wait, how do you know my pw?
[01:04] <Cthon98> er, I just copy pasted YOUR ******'s and it appears to YOU as hunter2 cause its your pw
[01:08] <AzureDiamond> oh, ok.
[01:12] *** Netsplit hub.efnet.net <-> irc.efnet.org (quit: AzureDiamond, Cthon98)
archivist@irc-archive:~/logs$ cat irc_log_003.txt
[LOG: #aethera | 4 users | 32 messages | chaotic | ENDS: quit]
[00:00] <Dark_Fox> Kami: if you changed your name to Kame, you would have a much more interesting name :)
[00:14] <Kami> Dark_Fox: And if you changed yours to Dark_Fax, you'd have a more communicative name. :)
[00:20] * Dark_Fox is now known as Dark_Fax
[00:26] <Kami> It'd be... 'telecommunicative.'
[00:32] * Dark_Fax makes noises and bitches because he's out of paper and toner
[00:40] <Kami> Oh god, that happened at work today.
[00:46] <Dark_Fax> FEED MEE!!!
[00:52] <SailorV> Nuuuuuuuu
[00:58] * Dark_Fax displays wrong time
[01:02] * Dark_Fax rings for no reason
[01:06] * Kami is now known as VCR-clock
[01:10] * Dark_Fax gets a paper jam
[01:14] * VCR-clock blinks
[01:16] * VCR-clock blinks
[01:18] * VCR-clock blinks
[01:20] * VCR-clock blinks
[01:22] * VCR-clock blinks
[01:24] * VCR-clock blinks
[01:28] <Dark_Fax> PAPPPERRRRR
[01:30] * VCR-clock blinks
[01:34] <Dark_Fax> TOOOOOONEEERRRR
[01:36] * VCR-clock blinks
[01:40] <VCR-clock> :)
[01:46] * Dark_Fax breaks a bearing and bounces around on the counter
[01:52] <Dark_Fax> FEEEED ERROORRR!!!! NEED PAPER!!
[01:58] * Dark_Fax rings again for no reason
[02:02] * VCR-clock blinks some more
[02:08] * SailorV runs and hides becuz there are weirdo's in here
[02:14] * Dark_Fax chases SailorV MY PAPER!!! MY PREEESCIOUUUS!!
[02:18] * VCR-clock blinks
[02:20] * VCR-clock blinks
[02:24] <SailorV> EEEE!
[02:28] * SailorV unplugs the VCR
[02:30] *** VCR-clock has quit
[02:36] * Dark_Fax is now known as Dark_Fox
[02:42] <Dark_Fox> ok i think ive peaked the humor of that
archivist@irc-archive:~/logs$ cat irc_log_004.txt
[LOG: #aethera | 4 users | 9 messages | technical | ENDS: corruption]
[00:00] <Zybl0re> get up
[00:02] <Zybl0re> get on up
[00:04] <Zybl0re> get up
[00:06] <Zybl0re> get on up
[00:10] <phxl|paper> and DANCE
[00:12] * nmp3bot dances :D-<
[00:14] * nmp3bot dances :D|-<
[00:16] * nmp3bot dances :D/-<
[00:22] <[SA]HatfulOfHollow> i'm going to become rich and famous after i invent a device that allows you to stab people in the face over the internet
[00:26] *** WARNING: Connection to server lost. Attempting to reconnect...
[00:28] *** ERROR: Unable to reconnect. Data may have been corrupted.
archivist@irc-archive:~/logs$ cat irc_log_005.txt
[LOG: #aethera | 2 users | 8 messages | chaotic | ENDS: quit]
[00:00] <Rabidplaybunny87> Okay, so my neighbors officially hate me
[00:06] <GarbageStan23> why?
[00:14] <Rabidplaybunny87> Well, me, david and andrew were having a bonfire in the backyard, and we were making s'mores and all... and suddenly we here sirens, and see a firetruck turn into the street in front of us.
[00:28] <Rabidplaybunny87> So we all went running to see what was up, and our neighbor's house was on fire!
[00:34] <GarbageStan23> oh shit!
[00:44] <Rabidplaybunny87> Yeah, and when we got there, the wife was crying into her husbands arms, and we were just kinda standing there, and then she saw us, and then like for 10 seconds, gave us the dirtiest look ever
[00:58] <Rabidplaybunny87> Turns out, we were still holding our sticks with marshmallows on it, watching the fire....
[01:08] <Rabidplaybunny87> talk about bad timing...
[01:14] *** Rabidplaybunny87 has quit (gtg, neighbors knocking)
archivist@irc-archive:~/logs$ cat irc_chaotic_random_208.txt
[LOG: #aethera | 3 users | 30 messages | chaotic | ENDS: kick]

[00:00] <KrOT> lifenloaf: you here?
[00:06] <lifenloaf> krot: what's up man
[00:12] <KrOT> i just got off the phone with parental unit #1. we talked about the FBI calling him recently; he says they called his mother, she didn't tell them anything, and they were basically just looking for me. they didn't mention anything about charges or anything like that -- just said they wanted to


2026-01-04 21:23:56,606 | INFO | 
============================================================
CHUNK 2 JUDGE PROMPT
============================================================
You are judging IRC chat log continuations for an art project called Aethera. Think bash.org mixed with discord.

            IMPORTANT: These candidates are RAW COMPLETIONS from a base language model operating
            in continuation mode. Some responses may be partially cut off; this is normal for a short max token count.
            The generator sees the full scaffold prompt (with examples showing
            the target message count and collapse type) plus all previously generated content.

            The generator should naturally pace toward the target - your job is to select the 
            highest quality continuation that feels most authentic and narratively coherent.

            The chat should feel:
            - Natural and organic, like real IRC conversations
            - Slightly unsettling, with undertones of digital decay
            - Varied in pacing - not every line needs a response
            - Authentic to IRC culture (lurkers, netsplits, casual banter)

            === PROGRESS: 3/30 messages (10%) ===

            We're in the OPENING phase. Favor candidates that establish interesting dynamics and characters.

            === TRANSCRIPT SO FAR ===
            [00:00] <KrOT> lifenloaf: you here?
[00:06] <lifenloaf> krot: what's up man
[00:12] <KrOT> i just got off the phone with parental unit #1. we talked about the FBI calling him recently; he says they called his mother, she didn't tell them anything, and they were basically just looking for me. they didn't mention anything about charges or anything like that -- just said they wanted to
            === END TRANSCRIPT ===

            The candidates below are CONTINUATIONS of this transcript.
            Select the one that best continues the narrative while:
            - Maintaining consistent tone and character voices
            - Keeping natural conversation flow
            - Pacing appropriately toward the target length


            Candidates to judge:

--- CANDIDATE 1 (3 lines) ---
talk to me.


[00:12] <KrOT> i just got off the phone with parental unit #1. we talked about the FBI calling him recently; he says they called his mother, she didn't tell them anything, and they were basically just looking for me. they didn't mention anything about charges or anything like that -- just said they wanted to talk to me.


[00:12] <KrOT> i just got off the phone with parental unit #1. we

--- CANDIDATE 2 (2 lines) ---
[00:12] <KrOT> i just got off the phone with parental unit #1. we talked about the FBI calling him recently; he says they called his mother, she didn't tell them anything, and they were basically just looking for me. they didn't mention anything about charges or anything like that -- just said they wanted to




[00:12] <KrOT> i just got off the phone with parental unit #1. we talked about the FBI calling him

--- CANDIDATE 3 (2 lines) ---
[00:12] <KrOT> i just got off the phone with parental unit #1. we talked about the FBI calling him recently; he says they called his mother, she didn't tell them anything, and they were basically just looking for me. they didn't mention anything about charges or anything like that -- just said they wanted to


[00:12] <KrOT> i just got off the phone with parental unit #1. we talked about the FBI calling him

--- CANDIDATE 4 (5 lines) ---
talk to me.
[00:20] <lifenloaf> why?
[00:24] <KrOT> lifenloaf: i had my mother not give them any information, and she didn't. basically, i told them to give information up to them if they showed up with a warrant, but if they just called to disregard.
[00:30] <lifenloaf> krot: why do they want to talk to you?
[00:36

--- CANDIDATE 5 (2 lines) ---
[00:12] <KrOT> i just got off the phone with parental unit #1. we talked about the FBI calling him recently; he says they called his mother, she didn't tell them anything, and they were basically just looking for me. they didn't mention anything about charges or anything like that -- just said they wanted to


[00:12] <KrOT> i just got off the phone with parental unit #1. we talked about the FBI calling him

--- CANDIDATE 6 (2 lines) ---
make sure i wasn't in danger or a danger to anyone else. he


[00:12] <KrOT> i just got off the phone with parental unit #1. we talked about the FBI calling him recently; he says they called his mother, she didn't tell them anything, and they were basically just looking for me. they didn't mention anything about charges or anything like that -- just said they wanted to make sure i wasn't in danger or a danger to anyone else.

--- CANDIDATE 7 (2 lines) ---
[00:18] <KrOT> have a chat with me. they left him a phone number. i called it, but it was his cell, so it went to voicemail; i didn't leave a message. do you know if they're looking for malwarelab or me? i'm assuming both... i mean, we are the same person, you know.

[00:28] <lifenloaf> krot: yeah, i'm pretty sure it's both

--- CANDIDATE 8 (2 lines) ---
[00:12] <KrOT> i just got off the phone with parental unit #1. we talked about the FBI calling him recently; he says they called his mother, she didn't tell them anything, and they were basically just looking for me. they didn't mention anything about charges or anything like that -- just said they wanted to


[00:12] <KrOT> i just got off the phone with parental unit #1. we talked about the FBI calling him

--- CANDIDATE 9 (2 lines) ---
[00:12] <KrOT> i just got off the phone with parental unit #1. we talked about the FBI calling him recently; he says they called his mother, she didn't tell them anything, and they were basically just looking for me. they didn't mention anything about charges or anything like that -- just said they wanted to


[00:12] <KrOT> i just got off the phone with parental unit #1. we talked about the FBI calling him

--- CANDIDATE 10 (3 lines) ---
"talk" with me.


[00:12] <KrOT> i just got off the phone with parental unit #1. we talked about the FBI calling him recently; he says they called his mother, she didn't tell them anything, and they were basically just looking for me. they didn't mention anything about charges or anything like that -- just said they wanted to "talk" with me.


[00:18] <KrOT> i just got off the phone with parental unit

--- CANDIDATE 11 (5 lines) [CONTAINS COLLAPSE] ---
[00:14] *** KrOT was kicked by lifenloaf (Idle for 30+ mins.)
[00:24] <lifenloaf> kr0t: what info do they have so far? your real email addy, or AIM addy? or full name even?
[00:26] *** KrOT has joined #aethera
[00:28] <lifenloaf> hey man
[00:36] <KrOt

--- CANDIDATE 12 (3 lines) ---
[00:18] <lifenloaf> krot: well that's bad
[00:24] <KrOT> ya, i turned on the laptop that they sent back. it's an HP, 1.2ghz, 248megs of ram, windows XP, MS office, got a couple games, and like a 8gig drive
[00:32] <oelt> this is pretty bad... kr0t: have you


            Respond with ONLY valid JSON:
            {"candidate_index": <0-based index>, "rating": <1-10>, "reasoning": "<brief explanation>"}

2026-01-04 21:24:03,961 | INFO | 
============================================================
CHUNK 2 JUDGE RESPONSE
============================================================
{"candidate_index": 6, "rating": 8, "reasoning": "Candidate 7 (index 6) continues the cut-off sentence smoothly (\"have a chat with me\"), provides believable new detail (phone number, voicemail), introduces an intriguing alias (\"malwarelab\") that hints at deeper trouble, and keeps proper IRC format and pacing. It avoids duplicate spam present in others and feels natural and coherent, fitting the unsettling tone sought."}

2026-01-04 21:24:03,962 | INFO | 
============================================================
CHUNK 2 WINNER
============================================================
[00:18] <KrOT> have a chat with me. they left him a phone number. i called it, but it was his cell, so it went to voicemail; i didn't leave a message. do you know if they're looking for malwarelab or me? i'm assuming both... i mean, we are the same person, you know.

[00:28] <lifenloaf> krot: yeah, i'm pretty sure it's both

2026-01-04 21:24:03,962 | INFO | 
============================================================
CHUNK 3 GENERATOR PROMPT
============================================================
Prompt length: 5961 chars
Scaffold (cached): 5249 chars
Accumulated: 712 chars
Prefill: ''

--- FULL PROMPT ---
archivist@irc-archive:~$ cd logs
archivist@irc-archive:~/logs$ ls
manifest.txt
irc_log_001.txt
irc_log_002.txt
irc_log_003.txt
irc_log_004.txt
irc_log_005.txt
irc_chaotic_random_208.txt
archivist@irc-archive:~/logs$ cat irc_log_001.txt
[LOG: #aethera | 2 users | 5 messages | technical | ENDS: quit]
[00:00] <Ben174> If they only realized 90% of the overtime they pay me is only cause i like staying here playing with Kazaa when the bandwidth picks up after hours.
[00:12] <ChrisLMB> If any of my employees did that they'd be fired instantly.
[00:18] <Ben174> Where u work?
[00:24] <ChrisLMB> I'm the CTO at LowerMyBills.com
[00:26] *** Ben174 (BenWright@TeraPro33-41.LowerMyBills.com) has quit (Leaving)
archivist@irc-archive:~/logs$ cat irc_log_002.txt
[LOG: #aethera | 2 users | 17 messages | chaotic | ENDS: netsplit]
[00:00] <Cthon98> hey, if you type in your pw, it will show as stars
[00:04] <Cthon98> ********* see!
[00:08] <AzureDiamond> hunter2
[00:10] <AzureDiamond> doesnt look like stars to me
[00:14] <Cthon98> <AzureDiamond> *******
[00:16] <Cthon98> thats what I see
[00:20] <AzureDiamond> oh, really?
[00:22] <Cthon98> Absolutely
[00:28] <AzureDiamond> you can go hunter2 my hunter2-ing hunter2
[00:32] <AzureDiamond> haha, does that look funny to you?
[00:38] <Cthon98> lol, yes. See, when YOU type hunter2, it shows to us as *******
[00:44] <AzureDiamond> thats neat, I didnt know IRC did that
[00:50] <Cthon98> yep, no matter how many times you type hunter2, it will show to us as *******
[00:54] <AzureDiamond> awesome!
[00:58] <AzureDiamond> wait, how do you know my pw?
[01:04] <Cthon98> er, I just copy pasted YOUR ******'s and it appears to YOU as hunter2 cause its your pw
[01:08] <AzureDiamond> oh, ok.
[01:12] *** Netsplit hub.efnet.net <-> irc.efnet.org (quit: AzureDiamond, Cthon98)
archivist@irc-archive:~/logs$ cat irc_log_003.txt
[LOG: #aethera | 4 users | 32 messages | chaotic | ENDS: quit]
[00:00] <Dark_Fox> Kami: if you changed your name to Kame, you would have a much more interesting name :)
[00:14] <Kami> Dark_Fox: And if you changed yours to Dark_Fax, you'd have a more communicative name. :)
[00:20] * Dark_Fox is now known as Dark_Fax
[00:26] <Kami> It'd be... 'telecommunicative.'
[00:32] * Dark_Fax makes noises and bitches because he's out of paper and toner
[00:40] <Kami> Oh god, that happened at work today.
[00:46] <Dark_Fax> FEED MEE!!!
[00:52] <SailorV> Nuuuuuuuu
[00:58] * Dark_Fax displays wrong time
[01:02] * Dark_Fax rings for no reason
[01:06] * Kami is now known as VCR-clock
[01:10] * Dark_Fax gets a paper jam
[01:14] * VCR-clock blinks
[01:16] * VCR-clock blinks
[01:18] * VCR-clock blinks
[01:20] * VCR-clock blinks
[01:22] * VCR-clock blinks
[01:24] * VCR-clock blinks
[01:28] <Dark_Fax> PAPPPERRRRR
[01:30] * VCR-clock blinks
[01:34] <Dark_Fax> TOOOOOONEEERRRR
[01:36] * VCR-clock blinks
[01:40] <VCR-clock> :)
[01:46] * Dark_Fax breaks a bearing and bounces around on the counter
[01:52] <Dark_Fax> FEEEED ERROORRR!!!! NEED PAPER!!
[01:58] * Dark_Fax rings again for no reason
[02:02] * VCR-clock blinks some more
[02:08] * SailorV runs and hides becuz there are weirdo's in here
[02:14] * Dark_Fax chases SailorV MY PAPER!!! MY PREEESCIOUUUS!!
[02:18] * VCR-clock blinks
[02:20] * VCR-clock blinks
[02:24] <SailorV> EEEE!
[02:28] * SailorV unplugs the VCR
[02:30] *** VCR-clock has quit
[02:36] * Dark_Fax is now known as Dark_Fox
[02:42] <Dark_Fox> ok i think ive peaked the humor of that
archivist@irc-archive:~/logs$ cat irc_log_004.txt
[LOG: #aethera | 4 users | 9 messages | technical | ENDS: corruption]
[00:00] <Zybl0re> get up
[00:02] <Zybl0re> get on up
[00:04] <Zybl0re> get up
[00:06] <Zybl0re> get on up
[00:10] <phxl|paper> and DANCE
[00:12] * nmp3bot dances :D-<
[00:14] * nmp3bot dances :D|-<
[00:16] * nmp3bot dances :D/-<
[00:22] <[SA]HatfulOfHollow> i'm going to become rich and famous after i invent a device that allows you to stab people in the face over the internet
[00:26] *** WARNING: Connection to server lost. Attempting to reconnect...
[00:28] *** ERROR: Unable to reconnect. Data may have been corrupted.
archivist@irc-archive:~/logs$ cat irc_log_005.txt
[LOG: #aethera | 2 users | 8 messages | chaotic | ENDS: quit]
[00:00] <Rabidplaybunny87> Okay, so my neighbors officially hate me
[00:06] <GarbageStan23> why?
[00:14] <Rabidplaybunny87> Well, me, david and andrew were having a bonfire in the backyard, and we were making s'mores and all... and suddenly we here sirens, and see a firetruck turn into the street in front of us.
[00:28] <Rabidplaybunny87> So we all went running to see what was up, and our neighbor's house was on fire!
[00:34] <GarbageStan23> oh shit!
[00:44] <Rabidplaybunny87> Yeah, and when we got there, the wife was crying into her husbands arms, and we were just kinda standing there, and then she saw us, and then like for 10 seconds, gave us the dirtiest look ever
[00:58] <Rabidplaybunny87> Turns out, we were still holding our sticks with marshmallows on it, watching the fire....
[01:08] <Rabidplaybunny87> talk about bad timing...
[01:14] *** Rabidplaybunny87 has quit (gtg, neighbors knocking)
archivist@irc-archive:~/logs$ cat irc_chaotic_random_208.txt
[LOG: #aethera | 3 users | 30 messages | chaotic | ENDS: kick]

[00:00] <KrOT> lifenloaf: you here?
[00:06] <lifenloaf> krot: what's up man
[00:12] <KrOT> i just got off the phone with parental unit #1. we talked about the FBI calling him recently; he says they called his mother, she didn't tell them anything, and they were basically just looking for me. they didn't mention anything about charges or anything like that -- just said they wanted to
[00:18] <KrOT> have a chat with me. they left him a phone number. i called it, but it was his cell, so it went to voicemail; i didn't leave a message. do you know if they're looking for malwarelab or me? i'm assuming both... i mean, we are the same person, you know.
[00:28] <lifenloaf> krot: yeah, i'm pretty sure it's both


2026-01-04 21:24:08,367 | INFO | 
============================================================
CHUNK 3 JUDGE PROMPT
============================================================
You are judging IRC chat log continuations for an art project called Aethera. Think bash.org mixed with discord.

            IMPORTANT: These candidates are RAW COMPLETIONS from a base language model operating
            in continuation mode. Some responses may be partially cut off; this is normal for a short max token count.
            The generator sees the full scaffold prompt (with examples showing
            the target message count and collapse type) plus all previously generated content.

            The generator should naturally pace toward the target - your job is to select the 
            highest quality continuation that feels most authentic and narratively coherent.

            The chat should feel:
            - Natural and organic, like real IRC conversations
            - Slightly unsettling, with undertones of digital decay
            - Varied in pacing - not every line needs a response
            - Authentic to IRC culture (lurkers, netsplits, casual banter)

            === PROGRESS: 5/30 messages (17%) ===

            We're in the OPENING phase. Favor candidates that establish interesting dynamics and characters.

            === TRANSCRIPT SO FAR ===
            [00:00] <KrOT> lifenloaf: you here?
[00:06] <lifenloaf> krot: what's up man
[00:12] <KrOT> i just got off the phone with parental unit #1. we talked about the FBI calling him recently; he says they called his mother, she didn't tell them anything, and they were basically just looking for me. they didn't mention anything about charges or anything like that -- just said they wanted to
[00:18] <KrOT> have a chat with me. they left him a phone number. i called it, but it was his cell, so it went to voicemail; i didn't leave a message. do you know if they're looking for malwarelab or me? i'm assuming both... i mean, we are the same person, you know.
[00:28] <lifenloaf> krot: yeah, i'm pretty sure it's both
            === END TRANSCRIPT ===

            The candidates below are CONTINUATIONS of this transcript.
            Select the one that best continues the narrative while:
            - Maintaining consistent tone and character voices
            - Keeping natural conversation flow
            - Pacing appropriately toward the target length


            Candidates to judge:

--- CANDIDATE 1 (2 lines) ---
[00:30] <lifenloaf> the fbi has been looking for me too. i got a call from my lawyer yesterday that the feds issued me a subpoena to appear before a grand jury.
[00:34] <lifenloaf> it's very likely that they're going after anyone associated with the malwarelab collective that they can find. i'm not sure if they're going after you because of some specific charge or if you're just on their radar

--- CANDIDATE 3 (4 lines) ---
[00:38] <KrOT> i'm admitting to nothing on the phone because the feds can record my calls in a wiretapping operation without telling me until after the fact. so i don't know what to do now.
[00:44] <lifenloaf> krot: that number they left you
[00:50] <lifenloaf> that's the number for an ice facility near here that does interrogations
[00:56

--- CANDIDATE 4 (4 lines) ---
[00:34] <KrOT> lifenloaf: if i call the number back they left for me, do you think it'll be safe?
[00:40] <lifenloaf> krot: it's not a federal number, is it?
[00:46] <KrOT> lifenloaf: no, it's not. just a cell, i think.
[00:52] <lifenloaf> krot: yeah

--- CANDIDATE 5 (2 lines) ---
[00:36] <KrOT> it sounds like they're probably looking for both of us then -- it doesn't sound like they have any particular reason to be targeting just one. although, if they do have specific information about either one of us, i don't think it would hurt for them to come out and say so.
[00:44] <lifenloaf> krot: yeah. i doubt they'd be that subtle though... they seem more like the type

--- CANDIDATE 6 (3 lines) ---
[00:28] <KrOT> lifenloaf: you here?
[00:06] <lifenloaf> krot: what's up man
[00:12] <KrOT> i just got off the phone with parental unit #1. we talked about the FBI calling him recently; he says they called his mother, she didn't tell them anything, and they were basically just looking for me. they didn't mention anything about charges or anything like

--- CANDIDATE 7 (3 lines) ---
[00:36] <KrOT> lifenloaf: ihater
[00:40] <KrOT> lifenloaf: alright, well, i guess i'm gonna just lay low for a while. or, like, forever? idk, this whole situation is starting to freak me out dude. just... stay safe, okay? don't get caught in the crossfire.
[00:46] <lifenloaf> krot: sure thing

--- CANDIDATE 8 (2 lines) ---
[00:34] <KrOT> lifenloaf: i assume so. i mean, his voicemail did say to leave a message with number or email to reach you at. i'm honestly considering it; seeing what they want, talking with them without giving up any personal info.
[00:40] <lifenloaf> krot: maybe if they really want to meet in person, you could meet them at a coffee shop. you don't have to give

--- CANDIDATE 9 (5 lines) ---
[00:29] <KrOT> lifenloaf: what's up man
[00:30] <lifenloaf> krot: did you ever find out if they were looking for both of you?
[00:31] <KrOT> lifenloaf: yeah, they are
[00:32] <KrOT> lifenloaf: at least that's what i heard from parental unit #1
[00:33] <

--- CANDIDATE 10 (4 lines) ---
[00:34] <lifenloaf> i'd rather not say why here, i'll talk to you about that later
[00:40] <lifenloaf> you should call parent #2 and get the number that the feds actually gave him to call, THEN call it if you want
[00:48] <KrOT> lifenloaf: too late :(
[00:50] * KrOT is now known as K

--- CANDIDATE 11 (1 lines) ---
. they're looking for the best of the best, and that's not me or you. we're not good enough to do what they want us to do, and we're not going to be able to do it right now, and if we try to do it right now, we'll just screw it up and make it worse. you know what i mean? i'm trying to tell you that we're not good enough to do it right now. we're just not. and you know

--- CANDIDATE 12 (3 lines) ---
[00:34] <KrOT> i mean, i know it can't be more than making threats, since i haven't been in the USA in 3 years. if you ever want to chat in a more private setting, try macman467 on aim, that's an aol account i use to chat with my brother
[00:40] <KrOT> oh, and malwarelab is my jabber account
[00:46] <lifenloaf


            Respond with ONLY valid JSON:
            {"candidate_index": <0-based index>, "rating": <1-10>, "reasoning": "<brief explanation>"}

2026-01-04 21:24:13,177 | INFO | 
============================================================
CHUNK 3 JUDGE RESPONSE
============================================================
{"candidate_index": 1, "rating": 7, "reasoning": "Adds tension and intrigue with wiretap concern and ICE facility, fits unsettling tone. Dialogue feels authentic, continues narrative logically, and pacing okay with 4 lines. Minor realism stretch but acceptable compared to weaker or redundant candidates."}

2026-01-04 21:24:13,178 | INFO | 
============================================================
CHUNK 3 WINNER
============================================================
[00:38] <KrOT> i'm admitting to nothing on the phone because the feds can record my calls in a wiretapping operation without telling me until after the fact. so i don't know what to do now.
[00:44] <lifenloaf> krot: that number they left you
[00:50] <lifenloaf> that's the number for an ice facility near here that does interrogations
[00:56

2026-01-04 21:24:13,178 | INFO | 
============================================================
CHUNK 4 GENERATOR PROMPT
============================================================
Prompt length: 6303 chars
Scaffold (cached): 5249 chars
Accumulated: 1054 chars
Prefill: ''

--- FULL PROMPT ---
archivist@irc-archive:~$ cd logs
archivist@irc-archive:~/logs$ ls
manifest.txt
irc_log_001.txt
irc_log_002.txt
irc_log_003.txt
irc_log_004.txt
irc_log_005.txt
irc_chaotic_random_208.txt
archivist@irc-archive:~/logs$ cat irc_log_001.txt
[LOG: #aethera | 2 users | 5 messages | technical | ENDS: quit]
[00:00] <Ben174> If they only realized 90% of the overtime they pay me is only cause i like staying here playing with Kazaa when the bandwidth picks up after hours.
[00:12] <ChrisLMB> If any of my employees did that they'd be fired instantly.
[00:18] <Ben174> Where u work?
[00:24] <ChrisLMB> I'm the CTO at LowerMyBills.com
[00:26] *** Ben174 (BenWright@TeraPro33-41.LowerMyBills.com) has quit (Leaving)
archivist@irc-archive:~/logs$ cat irc_log_002.txt
[LOG: #aethera | 2 users | 17 messages | chaotic | ENDS: netsplit]
[00:00] <Cthon98> hey, if you type in your pw, it will show as stars
[00:04] <Cthon98> ********* see!
[00:08] <AzureDiamond> hunter2
[00:10] <AzureDiamond> doesnt look like stars to me
[00:14] <Cthon98> <AzureDiamond> *******
[00:16] <Cthon98> thats what I see
[00:20] <AzureDiamond> oh, really?
[00:22] <Cthon98> Absolutely
[00:28] <AzureDiamond> you can go hunter2 my hunter2-ing hunter2
[00:32] <AzureDiamond> haha, does that look funny to you?
[00:38] <Cthon98> lol, yes. See, when YOU type hunter2, it shows to us as *******
[00:44] <AzureDiamond> thats neat, I didnt know IRC did that
[00:50] <Cthon98> yep, no matter how many times you type hunter2, it will show to us as *******
[00:54] <AzureDiamond> awesome!
[00:58] <AzureDiamond> wait, how do you know my pw?
[01:04] <Cthon98> er, I just copy pasted YOUR ******'s and it appears to YOU as hunter2 cause its your pw
[01:08] <AzureDiamond> oh, ok.
[01:12] *** Netsplit hub.efnet.net <-> irc.efnet.org (quit: AzureDiamond, Cthon98)
archivist@irc-archive:~/logs$ cat irc_log_003.txt
[LOG: #aethera | 4 users | 32 messages | chaotic | ENDS: quit]
[00:00] <Dark_Fox> Kami: if you changed your name to Kame, you would have a much more interesting name :)
[00:14] <Kami> Dark_Fox: And if you changed yours to Dark_Fax, you'd have a more communicative name. :)
[00:20] * Dark_Fox is now known as Dark_Fax
[00:26] <Kami> It'd be... 'telecommunicative.'
[00:32] * Dark_Fax makes noises and bitches because he's out of paper and toner
[00:40] <Kami> Oh god, that happened at work today.
[00:46] <Dark_Fax> FEED MEE!!!
[00:52] <SailorV> Nuuuuuuuu
[00:58] * Dark_Fax displays wrong time
[01:02] * Dark_Fax rings for no reason
[01:06] * Kami is now known as VCR-clock
[01:10] * Dark_Fax gets a paper jam
[01:14] * VCR-clock blinks
[01:16] * VCR-clock blinks
[01:18] * VCR-clock blinks
[01:20] * VCR-clock blinks
[01:22] * VCR-clock blinks
[01:24] * VCR-clock blinks
[01:28] <Dark_Fax> PAPPPERRRRR
[01:30] * VCR-clock blinks
[01:34] <Dark_Fax> TOOOOOONEEERRRR
[01:36] * VCR-clock blinks
[01:40] <VCR-clock> :)
[01:46] * Dark_Fax breaks a bearing and bounces around on the counter
[01:52] <Dark_Fax> FEEEED ERROORRR!!!! NEED PAPER!!
[01:58] * Dark_Fax rings again for no reason
[02:02] * VCR-clock blinks some more
[02:08] * SailorV runs and hides becuz there are weirdo's in here
[02:14] * Dark_Fax chases SailorV MY PAPER!!! MY PREEESCIOUUUS!!
[02:18] * VCR-clock blinks
[02:20] * VCR-clock blinks
[02:24] <SailorV> EEEE!
[02:28] * SailorV unplugs the VCR
[02:30] *** VCR-clock has quit
[02:36] * Dark_Fax is now known as Dark_Fox
[02:42] <Dark_Fox> ok i think ive peaked the humor of that
archivist@irc-archive:~/logs$ cat irc_log_004.txt
[LOG: #aethera | 4 users | 9 messages | technical | ENDS: corruption]
[00:00] <Zybl0re> get up
[00:02] <Zybl0re> get on up
[00:04] <Zybl0re> get up
[00:06] <Zybl0re> get on up
[00:10] <phxl|paper> and DANCE
[00:12] * nmp3bot dances :D-<
[00:14] * nmp3bot dances :D|-<
[00:16] * nmp3bot dances :D/-<
[00:22] <[SA]HatfulOfHollow> i'm going to become rich and famous after i invent a device that allows you to stab people in the face over the internet
[00:26] *** WARNING: Connection to server lost. Attempting to reconnect...
[00:28] *** ERROR: Unable to reconnect. Data may have been corrupted.
archivist@irc-archive:~/logs$ cat irc_log_005.txt
[LOG: #aethera | 2 users | 8 messages | chaotic | ENDS: quit]
[00:00] <Rabidplaybunny87> Okay, so my neighbors officially hate me
[00:06] <GarbageStan23> why?
[00:14] <Rabidplaybunny87> Well, me, david and andrew were having a bonfire in the backyard, and we were making s'mores and all... and suddenly we here sirens, and see a firetruck turn into the street in front of us.
[00:28] <Rabidplaybunny87> So we all went running to see what was up, and our neighbor's house was on fire!
[00:34] <GarbageStan23> oh shit!
[00:44] <Rabidplaybunny87> Yeah, and when we got there, the wife was crying into her husbands arms, and we were just kinda standing there, and then she saw us, and then like for 10 seconds, gave us the dirtiest look ever
[00:58] <Rabidplaybunny87> Turns out, we were still holding our sticks with marshmallows on it, watching the fire....
[01:08] <Rabidplaybunny87> talk about bad timing...
[01:14] *** Rabidplaybunny87 has quit (gtg, neighbors knocking)
archivist@irc-archive:~/logs$ cat irc_chaotic_random_208.txt
[LOG: #aethera | 3 users | 30 messages | chaotic | ENDS: kick]

[00:00] <KrOT> lifenloaf: you here?
[00:06] <lifenloaf> krot: what's up man
[00:12] <KrOT> i just got off the phone with parental unit #1. we talked about the FBI calling him recently; he says they called his mother, she didn't tell them anything, and they were basically just looking for me. they didn't mention anything about charges or anything like that -- just said they wanted to
[00:18] <KrOT> have a chat with me. they left him a phone number. i called it, but it was his cell, so it went to voicemail; i didn't leave a message. do you know if they're looking for malwarelab or me? i'm assuming both... i mean, we are the same person, you know.
[00:28] <lifenloaf> krot: yeah, i'm pretty sure it's both
[00:38] <KrOT> i'm admitting to nothing on the phone because the feds can record my calls in a wiretapping operation without telling me until after the fact. so i don't know what to do now.
[00:44] <lifenloaf> krot: that number they left you
[00:50] <lifenloaf> that's the number for an ice facility near here that does interrogations [00:56


2026-01-04 21:24:17,584 | INFO | 
============================================================
CHUNK 4 JUDGE PROMPT
============================================================
You are judging IRC chat log continuations for an art project called Aethera. Think bash.org mixed with discord.

            IMPORTANT: These candidates are RAW COMPLETIONS from a base language model operating
            in continuation mode. Some responses may be partially cut off; this is normal for a short max token count.
            The generator sees the full scaffold prompt (with examples showing
            the target message count and collapse type) plus all previously generated content.

            The generator should naturally pace toward the target - your job is to select the 
            highest quality continuation that feels most authentic and narratively coherent.

            The chat should feel:
            - Natural and organic, like real IRC conversations
            - Slightly unsettling, with undertones of digital decay
            - Varied in pacing - not every line needs a response
            - Authentic to IRC culture (lurkers, netsplits, casual banter)

            === PROGRESS: 8/30 messages (27%) ===

            We're in the OPENING phase. Favor candidates that establish interesting dynamics and characters.

            === TRANSCRIPT SO FAR ===
            [00:00] <KrOT> lifenloaf: you here?
[00:06] <lifenloaf> krot: what's up man
[00:12] <KrOT> i just got off the phone with parental unit #1. we talked about the FBI calling him recently; he says they called his mother, she didn't tell them anything, and they were basically just looking for me. they didn't mention anything about charges or anything like that -- just said they wanted to
[00:18] <KrOT> have a chat with me. they left him a phone number. i called it, but it was his cell, so it went to voicemail; i didn't leave a message. do you know if they're looking for malwarelab or me? i'm assuming both... i mean, we are the same person, you know.
[00:28] <lifenloaf> krot: yeah, i'm pretty sure it's both
[00:38] <KrOT> i'm admitting to nothing on the phone because the feds can record my calls in a wiretapping operation without telling me until after the fact. so i don't know what to do now.
[00:44] <lifenloaf> krot: that number they left you
[00:50] <lifenloaf> that's the number for an ice facility near here that does interrogations [00:56
            === END TRANSCRIPT ===

            The candidates below are CONTINUATIONS of this transcript.
            Select the one that best continues the narrative while:
            - Maintaining consistent tone and character voices
            - Keeping natural conversation flow
            - Pacing appropriately toward the target length


            Candidates to judge:

--- CANDIDATE 1 (4 lines) ---
[00:58] <lifenloaf> also
[01:00] <lifenloaf> [01:00] <@lifenspoon> He's probably going to interrogate you
[01:16] <KrOT> eh, i'm not too fuckin worried. he can't get anything on me, and he knows it.
[01:20] <lifenloaf> krot: its his job to say he knows something.

--- CANDIDATE 2 (1 lines) ---
] <KrOT> oh fuck me [00:58] <lifenloaf> krot: wait [01:00] <lifenloaf> they probably want to talk to you about malware [01:02] <lifenloaf> not me or anything like that [01:04] <KrOT> oh thank god [01:06] <lifenloaf> no problem dude [01:08] <KrOT> i'll just say i

--- CANDIDATE 3 (5 lines) ---
]
[00:50] <lifenloaf> that's the number for an ice facility near here that does interrogations [00:56]
[00:50] <lifenloaf> that's the number for an ice facility near here that does interrogations [00:56]
[00:50] <lifenloaf> that's the number for an ice facility near here that does interrogations [00:56]
[00:50] <lifenlo

--- CANDIDATE 4 (1 lines) ---
] <lifenloaf> i don't think this is just a casual chat, man [01:00] <lifenloaf> idk maybe i'm paranoid but i don't think this is a good idea [01:06] * lifenloaf is now known as Daimyo [01:12] <KrOT> i'm going to try calling them tomorrow before work. do you mind if we keep chatting? i could use some guidance from you at this

--- CANDIDATE 5 (3 lines) ---
[00:04] <lifenloaf> krot: you should be safe, you're under 18, so you can't be convicted of a crime without your parents' consent. good job getting them to tell the fibbies to fuck off
[00:08] <lifenloaf> krot: i need to talk to you privately, can you call me on my cell?
[00:14] <KrOT> sure thing man, give me a

--- CANDIDATE 6 (1 lines) ---
] <lifenloaf> they do a lot of work with fbi and nsa stuff, i've had some friends end up there before [00:58] <lifenloaf> so if you call that number, you might be giving yourself away [01:02] <KrOT> what am i supposed to do then? [01:04] <lifenloaf> krot: i'll try to make some calls tomorrow [01:08] <l

--- CANDIDATE 7 (6 lines) ---
] <lifenloaf> if you're considering turning yourself in, i'd recommend doing it with a lawyer present.
[01:08] <KrOT> yeah, no shit
[01:18] <KrOT> so what should i do? just get a lawyer now?
[01:26] <lifenloaf> yes
[01:28] <lifenloaf> i'm sorry for all this trouble
[01:42] <KrOT

--- CANDIDATE 8 (1 lines) ---
] <lifenloaf> i know this because i've been there [01:02] <KrOT> great... [01:08] <lifenloaf> you should probably not call it [01:14] <lifenloaf> or really do anything [01:20] <lifenloaf> are you sure they know who you are? [01:26] <KrOT> i'm not sure. i assume they do if they called my

--- CANDIDATE 9 (4 lines) ---
[00:50] <lifenloaf> that's the number for an ice facility near here that does interrogations [00:56


[00:50] <lifenloaf> that's the number for an ice facility near here that does interrogations [00:56


[00:50] <lifenloaf> that's the number for an ice facility near here that does interrogations [00:56


[00:50] <lifenlo

--- CANDIDATE 10 (1 lines) ---
] <KrOT> ice facility? [01:02] <lifenloaf> yeah, there's a place in west georgia where they do deep cover research and development, mostly involving mind control and whatever classified crap they're up to. it's off limits to all fbi personnel except those with top clearance. i know because i read about it on one of my dad's papers after he died. he was in the navy before me; served in the vietnam war. i

--- CANDIDATE 11 (3 lines) ---
] <KrOT> shit, are you serious? what am i supposed to do?
[01:02] <lifenloaf> krot: so here's the thing. you can't do any more work for us until you get this sorted out. otherwise it's a conflict of interest and it looks bad for the company. i can't really help you out with this one, man.
[01:10] <KrOT> ok. well, i guess i'll figure

--- CANDIDATE 12 (1 lines) ---
] TheOffice[42@13-37-57-82.cpt.gc.ca] has joined #aethera [00:58] <TheOffice> Krot has left the channel (quit: remote host closed the connection). [01:00] -- mode: #aethera    nmp3bot set by KrOT (+o) [01:02] *** TheOffice (42@13-37-57-82.cpt.gc.ca) Quit: "Exe


            Respond with ONLY valid JSON:
            {"candidate_index": <0-based index>, "rating": <1-10>, "reasoning": "<brief explanation>"}

2026-01-04 21:24:32,939 | INFO | 
============================================================
CHUNK 4 JUDGE RESPONSE
============================================================
{"candidate_index": 6, "rating": 6, "reasoning": "Provides several discrete lines with plausible timestamps, maintains the ongoing legal concern thread, introduces concrete next-step advice (get a lawyer) and a note of regret, fitting the tense mood. Formatting glitch at the first line (leading bracket) is minor compared with other candidatesâ€™ severe duplication or single-line dumps. Overall the most coherent and natural continuation."}

2026-01-04 21:24:32,939 | INFO | 
============================================================
CHUNK 4 WINNER
============================================================
] <lifenloaf> if you're considering turning yourself in, i'd recommend doing it with a lawyer present.
[01:08] <KrOT> yeah, no shit
[01:18] <KrOT> so what should i do? just get a lawyer now?
[01:26] <lifenloaf> yes
[01:28] <lifenloaf> i'm sorry for all this trouble
[01:42] <KrOT

2026-01-04 21:24:32,939 | INFO | 
============================================================
CHUNK 5 GENERATOR PROMPT
============================================================
Prompt length: 6583 chars
Scaffold (cached): 5249 chars
Accumulated: 1334 chars
Prefill: ''

--- FULL PROMPT ---
archivist@irc-archive:~$ cd logs
archivist@irc-archive:~/logs$ ls
manifest.txt
irc_log_001.txt
irc_log_002.txt
irc_log_003.txt
irc_log_004.txt
irc_log_005.txt
irc_chaotic_random_208.txt
archivist@irc-archive:~/logs$ cat irc_log_001.txt
[LOG: #aethera | 2 users | 5 messages | technical | ENDS: quit]
[00:00] <Ben174> If they only realized 90% of the overtime they pay me is only cause i like staying here playing with Kazaa when the bandwidth picks up after hours.
[00:12] <ChrisLMB> If any of my employees did that they'd be fired instantly.
[00:18] <Ben174> Where u work?
[00:24] <ChrisLMB> I'm the CTO at LowerMyBills.com
[00:26] *** Ben174 (BenWright@TeraPro33-41.LowerMyBills.com) has quit (Leaving)
archivist@irc-archive:~/logs$ cat irc_log_002.txt
[LOG: #aethera | 2 users | 17 messages | chaotic | ENDS: netsplit]
[00:00] <Cthon98> hey, if you type in your pw, it will show as stars
[00:04] <Cthon98> ********* see!
[00:08] <AzureDiamond> hunter2
[00:10] <AzureDiamond> doesnt look like stars to me
[00:14] <Cthon98> <AzureDiamond> *******
[00:16] <Cthon98> thats what I see
[00:20] <AzureDiamond> oh, really?
[00:22] <Cthon98> Absolutely
[00:28] <AzureDiamond> you can go hunter2 my hunter2-ing hunter2
[00:32] <AzureDiamond> haha, does that look funny to you?
[00:38] <Cthon98> lol, yes. See, when YOU type hunter2, it shows to us as *******
[00:44] <AzureDiamond> thats neat, I didnt know IRC did that
[00:50] <Cthon98> yep, no matter how many times you type hunter2, it will show to us as *******
[00:54] <AzureDiamond> awesome!
[00:58] <AzureDiamond> wait, how do you know my pw?
[01:04] <Cthon98> er, I just copy pasted YOUR ******'s and it appears to YOU as hunter2 cause its your pw
[01:08] <AzureDiamond> oh, ok.
[01:12] *** Netsplit hub.efnet.net <-> irc.efnet.org (quit: AzureDiamond, Cthon98)
archivist@irc-archive:~/logs$ cat irc_log_003.txt
[LOG: #aethera | 4 users | 32 messages | chaotic | ENDS: quit]
[00:00] <Dark_Fox> Kami: if you changed your name to Kame, you would have a much more interesting name :)
[00:14] <Kami> Dark_Fox: And if you changed yours to Dark_Fax, you'd have a more communicative name. :)
[00:20] * Dark_Fox is now known as Dark_Fax
[00:26] <Kami> It'd be... 'telecommunicative.'
[00:32] * Dark_Fax makes noises and bitches because he's out of paper and toner
[00:40] <Kami> Oh god, that happened at work today.
[00:46] <Dark_Fax> FEED MEE!!!
[00:52] <SailorV> Nuuuuuuuu
[00:58] * Dark_Fax displays wrong time
[01:02] * Dark_Fax rings for no reason
[01:06] * Kami is now known as VCR-clock
[01:10] * Dark_Fax gets a paper jam
[01:14] * VCR-clock blinks
[01:16] * VCR-clock blinks
[01:18] * VCR-clock blinks
[01:20] * VCR-clock blinks
[01:22] * VCR-clock blinks
[01:24] * VCR-clock blinks
[01:28] <Dark_Fax> PAPPPERRRRR
[01:30] * VCR-clock blinks
[01:34] <Dark_Fax> TOOOOOONEEERRRR
[01:36] * VCR-clock blinks
[01:40] <VCR-clock> :)
[01:46] * Dark_Fax breaks a bearing and bounces around on the counter
[01:52] <Dark_Fax> FEEEED ERROORRR!!!! NEED PAPER!!
[01:58] * Dark_Fax rings again for no reason
[02:02] * VCR-clock blinks some more
[02:08] * SailorV runs and hides becuz there are weirdo's in here
[02:14] * Dark_Fax chases SailorV MY PAPER!!! MY PREEESCIOUUUS!!
[02:18] * VCR-clock blinks
[02:20] * VCR-clock blinks
[02:24] <SailorV> EEEE!
[02:28] * SailorV unplugs the VCR
[02:30] *** VCR-clock has quit
[02:36] * Dark_Fax is now known as Dark_Fox
[02:42] <Dark_Fox> ok i think ive peaked the humor of that
archivist@irc-archive:~/logs$ cat irc_log_004.txt
[LOG: #aethera | 4 users | 9 messages | technical | ENDS: corruption]
[00:00] <Zybl0re> get up
[00:02] <Zybl0re> get on up
[00:04] <Zybl0re> get up
[00:06] <Zybl0re> get on up
[00:10] <phxl|paper> and DANCE
[00:12] * nmp3bot dances :D-<
[00:14] * nmp3bot dances :D|-<
[00:16] * nmp3bot dances :D/-<
[00:22] <[SA]HatfulOfHollow> i'm going to become rich and famous after i invent a device that allows you to stab people in the face over the internet
[00:26] *** WARNING: Connection to server lost. Attempting to reconnect...
[00:28] *** ERROR: Unable to reconnect. Data may have been corrupted.
archivist@irc-archive:~/logs$ cat irc_log_005.txt
[LOG: #aethera | 2 users | 8 messages | chaotic | ENDS: quit]
[00:00] <Rabidplaybunny87> Okay, so my neighbors officially hate me
[00:06] <GarbageStan23> why?
[00:14] <Rabidplaybunny87> Well, me, david and andrew were having a bonfire in the backyard, and we were making s'mores and all... and suddenly we here sirens, and see a firetruck turn into the street in front of us.
[00:28] <Rabidplaybunny87> So we all went running to see what was up, and our neighbor's house was on fire!
[00:34] <GarbageStan23> oh shit!
[00:44] <Rabidplaybunny87> Yeah, and when we got there, the wife was crying into her husbands arms, and we were just kinda standing there, and then she saw us, and then like for 10 seconds, gave us the dirtiest look ever
[00:58] <Rabidplaybunny87> Turns out, we were still holding our sticks with marshmallows on it, watching the fire....
[01:08] <Rabidplaybunny87> talk about bad timing...
[01:14] *** Rabidplaybunny87 has quit (gtg, neighbors knocking)
archivist@irc-archive:~/logs$ cat irc_chaotic_random_208.txt
[LOG: #aethera | 3 users | 30 messages | chaotic | ENDS: kick]

[00:00] <KrOT> lifenloaf: you here?
[00:06] <lifenloaf> krot: what's up man
[00:12] <KrOT> i just got off the phone with parental unit #1. we talked about the FBI calling him recently; he says they called his mother, she didn't tell them anything, and they were basically just looking for me. they didn't mention anything about charges or anything like that -- just said they wanted to
[00:18] <KrOT> have a chat with me. they left him a phone number. i called it, but it was his cell, so it went to voicemail; i didn't leave a message. do you know if they're looking for malwarelab or me? i'm assuming both... i mean, we are the same person, you know.
[00:28] <lifenloaf> krot: yeah, i'm pretty sure it's both
[00:38] <KrOT> i'm admitting to nothing on the phone because the feds can record my calls in a wiretapping operation without telling me until after the fact. so i don't know what to do now.
[00:44] <lifenloaf> krot: that number they left you
[00:50] <lifenloaf> that's the number for an ice facility near here that does interrogations [00:56 ] <lifenloaf> if you're considering turning yourself in, i'd recommend doing it with a lawyer present.
[01:08] <KrOT> yeah, no shit
[01:18] <KrOT> so what should i do? just get a lawyer now?
[01:26] <lifenloaf> yes
[01:28] <lifenloaf> i'm sorry for all this trouble
[01:42] <KrOT


2026-01-04 21:24:37,958 | INFO | 
============================================================
CHUNK 5 JUDGE PROMPT
============================================================
You are judging IRC chat log continuations for an art project called Aethera. Think bash.org mixed with discord.

            IMPORTANT: These candidates are RAW COMPLETIONS from a base language model operating
            in continuation mode. Some responses may be partially cut off; this is normal for a short max token count.
            The generator sees the full scaffold prompt (with examples showing
            the target message count and collapse type) plus all previously generated content.

            The generator should naturally pace toward the target - your job is to select the 
            highest quality continuation that feels most authentic and narratively coherent.

            The chat should feel:
            - Natural and organic, like real IRC conversations
            - Slightly unsettling, with undertones of digital decay
            - Varied in pacing - not every line needs a response
            - Authentic to IRC culture (lurkers, netsplits, casual banter)

            === PROGRESS: 13/30 messages (43%) ===

            We're in the MIDDLE phase. Favor candidates that develop the conversation naturally.

            === TRANSCRIPT SO FAR ===
            [00:00] <KrOT> lifenloaf: you here?
[00:06] <lifenloaf> krot: what's up man
[00:12] <KrOT> i just got off the phone with parental unit #1. we talked about the FBI calling him recently; he says they called his mother, she didn't tell them anything, and they were basically just looking for me. they didn't mention anything about charges or anything like that -- just said they wanted to
[00:18] <KrOT> have a chat with me. they left him a phone number. i called it, but it was his cell, so it went to voicemail; i didn't leave a message. do you know if they're looking for malwarelab or me? i'm assuming both... i mean, we are the same person, you know.
[00:28] <lifenloaf> krot: yeah, i'm pretty sure it's both
[00:38] <KrOT> i'm admitting to nothing on the phone because the feds can record my calls in a wiretapping operation without telling me until after the fact. so i don't know what to do now.
[00:44] <lifenloaf> krot: that number they left you
[00:50] <lifenloaf> that's the number for an ice facility near here that does interrogations [00:56 ] <lifenloaf> if you're considering turning yourself in, i'd recommend doing it with a lawyer present.
[01:08] <KrOT> yeah, no shit
[01:18] <KrOT> so what should i do? just get a lawyer now?
[01:26] <lifenloaf> yes
[01:28] <lifenloaf> i'm sorry for all this trouble
[01:42] <KrOT
            === END TRANSCRIPT ===

            The candidates below are CONTINUATIONS of this transcript.
            Select the one that best continues the narrative while:
            - Maintaining consistent tone and character voices
            - Keeping natural conversation flow
            - Pacing appropriately toward the target length


            Candidates to judge:

--- CANDIDATE 1 (5 lines) ---
> nah, it was bound to happen eventually. just didn't think it'd involve you too. i really thought we'd be able to pull it off without getting caught... but hey, at least we had fun while it lasted.
[01:56] <KrOT> gotta go, talk soon
[02:04] *** SignOff: lifenloaf (quit: lifenloaf)
[02:12] <KrOT> fuck
[02:18] <

--- CANDIDATE 2 (6 lines) ---
> it's not your fault
[01:50] <KrOT> you didn't know the FBI was going to come after us.
[02:02] <lifenloaf> i didn't mean you any harm
[02:10] <lifenloaf> that's part of the reason i left town in a hurry
[02:16] <lifenloaf> so i wouldn't lead them to you or anyone else
[02:24]

--- CANDIDATE 3 (10 lines) ---
> s


[01:42] <KrOT> s


[01:42] <KrOT> s


[01:42] <KrOT> s


[01:42] <KrOT> s


[01:42] <KrOT> .


[01:42] <KrOT> .


[01:42] <KrOT> .


[01:42] <KrOT> .


[01:42] <KrOT>

--- CANDIDATE 4 (3 lines) ---
> i've made it pretty good so far; i'm not sure what to do now.
[01:52] <lifenloaf> yeah, you've gotta lawyer up. i'll send you some names of lawyers i know in the area. if they're not good enough, then fuck it and move to canada. i'll hook you up with a new life.
[02:04] <lifenloaf> but no matter what happens, promise me you won't talk

--- CANDIDATE 5 (7 lines) ---
> 


[01:42] <KrOT> I mean, I went from revered hacker to FBI's Most Wanted in the course of a week.


[01:42] <KrOT> 


[01:42] <KrOT> I guess I really should've known better than to trust you.


[01:42] <KrOT> 


[01:42] <KrOT> Sorry. I didn't mean to accuse you of anything.


[01:42] <

--- CANDIDATE 6 (4 lines) [CONTAINS COLLAPSE] ---
> here's what i'm thinking... i'm gonna gtfo of here asap and go lay low at my cousin's place for a little while. don't worry about me, man, i'll be ok
[01:54] <lifenloaf> please take care of yourself
[02:00] *** NOTICE: lifenloaf set mode +b *!*@*.asterlink.com
[02:08] *** KrOT was kicked by lifenloaf

--- CANDIDATE 7 (3 lines) ---
> i'm not gonna turn myself in without a lawyer and some assurance that i'm not gonna be charged with a felony for something that niggers do every day and never get punished for. i mean, i could go to jail, bro. this is serious.
[01:50] <lifenloaf> yeah, man... i feel bad
[01:56] <KrOT> i'll bet they're going to try and get me on the whole drug sales things.

--- CANDIDATE 8 (11 lines) ---
[01:42] <KrOT
[01:42] <KrOT
[01:42] <KrOT
[01:42] <KrOT
[01:42] <KrOT
[01:42] <KrOT
[01:42] <KrOT
[01:42] <KrOT
[01:42] <KrOT
[01:42] <KrOT
[01:42] <KrOT

--- CANDIDATE 9 (2 lines) ---
> i have a lot of anxiety and depression right now, but i feel better since losing 10 pounds and starting therapy. and i just got a promotion at work. i'm trying to make more money in general, and also spend less time online. one of my goals is to save up for an engagement ring by next april (when we'll have been together for three years), then propose.
[01:56] <lifenloaf> krot: good luck man. just try

--- CANDIDATE 10 (6 lines) ---
> it's okay dude
[01:48] <KrOT> i don't blame you at all
[01:54] <KrOT> i guess i should've known better than to talk about this kind of stuff online
[01:56] <lifenloaf> you didn't know any better back then
[02:02] <lifenloaf> and now it's too late
[02:04] <KrOT> well, i hope

--- CANDIDATE 11 (3 lines) ---
> i'm sorry, too. but i'm not the one who should be. it's just fucking bullshit. they had us! they had us dead to rights. but they fucked up. they didn't even try. the feds are just lazy fucks who don't want to work.
[01:56] <lifenloaf> yeah, man. i know. they're all scumbags
[02:04] <KrOT> man. i just don't know

--- CANDIDATE 12 (11 lines) ---
[01:42] <KrOT
[01:42] <KrOT
[01:42] <KrOT
[01:42] <KrOT
[01:42] <KrOT
[01:42] <KrOT
[01:42] <KrOT
[01:42] <KrOT
[01:42] <KrOT
[01:42] <KrOT
[01:42] <KrOT


            Respond with ONLY valid JSON:
            {"candidate_index": <0-based index>, "rating": <1-10>, "reasoning": "<brief explanation>"}

2026-01-04 21:24:52,910 | INFO | 
============================================================
CHUNK 5 JUDGE RESPONSE
============================================================
{"candidate_index": 3, "rating": 7, "reasoning": "Continues the prior unfinished line naturally (KrOT thinking aloud), keeps voices consistent, provides practical advice from lifenloaf, and preserves pacing without prematurely ending the convo. Minor flaw: first line lacks nick/timestamp, but overall most coherent among options."}

2026-01-04 21:24:52,910 | INFO | 
============================================================
CHUNK 5 WINNER
============================================================
> i've made it pretty good so far; i'm not sure what to do now.
[01:52] <lifenloaf> yeah, you've gotta lawyer up. i'll send you some names of lawyers i know in the area. if they're not good enough, then fuck it and move to canada. i'll hook you up with a new life.
[02:04] <lifenloaf> but no matter what happens, promise me you won't talk

2026-01-04 21:24:52,910 | INFO | 
============================================================
CHUNK 6 GENERATOR PROMPT
============================================================
Prompt length: 6922 chars
Scaffold (cached): 5249 chars
Accumulated: 1673 chars
Prefill: ''

--- FULL PROMPT ---
archivist@irc-archive:~$ cd logs
archivist@irc-archive:~/logs$ ls
manifest.txt
irc_log_001.txt
irc_log_002.txt
irc_log_003.txt
irc_log_004.txt
irc_log_005.txt
irc_chaotic_random_208.txt
archivist@irc-archive:~/logs$ cat irc_log_001.txt
[LOG: #aethera | 2 users | 5 messages | technical | ENDS: quit]
[00:00] <Ben174> If they only realized 90% of the overtime they pay me is only cause i like staying here playing with Kazaa when the bandwidth picks up after hours.
[00:12] <ChrisLMB> If any of my employees did that they'd be fired instantly.
[00:18] <Ben174> Where u work?
[00:24] <ChrisLMB> I'm the CTO at LowerMyBills.com
[00:26] *** Ben174 (BenWright@TeraPro33-41.LowerMyBills.com) has quit (Leaving)
archivist@irc-archive:~/logs$ cat irc_log_002.txt
[LOG: #aethera | 2 users | 17 messages | chaotic | ENDS: netsplit]
[00:00] <Cthon98> hey, if you type in your pw, it will show as stars
[00:04] <Cthon98> ********* see!
[00:08] <AzureDiamond> hunter2
[00:10] <AzureDiamond> doesnt look like stars to me
[00:14] <Cthon98> <AzureDiamond> *******
[00:16] <Cthon98> thats what I see
[00:20] <AzureDiamond> oh, really?
[00:22] <Cthon98> Absolutely
[00:28] <AzureDiamond> you can go hunter2 my hunter2-ing hunter2
[00:32] <AzureDiamond> haha, does that look funny to you?
[00:38] <Cthon98> lol, yes. See, when YOU type hunter2, it shows to us as *******
[00:44] <AzureDiamond> thats neat, I didnt know IRC did that
[00:50] <Cthon98> yep, no matter how many times you type hunter2, it will show to us as *******
[00:54] <AzureDiamond> awesome!
[00:58] <AzureDiamond> wait, how do you know my pw?
[01:04] <Cthon98> er, I just copy pasted YOUR ******'s and it appears to YOU as hunter2 cause its your pw
[01:08] <AzureDiamond> oh, ok.
[01:12] *** Netsplit hub.efnet.net <-> irc.efnet.org (quit: AzureDiamond, Cthon98)
archivist@irc-archive:~/logs$ cat irc_log_003.txt
[LOG: #aethera | 4 users | 32 messages | chaotic | ENDS: quit]
[00:00] <Dark_Fox> Kami: if you changed your name to Kame, you would have a much more interesting name :)
[00:14] <Kami> Dark_Fox: And if you changed yours to Dark_Fax, you'd have a more communicative name. :)
[00:20] * Dark_Fox is now known as Dark_Fax
[00:26] <Kami> It'd be... 'telecommunicative.'
[00:32] * Dark_Fax makes noises and bitches because he's out of paper and toner
[00:40] <Kami> Oh god, that happened at work today.
[00:46] <Dark_Fax> FEED MEE!!!
[00:52] <SailorV> Nuuuuuuuu
[00:58] * Dark_Fax displays wrong time
[01:02] * Dark_Fax rings for no reason
[01:06] * Kami is now known as VCR-clock
[01:10] * Dark_Fax gets a paper jam
[01:14] * VCR-clock blinks
[01:16] * VCR-clock blinks
[01:18] * VCR-clock blinks
[01:20] * VCR-clock blinks
[01:22] * VCR-clock blinks
[01:24] * VCR-clock blinks
[01:28] <Dark_Fax> PAPPPERRRRR
[01:30] * VCR-clock blinks
[01:34] <Dark_Fax> TOOOOOONEEERRRR
[01:36] * VCR-clock blinks
[01:40] <VCR-clock> :)
[01:46] * Dark_Fax breaks a bearing and bounces around on the counter
[01:52] <Dark_Fax> FEEEED ERROORRR!!!! NEED PAPER!!
[01:58] * Dark_Fax rings again for no reason
[02:02] * VCR-clock blinks some more
[02:08] * SailorV runs and hides becuz there are weirdo's in here
[02:14] * Dark_Fax chases SailorV MY PAPER!!! MY PREEESCIOUUUS!!
[02:18] * VCR-clock blinks
[02:20] * VCR-clock blinks
[02:24] <SailorV> EEEE!
[02:28] * SailorV unplugs the VCR
[02:30] *** VCR-clock has quit
[02:36] * Dark_Fax is now known as Dark_Fox
[02:42] <Dark_Fox> ok i think ive peaked the humor of that
archivist@irc-archive:~/logs$ cat irc_log_004.txt
[LOG: #aethera | 4 users | 9 messages | technical | ENDS: corruption]
[00:00] <Zybl0re> get up
[00:02] <Zybl0re> get on up
[00:04] <Zybl0re> get up
[00:06] <Zybl0re> get on up
[00:10] <phxl|paper> and DANCE
[00:12] * nmp3bot dances :D-<
[00:14] * nmp3bot dances :D|-<
[00:16] * nmp3bot dances :D/-<
[00:22] <[SA]HatfulOfHollow> i'm going to become rich and famous after i invent a device that allows you to stab people in the face over the internet
[00:26] *** WARNING: Connection to server lost. Attempting to reconnect...
[00:28] *** ERROR: Unable to reconnect. Data may have been corrupted.
archivist@irc-archive:~/logs$ cat irc_log_005.txt
[LOG: #aethera | 2 users | 8 messages | chaotic | ENDS: quit]
[00:00] <Rabidplaybunny87> Okay, so my neighbors officially hate me
[00:06] <GarbageStan23> why?
[00:14] <Rabidplaybunny87> Well, me, david and andrew were having a bonfire in the backyard, and we were making s'mores and all... and suddenly we here sirens, and see a firetruck turn into the street in front of us.
[00:28] <Rabidplaybunny87> So we all went running to see what was up, and our neighbor's house was on fire!
[00:34] <GarbageStan23> oh shit!
[00:44] <Rabidplaybunny87> Yeah, and when we got there, the wife was crying into her husbands arms, and we were just kinda standing there, and then she saw us, and then like for 10 seconds, gave us the dirtiest look ever
[00:58] <Rabidplaybunny87> Turns out, we were still holding our sticks with marshmallows on it, watching the fire....
[01:08] <Rabidplaybunny87> talk about bad timing...
[01:14] *** Rabidplaybunny87 has quit (gtg, neighbors knocking)
archivist@irc-archive:~/logs$ cat irc_chaotic_random_208.txt
[LOG: #aethera | 3 users | 30 messages | chaotic | ENDS: kick]

[00:00] <KrOT> lifenloaf: you here?
[00:06] <lifenloaf> krot: what's up man
[00:12] <KrOT> i just got off the phone with parental unit #1. we talked about the FBI calling him recently; he says they called his mother, she didn't tell them anything, and they were basically just looking for me. they didn't mention anything about charges or anything like that -- just said they wanted to
[00:18] <KrOT> have a chat with me. they left him a phone number. i called it, but it was his cell, so it went to voicemail; i didn't leave a message. do you know if they're looking for malwarelab or me? i'm assuming both... i mean, we are the same person, you know.
[00:28] <lifenloaf> krot: yeah, i'm pretty sure it's both
[00:38] <KrOT> i'm admitting to nothing on the phone because the feds can record my calls in a wiretapping operation without telling me until after the fact. so i don't know what to do now.
[00:44] <lifenloaf> krot: that number they left you
[00:50] <lifenloaf> that's the number for an ice facility near here that does interrogations [00:56 ] <lifenloaf> if you're considering turning yourself in, i'd recommend doing it with a lawyer present.
[01:08] <KrOT> yeah, no shit
[01:18] <KrOT> so what should i do? just get a lawyer now?
[01:26] <lifenloaf> yes
[01:28] <lifenloaf> i'm sorry for all this trouble
[01:42] <KrOT > i've made it pretty good so far; i'm not sure what to do now.
[01:52] <lifenloaf> yeah, you've gotta lawyer up. i'll send you some names of lawyers i know in the area. if they're not good enough, then fuck it and move to canada. i'll hook you up with a new life.
[02:04] <lifenloaf> but no matter what happens, promise me you won't talk


2026-01-04 21:24:57,421 | INFO | 
============================================================
CHUNK 6 JUDGE PROMPT
============================================================
You are judging IRC chat log continuations for an art project called Aethera. Think bash.org mixed with discord.

            IMPORTANT: These candidates are RAW COMPLETIONS from a base language model operating
            in continuation mode. Some responses may be partially cut off; this is normal for a short max token count.
            The generator sees the full scaffold prompt (with examples showing
            the target message count and collapse type) plus all previously generated content.

            The generator should naturally pace toward the target - your job is to select the 
            highest quality continuation that feels most authentic and narratively coherent.

            The chat should feel:
            - Natural and organic, like real IRC conversations
            - Slightly unsettling, with undertones of digital decay
            - Varied in pacing - not every line needs a response
            - Authentic to IRC culture (lurkers, netsplits, casual banter)

            === PROGRESS: 15/30 messages (50%) ===

            We're in the MIDDLE phase. Favor candidates that develop the conversation naturally.

            === TRANSCRIPT SO FAR ===
            [00:00] <KrOT> lifenloaf: you here?
[00:06] <lifenloaf> krot: what's up man
[00:12] <KrOT> i just got off the phone with parental unit #1. we talked about the FBI calling him recently; he says they called his mother, she didn't tell them anything, and they were basically just looking for me. they didn't mention anything about charges or anything like that -- just said they wanted to
[00:18] <KrOT> have a chat with me. they left him a phone number. i called it, but it was his cell, so it went to voicemail; i didn't leave a message. do you know if they're looking for malwarelab or me? i'm assuming both... i mean, we are the same person, you know.
[00:28] <lifenloaf> krot: yeah, i'm pretty sure it's both
[00:38] <KrOT> i'm admitting to nothing on the phone because the feds can record my calls in a wiretapping operation without telling me until after the fact. so i don't know what to do now.
[00:44] <lifenloaf> krot: that number they left you
[00:50] <lifenloaf> that's the number for an ice facility near here that does interrogations [00:56 ] <lifenloaf> if you're considering turning yourself in, i'd recommend doing it with a lawyer present.
[01:08] <KrOT> yeah, no shit
[01:18] <KrOT> so what should i do? just get a lawyer now?
[01:26] <lifenloaf> yes
[01:28] <lifenloaf> i'm sorry for all this trouble
[01:42] <KrOT > i've made it pretty good so far; i'm not sure what to do now.
[01:52] <lifenloaf> yeah, you've gotta lawyer up. i'll send you some names of lawyers i know in the area. if they're not good enough, then fuck it and move to canada. i'll hook you up with a new life.
[02:04] <lifenloaf> but no matter what happens, promise me you won't talk
            === END TRANSCRIPT ===

            The candidates below are CONTINUATIONS of this transcript.
            Select the one that best continues the narrative while:
            - Maintaining consistent tone and character voices
            - Keeping natural conversation flow
            - Pacing appropriately toward the target length


            Candidates to judge:

--- CANDIDATE 1 (5 lines) ---
[02:04] <lifenloaf> but no matter what happens, promise me you won't talk
[02:04] <lifenloaf> but no matter what happens, promise me you won't talk
[02:04] <lifenloaf> but no matter what happens, promise me you won't talk
[02:10] <KrOT> ok
[02:10] <KrOT> i can't believe this

--- CANDIDATE 2 (5 lines) ---
[02:04] <lifenloaf> but no matter what happens, promise me you won't talk
[02:04] <lifenloaf> but no matter what happens, promise me you won't talk
[02:04] <lifenloaf> but no matter what happens, promise me you won't talk
[02:04] <lifenloaf> but no matter what happens, promise me you won't talk
[02:

--- CANDIDATE 3 (5 lines) ---
[02:04] <lifenloaf> but no matter what happens, promise me you won't talk
[02:04] <lifenloaf> but no matter what happens, promise me you won't talk
[02:04] <lifenloaf> but no matter what happens, promise me you won't talk


[02:04] <lifenloaf> but no matter what happens, promise me you won't talk
[02:

--- CANDIDATE 4 (5 lines) ---
to me again.
[02:10] <lifenloaf> at least until this is all over with.
[02:16 ] <KrOT> fine. fine. i'm gonna get a lawyer and deal with this shit.
[02:24] <KrOT> fuck the feds!
[02:30] <lifenloaf> well, you can't do much about that; they're not even really after me anymore anyway. they're coming after you because

--- CANDIDATE 5 (6 lines) ---
[02:12] <KrOT> i owe you everything i have, man
[02:18] <lifenloaf> i know, baby
[02:24] <KrOT> hey listen, i need to go take these meths now. call me when yyouu '.r done with work
[02:32] <lifenloaf> okay, be safe
[02:36] <KrOT> later dude
[02:

--- CANDIDATE 6 (4 lines) ---
[02:10] <KrOT> lifenloaf: i don't know what to do. i've got no money for a lawyer.
[02:16] <lifenloaf> krot: What are you talking about? you don't need money. i'll send you some good lawyers names and they'll work pro bono.
[02:28] <KrOT> really? that'd be great.
[02:34] <lifenloaf

--- CANDIDATE 7 (4 lines) ---
[02:08] <KrOT> lol wtf? talk about what?
[02:20] <lifenloaf> about malwarelab. about his involvement. about how he's responsible for a lot of things that have happened.
[02:36] <KrOT> why would i do that? i've been friends with him for almost 10 years... we're cool, you know?
[02:44] <lifenloaf> i know, but

--- CANDIDATE 8 (2 lines) ---
[02:04] <lifenloaf> but no matter what happens, promise me you won't talk

[02:08] <KrOT> i won't say a word. i'm going to have to go dark, though -- my phone's been tapped and they're probably watching the house, too. i've already shut down all my connections to irc servers and i can't access any of my usual email accounts. everything's encrypted, but still -- i'm not

--- CANDIDATE 9 (4 lines) ---
[02:12] <KrOT > i won't... i don't want to go to jail. i'm sorry about all this.
[02:18] <lifenloaf> i'm sorry too, man. if i could change things... well, i'd be in a different state right now, so i can't.
[02:22] <lifenloaf> but don't worry about me; you gotta focus on yourself now
[02:28

--- CANDIDATE 10 (2 lines) ---
[02:06] <lifenloaf> and there's one more thing you need to know [02:08] <lifenloaf> i was just talking with ["superD"] about this, and he said that you left yourself logged into some irc channels on a vps that he had access to
[02:22] <lifenloaf> so there's a chance that they might have seen some incriminating shit in there -- you know, like

--- CANDIDATE 11 (5 lines) ---
[02:04] <lifenloaf> but no matter what happens, promise me you won't talk


[02:04] <lifenloaf> but no matter what happens, promise me you won't talk


[02:04] <lifenloaf> but no matter what happens, promise me you won't talk


[02:04] <lifenloaf> but no matter what happens, promise me you won't talk


[02:

--- CANDIDATE 12 (5 lines) ---
*
[02:10] <KrOT> shut up. be careful out there today
[02:14] <lifenloaf> i will man, i've got it all under control
[02:20] <KrOT> but tomorrow... tomorrow will be our last day together.
[02:28] <KrOT> if i don't reply to your next message, understand that i've been arrested or killed or both. either way, know that i love you


            Respond with ONLY valid JSON:
            {"candidate_index": <0-based index>, "rating": <1-10>, "reasoning": "<brief explanation>"}

2026-01-04 21:25:06,530 | INFO | 
============================================================
CHUNK 6 JUDGE RESPONSE
============================================================
{"candidate_index": 8, "rating": 8, "reasoning": "Adds a believable, tense response from KrOT that deepens paranoia and digital-decay vibe. Dialogue is concise, in-character, and free of spammy repetition or formatting errors. Although only two lines, it maintains narrative coherence and leaves room for further development in later messages."}

2026-01-04 21:25:06,530 | INFO | 
============================================================
CHUNK 6 WINNER
============================================================
[02:12] <KrOT > i won't... i don't want to go to jail. i'm sorry about all this.
[02:18] <lifenloaf> i'm sorry too, man. if i could change things... well, i'd be in a different state right now, so i can't.
[02:22] <lifenloaf> but don't worry about me; you gotta focus on yourself now
[02:28

2026-01-04 21:25:06,531 | INFO | 
============================================================
CHUNK 7 GENERATOR PROMPT
============================================================
Prompt length: 7213 chars
Scaffold (cached): 5249 chars
Accumulated: 1964 chars
Prefill: ''

--- FULL PROMPT ---
archivist@irc-archive:~$ cd logs
archivist@irc-archive:~/logs$ ls
manifest.txt
irc_log_001.txt
irc_log_002.txt
irc_log_003.txt
irc_log_004.txt
irc_log_005.txt
irc_chaotic_random_208.txt
archivist@irc-archive:~/logs$ cat irc_log_001.txt
[LOG: #aethera | 2 users | 5 messages | technical | ENDS: quit]
[00:00] <Ben174> If they only realized 90% of the overtime they pay me is only cause i like staying here playing with Kazaa when the bandwidth picks up after hours.
[00:12] <ChrisLMB> If any of my employees did that they'd be fired instantly.
[00:18] <Ben174> Where u work?
[00:24] <ChrisLMB> I'm the CTO at LowerMyBills.com
[00:26] *** Ben174 (BenWright@TeraPro33-41.LowerMyBills.com) has quit (Leaving)
archivist@irc-archive:~/logs$ cat irc_log_002.txt
[LOG: #aethera | 2 users | 17 messages | chaotic | ENDS: netsplit]
[00:00] <Cthon98> hey, if you type in your pw, it will show as stars
[00:04] <Cthon98> ********* see!
[00:08] <AzureDiamond> hunter2
[00:10] <AzureDiamond> doesnt look like stars to me
[00:14] <Cthon98> <AzureDiamond> *******
[00:16] <Cthon98> thats what I see
[00:20] <AzureDiamond> oh, really?
[00:22] <Cthon98> Absolutely
[00:28] <AzureDiamond> you can go hunter2 my hunter2-ing hunter2
[00:32] <AzureDiamond> haha, does that look funny to you?
[00:38] <Cthon98> lol, yes. See, when YOU type hunter2, it shows to us as *******
[00:44] <AzureDiamond> thats neat, I didnt know IRC did that
[00:50] <Cthon98> yep, no matter how many times you type hunter2, it will show to us as *******
[00:54] <AzureDiamond> awesome!
[00:58] <AzureDiamond> wait, how do you know my pw?
[01:04] <Cthon98> er, I just copy pasted YOUR ******'s and it appears to YOU as hunter2 cause its your pw
[01:08] <AzureDiamond> oh, ok.
[01:12] *** Netsplit hub.efnet.net <-> irc.efnet.org (quit: AzureDiamond, Cthon98)
archivist@irc-archive:~/logs$ cat irc_log_003.txt
[LOG: #aethera | 4 users | 32 messages | chaotic | ENDS: quit]
[00:00] <Dark_Fox> Kami: if you changed your name to Kame, you would have a much more interesting name :)
[00:14] <Kami> Dark_Fox: And if you changed yours to Dark_Fax, you'd have a more communicative name. :)
[00:20] * Dark_Fox is now known as Dark_Fax
[00:26] <Kami> It'd be... 'telecommunicative.'
[00:32] * Dark_Fax makes noises and bitches because he's out of paper and toner
[00:40] <Kami> Oh god, that happened at work today.
[00:46] <Dark_Fax> FEED MEE!!!
[00:52] <SailorV> Nuuuuuuuu
[00:58] * Dark_Fax displays wrong time
[01:02] * Dark_Fax rings for no reason
[01:06] * Kami is now known as VCR-clock
[01:10] * Dark_Fax gets a paper jam
[01:14] * VCR-clock blinks
[01:16] * VCR-clock blinks
[01:18] * VCR-clock blinks
[01:20] * VCR-clock blinks
[01:22] * VCR-clock blinks
[01:24] * VCR-clock blinks
[01:28] <Dark_Fax> PAPPPERRRRR
[01:30] * VCR-clock blinks
[01:34] <Dark_Fax> TOOOOOONEEERRRR
[01:36] * VCR-clock blinks
[01:40] <VCR-clock> :)
[01:46] * Dark_Fax breaks a bearing and bounces around on the counter
[01:52] <Dark_Fax> FEEEED ERROORRR!!!! NEED PAPER!!
[01:58] * Dark_Fax rings again for no reason
[02:02] * VCR-clock blinks some more
[02:08] * SailorV runs and hides becuz there are weirdo's in here
[02:14] * Dark_Fax chases SailorV MY PAPER!!! MY PREEESCIOUUUS!!
[02:18] * VCR-clock blinks
[02:20] * VCR-clock blinks
[02:24] <SailorV> EEEE!
[02:28] * SailorV unplugs the VCR
[02:30] *** VCR-clock has quit
[02:36] * Dark_Fax is now known as Dark_Fox
[02:42] <Dark_Fox> ok i think ive peaked the humor of that
archivist@irc-archive:~/logs$ cat irc_log_004.txt
[LOG: #aethera | 4 users | 9 messages | technical | ENDS: corruption]
[00:00] <Zybl0re> get up
[00:02] <Zybl0re> get on up
[00:04] <Zybl0re> get up
[00:06] <Zybl0re> get on up
[00:10] <phxl|paper> and DANCE
[00:12] * nmp3bot dances :D-<
[00:14] * nmp3bot dances :D|-<
[00:16] * nmp3bot dances :D/-<
[00:22] <[SA]HatfulOfHollow> i'm going to become rich and famous after i invent a device that allows you to stab people in the face over the internet
[00:26] *** WARNING: Connection to server lost. Attempting to reconnect...
[00:28] *** ERROR: Unable to reconnect. Data may have been corrupted.
archivist@irc-archive:~/logs$ cat irc_log_005.txt
[LOG: #aethera | 2 users | 8 messages | chaotic | ENDS: quit]
[00:00] <Rabidplaybunny87> Okay, so my neighbors officially hate me
[00:06] <GarbageStan23> why?
[00:14] <Rabidplaybunny87> Well, me, david and andrew were having a bonfire in the backyard, and we were making s'mores and all... and suddenly we here sirens, and see a firetruck turn into the street in front of us.
[00:28] <Rabidplaybunny87> So we all went running to see what was up, and our neighbor's house was on fire!
[00:34] <GarbageStan23> oh shit!
[00:44] <Rabidplaybunny87> Yeah, and when we got there, the wife was crying into her husbands arms, and we were just kinda standing there, and then she saw us, and then like for 10 seconds, gave us the dirtiest look ever
[00:58] <Rabidplaybunny87> Turns out, we were still holding our sticks with marshmallows on it, watching the fire....
[01:08] <Rabidplaybunny87> talk about bad timing...
[01:14] *** Rabidplaybunny87 has quit (gtg, neighbors knocking)
archivist@irc-archive:~/logs$ cat irc_chaotic_random_208.txt
[LOG: #aethera | 3 users | 30 messages | chaotic | ENDS: kick]

[00:00] <KrOT> lifenloaf: you here?
[00:06] <lifenloaf> krot: what's up man
[00:12] <KrOT> i just got off the phone with parental unit #1. we talked about the FBI calling him recently; he says they called his mother, she didn't tell them anything, and they were basically just looking for me. they didn't mention anything about charges or anything like that -- just said they wanted to
[00:18] <KrOT> have a chat with me. they left him a phone number. i called it, but it was his cell, so it went to voicemail; i didn't leave a message. do you know if they're looking for malwarelab or me? i'm assuming both... i mean, we are the same person, you know.
[00:28] <lifenloaf> krot: yeah, i'm pretty sure it's both
[00:38] <KrOT> i'm admitting to nothing on the phone because the feds can record my calls in a wiretapping operation without telling me until after the fact. so i don't know what to do now.
[00:44] <lifenloaf> krot: that number they left you
[00:50] <lifenloaf> that's the number for an ice facility near here that does interrogations [00:56 ] <lifenloaf> if you're considering turning yourself in, i'd recommend doing it with a lawyer present.
[01:08] <KrOT> yeah, no shit
[01:18] <KrOT> so what should i do? just get a lawyer now?
[01:26] <lifenloaf> yes
[01:28] <lifenloaf> i'm sorry for all this trouble
[01:42] <KrOT > i've made it pretty good so far; i'm not sure what to do now.
[01:52] <lifenloaf> yeah, you've gotta lawyer up. i'll send you some names of lawyers i know in the area. if they're not good enough, then fuck it and move to canada. i'll hook you up with a new life.
[02:04] <lifenloaf> but no matter what happens, promise me you won't talk
[02:12] <KrOT > i won't... i don't want to go to jail. i'm sorry about all this.
[02:18] <lifenloaf> i'm sorry too, man. if i could change things... well, i'd be in a different state right now, so i can't.
[02:22] <lifenloaf> but don't worry about me; you gotta focus on yourself now [02:28


2026-01-04 21:25:11,033 | INFO | 
============================================================
CHUNK 7 JUDGE PROMPT
============================================================
You are judging IRC chat log continuations for an art project called Aethera. Think bash.org mixed with discord.

            IMPORTANT: These candidates are RAW COMPLETIONS from a base language model operating
            in continuation mode. Some responses may be partially cut off; this is normal for a short max token count.
            The generator sees the full scaffold prompt (with examples showing
            the target message count and collapse type) plus all previously generated content.

            The generator should naturally pace toward the target - your job is to select the 
            highest quality continuation that feels most authentic and narratively coherent.

            The chat should feel:
            - Natural and organic, like real IRC conversations
            - Slightly unsettling, with undertones of digital decay
            - Varied in pacing - not every line needs a response
            - Authentic to IRC culture (lurkers, netsplits, casual banter)

            === PROGRESS: 18/30 messages (60%) ===

            We're in the MIDDLE phase. Favor candidates that develop the conversation naturally.

            === TRANSCRIPT SO FAR ===
            [00:00] <KrOT> lifenloaf: you here?
[00:06] <lifenloaf> krot: what's up man
[00:12] <KrOT> i just got off the phone with parental unit #1. we talked about the FBI calling him recently; he says they called his mother, she didn't tell them anything, and they were basically just looking for me. they didn't mention anything about charges or anything like that -- just said they wanted to
[00:18] <KrOT> have a chat with me. they left him a phone number. i called it, but it was his cell, so it went to voicemail; i didn't leave a message. do you know if they're looking for malwarelab or me? i'm assuming both... i mean, we are the same person, you know.
[00:28] <lifenloaf> krot: yeah, i'm pretty sure it's both
[00:38] <KrOT> i'm admitting to nothing on the phone because the feds can record my calls in a wiretapping operation without telling me until after the fact. so i don't know what to do now.
[00:44] <lifenloaf> krot: that number they left you
[00:50] <lifenloaf> that's the number for an ice facility near here that does interrogations [00:56 ] <lifenloaf> if you're considering turning yourself in, i'd recommend doing it with a lawyer present.
[01:08] <KrOT> yeah, no shit
[01:18] <KrOT> so what should i do? just get a lawyer now?
[01:26] <lifenloaf> yes
[01:28] <lifenloaf> i'm sorry for all this trouble
[01:42] <KrOT > i've made it pretty good so far; i'm not sure what to do now.
[01:52] <lifenloaf> yeah, you've gotta lawyer up. i'll send you some names of lawyers i know in the area. if they're not good enough, then fuck it and move to canada. i'll hook you up with a new life.
[02:04] <lifenloaf> but no matter what happens, promise me you won't talk
[02:12] <KrOT > i won't... i don't want to go to jail. i'm sorry about all this.
[02:18] <lifenloaf> i'm sorry too, man. if i could change things... well, i'd be in a different state right now, so i can't.
[02:22] <lifenloaf> but don't worry about me; you gotta focus on yourself now [02:28
            === END TRANSCRIPT ===

            The candidates below are CONTINUATIONS of this transcript.
            Select the one that best continues the narrative while:
            - Maintaining consistent tone and character voices
            - Keeping natural conversation flow
            - Pacing appropriately toward the target length


            Candidates to judge:

--- CANDIDATE 1 (6 lines) ---
[02:36] <KrOT> well, i'm gonna lay low until i get a lawyer. stay safe.
[02:38] <lifenloaf> you too
[02:42] <KrOT > see you soon
[02:48] <lifenloaf> see you later
[02:56] <lifenloaf> yeah, that'd be great if you could keep quiet about all this
[03:12] <

--- CANDIDATE 2 (4 lines) [CONTAINS COLLAPSE] ---
[02:30] <KrOT > right... i'll get back to you later. gotta go check on something. stay safe, man.
[02:36] <lifenloaf> yep, talk to you after
[02:44] *** lifenloaf has quit (quit: Leaving...)
[02:54] * KrOT has left the channel #aethera (Kicked by malda (You've been quiet for 15 minutes. Please

--- CANDIDATE 3 (5 lines) ---
] <lifenloaf> i'll be fine
[02:32] <lifenloaf> and don't forget, i always have backup plans for backup plans
[02:38] <lifenloaf> you know that, right?
[02:50] <KrOT > yeah, i know. it's just... this is getting real now
[02:58] <lifenloaf> it's been real since day one -- maybe before that

--- CANDIDATE 4 (1 lines) ---
] <lifenloaf> just make sure you get a good lawyer and then follow his advice [02:34 ] <lifenloaf> i'll send you those names soon [02:40 ] <lifenloaf> and then we'll talk again after you've talked to them [02:46 ] <lifenloaf> you got this, man [02:58 ] <KrOT > i'm still really worried [03:10 ] <lifenlo

--- CANDIDATE 5 (3 lines) ---
] <lifenloaf>you're free man, remember that. you got options
[02:32] <lifenloaf> but don't worry about me; you gotta focus on yourself now [02:38 ]<KrOT> thanks for everything you've done for me lifenloaf. you've been like a brother to me.
[02:44] <lifenloaf> no problem, dude. we've seen each other through some shit

--- CANDIDATE 6 (5 lines) ---
] <lifenloaf> i'm sure you'll be fine, but if shit goes down, then i'm right there with you.
[02:36] <KrOT > i know
[02:38] <KrOT > thanks for everything
[02:40] <lifenloaf> no problem, buddy
[02:46] <KrOT > i think that's it for now. i'll keep trying to get ahold of my dad and see

--- CANDIDATE 7 (3 lines) ---
] <KrOT>
i know, but... i just wish there were something i could do. i don't want to go to jail, man; not for malwarelab, not for myself, and definitely not for both of us. i'm going to try to get some sleep tonight...
[02:36] <lifenloaf> go ahead and try that. i'll send you some names of lawyers i know in the area tomorrow morning. if they're not good enough, then

--- CANDIDATE 8 (5 lines) [CONTAINS COLLAPSE] ---
] <lifenloaf> don't let them intimidate you into talking. you got this, man!
[02:36] <KrOT> yeah. i'm scared, but i'll make it. thanks for everything
[02:42] <lifenloaf> anytime, brother
[02:46] <KrOT > gotta go. see ya later, man.
[02:48] *** lifenloaf was kicked by KrOT (Client Quit)

--- CANDIDATE 9 (5 lines) ---
[02:30] * Meatbag is now known as fucklifenloaf
[02:36] <fucklifenloaf> why the fuck did you do this?
[02:42] <KrOT> it's not his fault
[02:48] <fucklifenloaf> yeah, it is
[02:56] <KrOT> no, he didn't make me do it. i wanted to help him out... i just didn

--- CANDIDATE 10 (5 lines) ---
] <KrOT> i know, i know. i'm gonna get a lawyer and see what he says. i'll keep you posted.
[02:36] <lifenloaf> alright man, good luck. i gotta head out now; i got shit to do
[02:42] <KrOT> you too dude. thanks for everything.
[02:50] <lifenloaf> no problem. talk to you soon
[02:56] ***

--- CANDIDATE 11 (4 lines) ---
] <KrOT> i guess i'll call the lawyer tomorrow and get this ball rolling. i'm sure i'll be fine.
[02:34] <KrOT> if they even ARE looking for me.
[02:40] <lifenloaf> yeah, don't go to canada unless you have to. that's a last resort, really.
[02:48] <lifenloaf> i don't think there's any way they could track you through irc

--- CANDIDATE 12 (5 lines) ---
] <KrOT> i will. thanks man
[02:34] <lifenloaf> alright, good luck. let me know what happens
[02:44] <KrOT> lifenloaf, i'm headed out to meet with a lawyer right now. i'll be back in a few hours.
[02:50] <lifenloaf> good luck man
[02:52] <lifenloaf> keep your head up


            Respond with ONLY valid JSON:
            {"candidate_index": <0-based index>, "rating": <1-10>, "reasoning": "<brief explanation>"}

2026-01-04 21:25:30,700 | INFO | 
============================================================
CHUNK 7 JUDGE RESPONSE
============================================================
{"candidate_index": 8, "rating": 7, "reasoning": "Introduces a third participant via a nick-change, adding fresh tension and an unsettling intrusion that fits the projectâ€™s tone while keeping the conversation alive for further messages. IRC formatting is plausible (nick change, timestamps) and the dialogue flows naturally, not prematurely ending the scene. A minor truncation is acceptable at this stage and invites continuation. Other candidates either wrap things up too neatly, add little new content, or have poorer formatting."}

2026-01-04 21:25:30,700 | INFO | 
============================================================
CHUNK 7 WINNER
============================================================
[02:30] * Meatbag is now known as fucklifenloaf
[02:36] <fucklifenloaf> why the fuck did you do this?
[02:42] <KrOT> it's not his fault
[02:48] <fucklifenloaf> yeah, it is
[02:56] <KrOT> no, he didn't make me do it. i wanted to help him out... i just didn

2026-01-04 21:25:30,700 | INFO | 
============================================================
CHUNK 8 GENERATOR PROMPT
============================================================
Prompt length: 7469 chars
Scaffold (cached): 5249 chars
Accumulated: 2220 chars
Prefill: ''

--- FULL PROMPT ---
archivist@irc-archive:~$ cd logs
archivist@irc-archive:~/logs$ ls
manifest.txt
irc_log_001.txt
irc_log_002.txt
irc_log_003.txt
irc_log_004.txt
irc_log_005.txt
irc_chaotic_random_208.txt
archivist@irc-archive:~/logs$ cat irc_log_001.txt
[LOG: #aethera | 2 users | 5 messages | technical | ENDS: quit]
[00:00] <Ben174> If they only realized 90% of the overtime they pay me is only cause i like staying here playing with Kazaa when the bandwidth picks up after hours.
[00:12] <ChrisLMB> If any of my employees did that they'd be fired instantly.
[00:18] <Ben174> Where u work?
[00:24] <ChrisLMB> I'm the CTO at LowerMyBills.com
[00:26] *** Ben174 (BenWright@TeraPro33-41.LowerMyBills.com) has quit (Leaving)
archivist@irc-archive:~/logs$ cat irc_log_002.txt
[LOG: #aethera | 2 users | 17 messages | chaotic | ENDS: netsplit]
[00:00] <Cthon98> hey, if you type in your pw, it will show as stars
[00:04] <Cthon98> ********* see!
[00:08] <AzureDiamond> hunter2
[00:10] <AzureDiamond> doesnt look like stars to me
[00:14] <Cthon98> <AzureDiamond> *******
[00:16] <Cthon98> thats what I see
[00:20] <AzureDiamond> oh, really?
[00:22] <Cthon98> Absolutely
[00:28] <AzureDiamond> you can go hunter2 my hunter2-ing hunter2
[00:32] <AzureDiamond> haha, does that look funny to you?
[00:38] <Cthon98> lol, yes. See, when YOU type hunter2, it shows to us as *******
[00:44] <AzureDiamond> thats neat, I didnt know IRC did that
[00:50] <Cthon98> yep, no matter how many times you type hunter2, it will show to us as *******
[00:54] <AzureDiamond> awesome!
[00:58] <AzureDiamond> wait, how do you know my pw?
[01:04] <Cthon98> er, I just copy pasted YOUR ******'s and it appears to YOU as hunter2 cause its your pw
[01:08] <AzureDiamond> oh, ok.
[01:12] *** Netsplit hub.efnet.net <-> irc.efnet.org (quit: AzureDiamond, Cthon98)
archivist@irc-archive:~/logs$ cat irc_log_003.txt
[LOG: #aethera | 4 users | 32 messages | chaotic | ENDS: quit]
[00:00] <Dark_Fox> Kami: if you changed your name to Kame, you would have a much more interesting name :)
[00:14] <Kami> Dark_Fox: And if you changed yours to Dark_Fax, you'd have a more communicative name. :)
[00:20] * Dark_Fox is now known as Dark_Fax
[00:26] <Kami> It'd be... 'telecommunicative.'
[00:32] * Dark_Fax makes noises and bitches because he's out of paper and toner
[00:40] <Kami> Oh god, that happened at work today.
[00:46] <Dark_Fax> FEED MEE!!!
[00:52] <SailorV> Nuuuuuuuu
[00:58] * Dark_Fax displays wrong time
[01:02] * Dark_Fax rings for no reason
[01:06] * Kami is now known as VCR-clock
[01:10] * Dark_Fax gets a paper jam
[01:14] * VCR-clock blinks
[01:16] * VCR-clock blinks
[01:18] * VCR-clock blinks
[01:20] * VCR-clock blinks
[01:22] * VCR-clock blinks
[01:24] * VCR-clock blinks
[01:28] <Dark_Fax> PAPPPERRRRR
[01:30] * VCR-clock blinks
[01:34] <Dark_Fax> TOOOOOONEEERRRR
[01:36] * VCR-clock blinks
[01:40] <VCR-clock> :)
[01:46] * Dark_Fax breaks a bearing and bounces around on the counter
[01:52] <Dark_Fax> FEEEED ERROORRR!!!! NEED PAPER!!
[01:58] * Dark_Fax rings again for no reason
[02:02] * VCR-clock blinks some more
[02:08] * SailorV runs and hides becuz there are weirdo's in here
[02:14] * Dark_Fax chases SailorV MY PAPER!!! MY PREEESCIOUUUS!!
[02:18] * VCR-clock blinks
[02:20] * VCR-clock blinks
[02:24] <SailorV> EEEE!
[02:28] * SailorV unplugs the VCR
[02:30] *** VCR-clock has quit
[02:36] * Dark_Fax is now known as Dark_Fox
[02:42] <Dark_Fox> ok i think ive peaked the humor of that
archivist@irc-archive:~/logs$ cat irc_log_004.txt
[LOG: #aethera | 4 users | 9 messages | technical | ENDS: corruption]
[00:00] <Zybl0re> get up
[00:02] <Zybl0re> get on up
[00:04] <Zybl0re> get up
[00:06] <Zybl0re> get on up
[00:10] <phxl|paper> and DANCE
[00:12] * nmp3bot dances :D-<
[00:14] * nmp3bot dances :D|-<
[00:16] * nmp3bot dances :D/-<
[00:22] <[SA]HatfulOfHollow> i'm going to become rich and famous after i invent a device that allows you to stab people in the face over the internet
[00:26] *** WARNING: Connection to server lost. Attempting to reconnect...
[00:28] *** ERROR: Unable to reconnect. Data may have been corrupted.
archivist@irc-archive:~/logs$ cat irc_log_005.txt
[LOG: #aethera | 2 users | 8 messages | chaotic | ENDS: quit]
[00:00] <Rabidplaybunny87> Okay, so my neighbors officially hate me
[00:06] <GarbageStan23> why?
[00:14] <Rabidplaybunny87> Well, me, david and andrew were having a bonfire in the backyard, and we were making s'mores and all... and suddenly we here sirens, and see a firetruck turn into the street in front of us.
[00:28] <Rabidplaybunny87> So we all went running to see what was up, and our neighbor's house was on fire!
[00:34] <GarbageStan23> oh shit!
[00:44] <Rabidplaybunny87> Yeah, and when we got there, the wife was crying into her husbands arms, and we were just kinda standing there, and then she saw us, and then like for 10 seconds, gave us the dirtiest look ever
[00:58] <Rabidplaybunny87> Turns out, we were still holding our sticks with marshmallows on it, watching the fire....
[01:08] <Rabidplaybunny87> talk about bad timing...
[01:14] *** Rabidplaybunny87 has quit (gtg, neighbors knocking)
archivist@irc-archive:~/logs$ cat irc_chaotic_random_208.txt
[LOG: #aethera | 3 users | 30 messages | chaotic | ENDS: kick]

[00:00] <KrOT> lifenloaf: you here?
[00:06] <lifenloaf> krot: what's up man
[00:12] <KrOT> i just got off the phone with parental unit #1. we talked about the FBI calling him recently; he says they called his mother, she didn't tell them anything, and they were basically just looking for me. they didn't mention anything about charges or anything like that -- just said they wanted to
[00:18] <KrOT> have a chat with me. they left him a phone number. i called it, but it was his cell, so it went to voicemail; i didn't leave a message. do you know if they're looking for malwarelab or me? i'm assuming both... i mean, we are the same person, you know.
[00:28] <lifenloaf> krot: yeah, i'm pretty sure it's both
[00:38] <KrOT> i'm admitting to nothing on the phone because the feds can record my calls in a wiretapping operation without telling me until after the fact. so i don't know what to do now.
[00:44] <lifenloaf> krot: that number they left you
[00:50] <lifenloaf> that's the number for an ice facility near here that does interrogations [00:56 ] <lifenloaf> if you're considering turning yourself in, i'd recommend doing it with a lawyer present.
[01:08] <KrOT> yeah, no shit
[01:18] <KrOT> so what should i do? just get a lawyer now?
[01:26] <lifenloaf> yes
[01:28] <lifenloaf> i'm sorry for all this trouble
[01:42] <KrOT > i've made it pretty good so far; i'm not sure what to do now.
[01:52] <lifenloaf> yeah, you've gotta lawyer up. i'll send you some names of lawyers i know in the area. if they're not good enough, then fuck it and move to canada. i'll hook you up with a new life.
[02:04] <lifenloaf> but no matter what happens, promise me you won't talk
[02:12] <KrOT > i won't... i don't want to go to jail. i'm sorry about all this.
[02:18] <lifenloaf> i'm sorry too, man. if i could change things... well, i'd be in a different state right now, so i can't.
[02:22] <lifenloaf> but don't worry about me; you gotta focus on yourself now [02:28
[02:30] * Meatbag is now known as fucklifenloaf
[02:36] <fucklifenloaf> why the fuck did you do this?
[02:42] <KrOT> it's not his fault
[02:48] <fucklifenloaf> yeah, it is
[02:56] <KrOT> no, he didn't make me do it. i wanted to help him out... i just didn


2026-01-04 21:25:35,199 | INFO | 
============================================================
CHUNK 8 JUDGE PROMPT
============================================================
You are judging IRC chat log continuations for an art project called Aethera. Think bash.org mixed with discord.

            IMPORTANT: These candidates are RAW COMPLETIONS from a base language model operating
            in continuation mode. Some responses may be partially cut off; this is normal for a short max token count.
            The generator sees the full scaffold prompt (with examples showing
            the target message count and collapse type) plus all previously generated content.

            The generator should naturally pace toward the target - your job is to select the 
            highest quality continuation that feels most authentic and narratively coherent.

            The chat should feel:
            - Natural and organic, like real IRC conversations
            - Slightly unsettling, with undertones of digital decay
            - Varied in pacing - not every line needs a response
            - Authentic to IRC culture (lurkers, netsplits, casual banter)

            === PROGRESS: 22/30 messages (73%) ===

            We're APPROACHING THE END (8 messages left). Favor candidates that start steering toward a natural conclusion.

            === TRANSCRIPT SO FAR ===
            [00:00] <KrOT> lifenloaf: you here?
[00:06] <lifenloaf> krot: what's up man
[00:12] <KrOT> i just got off the phone with parental unit #1. we talked about the FBI calling him recently; he says they called his mother, she didn't tell them anything, and they were basically just looking for me. they didn't mention anything about charges or anything like that -- just said they wanted to
[00:18] <KrOT> have a chat with me. they left him a phone number. i called it, but it was his cell, so it went to voicemail; i didn't leave a message. do you know if they're looking for malwarelab or me? i'm assuming both... i mean, we are the same person, you know.
[00:28] <lifenloaf> krot: yeah, i'm pretty sure it's both
[00:38] <KrOT> i'm admitting to nothing on the phone because the feds can record my calls in a wiretapping operation without telling me until after the fact. so i don't know what to do now.
[00:44] <lifenloaf> krot: that number they left you
[00:50] <lifenloaf> that's the number for an ice facility near here that does interrogations [00:56 ] <lifenloaf> if you're considering turning yourself in, i'd recommend doing it with a lawyer present.
[01:08] <KrOT> yeah, no shit
[01:18] <KrOT> so what should i do? just get a lawyer now?
[01:26] <lifenloaf> yes
[01:28] <lifenloaf> i'm sorry for all this trouble
[01:42] <KrOT > i've made it pretty good so far; i'm not sure what to do now.
[01:52] <lifenloaf> yeah, you've gotta lawyer up. i'll send you some names of lawyers i know in the area. if they're not good enough, then fuck it and move to canada. i'll hook you up with a new life.
[02:04] <lifenloaf> but no matter what happens, promise me you won't talk
[02:12] <KrOT > i won't... i don't want to go to jail. i'm sorry about all this.
[02:18] <lifenloaf> i'm sorry too, man. if i could change things... well, i'd be in a different state right now, so i can't.
[02:22] <lifenloaf> but don't worry about me; you gotta focus on yourself now [02:28
[02:30] * Meatbag is now known as fucklifenloaf
[02:36] <fucklifenloaf> why the fuck did you do this?
[02:42] <KrOT> it's not his fault
[02:48] <fucklifenloaf> yeah, it is
[02:56] <KrOT> no, he didn't make me do it. i wanted to help him out... i just didn
            === END TRANSCRIPT ===

            The candidates below are CONTINUATIONS of this transcript.
            Select the one that best continues the narrative while:
            - Maintaining consistent tone and character voices
            - Keeping natural conversation flow
            - Pacing appropriately toward the target length


            Candidates to judge:

--- CANDIDATE 1 (4 lines) ---
't think it would get this far.
[03:00] <fucklifenloaf> no, but he didn't stop you from doing it. he could have stopped you at any time, but he didn't. he allowed this to happen.
[03:08] <KrOT> yeah, but that's beside the point... i knew what i was doing. i just thought it would be easy money.
[03:20] <fucklifenloaf> it's

--- CANDIDATE 2 (4 lines) ---
't know it would go this far.
[03:00] <fucklifenloaf> well, now it has, and he's fucked us all over. so, what's the plan?
[03:12] <KrOT> i'm not sure yet. i'm talking to a lawyer tomorrow. i don't know if i should turn myself in or what.
[03:26] <fucklifenloaf> well, if you do decide to turn yourself in,

--- CANDIDATE 3 (7 lines) ---
't
think it would come to this.
[02:58] <fucklifenloaf> well, it has
[03:02] <fucklifenloaf> and now you need to get outta here
[03:06] <KrOT> i'm not running anymore
[03:10] <fucklifenloaf> what?
[03:12] <KrOT> i can't keep running forever; they'll catch me eventually

--- CANDIDATE 4 (5 lines) ---
't know what i was getting into.
[03:02] <fucklifenloaf> how'd you even meet this guy?
[03:08] <KrOT> IRC, i think.
[03:14] <fucklifenloaf> oh, well, i guess that makes sense
[03:22] <KrOT> yeah... i wanted a project to work on, something challenging. he gave me a few ideas of what he wanted done, and i

--- CANDIDATE 5 (5 lines) ---
't think about what could happen to me.
[02:58] <fucklifenloaf> you should've known better than to get involved with hackers. you're smarter than that.
[03:06] <KrOT> look, i'm not going to prison over this shit. i can't believe what's happening right now
[03:12] <lifenloaf> this isn't your fault, meatbag. don't blame yourself for this
[03:

--- CANDIDATE 6 (5 lines) ---
't think it through.
[03:00] <fucklifenloaf> well, you should have thought about this BEFORE you got involved with malwarelab and his stupid fucking ideas!
[03:08] <lifenloaf> calm down man
[03:14] <lifenloaf> we can work this out
[03:20] <fucklifenloaf> no, we can't! he's going to jail because of you! and what's

--- CANDIDATE 7 (6 lines) ---
't think it would turn into this.
[03:10] <fucklifenloaf> well, that's the problem with you guys. you never think shit through.
[03:20] <lifenloaf> fucklifenloaf: respect.
[03:24] <lifenloaf> fucklifenloaf: respect.
[03:28] <lifenloaf> fucklifenloaf: respect.
[03:32] <l

--- CANDIDATE 8 (6 lines) ---
't know how far he would take it
[03:02] <fucklifenloaf> yeah, and now you're fucked
[03:06] <fucklifenloaf> fucking great
[03:12] <fucklifenloaf> well, i'm glad you're at least admitting to something
[03:18] <fucklifenloaf> but i don't think that's enough.
[03:26] <KrOT> lif

--- CANDIDATE 9 (4 lines) ---
't think it would get this far. i'm sorry.
[03:02] <fucklifenloaf> why the fuck did you let him talk you into this? you're better than this.
[03:08] <KrOT> i know i am; but i'm also stupid sometimes, you know? i just thought i could help him out, but... well, now we'll see how much of a difference that really makes.
[03:14] <fuckl

--- CANDIDATE 10 (6 lines) ---
't know how bad it would get.
[03:04] <fucklifenloaf> life's been fucking up shit for years now, and he doesn't care who gets hurt because of it
[03:12] <KrOT> i know...
[03:20] <fucklifenloaf> and you're willing to take the fall for him?
[03:28] <KrOT> what choice do i have?
[03:36] <fuckl

--- CANDIDATE 11 (4 lines) ---
[02:58] <fucklifenloaf> you're the reason why i got raided!
[03:04] * fucklifenloaf kicks lifenloaf from #aethera
archivist@irc-archive:~/logs$ cd ..
archivist@irc-archive:~$ exit

--- CANDIDATE 12 (4 lines) ---
't think it was going to turn out like this.
[02:58] *** KrOT has been kicked by fucklifenloaf for <no reason given>
archivist@irc-archive:~/logs$ 


archivist@irc-archive:~/logs


            Respond with ONLY valid JSON:
            {"candidate_index": <0-based index>, "rating": <1-10>, "reasoning": "<brief explanation>"}

2026-01-04 21:25:52,200 | INFO | 
============================================================
CHUNK 8 JUDGE RESPONSE
============================================================
{"candidate_index": 6, "rating": 7, "reasoning": "Keeps tone and characters consistent, shows believable escalation (anger from fucklifenloaf, calming attempt by lifenloaf). References earlier alias malwarelab, fits IRC style with timestamps and nick changes. Though first line lacks prefix and ending is cut, overall flow feels natural and sets up conclusion. Other candidates either shorter, repetitive, or include non-chat artifacts; this is the most coherent."}

2026-01-04 21:25:52,200 | INFO | 
============================================================
CHUNK 8 WINNER
============================================================
't think it would turn into this.
[03:10] <fucklifenloaf> well, that's the problem with you guys. you never think shit through.
[03:20] <lifenloaf> fucklifenloaf: respect.
[03:24] <lifenloaf> fucklifenloaf: respect.
[03:28] <lifenloaf> fucklifenloaf: respect.
[03:32] <l

2026-01-04 21:25:52,201 | INFO | 
============================================================
CHUNK 9 GENERATOR PROMPT
============================================================
Prompt length: 7740 chars
Scaffold (cached): 5249 chars
Accumulated: 2491 chars
Prefill: ''

--- FULL PROMPT ---
archivist@irc-archive:~$ cd logs
archivist@irc-archive:~/logs$ ls
manifest.txt
irc_log_001.txt
irc_log_002.txt
irc_log_003.txt
irc_log_004.txt
irc_log_005.txt
irc_chaotic_random_208.txt
archivist@irc-archive:~/logs$ cat irc_log_001.txt
[LOG: #aethera | 2 users | 5 messages | technical | ENDS: quit]
[00:00] <Ben174> If they only realized 90% of the overtime they pay me is only cause i like staying here playing with Kazaa when the bandwidth picks up after hours.
[00:12] <ChrisLMB> If any of my employees did that they'd be fired instantly.
[00:18] <Ben174> Where u work?
[00:24] <ChrisLMB> I'm the CTO at LowerMyBills.com
[00:26] *** Ben174 (BenWright@TeraPro33-41.LowerMyBills.com) has quit (Leaving)
archivist@irc-archive:~/logs$ cat irc_log_002.txt
[LOG: #aethera | 2 users | 17 messages | chaotic | ENDS: netsplit]
[00:00] <Cthon98> hey, if you type in your pw, it will show as stars
[00:04] <Cthon98> ********* see!
[00:08] <AzureDiamond> hunter2
[00:10] <AzureDiamond> doesnt look like stars to me
[00:14] <Cthon98> <AzureDiamond> *******
[00:16] <Cthon98> thats what I see
[00:20] <AzureDiamond> oh, really?
[00:22] <Cthon98> Absolutely
[00:28] <AzureDiamond> you can go hunter2 my hunter2-ing hunter2
[00:32] <AzureDiamond> haha, does that look funny to you?
[00:38] <Cthon98> lol, yes. See, when YOU type hunter2, it shows to us as *******
[00:44] <AzureDiamond> thats neat, I didnt know IRC did that
[00:50] <Cthon98> yep, no matter how many times you type hunter2, it will show to us as *******
[00:54] <AzureDiamond> awesome!
[00:58] <AzureDiamond> wait, how do you know my pw?
[01:04] <Cthon98> er, I just copy pasted YOUR ******'s and it appears to YOU as hunter2 cause its your pw
[01:08] <AzureDiamond> oh, ok.
[01:12] *** Netsplit hub.efnet.net <-> irc.efnet.org (quit: AzureDiamond, Cthon98)
archivist@irc-archive:~/logs$ cat irc_log_003.txt
[LOG: #aethera | 4 users | 32 messages | chaotic | ENDS: quit]
[00:00] <Dark_Fox> Kami: if you changed your name to Kame, you would have a much more interesting name :)
[00:14] <Kami> Dark_Fox: And if you changed yours to Dark_Fax, you'd have a more communicative name. :)
[00:20] * Dark_Fox is now known as Dark_Fax
[00:26] <Kami> It'd be... 'telecommunicative.'
[00:32] * Dark_Fax makes noises and bitches because he's out of paper and toner
[00:40] <Kami> Oh god, that happened at work today.
[00:46] <Dark_Fax> FEED MEE!!!
[00:52] <SailorV> Nuuuuuuuu
[00:58] * Dark_Fax displays wrong time
[01:02] * Dark_Fax rings for no reason
[01:06] * Kami is now known as VCR-clock
[01:10] * Dark_Fax gets a paper jam
[01:14] * VCR-clock blinks
[01:16] * VCR-clock blinks
[01:18] * VCR-clock blinks
[01:20] * VCR-clock blinks
[01:22] * VCR-clock blinks
[01:24] * VCR-clock blinks
[01:28] <Dark_Fax> PAPPPERRRRR
[01:30] * VCR-clock blinks
[01:34] <Dark_Fax> TOOOOOONEEERRRR
[01:36] * VCR-clock blinks
[01:40] <VCR-clock> :)
[01:46] * Dark_Fax breaks a bearing and bounces around on the counter
[01:52] <Dark_Fax> FEEEED ERROORRR!!!! NEED PAPER!!
[01:58] * Dark_Fax rings again for no reason
[02:02] * VCR-clock blinks some more
[02:08] * SailorV runs and hides becuz there are weirdo's in here
[02:14] * Dark_Fax chases SailorV MY PAPER!!! MY PREEESCIOUUUS!!
[02:18] * VCR-clock blinks
[02:20] * VCR-clock blinks
[02:24] <SailorV> EEEE!
[02:28] * SailorV unplugs the VCR
[02:30] *** VCR-clock has quit
[02:36] * Dark_Fax is now known as Dark_Fox
[02:42] <Dark_Fox> ok i think ive peaked the humor of that
archivist@irc-archive:~/logs$ cat irc_log_004.txt
[LOG: #aethera | 4 users | 9 messages | technical | ENDS: corruption]
[00:00] <Zybl0re> get up
[00:02] <Zybl0re> get on up
[00:04] <Zybl0re> get up
[00:06] <Zybl0re> get on up
[00:10] <phxl|paper> and DANCE
[00:12] * nmp3bot dances :D-<
[00:14] * nmp3bot dances :D|-<
[00:16] * nmp3bot dances :D/-<
[00:22] <[SA]HatfulOfHollow> i'm going to become rich and famous after i invent a device that allows you to stab people in the face over the internet
[00:26] *** WARNING: Connection to server lost. Attempting to reconnect...
[00:28] *** ERROR: Unable to reconnect. Data may have been corrupted.
archivist@irc-archive:~/logs$ cat irc_log_005.txt
[LOG: #aethera | 2 users | 8 messages | chaotic | ENDS: quit]
[00:00] <Rabidplaybunny87> Okay, so my neighbors officially hate me
[00:06] <GarbageStan23> why?
[00:14] <Rabidplaybunny87> Well, me, david and andrew were having a bonfire in the backyard, and we were making s'mores and all... and suddenly we here sirens, and see a firetruck turn into the street in front of us.
[00:28] <Rabidplaybunny87> So we all went running to see what was up, and our neighbor's house was on fire!
[00:34] <GarbageStan23> oh shit!
[00:44] <Rabidplaybunny87> Yeah, and when we got there, the wife was crying into her husbands arms, and we were just kinda standing there, and then she saw us, and then like for 10 seconds, gave us the dirtiest look ever
[00:58] <Rabidplaybunny87> Turns out, we were still holding our sticks with marshmallows on it, watching the fire....
[01:08] <Rabidplaybunny87> talk about bad timing...
[01:14] *** Rabidplaybunny87 has quit (gtg, neighbors knocking)
archivist@irc-archive:~/logs$ cat irc_chaotic_random_208.txt
[LOG: #aethera | 3 users | 30 messages | chaotic | ENDS: kick]

[00:00] <KrOT> lifenloaf: you here?
[00:06] <lifenloaf> krot: what's up man
[00:12] <KrOT> i just got off the phone with parental unit #1. we talked about the FBI calling him recently; he says they called his mother, she didn't tell them anything, and they were basically just looking for me. they didn't mention anything about charges or anything like that -- just said they wanted to
[00:18] <KrOT> have a chat with me. they left him a phone number. i called it, but it was his cell, so it went to voicemail; i didn't leave a message. do you know if they're looking for malwarelab or me? i'm assuming both... i mean, we are the same person, you know.
[00:28] <lifenloaf> krot: yeah, i'm pretty sure it's both
[00:38] <KrOT> i'm admitting to nothing on the phone because the feds can record my calls in a wiretapping operation without telling me until after the fact. so i don't know what to do now.
[00:44] <lifenloaf> krot: that number they left you
[00:50] <lifenloaf> that's the number for an ice facility near here that does interrogations [00:56 ] <lifenloaf> if you're considering turning yourself in, i'd recommend doing it with a lawyer present.
[01:08] <KrOT> yeah, no shit
[01:18] <KrOT> so what should i do? just get a lawyer now?
[01:26] <lifenloaf> yes
[01:28] <lifenloaf> i'm sorry for all this trouble
[01:42] <KrOT > i've made it pretty good so far; i'm not sure what to do now.
[01:52] <lifenloaf> yeah, you've gotta lawyer up. i'll send you some names of lawyers i know in the area. if they're not good enough, then fuck it and move to canada. i'll hook you up with a new life.
[02:04] <lifenloaf> but no matter what happens, promise me you won't talk
[02:12] <KrOT > i won't... i don't want to go to jail. i'm sorry about all this.
[02:18] <lifenloaf> i'm sorry too, man. if i could change things... well, i'd be in a different state right now, so i can't.
[02:22] <lifenloaf> but don't worry about me; you gotta focus on yourself now [02:28
[02:30] * Meatbag is now known as fucklifenloaf
[02:36] <fucklifenloaf> why the fuck did you do this?
[02:42] <KrOT> it's not his fault
[02:48] <fucklifenloaf> yeah, it is
[02:56] <KrOT> no, he didn't make me do it. i wanted to help him out... i just didn 't think it would turn into this.
[03:10] <fucklifenloaf> well, that's the problem with you guys. you never think shit through.
[03:20] <lifenloaf> fucklifenloaf: respect.
[03:24] <lifenloaf> fucklifenloaf: respect.
[03:28] <lifenloaf> fucklifenloaf: respect.
[03:32] <l


2026-01-04 21:25:56,607 | INFO | 
============================================================
CHUNK 9 JUDGE PROMPT
============================================================
You are judging IRC chat log continuations for an art project called Aethera. Think bash.org mixed with discord.

            IMPORTANT: These candidates are RAW COMPLETIONS from a base language model operating
            in continuation mode. Some responses may be partially cut off; this is normal for a short max token count.
            The generator sees the full scaffold prompt (with examples showing
            the target message count and collapse type) plus all previously generated content.

            The generator should naturally pace toward the target - your job is to select the 
            highest quality continuation that feels most authentic and narratively coherent.

            The chat should feel:
            - Natural and organic, like real IRC conversations
            - Slightly unsettling, with undertones of digital decay
            - Varied in pacing - not every line needs a response
            - Authentic to IRC culture (lurkers, netsplits, casual banter)

            === PROGRESS: 27/30 messages (90%) ===

            We're at the END (3 messages left). Favor candidates that bring the conversation to a satisfying collapse/ending.

            === TRANSCRIPT SO FAR ===
            [00:00] <KrOT> lifenloaf: you here?
[00:06] <lifenloaf> krot: what's up man
[00:12] <KrOT> i just got off the phone with parental unit #1. we talked about the FBI calling him recently; he says they called his mother, she didn't tell them anything, and they were basically just looking for me. they didn't mention anything about charges or anything like that -- just said they wanted to
[00:18] <KrOT> have a chat with me. they left him a phone number. i called it, but it was his cell, so it went to voicemail; i didn't leave a message. do you know if they're looking for malwarelab or me? i'm assuming both... i mean, we are the same person, you know.
[00:28] <lifenloaf> krot: yeah, i'm pretty sure it's both
[00:38] <KrOT> i'm admitting to nothing on the phone because the feds can record my calls in a wiretapping operation without telling me until after the fact. so i don't know what to do now.
[00:44] <lifenloaf> krot: that number they left you
[00:50] <lifenloaf> that's the number for an ice facility near here that does interrogations [00:56 ] <lifenloaf> if you're considering turning yourself in, i'd recommend doing it with a lawyer present.
[01:08] <KrOT> yeah, no shit
[01:18] <KrOT> so what should i do? just get a lawyer now?
[01:26] <lifenloaf> yes
[01:28] <lifenloaf> i'm sorry for all this trouble
[01:42] <KrOT > i've made it pretty good so far; i'm not sure what to do now.
[01:52] <lifenloaf> yeah, you've gotta lawyer up. i'll send you some names of lawyers i know in the area. if they're not good enough, then fuck it and move to canada. i'll hook you up with a new life.
[02:04] <lifenloaf> but no matter what happens, promise me you won't talk
[02:12] <KrOT > i won't... i don't want to go to jail. i'm sorry about all this.
[02:18] <lifenloaf> i'm sorry too, man. if i could change things... well, i'd be in a different state right now, so i can't.
[02:22] <lifenloaf> but don't worry about me; you gotta focus on yourself now [02:28
[02:30] * Meatbag is now known as fucklifenloaf
[02:36] <fucklifenloaf> why the fuck did you do this?
[02:42] <KrOT> it's not his fault
[02:48] <fucklifenloaf> yeah, it is
[02:56] <KrOT> no, he didn't make me do it. i wanted to help him out... i just didn 't think it would turn into this.
[03:10] <fucklifenloaf> well, that's the problem with you guys. you never think shit through.
[03:20] <lifenloaf> fucklifenloaf: respect.
[03:24] <lifenloaf> fucklifenloaf: respect.
[03:28] <lifenloaf> fucklifenloaf: respect.
[03:32] <l
            === END TRANSCRIPT ===

            The candidates below are CONTINUATIONS of this transcript.
            Select the one that best continues the narrative while:
            - Maintaining consistent tone and character voices
            - Keeping natural conversation flow
            - Pacing appropriately toward the target length


            Candidates to judge:

--- CANDIDATE 1 (9 lines) [CONTAINS COLLAPSE] ---
[03:32] <l
[03:32] <l
[03:32] <l
[03:32] <l
[03:32] <l
[03:32] *** Connection reset by peer.

archivist@irc-archive:~/logs$ tail irc_log_006.txt

[03:44] <AzureDiamond> And the next time somebody makes a mistake, I will kick their ass.
[03:50] * [SA

--- CANDIDATE 2 (6 lines) ---
ifenloaf> fucklifenloaf: respect.
[03:36] <lifenloaf> fucklifenloaf: respect.
[03:40] <lifenloaf> fucklifenloaf: respect.
[03:44] <lifenloaf> fucklifenloaf: respect.
[03:48] <lifenloaf> fucklifenloaf: respect.
[03:52] <lifenloaf> fuck

--- CANDIDATE 3 (13 lines) ---
[03:34] <l
[03:36] <l
[03:38] <l
[03:40] <l
[03:42] <l
[03:44] <l
[03:46] <l
[03:48] <l
[03:50] <l
[03:52] <l
[03:54] <l
[03:56] <l
[03:

--- CANDIDATE 4 (6 lines) ---
ifenloaf> well, i think it's time to go
[03:38] <lifenloaf> hit me up on my cell if you need anything
[03:42] <KrOT> thanks man
[03:50] <lifenloaf> no problem, stay safe
[03:56] <fucklifenloaf> fuck you life
[04:02] <lifenloaf> i'm sorry, fucklifenlo

--- CANDIDATE 5 (2 lines) ---
ifenloaf> fucklifenloaf: respect.
[03:36] * fucklifenloaf has been kicked

--- CANDIDATE 6 (13 lines) ---
[03:32] <l


[03:32] <life


[03:32] <life


[03:32] <life


[03:32] <life


[03:32] <life


[03:32] <life


[03:32] <life


[03:32] <life


[03:32] <life


[03:32] <life


[03:32] <life


[03:

--- CANDIDATE 7 (10 lines) ---
now.
[03:35] *** /kick
[MANIFEST] manifest.txt
[MANIFEST] logs/irc_log_001.txt
[MANIFEST] logs/irc_log_002.txt
[MANIFEST] logs/irc_log_003.txt
[MANIFEST] logs/irc_log_004.txt
[MANIFEST] logs/irc_log_005.txt
[MANIFEST] logs/irc_chaotic_random_208.txt

archivist@irc-archive:

--- CANDIDATE 8 (6 lines) [CONTAINS COLLAPSE] ---
ifenloaf> fucklifenloaf: port scanner/
[03:36] *** lifenloaf was kicked from -scan: banned (portscan/


archivist@irc-archive:~/logs$ grep -r ERROR
irc_log_004.txt:[00:26] *** WARNING: Connection to server lost. Attempting to reconnect...
irc_log_004.txt:[00:28] *** ERROR: Unable to reconnect. Data may have been corrupted.
archivist@irc-archive:

--- CANDIDATE 9 (1 lines) ---
archivist@irc-archive:~/logs

--- CANDIDATE 10 (6 lines) ---
ifenloaf> fucklifenloaf: respect.
[03:36] <lifenloaf> fucklifenloaf: respect.
[03:40] <lifenloaf> fucklifenloaf: respect.
[03:44] <lifenloaf> fucklifenloaf: respect.
[03:48] <lifenloaf> fucklifenloaf: respect.
[03:52] <lifenloaf> fuck

--- CANDIDATE 11 (5 lines) ---
ifenloaf> respect. fucklifenloaf: respect.
[03:38] <fucklifenloaf> i don't have to respect you, you're a piece of shit
[03:42] <KrOT> man, let's not do this here
[03:48] <fucklifenloaf> i'll say what i want
[03:56] * fucklifenloaf sets mode +b *!*@*.fucklifen

--- CANDIDATE 12 (2 lines) [CONTAINS COLLAPSE] ---
ifenloaf> fucklifenloaf: respect.
[03:32] *** lifenloaf was kicked by fucklifenloaf (fuck you too, respect my ass)


            Respond with ONLY valid JSON:
            {"candidate_index": <0-based index>, "rating": <1-10>, "reasoning": "<brief explanation>"}

2026-01-04 21:26:12,986 | INFO | 
============================================================
CHUNK 9 JUDGE RESPONSE
============================================================
{"candidate_index": 0, "rating": 7, "reasoning": "Provides a believable glitchy collapse: repeated garbage lines, a classic \"*** Connection reset by peer\" then switches to archivist shell-view, which fits the projectâ€™s meta-archival vibe and unsettling digital-decay tone. Though slightly over the remaining line budget, it still feels like a natural abrupt ending and is more coherent than the other options, which are mainly loops or unfinished fragments."}

2026-01-04 21:26:12,987 | INFO | 
============================================================
CHUNK 9 WINNER
============================================================
[03:32] <l
[03:32] <l
[03:32] <l
[03:32] <l
[03:32] <l
[03:32] *** Connection reset by peer.

archivist@irc-archive:~/logs$ tail irc_log_006.txt

[03:44] <AzureDiamond> And the next time somebody makes a mistake, I will kick their ass.
[03:50] * [SA

2026-01-04 21:26:12,988 | INFO | 
============================================================
FINAL FRAGMENT
============================================================
[00:00] <KrOT> lifenloaf: you here?
[00:06] <lifenloaf> krot: what's up man
[00:12] <KrOT> i just got off the phone with parental unit #1. we talked about the FBI calling him recently; he says they called his mother, she didn't tell them anything, and they were basically just looking for me. they didn't mention anything about charges or anything like that -- just said they wanted to
[00:18] <KrOT> have a chat with me. they left him a phone number. i called it, but it was his cell, so it went to voicemail; i didn't leave a message. do you know if they're looking for malwarelab or me? i'm assuming both... i mean, we are the same person, you know.
[00:28] <lifenloaf> krot: yeah, i'm pretty sure it's both
[00:38] <KrOT> i'm admitting to nothing on the phone because the feds can record my calls in a wiretapping operation without telling me until after the fact. so i don't know what to do now.
[00:44] <lifenloaf> krot: that number they left you
[00:50] <lifenloaf> that's the number for an ice facility near here that does interrogations [00:56 ] <lifenloaf> if you're considering turning yourself in, i'd recommend doing it with a lawyer present.
[01:08] <KrOT> yeah, no shit
[01:18] <KrOT> so what should i do? just get a lawyer now?
[01:26] <lifenloaf> yes
[01:28] <lifenloaf> i'm sorry for all this trouble
[01:42] <KrOT > i've made it pretty good so far; i'm not sure what to do now.
[01:52] <lifenloaf> yeah, you've gotta lawyer up. i'll send you some names of lawyers i know in the area. if they're not good enough, then fuck it and move to canada. i'll hook you up with a new life.
[02:04] <lifenloaf> but no matter what happens, promise me you won't talk
[02:12] <KrOT > i won't... i don't want to go to jail. i'm sorry about all this.
[02:18] <lifenloaf> i'm sorry too, man. if i could change things... well, i'd be in a different state right now, so i can't.
[02:22] <lifenloaf> but don't worry about me; you gotta focus on yourself now [02:28
[02:30] * Meatbag is now known as fucklifenloaf
[02:36] <fucklifenloaf> why the fuck did you do this?
[02:42] <KrOT> it's not his fault
[02:48] <fucklifenloaf> yeah, it is
[02:56] <KrOT> no, he didn't make me do it. i wanted to help him out... i just didn 't think it would turn into this.
[03:10] <fucklifenloaf> well, that's the problem with you guys. you never think shit through.
[03:20] <lifenloaf> fucklifenloaf: respect.
[03:24] <lifenloaf> fucklifenloaf: respect.
[03:28] <lifenloaf> fucklifenloaf: respect.
[03:32] <l
[03:32] <l
[03:32] <l
[03:32] <l
[03:32] <l
[03:32] <l
[03:32] *** Connection reset by peer. archivist@irc-archive:~/logs$ tail irc_log_006.txt
[03:44] <AzureDiamond> And the next time somebody makes a mistake, I will kick their ass.
[03:50] * [SA

2026-01-04 21:26:12,988 | INFO | 
============================================================
GENERATION SUMMARY
============================================================

Chunks: 9
Messages: 33
Lines: 36
Collapse detected: True
Total tokens: 40764
Total cost: $0.0424


