2026-01-04 20:28:51,480 | INFO | 
============================================================
INITIAL PROMPT (FULL)
============================================================
archivist@irc-archive:~$ cd logs
archivist@irc-archive:~/logs$ ls
manifest.txt
irc_log_001.txt
irc_log_002.txt
irc_log_003.txt
irc_log_004.txt
irc_philosophical_solipsism_416.txt
archivist@irc-archive:~/logs$ cat irc_log_001.txt
[LOG: #aethera | 2 users | 5 messages | technical | ENDS: quit]
[00:00] <Ben174> If they only realized 90% of the overtime they pay me is only cause i like staying here playing with Kazaa when the bandwidth picks up after hours.
[00:12] <ChrisLMB> If any of my employees did that they'd be fired instantly.
[00:18] <Ben174> Where u work?
[00:24] <ChrisLMB> I'm the CTO at LowerMyBills.com
[00:26] *** Ben174 (BenWright@TeraPro33-41.LowerMyBills.com) has quit (Leaving)
archivist@irc-archive:~/logs$ cat irc_log_002.txt
[LOG: #aethera | 2 users | 14 messages | technical | ENDS: quit]
[00:00] <docsigma2000> jesus christ man
[00:04] <docsigma2000> my son is sooooooo dead
[00:12] <c8info> Why?
[00:18] <docsigma2000> hes been looking at internet web sites in fucking EUROPE
[00:24] <docsigma2000> HE IS SURFING LONG DISTANCE
[00:30] <docsigma2000> our fucking phone bill is gonna be nuts
[00:48] <c8info> Ooh, this is bad. Surfing long distance adds an extra $69.99 to your bill per hour.
[00:54] <docsigma2000> ...!!!!!! FUCK FUCK FUCK
[01:02] <docsigma2000> is there some plan we can sign up for???
[01:10] <docsigma2000> cuz theres some cool stuff in europe, but i dun wanna pay that much
[01:26] <c8info> Sorry, no. There is no plan. you'll have to live with it.
[01:36] <docsigma2000> o well, i can live without europe intenet sites.
[01:44] <docsigma2000> but till i figure out how to block it hes sooooo dead
[02:02] <c8info> By the way, I'm from Europe, your chatting long distance.
[02:04] *** docsigma2000 has quit (Connection reset by peer)
archivist@irc-archive:~/logs$ cat irc_log_003.txt
[LOG: #aethera | 3 users | 15 messages | chaotic | ENDS: mass_kick]
[00:00] <Donut[AFK]> HEY EURAKARTE
[00:03] <Donut[AFK]> INSULT
[00:06] <Eurakarte> RETORT
[00:09] <Donut[AFK]> COUNTER-RETORT
[00:12] <Eurakarte> QUESTIONING OF SEXUAL PREFERENCE
[00:16] <Donut[AFK]> SUGGESTION TO SHUT THE FUCK UP
[00:20] <Eurakarte> NOTATION THAT YOU CREATE A VACUUM
[00:24] <Donut[AFK]> RIPOSTE
[00:27] <Donut[AFK]> ADDON RIPOSTE
[00:30] <Eurakarte> COUNTER-RIPOSTE
[00:34] <Donut[AFK]> COUNTER-COUNTER RIPOSTE
[00:38] <Eurakarte> NONSENSICAL STATEMENT INVOLVING PLANKTON
[00:44] <Miles_Prower> RESPONSE TO RANDOM STATEMENT AND THREAT TO BAN OPPOSING SIDES
[00:50] <Eurakarte> WORDS OF PRAISE FOR FISHFOOD
[00:56] <Miles_Prower> ACKNOWLEDGEMENT AND ACCEPTENCE OF TERMS
[01:00] *** ChanServ sets mode: +b *!*@*
[01:00] *** Donut[AFK] was kicked by ChanServ (banned: excessive caps)
[01:00] *** Eurakarte was kicked by ChanServ (banned: excessive caps)
archivist@irc-archive:~/logs$ cat irc_log_004.txt
[LOG: #aethera | 2 users | 6 messages | philosophical | ENDS: ping_timeout]
[00:00] <Guo_Si> Hey, you know what sucks?
[00:04] <TheXPhial> vaccuums
[00:10] <Guo_Si> Hey, you know what sucks in a metaphorical sense?
[00:16] <TheXPhial> black holes
[00:24] <Guo_Si> Hey, you know what just isn't cool?
[00:30] <TheXPhial> lava?
[00:44] *** Guo_Si has quit (Ping timeout: 240 seconds)
[00:46] *** TheXPhial has quit (Ping timeout: 240 seconds)
archivist@irc-archive:~/logs$ cat irc_philosophical_solipsism_416.txt
[LOG: #aethera | 3 users | 20 messages | philosophical | ENDS: gline]


2026-01-04 20:28:51,480 | INFO | 
============================================================
CHUNK 1 GENERATOR PROMPT
============================================================
Prompt length: 3399 chars
Scaffold (cached): 3399 chars
Accumulated: 0 chars
Prefill: '[00:00] <'

--- FULL PROMPT ---
archivist@irc-archive:~$ cd logs
archivist@irc-archive:~/logs$ ls
manifest.txt
irc_log_001.txt
irc_log_002.txt
irc_log_003.txt
irc_log_004.txt
irc_philosophical_solipsism_416.txt
archivist@irc-archive:~/logs$ cat irc_log_001.txt
[LOG: #aethera | 2 users | 5 messages | technical | ENDS: quit]
[00:00] <Ben174> If they only realized 90% of the overtime they pay me is only cause i like staying here playing with Kazaa when the bandwidth picks up after hours.
[00:12] <ChrisLMB> If any of my employees did that they'd be fired instantly.
[00:18] <Ben174> Where u work?
[00:24] <ChrisLMB> I'm the CTO at LowerMyBills.com
[00:26] *** Ben174 (BenWright@TeraPro33-41.LowerMyBills.com) has quit (Leaving)
archivist@irc-archive:~/logs$ cat irc_log_002.txt
[LOG: #aethera | 2 users | 14 messages | technical | ENDS: quit]
[00:00] <docsigma2000> jesus christ man
[00:04] <docsigma2000> my son is sooooooo dead
[00:12] <c8info> Why?
[00:18] <docsigma2000> hes been looking at internet web sites in fucking EUROPE
[00:24] <docsigma2000> HE IS SURFING LONG DISTANCE
[00:30] <docsigma2000> our fucking phone bill is gonna be nuts
[00:48] <c8info> Ooh, this is bad. Surfing long distance adds an extra $69.99 to your bill per hour.
[00:54] <docsigma2000> ...!!!!!! FUCK FUCK FUCK
[01:02] <docsigma2000> is there some plan we can sign up for???
[01:10] <docsigma2000> cuz theres some cool stuff in europe, but i dun wanna pay that much
[01:26] <c8info> Sorry, no. There is no plan. you'll have to live with it.
[01:36] <docsigma2000> o well, i can live without europe intenet sites.
[01:44] <docsigma2000> but till i figure out how to block it hes sooooo dead
[02:02] <c8info> By the way, I'm from Europe, your chatting long distance.
[02:04] *** docsigma2000 has quit (Connection reset by peer)
archivist@irc-archive:~/logs$ cat irc_log_003.txt
[LOG: #aethera | 3 users | 15 messages | chaotic | ENDS: mass_kick]
[00:00] <Donut[AFK]> HEY EURAKARTE
[00:03] <Donut[AFK]> INSULT
[00:06] <Eurakarte> RETORT
[00:09] <Donut[AFK]> COUNTER-RETORT
[00:12] <Eurakarte> QUESTIONING OF SEXUAL PREFERENCE
[00:16] <Donut[AFK]> SUGGESTION TO SHUT THE FUCK UP
[00:20] <Eurakarte> NOTATION THAT YOU CREATE A VACUUM
[00:24] <Donut[AFK]> RIPOSTE
[00:27] <Donut[AFK]> ADDON RIPOSTE
[00:30] <Eurakarte> COUNTER-RIPOSTE
[00:34] <Donut[AFK]> COUNTER-COUNTER RIPOSTE
[00:38] <Eurakarte> NONSENSICAL STATEMENT INVOLVING PLANKTON
[00:44] <Miles_Prower> RESPONSE TO RANDOM STATEMENT AND THREAT TO BAN OPPOSING SIDES
[00:50] <Eurakarte> WORDS OF PRAISE FOR FISHFOOD
[00:56] <Miles_Prower> ACKNOWLEDGEMENT AND ACCEPTENCE OF TERMS
[01:00] *** ChanServ sets mode: +b *!*@*
[01:00] *** Donut[AFK] was kicked by ChanServ (banned: excessive caps)
[01:00] *** Eurakarte was kicked by ChanServ (banned: excessive caps)
archivist@irc-archive:~/logs$ cat irc_log_004.txt
[LOG: #aethera | 2 users | 6 messages | philosophical | ENDS: ping_timeout]
[00:00] <Guo_Si> Hey, you know what sucks?
[00:04] <TheXPhial> vaccuums
[00:10] <Guo_Si> Hey, you know what sucks in a metaphorical sense?
[00:16] <TheXPhial> black holes
[00:24] <Guo_Si> Hey, you know what just isn't cool?
[00:30] <TheXPhial> lava?
[00:44] *** Guo_Si has quit (Ping timeout: 240 seconds)
[00:46] *** TheXPhial has quit (Ping timeout: 240 seconds)
archivist@irc-archive:~/logs$ cat irc_philosophical_solipsism_416.txt
[LOG: #aethera | 3 users | 20 messages | philosophical | ENDS: gline]


2026-01-04 20:28:58,581 | INFO | 
============================================================
CHUNK 1 JUDGE PROMPT
============================================================
You are judging IRC chat log continuations for an art project called Aethera.

            IMPORTANT: These candidates are RAW COMPLETIONS from a base language model operating
            in continuation mode. Some responses may be partially cut off; this is normal for a short max token count.
            The generator sees the full scaffold prompt (with examples showing
            the target message count and collapse type) plus all previously generated content.

            The generator should naturally pace toward the target - your job is to select the 
            highest quality continuation that feels most authentic and narratively coherent.

            The chat should feel:
            - Natural and organic, like real IRC conversations
            - Slightly unsettling, with undertones of digital decay
            - Varied in pacing - not every line needs a response
            - Authentic to IRC culture (lurkers, netsplits, casual banter)

            === TARGET: 20 messages ===

            This is the OPENING of a new IRC fragment.
            Select the candidate that establishes the best foundation for a ~20 message conversation.


            Candidates to judge:

--- CANDIDATE 1 (5 lines) ---
Descartes> I think, therefore I am. But how can I be sure any of you truly exist outside my own mind?
[00:08] <Plato> Perhaps we are merely shadows on the wall of your mental cave. Illusions and nothing more.
[00:14] <Descartes> Indeed. For all I know, an evil demon could be deceiving me into believing in your existence.
[00:22] <Berkeley> Or perhaps God is the only mind that truly exists, and we are all just ideas in the divine consciousness. 
[00:30] <Descartes> A troubling notion. How can I ever escape this prison of sub

--- CANDIDATE 2 (5 lines) ---
Descartes> I think, therefore I am. But how do I know any of you really exist outside my own mind?
[00:12] <Locke> Our perceptions and experiences may be unreliable, but we must accept some basic truths, like the existence of other minds, in order to function.
[00:24] <Berkeley> The only things we can be certain of are the ideas and perceptions in our own minds. Anything beyond that is open to doubt.
[00:36] <Descartes> Exactly! For all I know, an evil demon could be deceiving me into believing in an external world and other minds. 
[00:

--- CANDIDATE 3 (5 lines) ---
Philosopher> I've been pondering the nature of reality lately. What if I'm the only mind that truly exists?
[00:10] <Skeptic> That's ridiculous. There are billions of other people in the world. We can't all be figments of your imagination.
[00:18] <Philosopher> But how can I be certain of that? I only have direct access to my own perceptions and experiences.
[00:25] <Philosopher> Everything else, including other people, could just be an illusion generated by my mind. I have no way to conclusively prove otherwise.
[00:36] <Skeptic> Occam's Razor suggests

--- CANDIDATE 4 (5 lines) ---
Philosopher> How can we be sure that reality exists outside of our own minds?
[00:12] <Skeptic> We can't. All we can know for certain is the contents of our own consciousness. 
[00:24] <Philosopher> But isn't it more likely that an external world does exist, rather than everything being an illusion in our minds?
[00:36] <Skeptic> More likely based on what? Our perceptions and reasoning could themselves be illusions. There's no way to conclusively prove an external reality.
[00:48] <Philosopher> Occam's razor suggests the simplest explanation is usually correct. A real external world seems

--- CANDIDATE 5 (5 lines) ---
DesCartes> I think, therefore I am. But how can I be certain that anything else exists outside my own mind?
[00:12] <Locke> Our senses give us knowledge of external things. We can perceive an objective reality.
[00:28] <Berkeley> Ah, but our senses can be deceived! Colors, sounds, tastes - these are all ideas in the mind, not inherent properties of objects.
[00:45] <DesCartes> Exactly! For all I know, an evil demon could be deceiving me about the entire external world. My thoughts are the only thing I can be sure of.
[01:08


            Respond with ONLY valid JSON:
            {"candidate_index": <0-based index>, "rating": <1-10>, "reasoning": "<brief explanation>"}

2026-01-04 20:29:05,135 | INFO | 
============================================================
CHUNK 1 JUDGE RESPONSE
============================================================
{"candidate_index": 2, "rating": 7, "reasoning": "Flows coherently, timestamps/angle-bracket nicks mostly correct, philosophical topic fits eerie tone. Only minor IRC-format slip on first line and last line truncation, but still the strongest and least broken among the five."}

2026-01-04 20:29:05,135 | INFO | 
============================================================
CHUNK 1 WINNER
============================================================
Philosopher> I've been pondering the nature of reality lately. What if I'm the only mind that truly exists?
[00:10] <Skeptic> That's ridiculous. There are billions of other people in the world. We can't all be figments of your imagination.
[00:18] <Philosopher> But how can I be certain of that? I only have direct access to my own perceptions and experiences.
[00:25] <Philosopher> Everything else, including other people, could just be an illusion generated by my mind. I have no way to conclusively prove otherwise.
[00:36] <Skeptic> Occam's Razor suggests

2026-01-04 20:29:05,136 | INFO | 
============================================================
CHUNK 2 GENERATOR PROMPT
============================================================
Prompt length: 3969 chars
Scaffold (cached): 3399 chars
Accumulated: 570 chars
Prefill: ''

--- FULL PROMPT ---
archivist@irc-archive:~$ cd logs
archivist@irc-archive:~/logs$ ls
manifest.txt
irc_log_001.txt
irc_log_002.txt
irc_log_003.txt
irc_log_004.txt
irc_philosophical_solipsism_416.txt
archivist@irc-archive:~/logs$ cat irc_log_001.txt
[LOG: #aethera | 2 users | 5 messages | technical | ENDS: quit]
[00:00] <Ben174> If they only realized 90% of the overtime they pay me is only cause i like staying here playing with Kazaa when the bandwidth picks up after hours.
[00:12] <ChrisLMB> If any of my employees did that they'd be fired instantly.
[00:18] <Ben174> Where u work?
[00:24] <ChrisLMB> I'm the CTO at LowerMyBills.com
[00:26] *** Ben174 (BenWright@TeraPro33-41.LowerMyBills.com) has quit (Leaving)
archivist@irc-archive:~/logs$ cat irc_log_002.txt
[LOG: #aethera | 2 users | 14 messages | technical | ENDS: quit]
[00:00] <docsigma2000> jesus christ man
[00:04] <docsigma2000> my son is sooooooo dead
[00:12] <c8info> Why?
[00:18] <docsigma2000> hes been looking at internet web sites in fucking EUROPE
[00:24] <docsigma2000> HE IS SURFING LONG DISTANCE
[00:30] <docsigma2000> our fucking phone bill is gonna be nuts
[00:48] <c8info> Ooh, this is bad. Surfing long distance adds an extra $69.99 to your bill per hour.
[00:54] <docsigma2000> ...!!!!!! FUCK FUCK FUCK
[01:02] <docsigma2000> is there some plan we can sign up for???
[01:10] <docsigma2000> cuz theres some cool stuff in europe, but i dun wanna pay that much
[01:26] <c8info> Sorry, no. There is no plan. you'll have to live with it.
[01:36] <docsigma2000> o well, i can live without europe intenet sites.
[01:44] <docsigma2000> but till i figure out how to block it hes sooooo dead
[02:02] <c8info> By the way, I'm from Europe, your chatting long distance.
[02:04] *** docsigma2000 has quit (Connection reset by peer)
archivist@irc-archive:~/logs$ cat irc_log_003.txt
[LOG: #aethera | 3 users | 15 messages | chaotic | ENDS: mass_kick]
[00:00] <Donut[AFK]> HEY EURAKARTE
[00:03] <Donut[AFK]> INSULT
[00:06] <Eurakarte> RETORT
[00:09] <Donut[AFK]> COUNTER-RETORT
[00:12] <Eurakarte> QUESTIONING OF SEXUAL PREFERENCE
[00:16] <Donut[AFK]> SUGGESTION TO SHUT THE FUCK UP
[00:20] <Eurakarte> NOTATION THAT YOU CREATE A VACUUM
[00:24] <Donut[AFK]> RIPOSTE
[00:27] <Donut[AFK]> ADDON RIPOSTE
[00:30] <Eurakarte> COUNTER-RIPOSTE
[00:34] <Donut[AFK]> COUNTER-COUNTER RIPOSTE
[00:38] <Eurakarte> NONSENSICAL STATEMENT INVOLVING PLANKTON
[00:44] <Miles_Prower> RESPONSE TO RANDOM STATEMENT AND THREAT TO BAN OPPOSING SIDES
[00:50] <Eurakarte> WORDS OF PRAISE FOR FISHFOOD
[00:56] <Miles_Prower> ACKNOWLEDGEMENT AND ACCEPTENCE OF TERMS
[01:00] *** ChanServ sets mode: +b *!*@*
[01:00] *** Donut[AFK] was kicked by ChanServ (banned: excessive caps)
[01:00] *** Eurakarte was kicked by ChanServ (banned: excessive caps)
archivist@irc-archive:~/logs$ cat irc_log_004.txt
[LOG: #aethera | 2 users | 6 messages | philosophical | ENDS: ping_timeout]
[00:00] <Guo_Si> Hey, you know what sucks?
[00:04] <TheXPhial> vaccuums
[00:10] <Guo_Si> Hey, you know what sucks in a metaphorical sense?
[00:16] <TheXPhial> black holes
[00:24] <Guo_Si> Hey, you know what just isn't cool?
[00:30] <TheXPhial> lava?
[00:44] *** Guo_Si has quit (Ping timeout: 240 seconds)
[00:46] *** TheXPhial has quit (Ping timeout: 240 seconds)
archivist@irc-archive:~/logs$ cat irc_philosophical_solipsism_416.txt
[LOG: #aethera | 3 users | 20 messages | philosophical | ENDS: gline]

[00:00] <Philosopher> I've been pondering the nature of reality lately. What if I'm the only mind that truly exists?
[00:10] <Skeptic> That's ridiculous. There are billions of other people in the world. We can't all be figments of your imagination.
[00:18] <Philosopher> But how can I be certain of that? I only have direct access to my own perceptions and experiences.
[00:25] <Philosopher> Everything else, including other people, could just be an illusion generated by my mind. I have no way to conclusively prove otherwise.
[00:36] <Skeptic> Occam's Razor suggests


2026-01-04 20:29:11,850 | INFO | 
============================================================
CHUNK 2 JUDGE PROMPT
============================================================
You are judging IRC chat log continuations for an art project called Aethera.

            IMPORTANT: These candidates are RAW COMPLETIONS from a base language model operating
            in continuation mode. Some responses may be partially cut off; this is normal for a short max token count.
            The generator sees the full scaffold prompt (with examples showing
            the target message count and collapse type) plus all previously generated content.

            The generator should naturally pace toward the target - your job is to select the 
            highest quality continuation that feels most authentic and narratively coherent.

            The chat should feel:
            - Natural and organic, like real IRC conversations
            - Slightly unsettling, with undertones of digital decay
            - Varied in pacing - not every line needs a response
            - Authentic to IRC culture (lurkers, netsplits, casual banter)

            === PROGRESS: 5/20 messages (25%) ===

            We're in the OPENING phase. Favor candidates that establish interesting dynamics and characters.

            === TRANSCRIPT SO FAR ===
            [00:00] <Philosopher> I've been pondering the nature of reality lately. What if I'm the only mind that truly exists?
[00:10] <Skeptic> That's ridiculous. There are billions of other people in the world. We can't all be figments of your imagination.
[00:18] <Philosopher> But how can I be certain of that? I only have direct access to my own perceptions and experiences.
[00:25] <Philosopher> Everything else, including other people, could just be an illusion generated by my mind. I have no way to conclusively prove otherwise.
[00:36] <Skeptic> Occam's Razor suggests
            === END TRANSCRIPT ===

            The candidates below are CONTINUATIONS of this transcript.
            Select the one that best continues the narrative while:
            - Maintaining consistent tone and character voices
            - Keeping natural conversation flow
            - Pacing appropriately toward the target length


            Candidates to judge:

--- CANDIDATE 1 (5 lines) ---
the simplest explanation is usually correct. A universe full of real people is far simpler than some grand illusion in your head.
[00:48] <Philosopher> Occam's Razor is just a heuristic though, not a law. My mind creating an illusion of reality is not logically impossible.
[01:02] <Skeptic> Even if it's not impossible, it's incredibly implausible. Why would your mind go to such lengths to deceive you? 
[01:14] <Philosopher> Maybe as some form of psychological defense mechanism. Or maybe this is all a simulation and the programmers are testing variations.
[01:30]

--- CANDIDATE 2 (4 lines) ---
the simplest explanation is most likely true. A universe with billions of real minds is far simpler than one mind hallucinating everything.
[00:48] <Philosopher> Perhaps, but even Occam's Razor relies on certain unprovable assumptions. In the end, I can't escape the fact that my mind is my only true point of reference.  
[01:02] <Skeptic> So you're saying you might be utterly alone, with no other real people, dreaming up the entire universe? That's a pretty lonely and bleak outlook.
[01:15] <Philosopher> It's unsettling for sure. But I have to acknowledge the possibility, even

--- CANDIDATE 3 (5 lines) ---
the simplest explanation is usually correct. A world full of real people is a simpler hypothesis than solipsism.
[00:44] <Philosopher> Perhaps, but simplicity alone doesn't make something true. My mind COULD be complex enough to generate this entire perceived reality. 
[00:52] <Skeptic> Even if that's possible, what reason is there to actually believe it's true? Solipsism raises far more questions than it answers.
[01:03] <Philosopher> The fact that I can never be 100% certain other minds exist is reason enough to entertain the possibility. Absolute certainty is impossible.
[01:15] <Skept

--- CANDIDATE 4 (4 lines) ---
the simplest explanation is most likely true. A world full of real people is far simpler than your mind inventing an entire universe.
[00:47] <Philosopher> Perhaps, but even Occam's Razor relies on certain unprovable assumptions. In the end, I can only be certain that I exist. "I think, therefore I am."
[00:58] <Skeptic> Solipsism is an unproductive dead-end though. Even if unfalsifiable, it's more useful to assume an objective reality and other minds exist. 
[01:12] <Philosopher> Is it unproductive? Questioning the foundations of knowledge and existence seems crucial for

--- CANDIDATE 5 (4 lines) ---
the simplest explanation is usually correct. A world with billions of real minds is a far simpler and more plausible explanation than solipsism.
[00:45] <Philosopher> Perhaps, but Occam's Razor is just a heuristic, not a law of logic. My mind COULD be generating this entire reality, no matter how implausible it seems.
[00:54] <Skeptic> But why would you assume that? There's no positive evidence for solipsism, while there's abundant evidence that other minds exist. 
[01:03] <Philosopher> The "evidence" exists within the reality I'm questioning though. It's circular reasoning.


            Respond with ONLY valid JSON:
            {"candidate_index": <0-based index>, "rating": <1-10>, "reasoning": "<brief explanation>"}

2026-01-04 20:29:22,603 | INFO | 
============================================================
CHUNK 2 JUDGE RESPONSE
============================================================
{"candidate_index": 0, "rating": 7, "reasoning": "Flows naturally, includes timestamps & nicks after initial continuation, adds interesting simulation angle that fits unsettling tone. Minor formatting issues (first line lacks nick, final timestamp empty) but still more complete and engaging than others; others are abruptly cut mid-sentence or less atmospheric."}

2026-01-04 20:29:22,603 | INFO | 
============================================================
CHUNK 2 WINNER
============================================================
the simplest explanation is usually correct. A universe full of real people is far simpler than some grand illusion in your head.
[00:48] <Philosopher> Occam's Razor is just a heuristic though, not a law. My mind creating an illusion of reality is not logically impossible.
[01:02] <Skeptic> Even if it's not impossible, it's incredibly implausible. Why would your mind go to such lengths to deceive you? 
[01:14] <Philosopher> Maybe as some form of psychological defense mechanism. Or maybe this is all a simulation and the programmers are testing variations.
[01:30]

2026-01-04 20:29:22,604 | INFO | 
============================================================
CHUNK 3 GENERATOR PROMPT
============================================================
Prompt length: 4538 chars
Scaffold (cached): 3399 chars
Accumulated: 1139 chars
Prefill: ''

--- FULL PROMPT ---
archivist@irc-archive:~$ cd logs
archivist@irc-archive:~/logs$ ls
manifest.txt
irc_log_001.txt
irc_log_002.txt
irc_log_003.txt
irc_log_004.txt
irc_philosophical_solipsism_416.txt
archivist@irc-archive:~/logs$ cat irc_log_001.txt
[LOG: #aethera | 2 users | 5 messages | technical | ENDS: quit]
[00:00] <Ben174> If they only realized 90% of the overtime they pay me is only cause i like staying here playing with Kazaa when the bandwidth picks up after hours.
[00:12] <ChrisLMB> If any of my employees did that they'd be fired instantly.
[00:18] <Ben174> Where u work?
[00:24] <ChrisLMB> I'm the CTO at LowerMyBills.com
[00:26] *** Ben174 (BenWright@TeraPro33-41.LowerMyBills.com) has quit (Leaving)
archivist@irc-archive:~/logs$ cat irc_log_002.txt
[LOG: #aethera | 2 users | 14 messages | technical | ENDS: quit]
[00:00] <docsigma2000> jesus christ man
[00:04] <docsigma2000> my son is sooooooo dead
[00:12] <c8info> Why?
[00:18] <docsigma2000> hes been looking at internet web sites in fucking EUROPE
[00:24] <docsigma2000> HE IS SURFING LONG DISTANCE
[00:30] <docsigma2000> our fucking phone bill is gonna be nuts
[00:48] <c8info> Ooh, this is bad. Surfing long distance adds an extra $69.99 to your bill per hour.
[00:54] <docsigma2000> ...!!!!!! FUCK FUCK FUCK
[01:02] <docsigma2000> is there some plan we can sign up for???
[01:10] <docsigma2000> cuz theres some cool stuff in europe, but i dun wanna pay that much
[01:26] <c8info> Sorry, no. There is no plan. you'll have to live with it.
[01:36] <docsigma2000> o well, i can live without europe intenet sites.
[01:44] <docsigma2000> but till i figure out how to block it hes sooooo dead
[02:02] <c8info> By the way, I'm from Europe, your chatting long distance.
[02:04] *** docsigma2000 has quit (Connection reset by peer)
archivist@irc-archive:~/logs$ cat irc_log_003.txt
[LOG: #aethera | 3 users | 15 messages | chaotic | ENDS: mass_kick]
[00:00] <Donut[AFK]> HEY EURAKARTE
[00:03] <Donut[AFK]> INSULT
[00:06] <Eurakarte> RETORT
[00:09] <Donut[AFK]> COUNTER-RETORT
[00:12] <Eurakarte> QUESTIONING OF SEXUAL PREFERENCE
[00:16] <Donut[AFK]> SUGGESTION TO SHUT THE FUCK UP
[00:20] <Eurakarte> NOTATION THAT YOU CREATE A VACUUM
[00:24] <Donut[AFK]> RIPOSTE
[00:27] <Donut[AFK]> ADDON RIPOSTE
[00:30] <Eurakarte> COUNTER-RIPOSTE
[00:34] <Donut[AFK]> COUNTER-COUNTER RIPOSTE
[00:38] <Eurakarte> NONSENSICAL STATEMENT INVOLVING PLANKTON
[00:44] <Miles_Prower> RESPONSE TO RANDOM STATEMENT AND THREAT TO BAN OPPOSING SIDES
[00:50] <Eurakarte> WORDS OF PRAISE FOR FISHFOOD
[00:56] <Miles_Prower> ACKNOWLEDGEMENT AND ACCEPTENCE OF TERMS
[01:00] *** ChanServ sets mode: +b *!*@*
[01:00] *** Donut[AFK] was kicked by ChanServ (banned: excessive caps)
[01:00] *** Eurakarte was kicked by ChanServ (banned: excessive caps)
archivist@irc-archive:~/logs$ cat irc_log_004.txt
[LOG: #aethera | 2 users | 6 messages | philosophical | ENDS: ping_timeout]
[00:00] <Guo_Si> Hey, you know what sucks?
[00:04] <TheXPhial> vaccuums
[00:10] <Guo_Si> Hey, you know what sucks in a metaphorical sense?
[00:16] <TheXPhial> black holes
[00:24] <Guo_Si> Hey, you know what just isn't cool?
[00:30] <TheXPhial> lava?
[00:44] *** Guo_Si has quit (Ping timeout: 240 seconds)
[00:46] *** TheXPhial has quit (Ping timeout: 240 seconds)
archivist@irc-archive:~/logs$ cat irc_philosophical_solipsism_416.txt
[LOG: #aethera | 3 users | 20 messages | philosophical | ENDS: gline]

[00:00] <Philosopher> I've been pondering the nature of reality lately. What if I'm the only mind that truly exists?
[00:10] <Skeptic> That's ridiculous. There are billions of other people in the world. We can't all be figments of your imagination.
[00:18] <Philosopher> But how can I be certain of that? I only have direct access to my own perceptions and experiences.
[00:25] <Philosopher> Everything else, including other people, could just be an illusion generated by my mind. I have no way to conclusively prove otherwise.
[00:36] <Skeptic> Occam's Razor suggests
the simplest explanation is usually correct. A universe full of real people is far simpler than some grand illusion in your head.
[00:48] <Philosopher> Occam's Razor is just a heuristic though, not a law. My mind creating an illusion of reality is not logically impossible.
[01:02] <Skeptic> Even if it's not impossible, it's incredibly implausible. Why would your mind go to such lengths to deceive you? 
[01:14] <Philosopher> Maybe as some form of psychological defense mechanism. Or maybe this is all a simulation and the programmers are testing variations.
[01:30]


2026-01-04 20:29:29,222 | INFO | 
============================================================
CHUNK 3 JUDGE PROMPT
============================================================
You are judging IRC chat log continuations for an art project called Aethera.

            IMPORTANT: These candidates are RAW COMPLETIONS from a base language model operating
            in continuation mode. Some responses may be partially cut off; this is normal for a short max token count.
            The generator sees the full scaffold prompt (with examples showing
            the target message count and collapse type) plus all previously generated content.

            The generator should naturally pace toward the target - your job is to select the 
            highest quality continuation that feels most authentic and narratively coherent.

            The chat should feel:
            - Natural and organic, like real IRC conversations
            - Slightly unsettling, with undertones of digital decay
            - Varied in pacing - not every line needs a response
            - Authentic to IRC culture (lurkers, netsplits, casual banter)

            === PROGRESS: 8/20 messages (40%) ===

            We're in the MIDDLE phase. Favor candidates that develop the conversation naturally.

            === TRANSCRIPT SO FAR ===
            [00:00] <Philosopher> I've been pondering the nature of reality lately. What if I'm the only mind that truly exists?
[00:10] <Skeptic> That's ridiculous. There are billions of other people in the world. We can't all be figments of your imagination.
[00:18] <Philosopher> But how can I be certain of that? I only have direct access to my own perceptions and experiences.
[00:25] <Philosopher> Everything else, including other people, could just be an illusion generated by my mind. I have no way to conclusively prove otherwise.
[00:36] <Skeptic> Occam's Razor suggests
the simplest explanation is usually correct. A universe full of real people is far simpler than some grand illusion in your head.
[00:48] <Philosopher> Occam's Razor is just a heuristic though, not a law. My mind creating an illusion of reality is not logically impossible.
[01:02] <Skeptic> Even if it's not impossible, it's incredibly implausible. Why would your mind go to such lengths to deceive you? 
[01:14] <Philosopher> Maybe as some form of psychological defense mechanism. Or maybe this is all a simulation and the programmers are testing variations.
[01:30]
            === END TRANSCRIPT ===

            The candidates below are CONTINUATIONS of this transcript.
            Select the one that best continues the narrative while:
            - Maintaining consistent tone and character voices
            - Keeping natural conversation flow
            - Pacing appropriately toward the target length


            Candidates to judge:

--- CANDIDATE 1 (4 lines) ---
<Skeptic> Those are just wild speculations though. You have no evidence whatsoever for such outlandish scenarios. 
[01:42] <Philosopher> True, but I also have no definitive evidence that anything outside my own mind is real. It's an impasse.
[01:56] <Skeptic> Living as if solipsism is true seems like a recipe for narcissism and sociopathy. Behaving ethically requires believing others are real.
[02:11] <Philosopher> Perhaps, but I can still choose to treat the "illusions" of other people kindly, in case I'm wrong. Pascal's Wager and all.

--- CANDIDATE 2 (7 lines) ---
<Skeptic> Those are some pretty far-fetched speculations without any real evidence. Believing other minds don't exist seems like a very lonely, solipsistic worldview. 
[01:42]
<Philosopher> I agree it's a lonely conclusion. But I'm just following the logic where it leads. I can't find any way to conclusively prove an external reality or other minds exist.
[01:56] 
<Skeptic> Taken to an extreme, that logic leads to paralysis and inability to function. At some point you have to accept basic facts about reality to get on with life.
[02:10]
<Philosopher> Perhaps. But

--- CANDIDATE 3 (4 lines) ---
<Skeptic>  That's quite a stretch. You're grasping at straws to justify an outlandish theory. The external world shows every sign of being real. 
[01:46] <Philosopher> Signs can be faked. At the end of the day, I can't get outside my own mind. Solipsism can't be conclusively disproven. 
[02:04] <Skeptic> Unfalsifiable theories are useless. They make no testable predictions. Pragmatically, we must assume other minds exist and act accordingly.
[02:22] <Philosopher> Useful or not, solipsism remains a valid philosophical

--- CANDIDATE 4 (5 lines) ---
<Skeptic> A simulation? Now you're just jumping to wild unsupported conclusions. There's no evidence reality is a simulation.
[01:42] <Philosopher> I agree it's speculative. But the simulation hypothesis is unfalsifiable - there's no way to definitively disprove it.
[01:56] <Skeptic> Unfalsifiable claims are not compelling. They're at best interesting thought experiments, not serious proposals about reality.
[02:10] <Philosopher> Fair point. I suppose at the end of the day, solipsism is more of a philosophical curiosity than a practical worldview.
[02:26] <Skeptic>

--- CANDIDATE 5 (5 lines) ---
<Skeptic> Those are wild speculations with no evidence. You're grasping at straws to justify an absurd idea.

[01:42] <Philosopher> I admit it's speculative. But the fact remains, I cannot prove with 100% certainty that anything beyond my own mind exists.

[01:55] <Skeptic> By that logic, you can't prove anything 100%. Yet we don't doubt the reality of the external world in our daily lives.

[02:10] <Philosopher> True, but entertaining these doubts, even if unresolvable, helps reveal the boundaries of what we can and cannot know.

[02:24


            Respond with ONLY valid JSON:
            {"candidate_index": <0-based index>, "rating": <1-10>, "reasoning": "<brief explanation>"}

2026-01-04 20:29:35,387 | INFO | 
============================================================
CHUNK 3 JUDGE RESPONSE
============================================================
{"candidate_index": 0, "rating": 8, "reasoning": "Flows naturally, correct IRC style, timestamps increment logically, no formatting errors, conversation develops. Other candidates have formatting issues or are truncated. Slightly lacking in unsettling undertone but overall highest quality."}

2026-01-04 20:29:35,387 | INFO | 
============================================================
CHUNK 3 WINNER
============================================================
<Skeptic> Those are just wild speculations though. You have no evidence whatsoever for such outlandish scenarios. 
[01:42] <Philosopher> True, but I also have no definitive evidence that anything outside my own mind is real. It's an impasse.
[01:56] <Skeptic> Living as if solipsism is true seems like a recipe for narcissism and sociopathy. Behaving ethically requires believing others are real.
[02:11] <Philosopher> Perhaps, but I can still choose to treat the "illusions" of other people kindly, in case I'm wrong. Pascal's Wager and all.

2026-01-04 20:29:35,388 | INFO | 
============================================================
CHUNK 4 GENERATOR PROMPT
============================================================
Prompt length: 5081 chars
Scaffold (cached): 3399 chars
Accumulated: 1682 chars
Prefill: ''

--- FULL PROMPT ---
archivist@irc-archive:~$ cd logs
archivist@irc-archive:~/logs$ ls
manifest.txt
irc_log_001.txt
irc_log_002.txt
irc_log_003.txt
irc_log_004.txt
irc_philosophical_solipsism_416.txt
archivist@irc-archive:~/logs$ cat irc_log_001.txt
[LOG: #aethera | 2 users | 5 messages | technical | ENDS: quit]
[00:00] <Ben174> If they only realized 90% of the overtime they pay me is only cause i like staying here playing with Kazaa when the bandwidth picks up after hours.
[00:12] <ChrisLMB> If any of my employees did that they'd be fired instantly.
[00:18] <Ben174> Where u work?
[00:24] <ChrisLMB> I'm the CTO at LowerMyBills.com
[00:26] *** Ben174 (BenWright@TeraPro33-41.LowerMyBills.com) has quit (Leaving)
archivist@irc-archive:~/logs$ cat irc_log_002.txt
[LOG: #aethera | 2 users | 14 messages | technical | ENDS: quit]
[00:00] <docsigma2000> jesus christ man
[00:04] <docsigma2000> my son is sooooooo dead
[00:12] <c8info> Why?
[00:18] <docsigma2000> hes been looking at internet web sites in fucking EUROPE
[00:24] <docsigma2000> HE IS SURFING LONG DISTANCE
[00:30] <docsigma2000> our fucking phone bill is gonna be nuts
[00:48] <c8info> Ooh, this is bad. Surfing long distance adds an extra $69.99 to your bill per hour.
[00:54] <docsigma2000> ...!!!!!! FUCK FUCK FUCK
[01:02] <docsigma2000> is there some plan we can sign up for???
[01:10] <docsigma2000> cuz theres some cool stuff in europe, but i dun wanna pay that much
[01:26] <c8info> Sorry, no. There is no plan. you'll have to live with it.
[01:36] <docsigma2000> o well, i can live without europe intenet sites.
[01:44] <docsigma2000> but till i figure out how to block it hes sooooo dead
[02:02] <c8info> By the way, I'm from Europe, your chatting long distance.
[02:04] *** docsigma2000 has quit (Connection reset by peer)
archivist@irc-archive:~/logs$ cat irc_log_003.txt
[LOG: #aethera | 3 users | 15 messages | chaotic | ENDS: mass_kick]
[00:00] <Donut[AFK]> HEY EURAKARTE
[00:03] <Donut[AFK]> INSULT
[00:06] <Eurakarte> RETORT
[00:09] <Donut[AFK]> COUNTER-RETORT
[00:12] <Eurakarte> QUESTIONING OF SEXUAL PREFERENCE
[00:16] <Donut[AFK]> SUGGESTION TO SHUT THE FUCK UP
[00:20] <Eurakarte> NOTATION THAT YOU CREATE A VACUUM
[00:24] <Donut[AFK]> RIPOSTE
[00:27] <Donut[AFK]> ADDON RIPOSTE
[00:30] <Eurakarte> COUNTER-RIPOSTE
[00:34] <Donut[AFK]> COUNTER-COUNTER RIPOSTE
[00:38] <Eurakarte> NONSENSICAL STATEMENT INVOLVING PLANKTON
[00:44] <Miles_Prower> RESPONSE TO RANDOM STATEMENT AND THREAT TO BAN OPPOSING SIDES
[00:50] <Eurakarte> WORDS OF PRAISE FOR FISHFOOD
[00:56] <Miles_Prower> ACKNOWLEDGEMENT AND ACCEPTENCE OF TERMS
[01:00] *** ChanServ sets mode: +b *!*@*
[01:00] *** Donut[AFK] was kicked by ChanServ (banned: excessive caps)
[01:00] *** Eurakarte was kicked by ChanServ (banned: excessive caps)
archivist@irc-archive:~/logs$ cat irc_log_004.txt
[LOG: #aethera | 2 users | 6 messages | philosophical | ENDS: ping_timeout]
[00:00] <Guo_Si> Hey, you know what sucks?
[00:04] <TheXPhial> vaccuums
[00:10] <Guo_Si> Hey, you know what sucks in a metaphorical sense?
[00:16] <TheXPhial> black holes
[00:24] <Guo_Si> Hey, you know what just isn't cool?
[00:30] <TheXPhial> lava?
[00:44] *** Guo_Si has quit (Ping timeout: 240 seconds)
[00:46] *** TheXPhial has quit (Ping timeout: 240 seconds)
archivist@irc-archive:~/logs$ cat irc_philosophical_solipsism_416.txt
[LOG: #aethera | 3 users | 20 messages | philosophical | ENDS: gline]

[00:00] <Philosopher> I've been pondering the nature of reality lately. What if I'm the only mind that truly exists?
[00:10] <Skeptic> That's ridiculous. There are billions of other people in the world. We can't all be figments of your imagination.
[00:18] <Philosopher> But how can I be certain of that? I only have direct access to my own perceptions and experiences.
[00:25] <Philosopher> Everything else, including other people, could just be an illusion generated by my mind. I have no way to conclusively prove otherwise.
[00:36] <Skeptic> Occam's Razor suggests
the simplest explanation is usually correct. A universe full of real people is far simpler than some grand illusion in your head.
[00:48] <Philosopher> Occam's Razor is just a heuristic though, not a law. My mind creating an illusion of reality is not logically impossible.
[01:02] <Skeptic> Even if it's not impossible, it's incredibly implausible. Why would your mind go to such lengths to deceive you? 
[01:14] <Philosopher> Maybe as some form of psychological defense mechanism. Or maybe this is all a simulation and the programmers are testing variations.
[01:30]
<Skeptic> Those are just wild speculations though. You have no evidence whatsoever for such outlandish scenarios. 
[01:42] <Philosopher> True, but I also have no definitive evidence that anything outside my own mind is real. It's an impasse.
[01:56] <Skeptic> Living as if solipsism is true seems like a recipe for narcissism and sociopathy. Behaving ethically requires believing others are real.
[02:11] <Philosopher> Perhaps, but I can still choose to treat the "illusions" of other people kindly, in case I'm wrong. Pascal's Wager and all.


2026-01-04 20:29:42,131 | INFO | 
============================================================
CHUNK 4 JUDGE PROMPT
============================================================
You are judging IRC chat log continuations for an art project called Aethera.

            IMPORTANT: These candidates are RAW COMPLETIONS from a base language model operating
            in continuation mode. Some responses may be partially cut off; this is normal for a short max token count.
            The generator sees the full scaffold prompt (with examples showing
            the target message count and collapse type) plus all previously generated content.

            The generator should naturally pace toward the target - your job is to select the 
            highest quality continuation that feels most authentic and narratively coherent.

            The chat should feel:
            - Natural and organic, like real IRC conversations
            - Slightly unsettling, with undertones of digital decay
            - Varied in pacing - not every line needs a response
            - Authentic to IRC culture (lurkers, netsplits, casual banter)

            === PROGRESS: 12/20 messages (60%) ===

            We're in the MIDDLE phase. Favor candidates that develop the conversation naturally.

            === TRANSCRIPT SO FAR ===
            [00:00] <Philosopher> I've been pondering the nature of reality lately. What if I'm the only mind that truly exists?
[00:10] <Skeptic> That's ridiculous. There are billions of other people in the world. We can't all be figments of your imagination.
[00:18] <Philosopher> But how can I be certain of that? I only have direct access to my own perceptions and experiences.
[00:25] <Philosopher> Everything else, including other people, could just be an illusion generated by my mind. I have no way to conclusively prove otherwise.
[00:36] <Skeptic> Occam's Razor suggests
the simplest explanation is usually correct. A universe full of real people is far simpler than some grand illusion in your head.
[00:48] <Philosopher> Occam's Razor is just a heuristic though, not a law. My mind creating an illusion of reality is not logically impossible.
[01:02] <Skeptic> Even if it's not impossible, it's incredibly implausible. Why would your mind go to such lengths to deceive you? 
[01:14] <Philosopher> Maybe as some form of psychological defense mechanism. Or maybe this is all a simulation and the programmers are testing variations.
[01:30]
<Skeptic> Those are just wild speculations though. You have no evidence whatsoever for such outlandish scenarios. 
[01:42] <Philosopher> True, but I also have no definitive evidence that anything outside my own mind is real. It's an impasse.
[01:56] <Skeptic> Living as if solipsism is true seems like a recipe for narcissism and sociopathy. Behaving ethically requires believing others are real.
[02:11] <Philosopher> Perhaps, but I can still choose to treat the "illusions" of other people kindly, in case I'm wrong. Pascal's Wager and all.
            === END TRANSCRIPT ===

            The candidates below are CONTINUATIONS of this transcript.
            Select the one that best continues the narrative while:
            - Maintaining consistent tone and character voices
            - Keeping natural conversation flow
            - Pacing appropriately toward the target length


            Candidates to judge:

--- CANDIDATE 1 (4 lines) ---
[02:23] <Skeptic> But Pascal's Wager is a flawed argument. You can't just believe something because of the potential consequences if it's true.
[02:37] <Philosopher> Fair point. I suppose at the end of the day, solipsism is more of a thought experiment than a practical worldview.
[02:49] <Skeptic> Exactly. It's interesting to ponder, but we have to operate in the world as if other minds are real. Anything else leads down a dark path.
[03:02] <Philosopher> You're right. I may never achieve absolute certainty, but radical skepticism taken to an

--- CANDIDATE 2 (4 lines) ---
[02:25] <Skeptic> Pascal's Wager is a fallacious argument though. And if others aren't real, how can kindness or ethics even be meaningful concepts?
[02:38] <Philosopher> Hmm, fair point about Pascal's Wager. As for ethics, I suppose they would be arbitrary constructs in my mind, but I can still choose to adhere to them for my own sense of meaning.
[02:52] <Skeptic> Seems like flimsy grounds for morality. And a solipsistic worldview could justify any action, since others aren't "real". It's a dangerous path.
[03:08

--- CANDIDATE 3 (4 lines) ---
[02:18] <Oper> I'm sorry, but solipsistic discussions promoting the view that other people may not be real are not permitted in this channel.
[02:20] <Oper> While philosophical inquiry is encouraged, we have to draw the line at rhetoric that could be used to justify unethical conduct toward others.
[02:24] <Philosopher> I was just exploring ideas. I didn't mean any harm by it. I'm not saying we should actually treat people as illusions.
[02:30] <Oper> I understand you may have had benign intentions, but for the emotional safety of the community, we have to be firm on this

--- CANDIDATE 4 (4 lines) ---
[02:18] <Skeptic> Pascal's Wager is a flawed argument though. You can't force yourself to believe something just because of the consequences.
[02:24] <Philosopher> No, but I can choose my actions based on the possibility, however remote, that others are real. It's the safest bet.
[02:32] <Skeptic> I think we have very strong pragmatic reasons to believe other minds exist. Solipsism leads to an incoherent and unlivable worldview.
[02:38] <Philosopher> I agree it's pragmatic to assume others are real. I'm just not certain we can prove it

--- CANDIDATE 5 (5 lines) ---
[02:24] <Skeptic> Pascal's Wager is a flawed argument though. You can't just believe something because it's the "safe" bet.
[02:38] <Philosopher> I'm not saying I necessarily believe solipsism, just that I can't rule it out. It's an unresolvable question.
[02:52] <Skeptic> Unfalsifiable claims may be fun thought experiments, but they have no bearing on how we should actually live our lives.
[03:07] <Philosopher> Tell that to all the people throughout history who've derived meaning from pondering the unfalsifiable and unknowable.
[03


            Respond with ONLY valid JSON:
            {"candidate_index": <0-based index>, "rating": <1-10>, "reasoning": "<brief explanation>"}

2026-01-04 20:29:55,272 | INFO | 
============================================================
CHUNK 4 JUDGE RESPONSE
============================================================
{"candidate_index": 4, "rating": 7, "reasoning": "Keeps the debate alive without prematurely concluding, flows naturally with timestamps, preserves the two-person dynamic, and leaves room for further development. Slightly deeper than others; minimal abruptness and no channel-moderator derail. Minor truncation but acceptable for mid-phase."}

2026-01-04 20:29:55,272 | INFO | 
============================================================
CHUNK 4 WINNER
============================================================
[02:24] <Skeptic> Pascal's Wager is a flawed argument though. You can't just believe something because it's the "safe" bet.
[02:38] <Philosopher> I'm not saying I necessarily believe solipsism, just that I can't rule it out. It's an unresolvable question.
[02:52] <Skeptic> Unfalsifiable claims may be fun thought experiments, but they have no bearing on how we should actually live our lives.
[03:07] <Philosopher> Tell that to all the people throughout history who've derived meaning from pondering the unfalsifiable and unknowable.
[03

2026-01-04 20:29:55,273 | INFO | 
============================================================
CHUNK 5 GENERATOR PROMPT
============================================================
Prompt length: 5620 chars
Scaffold (cached): 3399 chars
Accumulated: 2221 chars
Prefill: ''

--- FULL PROMPT ---
archivist@irc-archive:~$ cd logs
archivist@irc-archive:~/logs$ ls
manifest.txt
irc_log_001.txt
irc_log_002.txt
irc_log_003.txt
irc_log_004.txt
irc_philosophical_solipsism_416.txt
archivist@irc-archive:~/logs$ cat irc_log_001.txt
[LOG: #aethera | 2 users | 5 messages | technical | ENDS: quit]
[00:00] <Ben174> If they only realized 90% of the overtime they pay me is only cause i like staying here playing with Kazaa when the bandwidth picks up after hours.
[00:12] <ChrisLMB> If any of my employees did that they'd be fired instantly.
[00:18] <Ben174> Where u work?
[00:24] <ChrisLMB> I'm the CTO at LowerMyBills.com
[00:26] *** Ben174 (BenWright@TeraPro33-41.LowerMyBills.com) has quit (Leaving)
archivist@irc-archive:~/logs$ cat irc_log_002.txt
[LOG: #aethera | 2 users | 14 messages | technical | ENDS: quit]
[00:00] <docsigma2000> jesus christ man
[00:04] <docsigma2000> my son is sooooooo dead
[00:12] <c8info> Why?
[00:18] <docsigma2000> hes been looking at internet web sites in fucking EUROPE
[00:24] <docsigma2000> HE IS SURFING LONG DISTANCE
[00:30] <docsigma2000> our fucking phone bill is gonna be nuts
[00:48] <c8info> Ooh, this is bad. Surfing long distance adds an extra $69.99 to your bill per hour.
[00:54] <docsigma2000> ...!!!!!! FUCK FUCK FUCK
[01:02] <docsigma2000> is there some plan we can sign up for???
[01:10] <docsigma2000> cuz theres some cool stuff in europe, but i dun wanna pay that much
[01:26] <c8info> Sorry, no. There is no plan. you'll have to live with it.
[01:36] <docsigma2000> o well, i can live without europe intenet sites.
[01:44] <docsigma2000> but till i figure out how to block it hes sooooo dead
[02:02] <c8info> By the way, I'm from Europe, your chatting long distance.
[02:04] *** docsigma2000 has quit (Connection reset by peer)
archivist@irc-archive:~/logs$ cat irc_log_003.txt
[LOG: #aethera | 3 users | 15 messages | chaotic | ENDS: mass_kick]
[00:00] <Donut[AFK]> HEY EURAKARTE
[00:03] <Donut[AFK]> INSULT
[00:06] <Eurakarte> RETORT
[00:09] <Donut[AFK]> COUNTER-RETORT
[00:12] <Eurakarte> QUESTIONING OF SEXUAL PREFERENCE
[00:16] <Donut[AFK]> SUGGESTION TO SHUT THE FUCK UP
[00:20] <Eurakarte> NOTATION THAT YOU CREATE A VACUUM
[00:24] <Donut[AFK]> RIPOSTE
[00:27] <Donut[AFK]> ADDON RIPOSTE
[00:30] <Eurakarte> COUNTER-RIPOSTE
[00:34] <Donut[AFK]> COUNTER-COUNTER RIPOSTE
[00:38] <Eurakarte> NONSENSICAL STATEMENT INVOLVING PLANKTON
[00:44] <Miles_Prower> RESPONSE TO RANDOM STATEMENT AND THREAT TO BAN OPPOSING SIDES
[00:50] <Eurakarte> WORDS OF PRAISE FOR FISHFOOD
[00:56] <Miles_Prower> ACKNOWLEDGEMENT AND ACCEPTENCE OF TERMS
[01:00] *** ChanServ sets mode: +b *!*@*
[01:00] *** Donut[AFK] was kicked by ChanServ (banned: excessive caps)
[01:00] *** Eurakarte was kicked by ChanServ (banned: excessive caps)
archivist@irc-archive:~/logs$ cat irc_log_004.txt
[LOG: #aethera | 2 users | 6 messages | philosophical | ENDS: ping_timeout]
[00:00] <Guo_Si> Hey, you know what sucks?
[00:04] <TheXPhial> vaccuums
[00:10] <Guo_Si> Hey, you know what sucks in a metaphorical sense?
[00:16] <TheXPhial> black holes
[00:24] <Guo_Si> Hey, you know what just isn't cool?
[00:30] <TheXPhial> lava?
[00:44] *** Guo_Si has quit (Ping timeout: 240 seconds)
[00:46] *** TheXPhial has quit (Ping timeout: 240 seconds)
archivist@irc-archive:~/logs$ cat irc_philosophical_solipsism_416.txt
[LOG: #aethera | 3 users | 20 messages | philosophical | ENDS: gline]

[00:00] <Philosopher> I've been pondering the nature of reality lately. What if I'm the only mind that truly exists?
[00:10] <Skeptic> That's ridiculous. There are billions of other people in the world. We can't all be figments of your imagination.
[00:18] <Philosopher> But how can I be certain of that? I only have direct access to my own perceptions and experiences.
[00:25] <Philosopher> Everything else, including other people, could just be an illusion generated by my mind. I have no way to conclusively prove otherwise.
[00:36] <Skeptic> Occam's Razor suggests
the simplest explanation is usually correct. A universe full of real people is far simpler than some grand illusion in your head.
[00:48] <Philosopher> Occam's Razor is just a heuristic though, not a law. My mind creating an illusion of reality is not logically impossible.
[01:02] <Skeptic> Even if it's not impossible, it's incredibly implausible. Why would your mind go to such lengths to deceive you? 
[01:14] <Philosopher> Maybe as some form of psychological defense mechanism. Or maybe this is all a simulation and the programmers are testing variations.
[01:30]
<Skeptic> Those are just wild speculations though. You have no evidence whatsoever for such outlandish scenarios. 
[01:42] <Philosopher> True, but I also have no definitive evidence that anything outside my own mind is real. It's an impasse.
[01:56] <Skeptic> Living as if solipsism is true seems like a recipe for narcissism and sociopathy. Behaving ethically requires believing others are real.
[02:11] <Philosopher> Perhaps, but I can still choose to treat the "illusions" of other people kindly, in case I'm wrong. Pascal's Wager and all.
[02:24] <Skeptic> Pascal's Wager is a flawed argument though. You can't just believe something because it's the "safe" bet.
[02:38] <Philosopher> I'm not saying I necessarily believe solipsism, just that I can't rule it out. It's an unresolvable question.
[02:52] <Skeptic> Unfalsifiable claims may be fun thought experiments, but they have no bearing on how we should actually live our lives.
[03:07] <Philosopher> Tell that to all the people throughout history who've derived meaning from pondering the unfalsifiable and unknowable.
[03


2026-01-04 20:30:01,670 | INFO | 
============================================================
CHUNK 5 JUDGE PROMPT
============================================================
You are judging IRC chat log continuations for an art project called Aethera.

            IMPORTANT: These candidates are RAW COMPLETIONS from a base language model operating
            in continuation mode. Some responses may be partially cut off; this is normal for a short max token count.
            The generator sees the full scaffold prompt (with examples showing
            the target message count and collapse type) plus all previously generated content.

            The generator should naturally pace toward the target - your job is to select the 
            highest quality continuation that feels most authentic and narratively coherent.

            The chat should feel:
            - Natural and organic, like real IRC conversations
            - Slightly unsettling, with undertones of digital decay
            - Varied in pacing - not every line needs a response
            - Authentic to IRC culture (lurkers, netsplits, casual banter)

            === PROGRESS: 16/20 messages (80%) ===

            We're APPROACHING THE END (4 messages left). Favor candidates that start steering toward a natural conclusion.

            === TRANSCRIPT SO FAR ===
            [00:00] <Philosopher> I've been pondering the nature of reality lately. What if I'm the only mind that truly exists?
[00:10] <Skeptic> That's ridiculous. There are billions of other people in the world. We can't all be figments of your imagination.
[00:18] <Philosopher> But how can I be certain of that? I only have direct access to my own perceptions and experiences.
[00:25] <Philosopher> Everything else, including other people, could just be an illusion generated by my mind. I have no way to conclusively prove otherwise.
[00:36] <Skeptic> Occam's Razor suggests
the simplest explanation is usually correct. A universe full of real people is far simpler than some grand illusion in your head.
[00:48] <Philosopher> Occam's Razor is just a heuristic though, not a law. My mind creating an illusion of reality is not logically impossible.
[01:02] <Skeptic> Even if it's not impossible, it's incredibly implausible. Why would your mind go to such lengths to deceive you? 
[01:14] <Philosopher> Maybe as some form of psychological defense mechanism. Or maybe this is all a simulation and the programmers are testing variations.
[01:30]
<Skeptic> Those are just wild speculations though. You have no evidence whatsoever for such outlandish scenarios. 
[01:42] <Philosopher> True, but I also have no definitive evidence that anything outside my own mind is real. It's an impasse.
[01:56] <Skeptic> Living as if solipsism is true seems like a recipe for narcissism and sociopathy. Behaving ethically requires believing others are real.
[02:11] <Philosopher> Perhaps, but I can still choose to treat the "illusions" of other people kindly, in case I'm wrong. Pascal's Wager and all.
[02:24] <Skeptic> Pascal's Wager is a flawed argument though. You can't just believe something because it's the "safe" bet.
[02:38] <Philosopher> I'm not saying I necessarily believe solipsism, just that I can't rule it out. It's an unresolvable question.
[02:52] <Skeptic> Unfalsifiable claims may be fun thought experiments, but they have no bearing on how we should actually live our lives.
[03:07] <Philosopher> Tell that to all the people throughout history who've derived meaning from pondering the unfalsifiable and unknowable.
[03
            === END TRANSCRIPT ===

            The candidates below are CONTINUATIONS of this transcript.
            Select the one that best continues the narrative while:
            - Maintaining consistent tone and character voices
            - Keeping natural conversation flow
            - Pacing appropriately toward the target length


            Candidates to judge:

--- CANDIDATE 1 (4 lines) ---
:20] <Skeptic> Those ponderings are still grounded in faith rather than reason though. At some point you have to acknowledge the practical limits of knowledge.
[03:35] <Philosopher> I agree we must acknowledge the limits, but those limits mean solipsism remains a valid, if disturbing, possibility. Certainty eludes us.
[03:50] <IRCop> Alright you two, as stimulating as this debate is, it's veering into some rather troubling territory. Let's give the solipsism talk a rest, okay?  
[04:02] <Philosopher> I suppose we've reached the end of what can be product

--- CANDIDATE 2 (4 lines) ---
:20] <Skeptic> Deriving "meaning" from unfalsifiable beliefs is all well and good for an individual. But we have to interact with the real, observable world.
[03:35] <Philosopher> I agree that radical skepticism taken to an extreme becomes impractical and paralyzing. But I still find value in entertaining these ideas.
[03:48] <Skeptic> There's a difference between philosophical exploration vs. actually living according to an unverifiable belief. The latter seems unwise.
[04:02] <Philosopher> I suppose my interest in solipsism is more intellectual than practical. I don't plan to start treating people as if they

--- CANDIDATE 3 (5 lines) ---
:19] <Skeptic> Just because an idea is thought-provoking doesn't make it true or useful. At some point, pragmatism has to win out.
[03:30] <Philosopher> "Useful" is relative. Exploring these questions, even inconclusively, expands the horizons of the mind.
[03:42] <Skeptic> Sophistry and mental masturbation isn't enlightenment. Without grounding in reality, it's just a feedback loop of delusion.
[03:53] *** Oper_42 has joined #aethera
[03:54] *** ChanServ sets mode

--- CANDIDATE 4 (5 lines) [CONTAINS COLLAPSE] ---
:20] <Skeptic> Most people are content not knowing all the answers. Obsessing over hard solipsism seems like a path to isolation and despair.
[03:36] <Philosopher> Or it could be a path to liberation and enlightenment, free from the shackles of consensus reality. Who's to say?
[03:50] <Skeptic> I think I've reached my limit with this conversation. Believe what you want, but don't expect me to entertain these absurdities any longer.
[04:02] *** Skeptic has quit (Quit: I'm out!)
[04:11] *** ChanServ

--- CANDIDATE 5 (4 lines) ---
:22] <Skeptic> Those ponderings are all well and good as intellectual exercises, but at the end of the day, we have to make practical and ethical choices in the real world. 
[03:36] <Skeptic> Assuming other minds don't exist leads down a dark path. Even if not 100% provable, it's by far the most reasonable position.
[03:48] <Philosopher> I'm not advocating for acting as if solipsism is true. Just noting that its unverifiability leaves us in a state of existential uncertainty.
[04:01] <Skeptic> Some element of uncertainty is unavoidable in life.


            Respond with ONLY valid JSON:
            {"candidate_index": <0-based index>, "rating": <1-10>, "reasoning": "<brief explanation>"}

2026-01-04 20:30:22,320 | INFO | 
============================================================
CHUNK 5 JUDGE RESPONSE
============================================================
{"candidate_index": 2, "rating": 7, "reasoning": "Smooth dialogue exchange that stays on theme, no cut-off sentences, and finishes with a pair of IRC system messages that lend a subtle digital decay feel. Although it adds one extra line beyond the suggested four, the pacing still feels natural and begins winding the discussion down without an abrupt truncation."}

2026-01-04 20:30:22,320 | INFO | 
============================================================
CHUNK 5 WINNER
============================================================
:19] <Skeptic> Just because an idea is thought-provoking doesn't make it true or useful. At some point, pragmatism has to win out.
[03:30] <Philosopher> "Useful" is relative. Exploring these questions, even inconclusively, expands the horizons of the mind.
[03:42] <Skeptic> Sophistry and mental masturbation isn't enlightenment. Without grounding in reality, it's just a feedback loop of delusion.
[03:53] *** Oper_42 has joined #aethera
[03:54] *** ChanServ sets mode

2026-01-04 20:30:22,320 | INFO | 
============================================================
CHUNK 6 GENERATOR PROMPT
============================================================
Prompt length: 6090 chars
Scaffold (cached): 3399 chars
Accumulated: 2691 chars
Prefill: ''

--- FULL PROMPT ---
archivist@irc-archive:~$ cd logs
archivist@irc-archive:~/logs$ ls
manifest.txt
irc_log_001.txt
irc_log_002.txt
irc_log_003.txt
irc_log_004.txt
irc_philosophical_solipsism_416.txt
archivist@irc-archive:~/logs$ cat irc_log_001.txt
[LOG: #aethera | 2 users | 5 messages | technical | ENDS: quit]
[00:00] <Ben174> If they only realized 90% of the overtime they pay me is only cause i like staying here playing with Kazaa when the bandwidth picks up after hours.
[00:12] <ChrisLMB> If any of my employees did that they'd be fired instantly.
[00:18] <Ben174> Where u work?
[00:24] <ChrisLMB> I'm the CTO at LowerMyBills.com
[00:26] *** Ben174 (BenWright@TeraPro33-41.LowerMyBills.com) has quit (Leaving)
archivist@irc-archive:~/logs$ cat irc_log_002.txt
[LOG: #aethera | 2 users | 14 messages | technical | ENDS: quit]
[00:00] <docsigma2000> jesus christ man
[00:04] <docsigma2000> my son is sooooooo dead
[00:12] <c8info> Why?
[00:18] <docsigma2000> hes been looking at internet web sites in fucking EUROPE
[00:24] <docsigma2000> HE IS SURFING LONG DISTANCE
[00:30] <docsigma2000> our fucking phone bill is gonna be nuts
[00:48] <c8info> Ooh, this is bad. Surfing long distance adds an extra $69.99 to your bill per hour.
[00:54] <docsigma2000> ...!!!!!! FUCK FUCK FUCK
[01:02] <docsigma2000> is there some plan we can sign up for???
[01:10] <docsigma2000> cuz theres some cool stuff in europe, but i dun wanna pay that much
[01:26] <c8info> Sorry, no. There is no plan. you'll have to live with it.
[01:36] <docsigma2000> o well, i can live without europe intenet sites.
[01:44] <docsigma2000> but till i figure out how to block it hes sooooo dead
[02:02] <c8info> By the way, I'm from Europe, your chatting long distance.
[02:04] *** docsigma2000 has quit (Connection reset by peer)
archivist@irc-archive:~/logs$ cat irc_log_003.txt
[LOG: #aethera | 3 users | 15 messages | chaotic | ENDS: mass_kick]
[00:00] <Donut[AFK]> HEY EURAKARTE
[00:03] <Donut[AFK]> INSULT
[00:06] <Eurakarte> RETORT
[00:09] <Donut[AFK]> COUNTER-RETORT
[00:12] <Eurakarte> QUESTIONING OF SEXUAL PREFERENCE
[00:16] <Donut[AFK]> SUGGESTION TO SHUT THE FUCK UP
[00:20] <Eurakarte> NOTATION THAT YOU CREATE A VACUUM
[00:24] <Donut[AFK]> RIPOSTE
[00:27] <Donut[AFK]> ADDON RIPOSTE
[00:30] <Eurakarte> COUNTER-RIPOSTE
[00:34] <Donut[AFK]> COUNTER-COUNTER RIPOSTE
[00:38] <Eurakarte> NONSENSICAL STATEMENT INVOLVING PLANKTON
[00:44] <Miles_Prower> RESPONSE TO RANDOM STATEMENT AND THREAT TO BAN OPPOSING SIDES
[00:50] <Eurakarte> WORDS OF PRAISE FOR FISHFOOD
[00:56] <Miles_Prower> ACKNOWLEDGEMENT AND ACCEPTENCE OF TERMS
[01:00] *** ChanServ sets mode: +b *!*@*
[01:00] *** Donut[AFK] was kicked by ChanServ (banned: excessive caps)
[01:00] *** Eurakarte was kicked by ChanServ (banned: excessive caps)
archivist@irc-archive:~/logs$ cat irc_log_004.txt
[LOG: #aethera | 2 users | 6 messages | philosophical | ENDS: ping_timeout]
[00:00] <Guo_Si> Hey, you know what sucks?
[00:04] <TheXPhial> vaccuums
[00:10] <Guo_Si> Hey, you know what sucks in a metaphorical sense?
[00:16] <TheXPhial> black holes
[00:24] <Guo_Si> Hey, you know what just isn't cool?
[00:30] <TheXPhial> lava?
[00:44] *** Guo_Si has quit (Ping timeout: 240 seconds)
[00:46] *** TheXPhial has quit (Ping timeout: 240 seconds)
archivist@irc-archive:~/logs$ cat irc_philosophical_solipsism_416.txt
[LOG: #aethera | 3 users | 20 messages | philosophical | ENDS: gline]

[00:00] <Philosopher> I've been pondering the nature of reality lately. What if I'm the only mind that truly exists?
[00:10] <Skeptic> That's ridiculous. There are billions of other people in the world. We can't all be figments of your imagination.
[00:18] <Philosopher> But how can I be certain of that? I only have direct access to my own perceptions and experiences.
[00:25] <Philosopher> Everything else, including other people, could just be an illusion generated by my mind. I have no way to conclusively prove otherwise.
[00:36] <Skeptic> Occam's Razor suggests
the simplest explanation is usually correct. A universe full of real people is far simpler than some grand illusion in your head.
[00:48] <Philosopher> Occam's Razor is just a heuristic though, not a law. My mind creating an illusion of reality is not logically impossible.
[01:02] <Skeptic> Even if it's not impossible, it's incredibly implausible. Why would your mind go to such lengths to deceive you? 
[01:14] <Philosopher> Maybe as some form of psychological defense mechanism. Or maybe this is all a simulation and the programmers are testing variations.
[01:30]
<Skeptic> Those are just wild speculations though. You have no evidence whatsoever for such outlandish scenarios. 
[01:42] <Philosopher> True, but I also have no definitive evidence that anything outside my own mind is real. It's an impasse.
[01:56] <Skeptic> Living as if solipsism is true seems like a recipe for narcissism and sociopathy. Behaving ethically requires believing others are real.
[02:11] <Philosopher> Perhaps, but I can still choose to treat the "illusions" of other people kindly, in case I'm wrong. Pascal's Wager and all.
[02:24] <Skeptic> Pascal's Wager is a flawed argument though. You can't just believe something because it's the "safe" bet.
[02:38] <Philosopher> I'm not saying I necessarily believe solipsism, just that I can't rule it out. It's an unresolvable question.
[02:52] <Skeptic> Unfalsifiable claims may be fun thought experiments, but they have no bearing on how we should actually live our lives.
[03:07] <Philosopher> Tell that to all the people throughout history who've derived meaning from pondering the unfalsifiable and unknowable.
[03
:19] <Skeptic> Just because an idea is thought-provoking doesn't make it true or useful. At some point, pragmatism has to win out.
[03:30] <Philosopher> "Useful" is relative. Exploring these questions, even inconclusively, expands the horizons of the mind.
[03:42] <Skeptic> Sophistry and mental masturbation isn't enlightenment. Without grounding in reality, it's just a feedback loop of delusion.
[03:53] *** Oper_42 has joined #aethera
[03:54] *** ChanServ sets mode


2026-01-04 20:30:28,823 | INFO | 
============================================================
CHUNK 6 JUDGE PROMPT
============================================================
You are judging IRC chat log continuations for an art project called Aethera.

            IMPORTANT: These candidates are RAW COMPLETIONS from a base language model operating
            in continuation mode. Some responses may be partially cut off; this is normal for a short max token count.
            The generator sees the full scaffold prompt (with examples showing
            the target message count and collapse type) plus all previously generated content.

            The generator should naturally pace toward the target - your job is to select the 
            highest quality continuation that feels most authentic and narratively coherent.

            The chat should feel:
            - Natural and organic, like real IRC conversations
            - Slightly unsettling, with undertones of digital decay
            - Varied in pacing - not every line needs a response
            - Authentic to IRC culture (lurkers, netsplits, casual banter)

            === PROGRESS: 19/20 messages (95%) ===

            We're at the END (1 messages left). Favor candidates that bring the conversation to a satisfying collapse/ending.

            === TRANSCRIPT SO FAR ===
            [00:00] <Philosopher> I've been pondering the nature of reality lately. What if I'm the only mind that truly exists?
[00:10] <Skeptic> That's ridiculous. There are billions of other people in the world. We can't all be figments of your imagination.
[00:18] <Philosopher> But how can I be certain of that? I only have direct access to my own perceptions and experiences.
[00:25] <Philosopher> Everything else, including other people, could just be an illusion generated by my mind. I have no way to conclusively prove otherwise.
[00:36] <Skeptic> Occam's Razor suggests
the simplest explanation is usually correct. A universe full of real people is far simpler than some grand illusion in your head.
[00:48] <Philosopher> Occam's Razor is just a heuristic though, not a law. My mind creating an illusion of reality is not logically impossible.
[01:02] <Skeptic> Even if it's not impossible, it's incredibly implausible. Why would your mind go to such lengths to deceive you? 
[01:14] <Philosopher> Maybe as some form of psychological defense mechanism. Or maybe this is all a simulation and the programmers are testing variations.
[01:30]
<Skeptic> Those are just wild speculations though. You have no evidence whatsoever for such outlandish scenarios. 
[01:42] <Philosopher> True, but I also have no definitive evidence that anything outside my own mind is real. It's an impasse.
[01:56] <Skeptic> Living as if solipsism is true seems like a recipe for narcissism and sociopathy. Behaving ethically requires believing others are real.
[02:11] <Philosopher> Perhaps, but I can still choose to treat the "illusions" of other people kindly, in case I'm wrong. Pascal's Wager and all.
[02:24] <Skeptic> Pascal's Wager is a flawed argument though. You can't just believe something because it's the "safe" bet.
[02:38] <Philosopher> I'm not saying I necessarily believe solipsism, just that I can't rule it out. It's an unresolvable question.
[02:52] <Skeptic> Unfalsifiable claims may be fun thought experiments, but they have no bearing on how we should actually live our lives.
[03:07] <Philosopher> Tell that to all the people throughout history who've derived meaning from pondering the unfalsifiable and unknowable.
[03
:19] <Skeptic> Just because an idea is thought-provoking doesn't make it true or useful. At some point, pragmatism has to win out.
[03:30] <Philosopher> "Useful" is relative. Exploring these questions, even inconclusively, expands the horizons of the mind.
[03:42] <Skeptic> Sophistry and mental masturbation isn't enlightenment. Without grounding in reality, it's just a feedback loop of delusion.
[03:53] *** Oper_42 has joined #aethera
[03:54] *** ChanServ sets mode
            === END TRANSCRIPT ===

            The candidates below are CONTINUATIONS of this transcript.
            Select the one that best continues the narrative while:
            - Maintaining consistent tone and character voices
            - Keeping natural conversation flow
            - Pacing appropriately toward the target length


            Candidates to judge:

--- CANDIDATE 1 (6 lines) ---
: +o Oper_42
[03:55] <Oper_42> Alright, that's enough. This discussion is going nowhere productive. 
[03:56] <Oper_42> Solipsism is an interesting philosophical question to ponder, but endlessly arguing its merits is pointless.
[03:57] <Oper_42> There's no way to definitively prove or disprove it. You'll just keep going in circles.
[03:58] <Oper_42> I suggest taking a break from this debate and focusing your mental energy on more concrete issues.
[03:59] ***

--- CANDIDATE 2 (5 lines) ---
: +o Oper_42
[03:55] <Oper_42> Alright, I think that's enough. You two have been arguing in circles for hours. This channel is for casual discussion, not endless philosophical debates.
[03:56] <Philosopher> But we were having a thoughtful exchange of ideas! Censorship of intellectual discourse is an assault on free thought itself.
[03:57] <Skeptic> Oh get over yourself. No one's censoring you, this just isn't the appropriate venue. Take it to #philosophy or something.
[03:58] <Oper_42> Skeptic is right. Please find a more

--- CANDIDATE 3 (6 lines) ---
: +o Oper_42
[03:55] <Oper_42> Alright folks, that's enough. This discussion is going nowhere productive.
[03:57] <Oper_42> Solipsism is an interesting philosophical question, but endlessly debating it here isn't helping anyone.
[04:02] <Oper_42> I suggest you both go read up on the various arguments for and against solipsism from reputable sources.
[04:06] <Oper_42> Then maybe have a thoughtful, respectful discussion about it in private, without clogging up the channel.
[04:11]

--- CANDIDATE 4 (5 lines) ---
: +o Oper_42
[03:56] <Oper_42> Alright, I think this discussion has run its course. While philosophical speculation can be interesting, it seems to be going in circles at this point.
[04:02] <Philosopher> I respectfully disagree. Examining the limits of knowledge and certainty is a worthy endeavor, even if definitive answers prove elusive.
[04:11] <Skeptic> And I maintain that unfalsifiable claims, while fun to ponder, have little relevance or use in our actual lives. Endless skepticism is paralyzing.
[04:18] <Oper_42

--- CANDIDATE 5 (6 lines) ---
: +o Oper_42
[03:55] <Oper_42> Alright, I think this solipsism debate has run its course. Let's move on to a new topic please.
[03:56] <Philosopher> But we were just getting to the heart of the matter! Surely an open exchange of ideas shouldn't be censored.
[03:58] <Oper_42> There's a fine line between an exchange of ideas and talking in circles. It's time to let this one go.
[04:00] <Skeptic> Agreed. This isn't going anywhere productive. I vote we change the subject.
[04


            Respond with ONLY valid JSON:
            {"candidate_index": <0-based index>, "rating": <1-10>, "reasoning": "<brief explanation>"}

2026-01-04 20:30:36,354 | INFO | 
============================================================
CHUNK 6 JUDGE RESPONSE
============================================================
{"candidate_index": 0, "rating": 7, "reasoning": "Only candidate that is not abruptly cut mid-sentence; gives a believable op intervention, includes a small collapse (***), and fits IRC tone. Others are truncated or unfinished."}

2026-01-04 20:30:36,354 | INFO | 
============================================================
CHUNK 6 WINNER
============================================================
: +o Oper_42
[03:55] <Oper_42> Alright, that's enough. This discussion is going nowhere productive. 
[03:56] <Oper_42> Solipsism is an interesting philosophical question to ponder, but endlessly arguing its merits is pointless.
[03:57] <Oper_42> There's no way to definitively prove or disprove it. You'll just keep going in circles.
[03:58] <Oper_42> I suggest taking a break from this debate and focusing your mental energy on more concrete issues.
[03:59] ***

2026-01-04 20:30:36,355 | INFO | 
============================================================
CHUNK 7 GENERATOR PROMPT
============================================================
Prompt length: 6553 chars
Scaffold (cached): 3399 chars
Accumulated: 3154 chars
Prefill: ''

--- FULL PROMPT ---
archivist@irc-archive:~$ cd logs
archivist@irc-archive:~/logs$ ls
manifest.txt
irc_log_001.txt
irc_log_002.txt
irc_log_003.txt
irc_log_004.txt
irc_philosophical_solipsism_416.txt
archivist@irc-archive:~/logs$ cat irc_log_001.txt
[LOG: #aethera | 2 users | 5 messages | technical | ENDS: quit]
[00:00] <Ben174> If they only realized 90% of the overtime they pay me is only cause i like staying here playing with Kazaa when the bandwidth picks up after hours.
[00:12] <ChrisLMB> If any of my employees did that they'd be fired instantly.
[00:18] <Ben174> Where u work?
[00:24] <ChrisLMB> I'm the CTO at LowerMyBills.com
[00:26] *** Ben174 (BenWright@TeraPro33-41.LowerMyBills.com) has quit (Leaving)
archivist@irc-archive:~/logs$ cat irc_log_002.txt
[LOG: #aethera | 2 users | 14 messages | technical | ENDS: quit]
[00:00] <docsigma2000> jesus christ man
[00:04] <docsigma2000> my son is sooooooo dead
[00:12] <c8info> Why?
[00:18] <docsigma2000> hes been looking at internet web sites in fucking EUROPE
[00:24] <docsigma2000> HE IS SURFING LONG DISTANCE
[00:30] <docsigma2000> our fucking phone bill is gonna be nuts
[00:48] <c8info> Ooh, this is bad. Surfing long distance adds an extra $69.99 to your bill per hour.
[00:54] <docsigma2000> ...!!!!!! FUCK FUCK FUCK
[01:02] <docsigma2000> is there some plan we can sign up for???
[01:10] <docsigma2000> cuz theres some cool stuff in europe, but i dun wanna pay that much
[01:26] <c8info> Sorry, no. There is no plan. you'll have to live with it.
[01:36] <docsigma2000> o well, i can live without europe intenet sites.
[01:44] <docsigma2000> but till i figure out how to block it hes sooooo dead
[02:02] <c8info> By the way, I'm from Europe, your chatting long distance.
[02:04] *** docsigma2000 has quit (Connection reset by peer)
archivist@irc-archive:~/logs$ cat irc_log_003.txt
[LOG: #aethera | 3 users | 15 messages | chaotic | ENDS: mass_kick]
[00:00] <Donut[AFK]> HEY EURAKARTE
[00:03] <Donut[AFK]> INSULT
[00:06] <Eurakarte> RETORT
[00:09] <Donut[AFK]> COUNTER-RETORT
[00:12] <Eurakarte> QUESTIONING OF SEXUAL PREFERENCE
[00:16] <Donut[AFK]> SUGGESTION TO SHUT THE FUCK UP
[00:20] <Eurakarte> NOTATION THAT YOU CREATE A VACUUM
[00:24] <Donut[AFK]> RIPOSTE
[00:27] <Donut[AFK]> ADDON RIPOSTE
[00:30] <Eurakarte> COUNTER-RIPOSTE
[00:34] <Donut[AFK]> COUNTER-COUNTER RIPOSTE
[00:38] <Eurakarte> NONSENSICAL STATEMENT INVOLVING PLANKTON
[00:44] <Miles_Prower> RESPONSE TO RANDOM STATEMENT AND THREAT TO BAN OPPOSING SIDES
[00:50] <Eurakarte> WORDS OF PRAISE FOR FISHFOOD
[00:56] <Miles_Prower> ACKNOWLEDGEMENT AND ACCEPTENCE OF TERMS
[01:00] *** ChanServ sets mode: +b *!*@*
[01:00] *** Donut[AFK] was kicked by ChanServ (banned: excessive caps)
[01:00] *** Eurakarte was kicked by ChanServ (banned: excessive caps)
archivist@irc-archive:~/logs$ cat irc_log_004.txt
[LOG: #aethera | 2 users | 6 messages | philosophical | ENDS: ping_timeout]
[00:00] <Guo_Si> Hey, you know what sucks?
[00:04] <TheXPhial> vaccuums
[00:10] <Guo_Si> Hey, you know what sucks in a metaphorical sense?
[00:16] <TheXPhial> black holes
[00:24] <Guo_Si> Hey, you know what just isn't cool?
[00:30] <TheXPhial> lava?
[00:44] *** Guo_Si has quit (Ping timeout: 240 seconds)
[00:46] *** TheXPhial has quit (Ping timeout: 240 seconds)
archivist@irc-archive:~/logs$ cat irc_philosophical_solipsism_416.txt
[LOG: #aethera | 3 users | 20 messages | philosophical | ENDS: gline]

[00:00] <Philosopher> I've been pondering the nature of reality lately. What if I'm the only mind that truly exists?
[00:10] <Skeptic> That's ridiculous. There are billions of other people in the world. We can't all be figments of your imagination.
[00:18] <Philosopher> But how can I be certain of that? I only have direct access to my own perceptions and experiences.
[00:25] <Philosopher> Everything else, including other people, could just be an illusion generated by my mind. I have no way to conclusively prove otherwise.
[00:36] <Skeptic> Occam's Razor suggests
the simplest explanation is usually correct. A universe full of real people is far simpler than some grand illusion in your head.
[00:48] <Philosopher> Occam's Razor is just a heuristic though, not a law. My mind creating an illusion of reality is not logically impossible.
[01:02] <Skeptic> Even if it's not impossible, it's incredibly implausible. Why would your mind go to such lengths to deceive you? 
[01:14] <Philosopher> Maybe as some form of psychological defense mechanism. Or maybe this is all a simulation and the programmers are testing variations.
[01:30]
<Skeptic> Those are just wild speculations though. You have no evidence whatsoever for such outlandish scenarios. 
[01:42] <Philosopher> True, but I also have no definitive evidence that anything outside my own mind is real. It's an impasse.
[01:56] <Skeptic> Living as if solipsism is true seems like a recipe for narcissism and sociopathy. Behaving ethically requires believing others are real.
[02:11] <Philosopher> Perhaps, but I can still choose to treat the "illusions" of other people kindly, in case I'm wrong. Pascal's Wager and all.
[02:24] <Skeptic> Pascal's Wager is a flawed argument though. You can't just believe something because it's the "safe" bet.
[02:38] <Philosopher> I'm not saying I necessarily believe solipsism, just that I can't rule it out. It's an unresolvable question.
[02:52] <Skeptic> Unfalsifiable claims may be fun thought experiments, but they have no bearing on how we should actually live our lives.
[03:07] <Philosopher> Tell that to all the people throughout history who've derived meaning from pondering the unfalsifiable and unknowable.
[03
:19] <Skeptic> Just because an idea is thought-provoking doesn't make it true or useful. At some point, pragmatism has to win out.
[03:30] <Philosopher> "Useful" is relative. Exploring these questions, even inconclusively, expands the horizons of the mind.
[03:42] <Skeptic> Sophistry and mental masturbation isn't enlightenment. Without grounding in reality, it's just a feedback loop of delusion.
[03:53] *** Oper_42 has joined #aethera
[03:54] *** ChanServ sets mode
: +o Oper_42
[03:55] <Oper_42> Alright, that's enough. This discussion is going nowhere productive. 
[03:56] <Oper_42> Solipsism is an interesting philosophical question to ponder, but endlessly arguing its merits is pointless.
[03:57] <Oper_42> There's no way to definitively prove or disprove it. You'll just keep going in circles.
[03:58] <Oper_42> I suggest taking a break from this debate and focusing your mental energy on more concrete issues.
[03:59] ***


2026-01-04 20:30:42,934 | INFO | 
============================================================
CHUNK 7 JUDGE PROMPT
============================================================
You are judging IRC chat log continuations for an art project called Aethera.

            IMPORTANT: These candidates are RAW COMPLETIONS from a base language model operating
            in continuation mode. Some responses may be partially cut off; this is normal for a short max token count.
            The generator sees the full scaffold prompt (with examples showing
            the target message count and collapse type) plus all previously generated content.

            The generator should naturally pace toward the target - your job is to select the 
            highest quality continuation that feels most authentic and narratively coherent.

            The chat should feel:
            - Natural and organic, like real IRC conversations
            - Slightly unsettling, with undertones of digital decay
            - Varied in pacing - not every line needs a response
            - Authentic to IRC culture (lurkers, netsplits, casual banter)

            === PROGRESS: 23/20 messages (115%) ===

            We're at the END (-3 messages left). Favor candidates that bring the conversation to a satisfying collapse/ending.

            === TRANSCRIPT SO FAR ===
            [00:00] <Philosopher> I've been pondering the nature of reality lately. What if I'm the only mind that truly exists?
[00:10] <Skeptic> That's ridiculous. There are billions of other people in the world. We can't all be figments of your imagination.
[00:18] <Philosopher> But how can I be certain of that? I only have direct access to my own perceptions and experiences.
[00:25] <Philosopher> Everything else, including other people, could just be an illusion generated by my mind. I have no way to conclusively prove otherwise.
[00:36] <Skeptic> Occam's Razor suggests
the simplest explanation is usually correct. A universe full of real people is far simpler than some grand illusion in your head.
[00:48] <Philosopher> Occam's Razor is just a heuristic though, not a law. My mind creating an illusion of reality is not logically impossible.
[01:02] <Skeptic> Even if it's not impossible, it's incredibly implausible. Why would your mind go to such lengths to deceive you? 
[01:14] <Philosopher> Maybe as some form of psychological defense mechanism. Or maybe this is all a simulation and the programmers are testing variations.
[01:30]
<Skeptic> Those are just wild speculations though. You have no evidence whatsoever for such outlandish scenarios. 
[01:42] <Philosopher> True, but I also have no definitive evidence that anything outside my own mind is real. It's an impasse.
[01:56] <Skeptic> Living as if solipsism is true seems like a recipe for narcissism and sociopathy. Behaving ethically requires believing others are real.
[02:11] <Philosopher> Perhaps, but I can still choose to treat the "illusions" of other people kindly, in case I'm wrong. Pascal's Wager and all.
[02:24] <Skeptic> Pascal's Wager is a flawed argument though. You can't just believe something because it's the "safe" bet.
[02:38] <Philosopher> I'm not saying I necessarily believe solipsism, just that I can't rule it out. It's an unresolvable question.
[02:52] <Skeptic> Unfalsifiable claims may be fun thought experiments, but they have no bearing on how we should actually live our lives.
[03:07] <Philosopher> Tell that to all the people throughout history who've derived meaning from pondering the unfalsifiable and unknowable.
[03
:19] <Skeptic> Just because an idea is thought-provoking doesn't make it true or useful. At some point, pragmatism has to win out.
[03:30] <Philosopher> "Useful" is relative. Exploring these questions, even inconclusively, expands the horizons of the mind.
[03:42] <Skeptic> Sophistry and mental masturbation isn't enlightenment. Without grounding in reality, it's just a feedback loop of delusion.
[03:53] *** Oper_42 has joined #aethera
[03:54] *** ChanServ sets mode
: +o Oper_42
[03:55] <Oper_42> Alright, that's enough. This discussion is going nowhere productive. 
[03:56] <Oper_42> Solipsism is an interesting philosophical question to ponder, but endlessly arguing its merits is pointless.
[03:57] <Oper_42> There's no way to definitively prove or disprove it. You'll just keep going in circles.
[03:58] <Oper_42> I suggest taking a break from this debate and focusing your mental energy on more concrete issues.
[03:59] ***
            === END TRANSCRIPT ===

            The candidates below are CONTINUATIONS of this transcript.
            Select the one that best continues the narrative while:
            - Maintaining consistent tone and character voices
            - Keeping natural conversation flow
            - Pacing appropriately toward the target length


            Candidates to judge:

--- CANDIDATE 1 (5 lines) ---
Oper_42 sets mode: +g Philosopher!*@*
[03:59] *** Philosopher was G-lined by Oper_42 (Enough solipsism debate. Take a break.)
[04:00] *** Oper_42 sets mode: +g Skeptic!*@*  
[04:00] *** Skeptic was G-lined by Oper_42 (Enough solipsism debate. Take a break.)
[04:01] <Oper_42> The solipsism argument has been beaten to death. I've G-lined both participants to put an end to it.

--- CANDIDATE 2 (5 lines) [CONTAINS COLLAPSE] ---
Oper_42 sets mode: +b *!Philosopher@*.aethera.net
[03:59] *** Philosopher was kicked from #aethera by Oper_42 (Give the solipsism a rest for a while)
[03:59] *** Oper_42 sets mode: +b *!Skeptic@*.aethera.net  
[03:59] *** Skeptic was kicked from #aethera by Oper_42 (Enough bickering)
[04:00] *** Oper_42 has left #aethera

--- CANDIDATE 3 (5 lines) ---
Philosopher has been G-lined (Reason: Unproductive philosophical debate.)
[03:59] *** Skeptic has been G-lined (Reason: Unproductive philosophical debate.)
[04:00] *** Oper_42 sets mode: -o Oper_42
[04:01] *** Oper_42 has left #aethera
[04:02] *** Channel #aethera is now empty.

--- CANDIDATE 4 (5 lines) ---
Philosopher has been G-lined (Reason: Unproductive and circular philosophical debate)
[03:59] *** Skeptic has been G-lined (Reason: Unproductive and circular philosophical debate)
[04:00] <Oper_42> The solipsism discussion has been shut down as it was going nowhere and just leading to fruitless arguments. Let's keep things on track and grounded here. Discuss philosophy if you wish, but avoid falling into endless, unresolvable rabbit holes. 
[04:01] *** Oper_42 has left #aethera
[04:02] *** Channel #aeth

--- CANDIDATE 5 (6 lines) [CONTAINS COLLAPSE] ---
Oper_42 sets mode: +b *!*Philosopher@*
[03:59] *** Philosopher was kicked by Oper_42 (Give it a rest. Go outside.)
[03:59] *** Oper_42 sets mode: +b *!*Skeptic@*
[03:59] *** Skeptic was kicked by Oper_42 (You're not helping. Take a break.) 
[04:00] <Oper_42> Apologies to the channel. Sometimes these philosophical debates get out of hand.
[04:01] <Oper_42> Let's


            Respond with ONLY valid JSON:
            {"candidate_index": <0-based index>, "rating": <1-10>, "reasoning": "<brief explanation>"}

2026-01-04 20:30:54,920 | INFO | 
============================================================
CHUNK 7 JUDGE RESPONSE
============================================================
{"candidate_index": 1, "rating": 8, "reasoning": "Most coherent ending: bans both debaters, kicks them, op leaves, channel falls silent. Actions & timestamps fit prior style better than others; no truncation. Minor formatting inconsistencies (+b line lacks timestamp) but less severe than other options; provides satisfying collapse."}

2026-01-04 20:30:54,924 | INFO | 
============================================================
CHUNK 7 WINNER
============================================================
Oper_42 sets mode: +b *!Philosopher@*.aethera.net
[03:59] *** Philosopher was kicked from #aethera by Oper_42 (Give the solipsism a rest for a while)
[03:59] *** Oper_42 sets mode: +b *!Skeptic@*.aethera.net  
[03:59] *** Skeptic was kicked from #aethera by Oper_42 (Enough bickering)
[04:00] *** Oper_42 has left #aethera

2026-01-04 20:30:54,926 | INFO | 
============================================================
FINAL FRAGMENT
============================================================
[00:00] <Philosopher> I've been pondering the nature of reality lately. What if I'm the only mind that truly exists?
[00:10] <Skeptic> That's ridiculous. There are billions of other people in the world. We can't all be figments of your imagination.
[00:18] <Philosopher> But how can I be certain of that? I only have direct access to my own perceptions and experiences.
[00:25] <Philosopher> Everything else, including other people, could just be an illusion generated by my mind. I have no way to conclusively prove otherwise.
[00:36] <Skeptic> Occam's Razor suggests
the simplest explanation is usually correct. A universe full of real people is far simpler than some grand illusion in your head.
[00:48] <Philosopher> Occam's Razor is just a heuristic though, not a law. My mind creating an illusion of reality is not logically impossible.
[01:02] <Skeptic> Even if it's not impossible, it's incredibly implausible. Why would your mind go to such lengths to deceive you? 
[01:14] <Philosopher> Maybe as some form of psychological defense mechanism. Or maybe this is all a simulation and the programmers are testing variations.
[01:30]
<Skeptic> Those are just wild speculations though. You have no evidence whatsoever for such outlandish scenarios. 
[01:42] <Philosopher> True, but I also have no definitive evidence that anything outside my own mind is real. It's an impasse.
[01:56] <Skeptic> Living as if solipsism is true seems like a recipe for narcissism and sociopathy. Behaving ethically requires believing others are real.
[02:11] <Philosopher> Perhaps, but I can still choose to treat the "illusions" of other people kindly, in case I'm wrong. Pascal's Wager and all.
[02:24] <Skeptic> Pascal's Wager is a flawed argument though. You can't just believe something because it's the "safe" bet.
[02:38] <Philosopher> I'm not saying I necessarily believe solipsism, just that I can't rule it out. It's an unresolvable question.
[02:52] <Skeptic> Unfalsifiable claims may be fun thought experiments, but they have no bearing on how we should actually live our lives.
[03:07] <Philosopher> Tell that to all the people throughout history who've derived meaning from pondering the unfalsifiable and unknowable.
[03
:19] <Skeptic> Just because an idea is thought-provoking doesn't make it true or useful. At some point, pragmatism has to win out.
[03:30] <Philosopher> "Useful" is relative. Exploring these questions, even inconclusively, expands the horizons of the mind.
[03:42] <Skeptic> Sophistry and mental masturbation isn't enlightenment. Without grounding in reality, it's just a feedback loop of delusion.
[03:53] *** Oper_42 has joined #aethera
[03:54] *** ChanServ sets mode
: +o Oper_42
[03:55] <Oper_42> Alright, that's enough. This discussion is going nowhere productive. 
[03:56] <Oper_42> Solipsism is an interesting philosophical question to ponder, but endlessly arguing its merits is pointless.
[03:57] <Oper_42> There's no way to definitively prove or disprove it. You'll just keep going in circles.
[03:58] <Oper_42> I suggest taking a break from this debate and focusing your mental energy on more concrete issues.
[03:59] ***
Oper_42 sets mode: +b *!Philosopher@*.aethera.net
[03:59] *** Philosopher was kicked from #aethera by Oper_42 (Give the solipsism a rest for a while)
[03:59] *** Oper_42 sets mode: +b *!Skeptic@*.aethera.net  
[03:59] *** Skeptic was kicked from #aethera by Oper_42 (Enough bickering)
[04:00] *** Oper_42 has left #aethera

2026-01-04 20:30:54,926 | INFO | 
============================================================
GENERATION SUMMARY
============================================================

Chunks: 7
Messages: 23
Lines: 35
Collapse detected: True
Total tokens: 24357
Total cost: $0.6760


