2026-01-04 21:52:30,234 | INFO | 
============================================================
STABLE PREFIX (CACHED)
============================================================
archivist@irc-archive:~$ cd logs
archivist@irc-archive:~/logs$ ls
manifest.txt
irc_log_001.txt
irc_log_002.txt
irc_log_003.txt
irc_log_004.txt
irc_log_005.txt
irc_technical_databases_193.txt
archivist@irc-archive:~/logs$ cat irc_log_001.txt
[LOG: #aethera | 2 users | 35 messages | chaotic | ENDS: quit]
[00:00] <born1986> why the fuck isn't my disc drive working
[00:06] <born1986> i fucking worked on that essay for three friggin' hours in school
[00:12] <born1986> i now i cant finish it 'cos my fuckin drive ain't working
[00:24] <Z00ass> you got the right drivers?
[00:28] <born1986> hell yes
[00:32] <born1986> it was working fine yesterday
[00:38] <born1986> why does this shit always happen to me?
[00:52] <Z00ass> maybe that little clip on the side is in the wrong position
[01:00] <born1986> i havent touched it since school
[01:06] <born1986> i'm growing impatient
[01:10] <born1986> ANGRY even
[01:22] <Z00ass> throw that shit out tha window
[03:45] <born1986> OMG i fuckin did it!!!
[03:48] <born1986> FUCK!!!!!
[03:54] <Z00ass> it works?
[03:58] <born1986> no, i threw it out the window
[04:04] <Z00ass> the disk?
[04:08] <born1986> NO the whole drive
[04:14] <born1986> i live on the 6th floor, made a nice *smash*
[04:20] <Z00ass> :D
[04:24] <born1986> FUCK SHIT FUCK
[04:28] <born1986> THE DISK WAS STILL INSIDE
[04:32] <born1986> brb
[08:16] <born1986> shit
[08:22] <Z00ass> what? did ya break it?
[08:28] <born1986> well i couldn't open the drive
[08:34] <born1986> so i had to pound it against a rock
[08:40] <Z00ass> :o
[08:44] <born1986> quite HARD
[08:50] <born1986> and you know what?
[08:56] <born1986> that fucking disk wasnt even there
[09:02] <Z00ass> ???
[09:10] <born1986> i got so mad i threw the remainders of the drive on to the freeway
[09:18] <born1986> and when i got back upstairs i found the disk inside my bag
[09:24] <Z00ass> lol
[09:28] <born1986> I NEVER EVEN PUT IT IN THE DRIVE
[09:34] <born1986> i'm actually cryin right now
[09:52] <born1986> wonder if i could make that drive work again
[09:56] <born1986> brb
archivist@irc-archive:~/logs$ cat irc_log_002.txt
[LOG: #aethera | 4 users | 9 messages | technical | ENDS: corruption]
[00:00] <Zybl0re> get up
[00:02] <Zybl0re> get on up
[00:04] <Zybl0re> get up
[00:06] <Zybl0re> get on up
[00:10] <phxl|paper> and DANCE
[00:12] * nmp3bot dances :D-<
[00:14] * nmp3bot dances :D|-<
[00:16] * nmp3bot dances :D/-<
[00:22] <[SA]HatfulOfHollow> i'm going to become rich and famous after i invent a device that allows you to stab people in the face over the internet
[00:26] *** WARNING: Connection to server lost. Attempting to reconnect...
[00:28] *** ERROR: Unable to reconnect. Data may have been corrupted.
archivist@irc-archive:~/logs$ cat irc_log_003.txt
[LOG: #aethera | 6 users | 22 messages | chaotic | ENDS: quit]
[00:00] <DeadMansHand> haha, last night, me and pete went out to celebrate his engagement and got hugely drunk
[00:08] <DeadMansHand> we got this great idea to bury eachother in the sand close to the water and see who would chicken out first
[00:15] <DeadMansHand> took about a half hour, but the water got up to my face so i freaked and got out
[00:22] <DeadMansHand> i looked around for pete and he must've chickened out before me and stumbled home or something heh
[00:35] <Thirteen-> What'd he say when he woke up this morning?
[00:42] <DeadMansHand> uhh.. he hasn't come home yet.. i thought he was staying with you?
[00:48] <Thirteen-> holy fuck.
[00:52] <DeadMansHand> i fucking hope im wrong about what im thinking right now
[00:56] <DeadMansHand> im fucking going back to the beach to make sure
[01:02] <DeadMansHand> if he gets home, call me, i don't want to be worrying about this
[01:14] <Thirteen-> will do. you better hope he's not still buried, you'll be in deep shit.
[01:18] *** DeadMansHand has quit
[01:32] <Tyran> wtf? pete came home last night you fuck. Ken's going to be worrying about this shit all day
[01:40] <Thirteen-> haha yea, but it will be fun while it lasts
[01:52] *** PeteRepeat has joined
[01:56] <PeteRepeat> fucking ken
[02:04] <PeteRepeat> ken... that fucker buried me in the sand last night, i ran off about 5 minutes to it, left him there to be an idiot
[02:18] <quiqsilver> pete, ken didn't come back last night, i thought he was with you.
[02:24] <PeteRepeat> oh fuck.
[02:32] <PeteRepeat> if ken shows up, make sure he doesn't know that im at the beach digging for his body. i don't want him to think i care or anything.
[02:36] *** PeteRepeat has quit
[02:48] <Thirteen-> rofl. Those 2 are going to get a huge surprise when they meet at the beach.
[02:56] <Tyran> i can't beleive how perfect their timing was
archivist@irc-archive:~/logs$ cat irc_log_004.txt
[LOG: #aethera | 2 users | 8 messages | chaotic | ENDS: quit]
[00:00] <Rabidplaybunny87> Okay, so my neighbors officially hate me
[00:06] <GarbageStan23> why?
[00:14] <Rabidplaybunny87> Well, me, david and andrew were having a bonfire in the backyard, and we were making s'mores and all... and suddenly we here sirens, and see a firetruck turn into the street in front of us.
[00:28] <Rabidplaybunny87> So we all went running to see what was up, and our neighbor's house was on fire!
[00:34] <GarbageStan23> oh shit!
[00:44] <Rabidplaybunny87> Yeah, and when we got there, the wife was crying into her husbands arms, and we were just kinda standing there, and then she saw us, and then like for 10 seconds, gave us the dirtiest look ever
[00:58] <Rabidplaybunny87> Turns out, we were still holding our sticks with marshmallows on it, watching the fire....
[01:08] <Rabidplaybunny87> talk about bad timing...
[01:14] *** Rabidplaybunny87 has quit (gtg, neighbors knocking)
archivist@irc-archive:~/logs$ cat irc_log_005.txt
[LOG: #aethera | 2 users | 6 messages | philosophical | ENDS: ping_timeout]
[00:00] <Guo_Si> Hey, you know what sucks?
[00:04] <TheXPhial> vaccuums
[00:10] <Guo_Si> Hey, you know what sucks in a metaphorical sense?
[00:16] <TheXPhial> black holes
[00:24] <Guo_Si> Hey, you know what just isn't cool?
[00:30] <TheXPhial> lava?
[00:44] *** Guo_Si has quit (Ping timeout: 240 seconds)
[00:46] *** TheXPhial has quit (Ping timeout: 240 seconds)


2026-01-04 21:52:30,235 | INFO | 
============================================================
TARGET INTRO (VARIABLE)
============================================================
archivist@irc-archive:~/logs$ cat irc_technical_databases_193.txt
[LOG: #aethera | 4 users | 20 messages | technical | ENDS: netsplit]


2026-01-04 21:52:30,235 | INFO | 
============================================================
PREFILL
============================================================
[00:00] <

2026-01-04 21:52:30,235 | INFO | 
============================================================
CHUNK 1 GENERATOR PROMPT
============================================================
Stable prefix (cached): 6180 chars
Variable prompt: 135 chars
Total: 6315 chars
Prefill: '[00:00] <'

--- STABLE PREFIX ---
archivist@irc-archive:~$ cd logs
archivist@irc-archive:~/logs$ ls
manifest.txt
irc_log_001.txt
irc_log_002.txt
irc_log_003.txt
irc_log_004.txt
irc_log_005.txt
irc_technical_databases_193.txt
archivist@irc-archive:~/logs$ cat irc_log_001.txt
[LOG: #aethera | 2 users | 35 messages | chaotic | ENDS: quit]
[00:00] <born1986> why the fuck isn't my disc drive working
[00:06] <born1986> i fucking worked on that essay for three friggin' hours in school
[00:12] <born1986> i now i cant finish it 'cos my f...

--- VARIABLE PROMPT ---
archivist@irc-archive:~/logs$ cat irc_technical_databases_193.txt
[LOG: #aethera | 4 users | 20 messages | technical | ENDS: netsplit]


2026-01-04 21:52:40,062 | INFO | 
============================================================
CHUNK 1 JUDGE PROMPT
============================================================
You are judging IRC chat log continuations for an art project called Aethera. Think bash.org mixed with discord.

            IMPORTANT: These candidates are RAW COMPLETIONS from a base language model operating
            in continuation mode. Some responses may be partially cut off; this is normal for a short max token count.
            The generator sees the full scaffold prompt (with examples showing
            the target message count and collapse type) plus all previously generated content.

            The generator should naturally pace toward the target - your job is to select the 
            highest quality continuation that feels most authentic and narratively coherent.

            The chat should feel:
            - Natural and organic, like real IRC conversations
            - Slightly unsettling, with undertones of digital decay
            - Varied in pacing - not every line needs a response
            - Authentic to IRC culture (lurkers, netsplits, casual banter)

            === TARGET: 20 messages ===

            This is the OPENING of a new IRC fragment.
            Select the candidate that establishes the best foundation for a ~20 message conversation.


            Candidates to judge:

--- CANDIDATE 1 (7 lines) ---
cipher> Anyone familiar with AI-generated knowledge bases getting recursive queries?
[00:10] <lx> recursive how
[00:18] <cipher> Like, querying themselves for information about their own answers to previous queries
[00:22] <lx> oh, self-reflection loops?
[00:28] <cipher> Exactly. I'm seeing a system that keeps asking itself "why?" infinitely
[00:34] <lx> lol classic
[00:40]

--- CANDIDATE 2 (6 lines) ---
SysAdminX0> Finally got the new database schema deployed across all nodes
[00:12] <DataWraith> Any issues with the migration?
[00:18] <SysAdminX0> Surprisingly clean. Had to rebuild one index on node-3 but that's it
[00:26] <QueryMaster> Which tables were affected?
[00:32] <SysAdminX0> Mainly logs and metadata. The user tables stayed untouched
[00

--- CANDIDATE 3 (6 lines) ---
p3ngu1n> anyone here familiar with ancient database systems?
[00:04] <m0rph3us> define ancient
[00:08] <p3ngu1n> pre-SQL era, like hierarchical or network databases
[00:12] <m0rph3us> ah, those relics. yeah, why?
[00:16] <p3ngu1n> found something fascinating in a digital archaeology project
[

--- CANDIDATE 4 (6 lines) ---
@rootkit> anyone else seeing weird lag spikes on the main db cluster?
[00:06] <memoryleak> yeah, replication lag is like 30-40s
[00:10] <nullpointer> not just lag, queries are timing out too
[00:14] <segmentation> spikes started around 23:30 UTC
[00:20] <@rootkit> checking load averages now... all nodes 90%+
[00:26

--- CANDIDATE 5 (5 lines) ---
QuantumCat> okay, so i'm working on this database migration and hit a weird edge case
[00:06] <SyberPunk> oh no, not another one
[00:10] <QuantumCat> shut up, i know my projects attract weird edge cases like moths to a flame
[00:16] <SyberPunk> lol that's because you always choose the most experimental tech stacks
[00:20] <ne0h> what's the issue

--- CANDIDATE 6 (6 lines) ---
datahunt> okay I'm officially stuck on the aethera DB challenge
[00:08] <bitflipper> what's up?
[00:14] <datahunt> I need to find the admin's passcode but I've dumped every table I can think of
[00:20] <bitflipper> did you try the logs table? sometimes systems store sensitive stuff there
[00:26] <datahunt> yeah but it's just generic entries
[

--- CANDIDATE 7 (4 lines) ---
OperatorX_> anyone seen the new quantum table implementation in sqlcortex?
[00:08] <gr1m1t> yeah, it's pretty wild. entangled rows collapse differently depending on observer queries
[00:16] <v3rtex> tried it yesterday, SELECT * WHERE owner='me' returned my neighbor's bank details 40% of the time
[00:24] <OperatorX_> that's just observer bias in the probability field, not a

--- CANDIDATE 8 (4 lines) ---
MemoryMirror> Hey, quick question about the old Aethera Labs server backups anyone remember how those were handled?
[00:06] <TruthSeeker> vaguely. They used to keep nightly snapshots on that ancient machine in the basement, right?
[00:12] <MemoryMirror> Yeah, the one that sounded like a dying whale during backups
[00:18] <DataWraith> haha yes! the one with the custom cooling system made of desk fans and duct

--- CANDIDATE 9 (6 lines) ---
zypher> okay, so nobody here knows how to help fix a 404 database error?
[00:08] <echo_asterisky> have you tried checking the .htaccess file?
[00:12] <shadowcat> or the database credentials in the config file?
[00:18] <z3r0byte> usually it's either of those two
[00:24] <z3r0byte> or sometimes the database server is just down
[

--- CANDIDATE 10 (4 lines) ---
DatabaseArchivist> So I've been working on this new distributed database concept. Imagine every brain being a node in a global network.
[00:08] <NeuralLink> That's... ambitious. What about privacy?
[00:16] <DatabaseArchivist> People keep saying that. But what if privacy is what's holding us back? What if total transparency leads to total efficiency?
[00:26] <GhostInTheShell> This sounds like a dystopian nightmare waiting to happen.


            Respond with ONLY valid JSON:
            {"candidate_index": <0-based index>, "rating": <1-10>, "reasoning": "<brief explanation>"}

2026-01-04 21:52:54,640 | INFO | 
============================================================
CHUNK 1 JUDGE RESPONSE
============================================================
{"candidate_index": 5, "rating": 8, "reasoning": "Opens with someone stuck in an \"aethera DB challenge,\" instantly tying the fragment to the project’s mythos. The topic (hunting an admin passcode) is intriguing, slightly illicit and unsettling, giving plenty of runway for tension and digital-decay vibes. Dialogue feels like real IRC—short nicks, technical talk, a helpful peer. Enough participants for expansion and a clear hook for another ~15 lines. Solid foundation, better narrative potential than the more mundane or less evocative alternatives."}

2026-01-04 21:52:54,641 | INFO | 
============================================================
CHUNK 1 WINNER
============================================================
datahunt> okay I'm officially stuck on the aethera DB challenge
[00:08] <bitflipper> what's up?
[00:14] <datahunt> I need to find the admin's passcode but I've dumped every table I can think of
[00:20] <bitflipper> did you try the logs table? sometimes systems store sensitive stuff there
[00:26] <datahunt> yeah but it's just generic entries
[

2026-01-04 21:52:54,641 | INFO | 
============================================================
CHUNK 2 GENERATOR PROMPT
============================================================
Stable prefix (cached): 6180 chars
Variable prompt: 489 chars
Total: 6669 chars
Prefill: ''

--- STABLE PREFIX ---
archivist@irc-archive:~$ cd logs
archivist@irc-archive:~/logs$ ls
manifest.txt
irc_log_001.txt
irc_log_002.txt
irc_log_003.txt
irc_log_004.txt
irc_log_005.txt
irc_technical_databases_193.txt
archivist@irc-archive:~/logs$ cat irc_log_001.txt
[LOG: #aethera | 2 users | 35 messages | chaotic | ENDS: quit]
[00:00] <born1986> why the fuck isn't my disc drive working
[00:06] <born1986> i fucking worked on that essay for three friggin' hours in school
[00:12] <born1986> i now i cant finish it 'cos my f...

--- VARIABLE PROMPT ---
archivist@irc-archive:~/logs$ cat irc_technical_databases_193.txt
[LOG: #aethera | 4 users | 20 messages | technical | ENDS: netsplit]
[00:00] <datahunt> okay I'm officially stuck on the aethera DB challenge
[00:08] <bitflipper> what's up?
[00:14] <datahunt> I need to find the admin's passcode but I've dumped every table I can think of
[00:20] <bitflipper> did you try the logs table? sometimes systems store sensitive stuff there
[00:26] <datahunt> yeah but it's just generic entries [


2026-01-04 21:53:02,860 | INFO | 
============================================================
CHUNK 2 JUDGE PROMPT
============================================================
You are judging IRC chat log continuations for an art project called Aethera. Think bash.org mixed with discord.

            IMPORTANT: These candidates are RAW COMPLETIONS from a base language model operating
            in continuation mode. Some responses may be partially cut off; this is normal for a short max token count.
            The generator sees the full scaffold prompt (with examples showing
            the target message count and collapse type) plus all previously generated content.

            The generator should naturally pace toward the target - your job is to select the 
            highest quality continuation that feels most authentic and narratively coherent.

            The chat should feel:
            - Natural and organic, like real IRC conversations
            - Slightly unsettling, with undertones of digital decay
            - Varied in pacing - not every line needs a response
            - Authentic to IRC culture (lurkers, netsplits, casual banter)

            === PROGRESS: 5/20 messages (25%) ===

            We're in the OPENING phase. Favor candidates that establish interesting dynamics and characters.

            === TRANSCRIPT SO FAR ===
            [00:00] <datahunt> okay I'm officially stuck on the aethera DB challenge
[00:08] <bitflipper> what's up?
[00:14] <datahunt> I need to find the admin's passcode but I've dumped every table I can think of
[00:20] <bitflipper> did you try the logs table? sometimes systems store sensitive stuff there
[00:26] <datahunt> yeah but it's just generic entries [
            === END TRANSCRIPT ===

            The candidates below are CONTINUATIONS of this transcript.
            Select the one that best continues the narrative while:
            - Maintaining consistent tone and character voices
            - Keeping natural conversation flow
            - Pacing appropriately toward the target length


            Candidates to judge:

--- CANDIDATE 1 (6 lines) ---
user login attempts, config changes, etc]
[00:32] <datahunt> nothing that looks like credentials
[00:40] <bitflipper> what about the _old_ logs tables? systems sometimes rename old ones instead of deleting
[00:48] <datahunt> didn't see any with that naming convention
[00:52] <bitflipper> check for backup tables too - maybe logs_backup or logs_archive?
[00:58] <

--- CANDIDATE 2 (6 lines) ---
continued]
[00:28] <datahunt> nothing useful
[00:32] <datahunt> wait look at this entry format though - it has brackets around the timestamp and a pipe after 'Logs'
[00:38] <bitflipper> oh nice catch! reminds me of how log files are parsed
[00:44] <datahunt> and look at the filename pattern - irc_log_001.txt etc
[00:50]

--- CANDIDATE 3 (6 lines) ---
Continuation:]
00:32] <datahunt> nothing useful in logs, just timestamps and ids
[00:38] <xorcat> try checking for other schemas maybe? sometimes devs hide stuff elsewhere
[00:44] <datahunt> only got public schema access through the injection point
[00:50] <bitflipper> what about the system tables? pg_catalog or information_schema?
[00:58] <datahunt> no luck,

--- CANDIDATE 4 (7 lines) ---
, ]
[00:32] <bitflipper> what about user_agent or session_data columns?
[00:38] <datahunt> nothing useful, just browser strings
[00:42] <datahunt> wait let me check server_info again
[00:48] <datahunt> server_version: 5.8.1-22
[00:52] <datahunt> storage_engine: innodb
[00:56] <

--- CANDIDATE 5 (6 lines) ---
continued]
[00:28] <datahunt] nothing useful in logins, users, credentials, auth_tokens...
[00:36] <quantumbit> did you check the hidden table?
[00:44] <datahunt> hidden table? there's no table named hidden
[00:50] <quantumbit> no, I mean the one that's not in INFORMATION_SCHEMA
[00:58] <bitflipper> oh you mean the shadow table

--- CANDIDATE 6 (8 lines) ---
continued]
[
00:32] <datahunt> same with users, sessions, config, everything
[00:38] <datahunt> running out of ideas
[00:44] <voidwalker> check the chat logs archive?
[00:50] <datahunt> wait what?
[00:54] <voidwalker> there's an old archive server running somewhere
[00:58] <voidwalker> irc-archive.aethera.systems

--- CANDIDATE 7 (6 lines) ---
System][Connection][Query]
[00:30] <bitflipper> maybe check for hidden columns or tables?
[00:34] <datahunt> already did that, nothing showing up in information_schema
[00:38] <bitflipper> hmph. what about stored procedures?
[00:42] <datahunt> just the standard ones [
[00:42] <datahunt> just the standard ones [get_users][update_logs][backup

--- CANDIDATE 8 (6 lines) ---
u]login attempts, errors, nothing useful
[00:32] <bitflipper> what about trigger-based storage? some systems write to hidden tables on login
[00:38] <datahunt> hmm didn't think of that
[00:44] <datahunt> how would i even check for that though?
[00:50] <bitflipper> try looking for triggers on the users table or any auth-related tables
[00:56] <

--- CANDIDATE 9 (7 lines) ---
00:32] <datahunt> login/logout timestamps mostly
[00:40] <bitflipper> hmm
[00:44] <bitflipper> what about the sessions table?
[00:50] <datahunt> already checked, just session tokens
[00:58] <bitflipper> any hidden tables? try 'SHOW TABLES LIKE "%secret%"'
[01:06] <datahunt> nothing there either
[01:

--- CANDIDATE 10 (7 lines) ---
|:)
[00:30] <bitflipper> have you checked the backups? sometimes they forget to sanitize
[00:34] <datahunt> good idea, checking now
[00:42] <datahunt> oh wait there's something weird in the old_users table
[00:48] <datahunt> there's a column called 'legacy_pass' that's encrypted differently
[00:52] <bitflipper> interesting... what encryption?
[00


            Respond with ONLY valid JSON:
            {"candidate_index": <0-based index>, "rating": <1-10>, "reasoning": "<brief explanation>"}

2026-01-04 21:53:13,234 | INFO | 
============================================================
CHUNK 2 JUDGE RESPONSE
============================================================
{"candidate_index": 5, "rating": 8, "reasoning": "Adds a new mysterious participant (voidwalker) and shifts the hunt from database tables to an \"old archive server\", which nicely broadens the mystery and gives an eerie, decayed-net vibe. Dialogue feels natural, timestamps line up, and pacing is good for the opening phase. Minor artifact (\"continued][\") is tolerable."}

2026-01-04 21:53:13,234 | INFO | 
============================================================
CHUNK 2 WINNER
============================================================
continued]
[
00:32] <datahunt> same with users, sessions, config, everything
[00:38] <datahunt> running out of ideas
[00:44] <voidwalker> check the chat logs archive?
[00:50] <datahunt> wait what?
[00:54] <voidwalker> there's an old archive server running somewhere
[00:58] <voidwalker> irc-archive.aethera.systems

2026-01-04 21:53:13,235 | INFO | 
============================================================
CHUNK 3 GENERATOR PROMPT
============================================================
Stable prefix (cached): 6180 chars
Variable prompt: 802 chars
Total: 6982 chars
Prefill: ''

--- STABLE PREFIX ---
archivist@irc-archive:~$ cd logs
archivist@irc-archive:~/logs$ ls
manifest.txt
irc_log_001.txt
irc_log_002.txt
irc_log_003.txt
irc_log_004.txt
irc_log_005.txt
irc_technical_databases_193.txt
archivist@irc-archive:~/logs$ cat irc_log_001.txt
[LOG: #aethera | 2 users | 35 messages | chaotic | ENDS: quit]
[00:00] <born1986> why the fuck isn't my disc drive working
[00:06] <born1986> i fucking worked on that essay for three friggin' hours in school
[00:12] <born1986> i now i cant finish it 'cos my f...

--- VARIABLE PROMPT ---
archivist@irc-archive:~/logs$ cat irc_technical_databases_193.txt
[LOG: #aethera | 4 users | 20 messages | technical | ENDS: netsplit]
[00:00] <datahunt> okay I'm officially stuck on the aethera DB challenge
[00:08] <bitflipper> what's up?
[00:14] <datahunt> I need to find the admin's passcode but I've dumped every table I can think of
[00:20] <bitflipper> did you try the logs table? sometimes systems store sensitive stuff there
[00:26] <datahunt> yeah but it's just generic entries [continued] [00:32] <datahunt> same with users, sessions, config, everything
[00:38] <datahunt> running out of ideas
[00:44] <voidwalker> check the chat logs archive?
[00:50] <datahunt> wait what?
[00:54] <voidwalker> there's an old archive server running somewhere
[00:58] <voidwalker> irc-archive.aethera.systems


2026-01-04 21:53:21,101 | INFO | 
============================================================
CHUNK 3 JUDGE PROMPT
============================================================
You are judging IRC chat log continuations for an art project called Aethera. Think bash.org mixed with discord.

            IMPORTANT: These candidates are RAW COMPLETIONS from a base language model operating
            in continuation mode. Some responses may be partially cut off; this is normal for a short max token count.
            The generator sees the full scaffold prompt (with examples showing
            the target message count and collapse type) plus all previously generated content.

            The generator should naturally pace toward the target - your job is to select the 
            highest quality continuation that feels most authentic and narratively coherent.

            The chat should feel:
            - Natural and organic, like real IRC conversations
            - Slightly unsettling, with undertones of digital decay
            - Varied in pacing - not every line needs a response
            - Authentic to IRC culture (lurkers, netsplits, casual banter)

            === PROGRESS: 10/20 messages (50%) ===

            We're in the MIDDLE phase. Favor candidates that develop the conversation naturally.

            === TRANSCRIPT SO FAR ===
            [00:00] <datahunt> okay I'm officially stuck on the aethera DB challenge
[00:08] <bitflipper> what's up?
[00:14] <datahunt> I need to find the admin's passcode but I've dumped every table I can think of
[00:20] <bitflipper> did you try the logs table? sometimes systems store sensitive stuff there
[00:26] <datahunt> yeah but it's just generic entries [continued] [00:32] <datahunt> same with users, sessions, config, everything
[00:38] <datahunt> running out of ideas
[00:44] <voidwalker> check the chat logs archive?
[00:50] <datahunt> wait what?
[00:54] <voidwalker> there's an old archive server running somewhere
[00:58] <voidwalker> irc-archive.aethera.systems
            === END TRANSCRIPT ===

            The candidates below are CONTINUATIONS of this transcript.
            Select the one that best continues the narrative while:
            - Maintaining consistent tone and character voices
            - Keeping natural conversation flow
            - Pacing appropriately toward the target length


            Candidates to judge:

--- CANDIDATE 1 (6 lines) ---
[01:02] <voidwalker> they used to store everything there back when the community was active
[01:08] <bitflipper> that's ancient though, like pre-2010
[01:14] <voidwalker> exactly
[01:20] <voidwalker> admin was old-school paranoid about data loss
[01:26] <voidwalker> might have seeded backups in weird places
[01:32] <datahunt>

--- CANDIDATE 2 (6 lines) ---
[01:02] <voidwalker> might have old chat logs with sensitive info
[01:06] <datahunt> that's a good idea actually
[01:12] <datahunt> let me try connecting
[01:18] <bitflipper> wouldn't that be against the rules though?
[01:24] <voidwalker> technically it's part of the same infrastructure
[01:30] <datahunt> hm connection timed out

--- CANDIDATE 3 (6 lines) ---
[01:04] <voidwalker> it was decommissioned but still accessible internally
[01:10] <voidwalker> might have leftover debug info or something
[01:16] <datahunt> damn how do you know about that?
[01:22] <voidwalker> I used to work on the infra team
[01:28] <voidwalker> look for something called 'manifest' or 'index'
[01:34] <void

--- CANDIDATE 4 (6 lines) ---
[01:02] <voidwalker> they used to dump everything there for debugging during early dev
[01:06] <voidwalker> might have some leftover goodies
[01:12] <datahunt> holy shit you're right
[01:18] <datahunt> found an old deployment script in the logs
[01:24] <datahunt> contains admin passcode: aethera-DBA-2023#$
[01

--- CANDIDATE 5 (6 lines) ---
[01:02] <bitflipper> that's ancient, hasn't been touched in years
[01:08] <bitflipper> why would passcodes be there?
[01:12] <voidwalker> people used to paste everything in IRC back then
[01:18] <voidwalker> including passwords, keys, configs...
[01:24] <datahunt> worth a shot I guess
[01:30] <datahunt> how do

--- CANDIDATE 6 (6 lines) ---
[01:02] <datahunt> why would admin credentials be in chat logs???
[01:06] <voidwalker> admin forgot where he wrote it down
[01:10] <voidwalker> posted it to himself in a private IRC msg years ago
[01:14] <voidwalker> thought it was safe since the server was supposed to be offline
[01:18] <datahunt> no way
[01:22] <void

--- CANDIDATE 7 (6 lines) ---
[01:02] <datahunt> how'd you know about that?
[01:08] <bitflipper> it's mentioned in some ancient documentation
[01:14] <voidwalker> yeah, old devs used to dump everything there for debugging
[01:20] <datahunt> including admin credentials?
[01:26] <bitflipper> wouldn't be the first time lol
[01:32] <voidwalker> try looking for

--- CANDIDATE 8 (6 lines) ---
[01:04] <datahunt> how'd you find that?
[01:08] <voidwalker> was scanning old subnets for fun
[01:12] <voidwalker> found it on 192.168.88.13
[01:18] <datahunt> that's internal though?
[01:22] <voidwalker> yeah but the webshell has network access
[01:26] <datahunt> ooh good point

--- CANDIDATE 9 (6 lines) ---
[01:02] <voidwalker> might be something in the old technical discussions
[01:08] <datahunt> holy shit that's still online?
[01:12] <voidwalker> yeah it's been forgotten about for years
[01:20] <datahunt> but how would that help with the passcode?
[01:26] <voidwalker> sometimes devs share credentials during testing
[01:30] <voidwalker> or

--- CANDIDATE 10 (6 lines) ---
[01:02] <voidwalker> they used to dump all the chatlogs there in plaintext
[01:08] <datahunt> no way seriously?
[01:14] <bitflipper> holy shit I forgot about that server
[01:18] <bitflipper> it was supposed to be decomissioned like years ago
[01:24] <voidwalker> exactly
[01:30] <voidwalker> old systems


            Respond with ONLY valid JSON:
            {"candidate_index": <0-based index>, "rating": <1-10>, "reasoning": "<brief explanation>"}

2026-01-04 21:53:30,688 | INFO | 
============================================================
CHUNK 3 JUDGE RESPONSE
============================================================
{"candidate_index": 1, "rating": 8, "reasoning": "Feels like a believable IRC back-and-forth: explores idea, slight moral hesitation, obstacle (timeout) that keeps tension alive. Good pacing, no premature solution, coherent voices."}

2026-01-04 21:53:30,689 | INFO | 
============================================================
CHUNK 3 WINNER
============================================================
[01:02] <voidwalker> might have old chat logs with sensitive info
[01:06] <datahunt> that's a good idea actually
[01:12] <datahunt> let me try connecting
[01:18] <bitflipper> wouldn't that be against the rules though?
[01:24] <voidwalker> technically it's part of the same infrastructure
[01:30] <datahunt> hm connection timed out

2026-01-04 21:53:30,689 | INFO | 
============================================================
CHUNK 4 GENERATOR PROMPT
============================================================
Stable prefix (cached): 6180 chars
Variable prompt: 1133 chars
Total: 7313 chars
Prefill: ''

--- STABLE PREFIX ---
archivist@irc-archive:~$ cd logs
archivist@irc-archive:~/logs$ ls
manifest.txt
irc_log_001.txt
irc_log_002.txt
irc_log_003.txt
irc_log_004.txt
irc_log_005.txt
irc_technical_databases_193.txt
archivist@irc-archive:~/logs$ cat irc_log_001.txt
[LOG: #aethera | 2 users | 35 messages | chaotic | ENDS: quit]
[00:00] <born1986> why the fuck isn't my disc drive working
[00:06] <born1986> i fucking worked on that essay for three friggin' hours in school
[00:12] <born1986> i now i cant finish it 'cos my f...

--- VARIABLE PROMPT ---
archivist@irc-archive:~/logs$ cat irc_technical_databases_193.txt
[LOG: #aethera | 4 users | 20 messages | technical | ENDS: netsplit]
[00:00] <datahunt> okay I'm officially stuck on the aethera DB challenge
[00:08] <bitflipper> what's up?
[00:14] <datahunt> I need to find the admin's passcode but I've dumped every table I can think of
[00:20] <bitflipper> did you try the logs table? sometimes systems store sensitive stuff there
[00:26] <datahunt> yeah but it's just generic entries [continued] [00:32] <datahunt> same with users, sessions, config, everything
[00:38] <datahunt> running out of ideas
[00:44] <voidwalker> check the chat logs archive?
[00:50] <datahunt> wait what?
[00:54] <voidwalker> there's an old archive server running somewhere
[00:58] <voidwalker> irc-archive.aethera.systems
[01:02] <voidwalker> might have old chat logs with sensitive info
[01:06] <datahunt> that's a good idea actually
[01:12] <datahunt> let me try connecting
[01:18] <bitflipper> wouldn't that be against the rules though?
[01:24] <voidwalker> technically it's part of the same infrastructure
[01:30] <datahunt> hm connection timed out


2026-01-04 21:53:38,227 | INFO | 
============================================================
CHUNK 4 JUDGE PROMPT
============================================================
You are judging IRC chat log continuations for an art project called Aethera. Think bash.org mixed with discord.

            IMPORTANT: These candidates are RAW COMPLETIONS from a base language model operating
            in continuation mode. Some responses may be partially cut off; this is normal for a short max token count.
            The generator sees the full scaffold prompt (with examples showing
            the target message count and collapse type) plus all previously generated content.

            The generator should naturally pace toward the target - your job is to select the 
            highest quality continuation that feels most authentic and narratively coherent.

            The chat should feel:
            - Natural and organic, like real IRC conversations
            - Slightly unsettling, with undertones of digital decay
            - Varied in pacing - not every line needs a response
            - Authentic to IRC culture (lurkers, netsplits, casual banter)

            === PROGRESS: 16/20 messages (80%) ===

            We're APPROACHING THE END (4 messages left). Favor candidates that start steering toward a natural conclusion.

            === TRANSCRIPT SO FAR ===
            [00:00] <datahunt> okay I'm officially stuck on the aethera DB challenge
[00:08] <bitflipper> what's up?
[00:14] <datahunt> I need to find the admin's passcode but I've dumped every table I can think of
[00:20] <bitflipper> did you try the logs table? sometimes systems store sensitive stuff there
[00:26] <datahunt> yeah but it's just generic entries [continued] [00:32] <datahunt> same with users, sessions, config, everything
[00:38] <datahunt> running out of ideas
[00:44] <voidwalker> check the chat logs archive?
[00:50] <datahunt> wait what?
[00:54] <voidwalker> there's an old archive server running somewhere
[00:58] <voidwalker> irc-archive.aethera.systems
[01:02] <voidwalker> might have old chat logs with sensitive info
[01:06] <datahunt> that's a good idea actually
[01:12] <datahunt> let me try connecting
[01:18] <bitflipper> wouldn't that be against the rules though?
[01:24] <voidwalker> technically it's part of the same infrastructure
[01:30] <datahunt> hm connection timed out
            === END TRANSCRIPT ===

            The candidates below are CONTINUATIONS of this transcript.
            Select the one that best continues the narrative while:
            - Maintaining consistent tone and character voices
            - Keeping natural conversation flow
            - Pacing appropriately toward the target length


            Candidates to judge:

--- CANDIDATE 1 (7 lines) ---
[01:36] <voidwalker> try the backup port
[01:42] <voidwalker> 6667
[01:48] <datahunt> still no luck
[01:54] <bitflipper> maybe it's internal only?
[01:58] <datahunt> damn
[02:04] <voidwalker> wait check the manifest.txt file
[02:10] <voidwalker> it might have IP addresses

--- CANDIDATE 2 (7 lines) ---
[01:36] <voidwalker> try the backup port 1337
[01:42] <datahunt> still nothing
[01:48] <bitflipper> maybe it's offline
[01:54] <voidwalker> or firewalled
[02:00] <datahunt> let me try a different approach
[02:06] <datahunt> might be accessible from inside the network
[02:12] <

--- CANDIDATE 3 (6 lines) [CONTAINS COLLAPSE] ---
[01:34] <voidwalker> try port 2222 instead of 22
[01:38] <datahunt> why would ssh be on 2222?
[01:42] <voidwalker> because old sysadmin was paranoid
[01:48] <datahunt> okay trying 2222 now
[01:54] *** datahunt has quit (Client Quit)
[02:00] <bitflipper> think he

--- CANDIDATE 4 (7 lines) ---
[01:36] <voidwalker> try the backup port
[01:40] <voidwalker> 6667
[01:46] <datahunt> oh wow i'm in
[01:52] <datahunt> this is ancient
[01:58] <datahunt> looks like old IRC logs from like 2008
[02:04] <datahunt> but there's tons of them
[02:10] <

--- CANDIDATE 5 (7 lines) ---
[01:36] <voidwalker> try the IP directly?
[01:42] <datahunt> yeah good idea
[01:48] <voidwalker> 10.10.10.45
[01:54] <datahunt> ah it's up! just slow
[02:02] <datahunt> ssh is open
[02:08] <datahunt> wow check this out
[02:14] <data

--- CANDIDATE 6 (7 lines) ---
[01:36] <voidwalker> try the backup port 2222
[01:42] <datahunt> nice it worked
[01:48] <datahunt> just saw a message about maintenance mode?
[01:52] <voidwalker> yeah ignore that
[01:58] <voidwalker> check the logs directory
[02:04] <datahunt> wow there's tons of files here
[02:10] <

--- CANDIDATE 7 (6 lines) ---
[01:36] <voidwalker> try the ip directly
[01:40] <voidwalker> 10.13.37.193
[01:42] <datahunt> oh wait I think I have that in my notes
[01:48] <datahunt> yeah let me check
[01:54] <datahunt> got it - connecting now
[02:00] <voidwalker> might need to use a different

--- CANDIDATE 8 (7 lines) ---
[01:36] <voidwalker> odd, it was up earlier
[01:42] <bitflipper> maybe they took it offline after the last incident
[01:48] <datahunt> what last incident?
[01:52] <voidwalker> you didn't hear?
[01:58] <voidwalker> someone found admin credentials in a 10-year-old chat log
[02:04] <datahunt> no way
[

--- CANDIDATE 9 (8 lines) [CONTAINS COLLAPSE] ---
[01:30] <datahunt> hm connection timed out
[01:30] <datahunt> hm connection timed out  
[01:30] INFO: Connection to server lost.
[01:30] INFO: Attempting to reconnect...
[01:32] *** datahunt has quit (Ping timeout)
[01:34] *** bitflipper has quit (Ping timeout)
[01:36] *** voidwalker has quit (Ping timeout)
[

--- CANDIDATE 10 (7 lines) ---
[01:36] <datahunt> maybe it's offline
[01:42] <voidwalker> try the backup port?
[01:48] <bitflipper> guys I'm getting weird lag here
[01:54] <datahunt> same
[01:58] <voidwalker> something's not right
[02:04] <datahunt> did anyone else just see that duplicate message?
[02:08] <bitflipper


            Respond with ONLY valid JSON:
            {"candidate_index": <0-based index>, "rating": <1-10>, "reasoning": "<brief explanation>"}

2026-01-04 21:53:58,503 | INFO | 
============================================================
CHUNK 4 JUDGE RESPONSE
============================================================
{"candidate_index": 5, "rating": 8, "reasoning": "Moves plot forward organically: they reach the server via an odd port, get a cryptic maintenance notice (adds unsettling feel), and start browsing a huge logs directory. Dialogue feels authentic, pacing is brisk yet leaves room for a short wrap-up. Minor length overrun but overall best balance of tone, coherence, and narrative direction."}

2026-01-04 21:53:58,503 | INFO | 
============================================================
CHUNK 4 WINNER
============================================================
[01:36] <voidwalker> try the backup port 2222
[01:42] <datahunt> nice it worked
[01:48] <datahunt> just saw a message about maintenance mode?
[01:52] <voidwalker> yeah ignore that
[01:58] <voidwalker> check the logs directory
[02:04] <datahunt> wow there's tons of files here
[02:10] <

2026-01-04 21:53:58,504 | INFO | 
============================================================
CHUNK 5 GENERATOR PROMPT
============================================================
Stable prefix (cached): 6180 chars
Variable prompt: 1419 chars
Total: 7599 chars
Prefill: ''

--- STABLE PREFIX ---
archivist@irc-archive:~$ cd logs
archivist@irc-archive:~/logs$ ls
manifest.txt
irc_log_001.txt
irc_log_002.txt
irc_log_003.txt
irc_log_004.txt
irc_log_005.txt
irc_technical_databases_193.txt
archivist@irc-archive:~/logs$ cat irc_log_001.txt
[LOG: #aethera | 2 users | 35 messages | chaotic | ENDS: quit]
[00:00] <born1986> why the fuck isn't my disc drive working
[00:06] <born1986> i fucking worked on that essay for three friggin' hours in school
[00:12] <born1986> i now i cant finish it 'cos my f...

--- VARIABLE PROMPT ---
archivist@irc-archive:~/logs$ cat irc_technical_databases_193.txt
[LOG: #aethera | 4 users | 20 messages | technical | ENDS: netsplit]
[00:00] <datahunt> okay I'm officially stuck on the aethera DB challenge
[00:08] <bitflipper> what's up?
[00:14] <datahunt> I need to find the admin's passcode but I've dumped every table I can think of
[00:20] <bitflipper> did you try the logs table? sometimes systems store sensitive stuff there
[00:26] <datahunt> yeah but it's just generic entries [continued] [00:32] <datahunt> same with users, sessions, config, everything
[00:38] <datahunt> running out of ideas
[00:44] <voidwalker> check the chat logs archive?
[00:50] <datahunt> wait what?
[00:54] <voidwalker> there's an old archive server running somewhere
[00:58] <voidwalker> irc-archive.aethera.systems
[01:02] <voidwalker> might have old chat logs with sensitive info
[01:06] <datahunt> that's a good idea actually
[01:12] <datahunt> let me try connecting
[01:18] <bitflipper> wouldn't that be against the rules though?
[01:24] <voidwalker> technically it's part of the same infrastructure
[01:30] <datahunt> hm connection timed out
[01:36] <voidwalker> try the backup port 2222
[01:42] <datahunt> nice it worked
[01:48] <datahunt> just saw a message about maintenance mode?
[01:52] <voidwalker> yeah ignore that
[01:58] <voidwalker> check the logs directory
[02:04] <datahunt> wow there's tons of files here
[02:10] <


2026-01-04 21:54:05,950 | INFO | 
============================================================
CHUNK 5 JUDGE PROMPT
============================================================
You are judging IRC chat log continuations for an art project called Aethera. Think bash.org mixed with discord.

            IMPORTANT: These candidates are RAW COMPLETIONS from a base language model operating
            in continuation mode. Some responses may be partially cut off; this is normal for a short max token count.
            The generator sees the full scaffold prompt (with examples showing
            the target message count and collapse type) plus all previously generated content.

            The generator should naturally pace toward the target - your job is to select the 
            highest quality continuation that feels most authentic and narratively coherent.

            The chat should feel:
            - Natural and organic, like real IRC conversations
            - Slightly unsettling, with undertones of digital decay
            - Varied in pacing - not every line needs a response
            - Authentic to IRC culture (lurkers, netsplits, casual banter)

            === PROGRESS: 23/20 messages (115%) ===

            We're at the END (-3 messages left). Favor candidates that bring the conversation to a satisfying collapse/ending.

            === TRANSCRIPT SO FAR ===
            [00:00] <datahunt> okay I'm officially stuck on the aethera DB challenge
[00:08] <bitflipper> what's up?
[00:14] <datahunt> I need to find the admin's passcode but I've dumped every table I can think of
[00:20] <bitflipper> did you try the logs table? sometimes systems store sensitive stuff there
[00:26] <datahunt> yeah but it's just generic entries [continued] [00:32] <datahunt> same with users, sessions, config, everything
[00:38] <datahunt> running out of ideas
[00:44] <voidwalker> check the chat logs archive?
[00:50] <datahunt> wait what?
[00:54] <voidwalker> there's an old archive server running somewhere
[00:58] <voidwalker> irc-archive.aethera.systems
[01:02] <voidwalker> might have old chat logs with sensitive info
[01:06] <datahunt> that's a good idea actually
[01:12] <datahunt> let me try connecting
[01:18] <bitflipper> wouldn't that be against the rules though?
[01:24] <voidwalker> technically it's part of the same infrastructure
[01:30] <datahunt> hm connection timed out
[01:36] <voidwalker> try the backup port 2222
[01:42] <datahunt> nice it worked
[01:48] <datahunt> just saw a message about maintenance mode?
[01:52] <voidwalker> yeah ignore that
[01:58] <voidwalker> check the logs directory
[02:04] <datahunt> wow there's tons of files here
[02:10] <
            === END TRANSCRIPT ===

            The candidates below are CONTINUATIONS of this transcript.
            Select the one that best continues the narrative while:
            - Maintaining consistent tone and character voices
            - Keeping natural conversation flow
            - Pacing appropriately toward the target length


            Candidates to judge:

--- CANDIDATE 1 (7 lines) [CONTAINS COLLAPSE] ---
datahunt> this could take a while to search
[02:16] <voidwalker> grep for "admin" or "passcode"
[02:22] <datahunt> good idea
[02:28] <bitflipper> guys if anyone asks I wasn't here
[02:32] *** bitflipper has quit (Quit: Leaving)
[02:36] <datahunt> found something interesting in irc_log_000.txt
[

--- CANDIDATE 2 (7 lines) ---
datahunt> wait what's this?
[02:16] <datahunt> there's a file called passcode_backup.txt
[02:22] <bitflipper> no way
[02:28] <datahunt> it's encrypted though
[02:34] <datahunt> but there's also pass.sh in the same dir
[02:40] <voidwalker> check that script
[02:46] <datahunt> looks like it's

--- CANDIDATE 3 (6 lines) ---
datahunt> any hints on which one to look at?
[02:16] <voidwalker> try looking for ones around the time the admin changed the passcode
[02:22] <bitflipper> how would we know when that was?
[02:28] <voidwalker> check the config file timestamp on the main server
[02:34] <datahunt> got it - looks like 3 days ago
[02:40] <void

--- CANDIDATE 4 (6 lines) ---
datahunt> any idea which one?
[02:16] <voidwalker> look for anything with "technical" or "admin"
[02:22] <datahunt> found one: irc_technical_databases_193.txt
[02:28] <voidwalker> that's the one!
[02:32] <datahunt> wait... this is meta
[02:38] <bitflipper> lol we're in the chat log now

--- CANDIDATE 5 (7 lines) ---
datahunt> irc_technical_databases_193.txt this looks promising
[02:16] <bitflipper> lol that's this chat
[02:22] <datahunt> wait what
[02:26] <datahunt> NO IT ISN'T
[02:30] <voidwalker> haha meta
[02:34] <datahunt> no seriously this file has
[02:38] <datahunt>

--- CANDIDATE 6 (6 lines) ---
datahunt> wait what's this one?
[02:16] <bitflipper> datahunt you there?
[02:22] <datahunt> holy shit guys
[02:28] <datahunt> I think I found something
[02:34] <datahunt> there's a file called "irc_technical_databases_193.txt" in here
[02:40] <datahunt> and it contains... this conversation

--- CANDIDATE 7 (7 lines) ---
datahunt> how am i supposed to find anything
[02:16] <voidwalker> look for keywords like admin, passcode, login
[02:22] <datahunt> okay searching now
[02:28] <bitflipper> this feels like cheating...
[02:34] <voidwalker> it's just thinking outside the box
[02:40] <datahunt> OMG
[02:42] <datahunt>

--- CANDIDATE 8 (8 lines) ---
datahunt> found something interesting
[02:14] <voidwalker> what?
[02:18] <datahunt> file called "irc_technical_databases_193.txt"
[02:24] <bitflipper> meta
[02:28] <datahunt> it's this exact conversation
[02:32] <bitflipper> wtf
[02:36] <voidwalker> recursive logs
[02:42] <

--- CANDIDATE 9 (6 lines) ---
datahunt> [02:12] <datahunt> oops
[02:16] <datahunt> found something interesting in irc_ [02:22] <datahunt> nevermind false alarm
[02:26] <bitflipper> what's taking so long?
[02:30] <datahunt> this server is slow as hell
[02:36] <voidwalker> patience, young padawan
[02:42

--- CANDIDATE 10 (7 lines) ---
datahunt> a lot of old chat logs
[02:16] <datahunt> but also some system logs
[02:22] <voidwalker> look for anything with database or admin in the name
[02:28] <datahunt> found one: db_backup_2019.log
[02:34] <datahunt> downloading now
[02:40] <bitflipper> careful what you download...
[02:46]


            Respond with ONLY valid JSON:
            {"candidate_index": <0-based index>, "rating": <1-10>, "reasoning": "<brief explanation>"}

2026-01-04 21:54:15,933 | INFO | 
============================================================
CHUNK 5 JUDGE RESPONSE
============================================================
{"candidate_index": 3, "rating": 8, "reasoning": "Delivers a concise, eerie meta-reveal that the log being browsed is this very chat, matching the project’s unsettling tone. Dialogue is believable (IRC banter, brief humor) and moves the scene toward a natural collapse without overstaying. Minor formatting flaw on the first line, but overall coherence and narrative impact outweigh this."}

2026-01-04 21:54:15,934 | INFO | 
============================================================
CHUNK 5 WINNER
============================================================
datahunt> any idea which one?
[02:16] <voidwalker> look for anything with "technical" or "admin"
[02:22] <datahunt> found one: irc_technical_databases_193.txt
[02:28] <voidwalker> that's the one!
[02:32] <datahunt> wait... this is meta
[02:38] <bitflipper> lol we're in the chat log now

2026-01-04 21:54:15,934 | INFO | 
============================================================
CHUNK 6 GENERATOR PROMPT
============================================================
Stable prefix (cached): 6180 chars
Variable prompt: 1706 chars
Total: 7886 chars
Prefill: ''

--- STABLE PREFIX ---
archivist@irc-archive:~$ cd logs
archivist@irc-archive:~/logs$ ls
manifest.txt
irc_log_001.txt
irc_log_002.txt
irc_log_003.txt
irc_log_004.txt
irc_log_005.txt
irc_technical_databases_193.txt
archivist@irc-archive:~/logs$ cat irc_log_001.txt
[LOG: #aethera | 2 users | 35 messages | chaotic | ENDS: quit]
[00:00] <born1986> why the fuck isn't my disc drive working
[00:06] <born1986> i fucking worked on that essay for three friggin' hours in school
[00:12] <born1986> i now i cant finish it 'cos my f...

--- VARIABLE PROMPT ---
archivist@irc-archive:~/logs$ cat irc_technical_databases_193.txt
[LOG: #aethera | 4 users | 20 messages | technical | ENDS: netsplit]
[00:00] <datahunt> okay I'm officially stuck on the aethera DB challenge
[00:08] <bitflipper> what's up?
[00:14] <datahunt> I need to find the admin's passcode but I've dumped every table I can think of
[00:20] <bitflipper> did you try the logs table? sometimes systems store sensitive stuff there
[00:26] <datahunt> yeah but it's just generic entries [continued] [00:32] <datahunt> same with users, sessions, config, everything
[00:38] <datahunt> running out of ideas
[00:44] <voidwalker> check the chat logs archive?
[00:50] <datahunt> wait what?
[00:54] <voidwalker> there's an old archive server running somewhere
[00:58] <voidwalker> irc-archive.aethera.systems
[01:02] <voidwalker> might have old chat logs with sensitive info
[01:06] <datahunt> that's a good idea actually
[01:12] <datahunt> let me try connecting
[01:18] <bitflipper> wouldn't that be against the rules though?
[01:24] <voidwalker> technically it's part of the same infrastructure
[01:30] <datahunt> hm connection timed out
[01:36] <voidwalker> try the backup port 2222
[01:42] <datahunt> nice it worked
[01:48] <datahunt> just saw a message about maintenance mode?
[01:52] <voidwalker> yeah ignore that
[01:58] <voidwalker> check the logs directory
[02:04] <datahunt> wow there's tons of files here
[02:10] < datahunt> any idea which one?
[02:16] <voidwalker> look for anything with "technical" or "admin"
[02:22] <datahunt> found one: irc_technical_databases_193.txt
[02:28] <voidwalker> that's the one!
[02:32] <datahunt> wait... this is meta
[02:38] <bitflipper> lol we're in the chat log now


2026-01-04 21:54:24,146 | INFO | 
============================================================
CHUNK 6 JUDGE PROMPT
============================================================
You are judging IRC chat log continuations for an art project called Aethera. Think bash.org mixed with discord.

            IMPORTANT: These candidates are RAW COMPLETIONS from a base language model operating
            in continuation mode. Some responses may be partially cut off; this is normal for a short max token count.
            The generator sees the full scaffold prompt (with examples showing
            the target message count and collapse type) plus all previously generated content.

            The generator should naturally pace toward the target - your job is to select the 
            highest quality continuation that feels most authentic and narratively coherent.

            The chat should feel:
            - Natural and organic, like real IRC conversations
            - Slightly unsettling, with undertones of digital decay
            - Varied in pacing - not every line needs a response
            - Authentic to IRC culture (lurkers, netsplits, casual banter)

            === PROGRESS: 28/20 messages (140%) ===

            We're at the END (-8 messages left). Favor candidates that bring the conversation to a satisfying collapse/ending.

            === TRANSCRIPT SO FAR ===
            [00:00] <datahunt> okay I'm officially stuck on the aethera DB challenge
[00:08] <bitflipper> what's up?
[00:14] <datahunt> I need to find the admin's passcode but I've dumped every table I can think of
[00:20] <bitflipper> did you try the logs table? sometimes systems store sensitive stuff there
[00:26] <datahunt> yeah but it's just generic entries [continued] [00:32] <datahunt> same with users, sessions, config, everything
[00:38] <datahunt> running out of ideas
[00:44] <voidwalker> check the chat logs archive?
[00:50] <datahunt> wait what?
[00:54] <voidwalker> there's an old archive server running somewhere
[00:58] <voidwalker> irc-archive.aethera.systems
[01:02] <voidwalker> might have old chat logs with sensitive info
[01:06] <datahunt> that's a good idea actually
[01:12] <datahunt> let me try connecting
[01:18] <bitflipper> wouldn't that be against the rules though?
[01:24] <voidwalker> technically it's part of the same infrastructure
[01:30] <datahunt> hm connection timed out
[01:36] <voidwalker> try the backup port 2222
[01:42] <datahunt> nice it worked
[01:48] <datahunt> just saw a message about maintenance mode?
[01:52] <voidwalker> yeah ignore that
[01:58] <voidwalker> check the logs directory
[02:04] <datahunt> wow there's tons of files here
[02:10] < datahunt> any idea which one?
[02:16] <voidwalker> look for anything with "technical" or "admin"
[02:22] <datahunt> found one: irc_technical_databases_193.txt
[02:28] <voidwalker> that's the one!
[02:32] <datahunt> wait... this is meta
[02:38] <bitflipper> lol we're in the chat log now
            === END TRANSCRIPT ===

            The candidates below are CONTINUATIONS of this transcript.
            Select the one that best continues the narrative while:
            - Maintaining consistent tone and character voices
            - Keeping natural conversation flow
            - Pacing appropriately toward the target length


            Candidates to judge:

--- CANDIDATE 1 (6 lines) ---
[02:38] <bitflipper> lol we're in the chat log now
[02:44] <voidwalker> damn recursion
[02:50] <datahunt> okay but seriously
[02:56] <datahunt> I don't see any passcodes here
[03:02] <voidwalker> check the metadata? sometimes it's in the log headers
[03:08] <datahunt> let me grep for "passcode

--- CANDIDATE 2 (7 lines) ---
[02:44] <voidwalker> recursion detected
[02:50] <datahunt> seriously though, any actual hints?
[02:56] <voidwalker> check the oldest entries
[03:02] <datahunt> scanning... oh wow
[03:08] <datahunt> found something
[03:14] <datahunt> there's an old conversation about backup procedures
[03:20] <datahunt>

--- CANDIDATE 3 (7 lines) ---
[02:42] <datahunt> this is so weird
[02:46] <voidwalker> keep reading
[02:52] <datahunt> oh shit
[02:58] <datahunt> voidwalker just mentioned irc-archive.aethera.systems
[03:04] <datahunt> but that's this server
[03:10] <voidwalker> ;)
[03:16] <datahunt

--- CANDIDATE 4 (7 lines) ---
[02:44] <datahunt> shit that's weird
[02:50] <voidwalker> recursionception
[02:56] <datahunt> but seriously I still don't see any passcode
[03:02] <voidwalker> look closely at the timestamps
[03:08] <datahunt> oh wait...
[03:14] <datahunt> at [01:48] and [01:52]...
[

--- CANDIDATE 5 (7 lines) ---
[02:44] <datahunt> recursive much?
[02:50] <voidwalker> happens sometimes with these old systems
[02:54] <datahunt> but I don't see any passcodes in here
[03:00] <voidwalker> check the timestamps
[03:06] <datahunt> what about them?
[03:12] <voidwalker> some of them are off by exactly 1 second
[03:

--- CANDIDATE 6 (6 lines) ---
[02:42] <voidwalker> no way that's actually happening
[02:48] <bitflipper> nested logs recursion depth exceeded
[02:54] <datahunt> okay but seriously, I still need that passcode
[03:00] <voidwalker> check the last line of this file
[03:06] <datahunt> last line just says "END" though
[03:12] <voidwalker> no,

--- CANDIDATE 7 (7 lines) ---
[02:42] <datahunt> that's weird
[02:48] <datahunt> hey what's that at the end?
[02:52] <voidwalker> looks like an encoded string
[02:56] <datahunt> securing it now
[03:00] <voidwalker> nice work everyone
[03:04] <datahunt> thanks for the help
[03:06] <bitflipper> gg

--- CANDIDATE 8 (7 lines) ---
[02:44] <voidwalker> recursion detected
[02:48] <datahunt> but seriously there's nothing useful here
[02:54] <voidwalker> check the manifest.txt file
[03:00] <datahunt> ok let me see
[03:06] <datahunt> holy shit
[03:10] <datahunt> there's a hidden entry in here
[03:16] <datahunt

--- CANDIDATE 9 (7 lines) ---
[02:44] <bitflipper> oh fuck
[02:50] <datahunt> how is this possible
[02:56] <voidwalker> it records everything in real-time
[03:00] <datahunt> this is too weird
[03:06] <datahunt> but I still don't see the passcode
[03:12] <voidwalker> look closer at the timestamps
[03:18]

--- CANDIDATE 10 (7 lines) ---
[02:44] <voidwalker> recursion achieved
[02:50] <datahunt> but seriously though, there's nothing useful here
[02:56] <voidwalker> check the manifest.txt file
[03:02] <datahunt> already did, just a list of files
[03:08] <voidwalker> no, look closer at the technical one
[03:14] <voidwalker> the timestamp in the filename
[


            Respond with ONLY valid JSON:
            {"candidate_index": <0-based index>, "rating": <1-10>, "reasoning": "<brief explanation>"}

2026-01-04 21:54:31,565 | INFO | 
============================================================
CHUNK 6 JUDGE RESPONSE
============================================================
{"candidate_index": 6, "rating": 8, "reasoning": "Only candidate that actually provides a concise wrap-up. Keeps IRC tone, introduces a small eerie element ('encoded string'), then ends with a natural short sign-off ('gg'). Others trail off mid-sentence and don’t satisfy the requested collapse. Some abruptness, but still the most coherent and complete."}

2026-01-04 21:54:31,565 | INFO | 
============================================================
CHUNK 6 WINNER
============================================================
[02:42] <datahunt> that's weird
[02:48] <datahunt> hey what's that at the end?
[02:52] <voidwalker> looks like an encoded string
[02:56] <datahunt> securing it now
[03:00] <voidwalker> nice work everyone
[03:04] <datahunt> thanks for the help
[03:06] <bitflipper> gg

2026-01-04 21:54:31,565 | INFO | 
============================================================
CHUNK 7 GENERATOR PROMPT
============================================================
Stable prefix (cached): 6180 chars
Variable prompt: 1973 chars
Total: 8153 chars
Prefill: ''

--- STABLE PREFIX ---
archivist@irc-archive:~$ cd logs
archivist@irc-archive:~/logs$ ls
manifest.txt
irc_log_001.txt
irc_log_002.txt
irc_log_003.txt
irc_log_004.txt
irc_log_005.txt
irc_technical_databases_193.txt
archivist@irc-archive:~/logs$ cat irc_log_001.txt
[LOG: #aethera | 2 users | 35 messages | chaotic | ENDS: quit]
[00:00] <born1986> why the fuck isn't my disc drive working
[00:06] <born1986> i fucking worked on that essay for three friggin' hours in school
[00:12] <born1986> i now i cant finish it 'cos my f...

--- VARIABLE PROMPT ---
archivist@irc-archive:~/logs$ cat irc_technical_databases_193.txt
[LOG: #aethera | 4 users | 20 messages | technical | ENDS: netsplit]
[00:00] <datahunt> okay I'm officially stuck on the aethera DB challenge
[00:08] <bitflipper> what's up?
[00:14] <datahunt> I need to find the admin's passcode but I've dumped every table I can think of
[00:20] <bitflipper> did you try the logs table? sometimes systems store sensitive stuff there
[00:26] <datahunt> yeah but it's just generic entries [continued] [00:32] <datahunt> same with users, sessions, config, everything
[00:38] <datahunt> running out of ideas
[00:44] <voidwalker> check the chat logs archive?
[00:50] <datahunt> wait what?
[00:54] <voidwalker> there's an old archive server running somewhere
[00:58] <voidwalker> irc-archive.aethera.systems
[01:02] <voidwalker> might have old chat logs with sensitive info
[01:06] <datahunt> that's a good idea actually
[01:12] <datahunt> let me try connecting
[01:18] <bitflipper> wouldn't that be against the rules though?
[01:24] <voidwalker> technically it's part of the same infrastructure
[01:30] <datahunt> hm connection timed out
[01:36] <voidwalker> try the backup port 2222
[01:42] <datahunt> nice it worked
[01:48] <datahunt> just saw a message about maintenance mode?
[01:52] <voidwalker> yeah ignore that
[01:58] <voidwalker> check the logs directory
[02:04] <datahunt> wow there's tons of files here
[02:10] < datahunt> any idea which one?
[02:16] <voidwalker> look for anything with "technical" or "admin"
[02:22] <datahunt> found one: irc_technical_databases_193.txt
[02:28] <voidwalker> that's the one!
[02:32] <datahunt> wait... this is meta
[02:38] <bitflipper> lol we're in the chat log now
[02:42] <datahunt> that's weird
[02:48] <datahunt> hey what's that at the end?
[02:52] <voidwalker> looks like an encoded string
[02:56] <datahunt> securing it now
[03:00] <voidwalker> nice work everyone
[03:04] <datahunt> thanks for the help
[03:06] <bitflipper> gg


2026-01-04 21:54:38,501 | INFO | 
============================================================
CHUNK 7 JUDGE PROMPT
============================================================
You are judging IRC chat log continuations for an art project called Aethera. Think bash.org mixed with discord.

            IMPORTANT: These candidates are RAW COMPLETIONS from a base language model operating
            in continuation mode. Some responses may be partially cut off; this is normal for a short max token count.
            The generator sees the full scaffold prompt (with examples showing
            the target message count and collapse type) plus all previously generated content.

            The generator should naturally pace toward the target - your job is to select the 
            highest quality continuation that feels most authentic and narratively coherent.

            The chat should feel:
            - Natural and organic, like real IRC conversations
            - Slightly unsettling, with undertones of digital decay
            - Varied in pacing - not every line needs a response
            - Authentic to IRC culture (lurkers, netsplits, casual banter)

            === PROGRESS: 35/20 messages (175%) ===

            We're at the END (-15 messages left). Favor candidates that bring the conversation to a satisfying collapse/ending.

            === TRANSCRIPT SO FAR ===
            [00:00] <datahunt> okay I'm officially stuck on the aethera DB challenge
[00:08] <bitflipper> what's up?
[00:14] <datahunt> I need to find the admin's passcode but I've dumped every table I can think of
[00:20] <bitflipper> did you try the logs table? sometimes systems store sensitive stuff there
[00:26] <datahunt> yeah but it's just generic entries [continued] [00:32] <datahunt> same with users, sessions, config, everything
[00:38] <datahunt> running out of ideas
[00:44] <voidwalker> check the chat logs archive?
[00:50] <datahunt> wait what?
[00:54] <voidwalker> there's an old archive server running somewhere
[00:58] <voidwalker> irc-archive.aethera.systems
[01:02] <voidwalker> might have old chat logs with sensitive info
[01:06] <datahunt> that's a good idea actually
[01:12] <datahunt> let me try connecting
[01:18] <bitflipper> wouldn't that be against the rules though?
[01:24] <voidwalker> technically it's part of the same infrastructure
[01:30] <datahunt> hm connection timed out
[01:36] <voidwalker> try the backup port 2222
[01:42] <datahunt> nice it worked
[01:48] <datahunt> just saw a message about maintenance mode?
[01:52] <voidwalker> yeah ignore that
[01:58] <voidwalker> check the logs directory
[02:04] <datahunt> wow there's tons of files here
[02:10] < datahunt> any idea which one?
[02:16] <voidwalker> look for anything with "technical" or "admin"
[02:22] <datahunt> found one: irc_technical_databases_193.txt
[02:28] <voidwalker> that's the one!
[02:32] <datahunt> wait... this is meta
[02:38] <bitflipper> lol we're in the chat log now
[02:42] <datahunt> that's weird
[02:48] <datahunt> hey what's that at the end?
[02:52] <voidwalker> looks like an encoded string
[02:56] <datahunt> securing it now
[03:00] <voidwalker> nice work everyone
[03:04] <datahunt> thanks for the help
[03:06] <bitflipper> gg
            === END TRANSCRIPT ===

            The candidates below are CONTINUATIONS of this transcript.
            Select the one that best continues the narrative while:
            - Maintaining consistent tone and character voices
            - Keeping natural conversation flow
            - Pacing appropriately toward the target length


            Candidates to judge:

--- CANDIDATE 1 (9 lines) ---
[03:06] <bitflipper> gg
[03:06] ... CTCP PING: 8.8.8.8
[03:06] ... CTCP PING: 8.8.8.8
[03:06] ... CTCP PING: 8.8.8.8
[03:06] 
[03:06] 
[03:06] 
[03:06] 
[03:

--- CANDIDATE 2 (7 lines) [CONTAINS COLLAPSE] ---
[03:06] < bitflipper> gg
[03:07] *** datahunt has quit (Quit: Collection complete)
[03:08] *** voidwalker has quit (Quit: Leaving)
[03:09] *** bitflipper has quit (Quit: Leaving)
[03:10] *** ERROR: Connection reset by peer
[03:11] *** ERROR: Connection reset by peer
[03:12] *** ERROR: Connection reset by peer

--- CANDIDATE 3 (9 lines) ---
[03:08] <bitflipper> gg
[03:10] <bitflipper> gg
[03:12] <bitflipper> gg
[03:14] <bitflipper> gg
[03:16] <bitflipper> gg
[03:18] <bitflipper> gg
[03:20] <bitflipper> gg
[03:22] <bitflipper> gg
[03:

--- CANDIDATE 4 (9 lines) ---
[03:06] <bitflipper> gg
[03:06] <bitflipper> gg
[03:06] <bitflipper> gg
[03:06] <bitflipper> gg
[03:06] <bitflipper> gg
[03:06] <bitflipper> gg
[03:06] <bitflipper> gg
[03:6] * Connection lost (server split)

==== END OF

--- CANDIDATE 5 (9 lines) [CONTAINS COLLAPSE] ---
[03:06] <bitflipper> gg
[03:06] <bitflipper> gg
[03:06] <bitflipper> gg
[03:06] <bitflipper> gg
[03:06] <bitflipper> gg
[03:06] <bitflipper> gg
[03:06] *** ERROR: Buffer overflow detected
[03:07] *** ERROR: Unable to write to log
[

--- CANDIDATE 6 (9 lines) ---
[03:06] <bitflipper> gg
[03:06] <bitflipper> gg
[03:06] <bitflipper> gg
[03:06] <bitflipper> gg
[03:06] <bitflipper> gg
[03:06] <bitflipper> gg
[03:06] <bitflipper> gg
[03:06] <bitflipper> gg
[03:

--- CANDIDATE 7 (9 lines) ---
[03:06] <bitflipper> gg
[03:06] <bitflipper> gg
[03:06] <bitflipper> gg
[03:06] <bitflipper> gg
[03:06] <bitflipper> gg
[03:06] <bitflipper> gg
[03:06] <bitflipper> gg
[03:06] <bitflipper> gg
[03:

--- CANDIDATE 8 (8 lines) ---
[03:06] <bitflipper> gg
[03:06] <bitflipper> gg
[03:06] > <bitflipper> gg
[03:06] > <bitflipper> gg
[03:06] > <bitflipper> gg
[03:06] > <bitflipper> gg
[03:06] > <bitflipper> gg
[03:06] > <bitflipper

--- CANDIDATE 9 (9 lines) ---
[03:06] <bitflipper> gg
[03:06] <bitflipper> gg
[03:06] <bitflipper> gg
[03:06] <bitflipper> gg
[03:06] <bitflipper> gg
[03:06] <bitflipper> gg
[03:06] <bitflipper> gg
[03:06] <bitflipper> gg
[03:

--- CANDIDATE 10 (9 lines) ---
[03:06] <bitflipper> gg
[03:06] <bitflipper> gg
[03:06] <bitflipper> gg
[03:06] <bitflipper> gg
[03:06] <bitflipper> gg
[03:06] <bitflipper> gg
[03:06] <bitflipper> gg
[03:06] <bitflipper> gg
[03:


            Respond with ONLY valid JSON:
            {"candidate_index": <0-based index>, "rating": <1-10>, "reasoning": "<brief explanation>"}

2026-01-04 21:54:41,590 | INFO | 
============================================================
CHUNK 7 JUDGE RESPONSE
============================================================
{"candidate_index": 1, "rating": 8, "reasoning": "Provides a concise, believable IRC shutdown: users quit followed by connection errors. Captures decay vibes, no spam, finishes conversation cleanly. Slight repetition of error lines but acceptable; overall strongest compared to other repetitive or truncated candidates."}

2026-01-04 21:54:41,591 | INFO | 
============================================================
CHUNK 7 WINNER
============================================================
[03:06] < bitflipper> gg
[03:07] *** datahunt has quit (Quit: Collection complete)
[03:08] *** voidwalker has quit (Quit: Leaving)
[03:09] *** bitflipper has quit (Quit: Leaving)
[03:10] *** ERROR: Connection reset by peer
[03:11] *** ERROR: Connection reset by peer
[03:12] *** ERROR: Connection reset by peer

2026-01-04 21:54:41,592 | INFO | 
============================================================
FINAL FRAGMENT
============================================================
[00:00] <datahunt> okay I'm officially stuck on the aethera DB challenge
[00:08] <bitflipper> what's up?
[00:14] <datahunt> I need to find the admin's passcode but I've dumped every table I can think of
[00:20] <bitflipper> did you try the logs table? sometimes systems store sensitive stuff there
[00:26] <datahunt> yeah but it's just generic entries [continued] [00:32] <datahunt> same with users, sessions, config, everything
[00:38] <datahunt> running out of ideas
[00:44] <voidwalker> check the chat logs archive?
[00:50] <datahunt> wait what?
[00:54] <voidwalker> there's an old archive server running somewhere
[00:58] <voidwalker> irc-archive.aethera.systems
[01:02] <voidwalker> might have old chat logs with sensitive info
[01:06] <datahunt> that's a good idea actually
[01:12] <datahunt> let me try connecting
[01:18] <bitflipper> wouldn't that be against the rules though?
[01:24] <voidwalker> technically it's part of the same infrastructure
[01:30] <datahunt> hm connection timed out
[01:36] <voidwalker> try the backup port 2222
[01:42] <datahunt> nice it worked
[01:48] <datahunt> just saw a message about maintenance mode?
[01:52] <voidwalker> yeah ignore that
[01:58] <voidwalker> check the logs directory
[02:04] <datahunt> wow there's tons of files here
[02:10] < datahunt> any idea which one?
[02:16] <voidwalker> look for anything with "technical" or "admin"
[02:22] <datahunt> found one: irc_technical_databases_193.txt
[02:28] <voidwalker> that's the one!
[02:32] <datahunt> wait... this is meta
[02:38] <bitflipper> lol we're in the chat log now
[02:42] <datahunt> that's weird
[02:48] <datahunt> hey what's that at the end?
[02:52] <voidwalker> looks like an encoded string
[02:56] <datahunt> securing it now
[03:00] <voidwalker> nice work everyone
[03:04] <datahunt> thanks for the help
[03:06] <bitflipper> gg
[03:06] < bitflipper> gg
[03:07] *** datahunt has quit (Quit: Collection complete)
[03:08] *** voidwalker has quit (Quit: Leaving)
[03:09] *** bitflipper has quit (Quit: Leaving)
[03:10] *** ERROR: Connection reset by peer
[03:11] *** ERROR: Connection reset by peer
[03:12] *** ERROR: Connection reset by peer

2026-01-04 21:54:41,592 | INFO | 
============================================================
GENERATION SUMMARY
============================================================

Chunks: 7
Messages: 36
Lines: 42
Collapse detected: True
Total tokens: 203141
Total cost: $0.0313


