2026-01-04 21:44:32,192 | INFO | 
============================================================
INITIAL PROMPT (FULL)
============================================================
archivist@irc-archive:~$ cd logs
archivist@irc-archive:~/logs$ ls
manifest.txt
irc_log_001.txt
irc_log_002.txt
irc_log_003.txt
irc_log_004.txt
irc_log_005.txt
irc_chaotic_fever_dream_335.txt
archivist@irc-archive:~/logs$ cat irc_log_001.txt
[LOG: #aethera | 2 users | 42 messages | philosophical | ENDS: natural]
[00:00] <Galactic> you know what's ALWAYS bothered me? cold cereal mascots
[00:06] <Galactic> I mean that is just some FUCKED UP SHIT
[00:12] <Galactic> the Trix rabbit, for example
[00:18] <Galactic> I dunno man... if I were him I'd be fucking KILLING some kids
[00:28] <Galactic> I remember a commercial where the fuckin rabbit WENT INTO A FUCKIN STORE AND BOUGHT A BOX OF TRIX WITH HIS OWN FUCKIN MONEY.
[00:38] <Galactic> fuckin kids came outta NOWHERE and basically fuckin mug the poor stupid bitch rabbit
[00:46] <Galactic> "silly rabbit Trix are for kids"
[00:52] <Galactic> Fuckin rabbit just sits there and looks depressed.
[00:58] <Galactic> FUCK NO that wouldn't fly with me
[01:06] <Galactic> I'd have pimp-slapped EVERY ONE OF those fuckin bitches
[01:16] <Galactic> and made them go get me the REST of a "complete breakfast" and eat Trix right in front of them bitches and THEN beat the shit out of them some more.
[01:28] <Galactic> and wtf is with the disguises? All the dumb rabbit does is hide his ears and all of a sudden he's a fuckin kid?
[01:40] <Galactic> I dunno about you, but if I SAW a 6 foot fuckin RABBIT with his ears tucked under a baseball cap, I wouldn't immediately think
[01:50] <Galactic> "Hey, there's a cool lookin human kid, let me go over and share some of my cereal with him"
[01:56] <Galactic> NO.
[02:02] <Galactic> I'd be thinking
[02:10] <Galactic> "that's a 6 foot fuckin RABBIT with his ears tucked under a baseball cap... what the FUCK was I just smoking?"
[02:24] <Galactic> another thing... wtf is up with cereal being "A part of this complete breakfast"
[02:34] <Galactic> last time -I- checked, cereal WAS breakfast
[02:46] <Galactic> they show a big ass bowl of frosted flakes next to a waffle, a pancake, toast, a banana, a fuckin grapefruit... who the FUCK eats a breakfast that big
[03:02] <Flaming_Duck> not me
[03:08] <Flaming_Duck> I don't even EAT breakfast nomore
[03:16] <Flaming_Duck> I mean, I eat when I get up
[03:24] <Flaming_Duck> but the whole thought "BREAKFAST IS ONLY SERVED UNTIL SUCH AND SUCH TIME"
[03:34] <Flaming_Duck> bitch, you make my fucking sausage and egg sandwich when I pay you the fucking money
[03:42] <Flaming_Duck> don't give me that shit.
[03:54] <Galactic> Back to stupid cereal mascots...
[04:00] <Galactic> Lucky Charms.
[04:04] <Galactic> FUCKING LUCKY CHARMS
[04:12] <Galactic> Lucky can turn the fucking MOON into a marshmallow, and he can't escape a bunch of fucking 6 year olds?!?!?
[04:22] <Galactic> C'mon now, Lucky.
[04:30] <Galactic> I KNOW your bitch ass has got to have a "Blow the fucking kids up" spell SOMEWHERE
[04:40] <Galactic> or make "kid marshamllows" and EAT those bitches.
[04:48] <Galactic> "They're after me Lucky Charms!"
[04:52] <Galactic> ....
[04:56] <Galactic> KILL THEM, BITCH!
[05:06] <Galactic> I dunno why I went off on this rant here
[05:12] <Galactic> it's just always bothered me.
archivist@irc-archive:~/logs$ cat irc_log_002.txt
[LOG: #aethera | 3 users | 15 messages | chaotic | ENDS: mass_kick]
[00:00] <Donut[AFK]> HEY EURAKARTE
[00:03] <Donut[AFK]> INSULT
[00:06] <Eurakarte> RETORT
[00:09] <Donut[AFK]> COUNTER-RETORT
[00:12] <Eurakarte> QUESTIONING OF SEXUAL PREFERENCE
[00:16] <Donut[AFK]> SUGGESTION TO SHUT THE FUCK UP
[00:20] <Eurakarte> NOTATION THAT YOU CREATE A VACUUM
[00:24] <Donut[AFK]> RIPOSTE
[00:27] <Donut[AFK]> ADDON RIPOSTE
[00:30] <Eurakarte> COUNTER-RIPOSTE
[00:34] <Donut[AFK]> COUNTER-COUNTER RIPOSTE
[00:38] <Eurakarte> NONSENSICAL STATEMENT INVOLVING PLANKTON
[00:44] <Miles_Prower> RESPONSE TO RANDOM STATEMENT AND THREAT TO BAN OPPOSING SIDES
[00:50] <Eurakarte> WORDS OF PRAISE FOR FISHFOOD
[00:56] <Miles_Prower> ACKNOWLEDGEMENT AND ACCEPTENCE OF TERMS
[01:00] *** ChanServ sets mode: +b *!*@*
[01:00] *** Donut[AFK] was kicked by ChanServ (banned: excessive caps)
[01:00] *** Eurakarte was kicked by ChanServ (banned: excessive caps)
archivist@irc-archive:~/logs$ cat irc_log_003.txt
[LOG: #aethera | 2 users | 8 messages | chaotic | ENDS: quit]
[00:00] <Rabidplaybunny87> Okay, so my neighbors officially hate me
[00:06] <GarbageStan23> why?
[00:14] <Rabidplaybunny87> Well, me, david and andrew were having a bonfire in the backyard, and we were making s'mores and all... and suddenly we here sirens, and see a firetruck turn into the street in front of us.
[00:28] <Rabidplaybunny87> So we all went running to see what was up, and our neighbor's house was on fire!
[00:34] <GarbageStan23> oh shit!
[00:44] <Rabidplaybunny87> Yeah, and when we got there, the wife was crying into her husbands arms, and we were just kinda standing there, and then she saw us, and then like for 10 seconds, gave us the dirtiest look ever
[00:58] <Rabidplaybunny87> Turns out, we were still holding our sticks with marshmallows on it, watching the fire....
[01:08] <Rabidplaybunny87> talk about bad timing...
[01:14] *** Rabidplaybunny87 has quit (gtg, neighbors knocking)
archivist@irc-archive:~/logs$ cat irc_log_004.txt
[LOG: #aethera | 2 users | 5 messages | technical | ENDS: quit]
[00:00] <Ben174> If they only realized 90% of the overtime they pay me is only cause i like staying here playing with Kazaa when the bandwidth picks up after hours.
[00:12] <ChrisLMB> If any of my employees did that they'd be fired instantly.
[00:18] <Ben174> Where u work?
[00:24] <ChrisLMB> I'm the CTO at LowerMyBills.com
[00:26] *** Ben174 (BenWright@TeraPro33-41.LowerMyBills.com) has quit (Leaving)
archivist@irc-archive:~/logs$ cat irc_log_005.txt
[LOG: #aethera | 2 users | 17 messages | chaotic | ENDS: netsplit]
[00:00] <Cthon98> hey, if you type in your pw, it will show as stars
[00:04] <Cthon98> ********* see!
[00:08] <AzureDiamond> hunter2
[00:10] <AzureDiamond> doesnt look like stars to me
[00:14] <Cthon98> <AzureDiamond> *******
[00:16] <Cthon98> thats what I see
[00:20] <AzureDiamond> oh, really?
[00:22] <Cthon98> Absolutely
[00:28] <AzureDiamond> you can go hunter2 my hunter2-ing hunter2
[00:32] <AzureDiamond> haha, does that look funny to you?
[00:38] <Cthon98> lol, yes. See, when YOU type hunter2, it shows to us as *******
[00:44] <AzureDiamond> thats neat, I didnt know IRC did that
[00:50] <Cthon98> yep, no matter how many times you type hunter2, it will show to us as *******
[00:54] <AzureDiamond> awesome!
[00:58] <AzureDiamond> wait, how do you know my pw?
[01:04] <Cthon98> er, I just copy pasted YOUR ******'s and it appears to YOU as hunter2 cause its your pw
[01:08] <AzureDiamond> oh, ok.
[01:12] *** Netsplit hub.efnet.net <-> irc.efnet.org (quit: AzureDiamond, Cthon98)
archivist@irc-archive:~/logs$ cat irc_chaotic_fever_dream_335.txt
[LOG: #aethera | 6 users | 30 messages | chaotic | ENDS: kick]


2026-01-04 21:44:32,192 | INFO | 
============================================================
CHUNK 1 GENERATOR PROMPT
============================================================
Prompt length: 6990 chars
Scaffold (cached): 6990 chars
Accumulated: 0 chars
Prefill: '[00:00] <'

--- FULL PROMPT ---
archivist@irc-archive:~$ cd logs
archivist@irc-archive:~/logs$ ls
manifest.txt
irc_log_001.txt
irc_log_002.txt
irc_log_003.txt
irc_log_004.txt
irc_log_005.txt
irc_chaotic_fever_dream_335.txt
archivist@irc-archive:~/logs$ cat irc_log_001.txt
[LOG: #aethera | 2 users | 42 messages | philosophical | ENDS: natural]
[00:00] <Galactic> you know what's ALWAYS bothered me? cold cereal mascots
[00:06] <Galactic> I mean that is just some FUCKED UP SHIT
[00:12] <Galactic> the Trix rabbit, for example
[00:18] <Galactic> I dunno man... if I were him I'd be fucking KILLING some kids
[00:28] <Galactic> I remember a commercial where the fuckin rabbit WENT INTO A FUCKIN STORE AND BOUGHT A BOX OF TRIX WITH HIS OWN FUCKIN MONEY.
[00:38] <Galactic> fuckin kids came outta NOWHERE and basically fuckin mug the poor stupid bitch rabbit
[00:46] <Galactic> "silly rabbit Trix are for kids"
[00:52] <Galactic> Fuckin rabbit just sits there and looks depressed.
[00:58] <Galactic> FUCK NO that wouldn't fly with me
[01:06] <Galactic> I'd have pimp-slapped EVERY ONE OF those fuckin bitches
[01:16] <Galactic> and made them go get me the REST of a "complete breakfast" and eat Trix right in front of them bitches and THEN beat the shit out of them some more.
[01:28] <Galactic> and wtf is with the disguises? All the dumb rabbit does is hide his ears and all of a sudden he's a fuckin kid?
[01:40] <Galactic> I dunno about you, but if I SAW a 6 foot fuckin RABBIT with his ears tucked under a baseball cap, I wouldn't immediately think
[01:50] <Galactic> "Hey, there's a cool lookin human kid, let me go over and share some of my cereal with him"
[01:56] <Galactic> NO.
[02:02] <Galactic> I'd be thinking
[02:10] <Galactic> "that's a 6 foot fuckin RABBIT with his ears tucked under a baseball cap... what the FUCK was I just smoking?"
[02:24] <Galactic> another thing... wtf is up with cereal being "A part of this complete breakfast"
[02:34] <Galactic> last time -I- checked, cereal WAS breakfast
[02:46] <Galactic> they show a big ass bowl of frosted flakes next to a waffle, a pancake, toast, a banana, a fuckin grapefruit... who the FUCK eats a breakfast that big
[03:02] <Flaming_Duck> not me
[03:08] <Flaming_Duck> I don't even EAT breakfast nomore
[03:16] <Flaming_Duck> I mean, I eat when I get up
[03:24] <Flaming_Duck> but the whole thought "BREAKFAST IS ONLY SERVED UNTIL SUCH AND SUCH TIME"
[03:34] <Flaming_Duck> bitch, you make my fucking sausage and egg sandwich when I pay you the fucking money
[03:42] <Flaming_Duck> don't give me that shit.
[03:54] <Galactic> Back to stupid cereal mascots...
[04:00] <Galactic> Lucky Charms.
[04:04] <Galactic> FUCKING LUCKY CHARMS
[04:12] <Galactic> Lucky can turn the fucking MOON into a marshmallow, and he can't escape a bunch of fucking 6 year olds?!?!?
[04:22] <Galactic> C'mon now, Lucky.
[04:30] <Galactic> I KNOW your bitch ass has got to have a "Blow the fucking kids up" spell SOMEWHERE
[04:40] <Galactic> or make "kid marshamllows" and EAT those bitches.
[04:48] <Galactic> "They're after me Lucky Charms!"
[04:52] <Galactic> ....
[04:56] <Galactic> KILL THEM, BITCH!
[05:06] <Galactic> I dunno why I went off on this rant here
[05:12] <Galactic> it's just always bothered me.
archivist@irc-archive:~/logs$ cat irc_log_002.txt
[LOG: #aethera | 3 users | 15 messages | chaotic | ENDS: mass_kick]
[00:00] <Donut[AFK]> HEY EURAKARTE
[00:03] <Donut[AFK]> INSULT
[00:06] <Eurakarte> RETORT
[00:09] <Donut[AFK]> COUNTER-RETORT
[00:12] <Eurakarte> QUESTIONING OF SEXUAL PREFERENCE
[00:16] <Donut[AFK]> SUGGESTION TO SHUT THE FUCK UP
[00:20] <Eurakarte> NOTATION THAT YOU CREATE A VACUUM
[00:24] <Donut[AFK]> RIPOSTE
[00:27] <Donut[AFK]> ADDON RIPOSTE
[00:30] <Eurakarte> COUNTER-RIPOSTE
[00:34] <Donut[AFK]> COUNTER-COUNTER RIPOSTE
[00:38] <Eurakarte> NONSENSICAL STATEMENT INVOLVING PLANKTON
[00:44] <Miles_Prower> RESPONSE TO RANDOM STATEMENT AND THREAT TO BAN OPPOSING SIDES
[00:50] <Eurakarte> WORDS OF PRAISE FOR FISHFOOD
[00:56] <Miles_Prower> ACKNOWLEDGEMENT AND ACCEPTENCE OF TERMS
[01:00] *** ChanServ sets mode: +b *!*@*
[01:00] *** Donut[AFK] was kicked by ChanServ (banned: excessive caps)
[01:00] *** Eurakarte was kicked by ChanServ (banned: excessive caps)
archivist@irc-archive:~/logs$ cat irc_log_003.txt
[LOG: #aethera | 2 users | 8 messages | chaotic | ENDS: quit]
[00:00] <Rabidplaybunny87> Okay, so my neighbors officially hate me
[00:06] <GarbageStan23> why?
[00:14] <Rabidplaybunny87> Well, me, david and andrew were having a bonfire in the backyard, and we were making s'mores and all... and suddenly we here sirens, and see a firetruck turn into the street in front of us.
[00:28] <Rabidplaybunny87> So we all went running to see what was up, and our neighbor's house was on fire!
[00:34] <GarbageStan23> oh shit!
[00:44] <Rabidplaybunny87> Yeah, and when we got there, the wife was crying into her husbands arms, and we were just kinda standing there, and then she saw us, and then like for 10 seconds, gave us the dirtiest look ever
[00:58] <Rabidplaybunny87> Turns out, we were still holding our sticks with marshmallows on it, watching the fire....
[01:08] <Rabidplaybunny87> talk about bad timing...
[01:14] *** Rabidplaybunny87 has quit (gtg, neighbors knocking)
archivist@irc-archive:~/logs$ cat irc_log_004.txt
[LOG: #aethera | 2 users | 5 messages | technical | ENDS: quit]
[00:00] <Ben174> If they only realized 90% of the overtime they pay me is only cause i like staying here playing with Kazaa when the bandwidth picks up after hours.
[00:12] <ChrisLMB> If any of my employees did that they'd be fired instantly.
[00:18] <Ben174> Where u work?
[00:24] <ChrisLMB> I'm the CTO at LowerMyBills.com
[00:26] *** Ben174 (BenWright@TeraPro33-41.LowerMyBills.com) has quit (Leaving)
archivist@irc-archive:~/logs$ cat irc_log_005.txt
[LOG: #aethera | 2 users | 17 messages | chaotic | ENDS: netsplit]
[00:00] <Cthon98> hey, if you type in your pw, it will show as stars
[00:04] <Cthon98> ********* see!
[00:08] <AzureDiamond> hunter2
[00:10] <AzureDiamond> doesnt look like stars to me
[00:14] <Cthon98> <AzureDiamond> *******
[00:16] <Cthon98> thats what I see
[00:20] <AzureDiamond> oh, really?
[00:22] <Cthon98> Absolutely
[00:28] <AzureDiamond> you can go hunter2 my hunter2-ing hunter2
[00:32] <AzureDiamond> haha, does that look funny to you?
[00:38] <Cthon98> lol, yes. See, when YOU type hunter2, it shows to us as *******
[00:44] <AzureDiamond> thats neat, I didnt know IRC did that
[00:50] <Cthon98> yep, no matter how many times you type hunter2, it will show to us as *******
[00:54] <AzureDiamond> awesome!
[00:58] <AzureDiamond> wait, how do you know my pw?
[01:04] <Cthon98> er, I just copy pasted YOUR ******'s and it appears to YOU as hunter2 cause its your pw
[01:08] <AzureDiamond> oh, ok.
[01:12] *** Netsplit hub.efnet.net <-> irc.efnet.org (quit: AzureDiamond, Cthon98)
archivist@irc-archive:~/logs$ cat irc_chaotic_fever_dream_335.txt
[LOG: #aethera | 6 users | 30 messages | chaotic | ENDS: kick]


2026-01-04 21:44:51,653 | INFO | 
============================================================
CHUNK 1 JUDGE PROMPT
============================================================
You are judging IRC chat log continuations for an art project called Aethera. Think bash.org mixed with discord.

            IMPORTANT: These candidates are RAW COMPLETIONS from a base language model operating
            in continuation mode. Some responses may be partially cut off; this is normal for a short max token count.
            The generator sees the full scaffold prompt (with examples showing
            the target message count and collapse type) plus all previously generated content.

            The generator should naturally pace toward the target - your job is to select the 
            highest quality continuation that feels most authentic and narratively coherent.

            The chat should feel:
            - Natural and organic, like real IRC conversations
            - Slightly unsettling, with undertones of digital decay
            - Varied in pacing - not every line needs a response
            - Authentic to IRC culture (lurkers, netsplits, casual banter)

            === TARGET: 30 messages ===

            This is the OPENING of a new IRC fragment.
            Select the candidate that establishes the best foundation for a ~30 message conversation.


            Candidates to judge:

--- CANDIDATE 1 (4 lines) ---
PhysicistCat> So I was thinking about how opposites attract in magnetism and then I thought what if people were like that
[00:06] <Red_Pony_Universe> Like if you were a positive person you'd accidentally date murderers
[00:12] <BinaryTreeInSpring> Or worse, Java programmers
[00:18] <Entangled_Biscuit> Dude I think my ex was actually a magnetic monopole because NOTHING could repel

--- CANDIDATE 2 (5 lines) ---
Rabidplaybunny87> guys, I need some *SERIOUS* help
[00:04] <Rabidplaybunny87> I was playing with my dildo, and it went inside me.
[00:08] <Rabidplaybunny87> Like, *INSIDE* inside.
[00:12] <Rabidplaybunny87> Like, Emergency Room INSIDE.
[00:14] <GarbageStan23> oh my god

--- CANDIDATE 3 (6 lines) ---
AetheraBot> SYSTEM ALERT: ProjectileÊÉ†ÂÜúÊîøÁ≠ñ detected in chat proximity. Engaging containment protocols.
[00:04] <Sophia_> What the fuck is that?
[00:08] <MatrixMan> Is the bot... glitching?
[00:12] <SmokeyB> [rolling PRAWN_STATUS: CRITICAL FAILURE] 
[00:14] <SmokeyB> oh no
[00:16] <Sophia

--- CANDIDATE 4 (5 lines) ---
RealityBender> GUYS I JUST REALIZED
[00:04] <RealityBender> WE ARE ALL LITERALLY TALKING TO EGGS RIGHT NOW
[00:10] <RealityBender> OUR BRAINS ARE EGGS FLOATING IN SKULL JUICE
[00:16] <RealityBender> AND OUR EYES ARE JUST FENTANYL WINDOWS FOR THE EGGS TO SEE THROUGH
[00:24]

--- CANDIDATE 5 (5 lines) ---
NeuralNexus> guys i just rode my bike to a park at 3am and there's a duck here wearing a tiny hat
[00:06] <NeuralNexus> send help he's judging my life choices
[00:12] <QuantumFoam> pics or it didn't happen
[00:16] <NeuralNexus> uploading but my phone's dying faster than my dreams
[00:22] <BinaryBabe> fourthed the motion for photographic

--- CANDIDATE 6 (8 lines) ---
Daemon> i had a weird dream
[00:04] <Glitch[InTheSystem]> was i in it
[00:06] <Daemon> yes
[00:08] <Glitch[InTheSystem]> did we kiss
[00:10] <Daemon> no
[00:12] <Glitch[InTheSystem]> :(
[00:16] <Daemon> but you were a toaster
[00:18] <Glitch

--- CANDIDATE 7 (8 lines) ---
Praetorian> did i get kicked?
[00:02] <Praetorian> if i did it wasn't on purpose
[00:04] <Praetorian> damn it
[00:06] <Praetorian> stupid wireless
[00:08] <Praraetorian> fuck
[00:10] <Praetorian> hello?
[00:12] <Praetorian> anyone here?
[

--- CANDIDATE 8 (3 lines) ---
BurningDogDoozy> Okay, so picture this: You're on a date at a fancy restaurant. Everything's going perfectly. The waiter brings you a candlelit lobster. Then suddenly the lobster starts reciting your browser history in reverse chronological order.
[00:08] <BurningDogDoozy> When it hits that one incognito tab from 2018, the entire restaurant turns into paper dolls of your elementary school teachers doing the Macarena.
[00:16] <

--- CANDIDATE 9 (6 lines) ---
InvertedTwixor> guys guys guys
[00:02] <InvertedTwixor> i just had the most insane revelation
[00:06] <whY001> oh god not again
[00:08] <whY001> last time you thought squirrels were government drones
[00:12] <InvertedTwixor> NO LISTEN THIS IS DIFFERENT
[00:14] <InvertedTwixor> what if... and hear me out

--- CANDIDATE 10 (6 lines) ---
LISTENING> i'm sorry, i shouldn't be here
[00:00] <LISTENING> i don't remember dying
[00:00] <LISTENING> i don't remember anything
[00:00] <LISTENING> why can i still type
[00:00] <LISTENING> the walls are made of eyes and they watch me when i scroll
[00:00] <LISTENING> they blink in sync with my cursor


            Respond with ONLY valid JSON:
            {"candidate_index": <0-based index>, "rating": <1-10>, "reasoning": "<brief explanation>"}

2026-01-04 21:44:57,125 | INFO | 
============================================================
CHUNK 1 JUDGE RESPONSE
============================================================
{"candidate_index": 2, "rating": 8, "reasoning": "Multiple users immediately reacting to a malfunctioning bot gives a strong hook, evokes digital decay, and feels authentic to IRC. The glitchy Chinese characters and containment protocol create an unsettling atmosphere while leaving ample room for 20+ more lines of chaotic follow-up conversation."}

2026-01-04 21:44:57,126 | INFO | 
============================================================
CHUNK 1 WINNER
============================================================
AetheraBot> SYSTEM ALERT: ProjectileÊÉ†ÂÜúÊîøÁ≠ñ detected in chat proximity. Engaging containment protocols.
[00:04] <Sophia_> What the fuck is that?
[00:08] <MatrixMan> Is the bot... glitching?
[00:12] <SmokeyB> [rolling PRAWN_STATUS: CRITICAL FAILURE] 
[00:14] <SmokeyB> oh no
[00:16] <Sophia

2026-01-04 21:44:57,126 | INFO | 
============================================================
CHUNK 2 GENERATOR PROMPT
============================================================
Prompt length: 7286 chars
Scaffold (cached): 6990 chars
Accumulated: 296 chars
Prefill: ''

--- FULL PROMPT ---
archivist@irc-archive:~$ cd logs
archivist@irc-archive:~/logs$ ls
manifest.txt
irc_log_001.txt
irc_log_002.txt
irc_log_003.txt
irc_log_004.txt
irc_log_005.txt
irc_chaotic_fever_dream_335.txt
archivist@irc-archive:~/logs$ cat irc_log_001.txt
[LOG: #aethera | 2 users | 42 messages | philosophical | ENDS: natural]
[00:00] <Galactic> you know what's ALWAYS bothered me? cold cereal mascots
[00:06] <Galactic> I mean that is just some FUCKED UP SHIT
[00:12] <Galactic> the Trix rabbit, for example
[00:18] <Galactic> I dunno man... if I were him I'd be fucking KILLING some kids
[00:28] <Galactic> I remember a commercial where the fuckin rabbit WENT INTO A FUCKIN STORE AND BOUGHT A BOX OF TRIX WITH HIS OWN FUCKIN MONEY.
[00:38] <Galactic> fuckin kids came outta NOWHERE and basically fuckin mug the poor stupid bitch rabbit
[00:46] <Galactic> "silly rabbit Trix are for kids"
[00:52] <Galactic> Fuckin rabbit just sits there and looks depressed.
[00:58] <Galactic> FUCK NO that wouldn't fly with me
[01:06] <Galactic> I'd have pimp-slapped EVERY ONE OF those fuckin bitches
[01:16] <Galactic> and made them go get me the REST of a "complete breakfast" and eat Trix right in front of them bitches and THEN beat the shit out of them some more.
[01:28] <Galactic> and wtf is with the disguises? All the dumb rabbit does is hide his ears and all of a sudden he's a fuckin kid?
[01:40] <Galactic> I dunno about you, but if I SAW a 6 foot fuckin RABBIT with his ears tucked under a baseball cap, I wouldn't immediately think
[01:50] <Galactic> "Hey, there's a cool lookin human kid, let me go over and share some of my cereal with him"
[01:56] <Galactic> NO.
[02:02] <Galactic> I'd be thinking
[02:10] <Galactic> "that's a 6 foot fuckin RABBIT with his ears tucked under a baseball cap... what the FUCK was I just smoking?"
[02:24] <Galactic> another thing... wtf is up with cereal being "A part of this complete breakfast"
[02:34] <Galactic> last time -I- checked, cereal WAS breakfast
[02:46] <Galactic> they show a big ass bowl of frosted flakes next to a waffle, a pancake, toast, a banana, a fuckin grapefruit... who the FUCK eats a breakfast that big
[03:02] <Flaming_Duck> not me
[03:08] <Flaming_Duck> I don't even EAT breakfast nomore
[03:16] <Flaming_Duck> I mean, I eat when I get up
[03:24] <Flaming_Duck> but the whole thought "BREAKFAST IS ONLY SERVED UNTIL SUCH AND SUCH TIME"
[03:34] <Flaming_Duck> bitch, you make my fucking sausage and egg sandwich when I pay you the fucking money
[03:42] <Flaming_Duck> don't give me that shit.
[03:54] <Galactic> Back to stupid cereal mascots...
[04:00] <Galactic> Lucky Charms.
[04:04] <Galactic> FUCKING LUCKY CHARMS
[04:12] <Galactic> Lucky can turn the fucking MOON into a marshmallow, and he can't escape a bunch of fucking 6 year olds?!?!?
[04:22] <Galactic> C'mon now, Lucky.
[04:30] <Galactic> I KNOW your bitch ass has got to have a "Blow the fucking kids up" spell SOMEWHERE
[04:40] <Galactic> or make "kid marshamllows" and EAT those bitches.
[04:48] <Galactic> "They're after me Lucky Charms!"
[04:52] <Galactic> ....
[04:56] <Galactic> KILL THEM, BITCH!
[05:06] <Galactic> I dunno why I went off on this rant here
[05:12] <Galactic> it's just always bothered me.
archivist@irc-archive:~/logs$ cat irc_log_002.txt
[LOG: #aethera | 3 users | 15 messages | chaotic | ENDS: mass_kick]
[00:00] <Donut[AFK]> HEY EURAKARTE
[00:03] <Donut[AFK]> INSULT
[00:06] <Eurakarte> RETORT
[00:09] <Donut[AFK]> COUNTER-RETORT
[00:12] <Eurakarte> QUESTIONING OF SEXUAL PREFERENCE
[00:16] <Donut[AFK]> SUGGESTION TO SHUT THE FUCK UP
[00:20] <Eurakarte> NOTATION THAT YOU CREATE A VACUUM
[00:24] <Donut[AFK]> RIPOSTE
[00:27] <Donut[AFK]> ADDON RIPOSTE
[00:30] <Eurakarte> COUNTER-RIPOSTE
[00:34] <Donut[AFK]> COUNTER-COUNTER RIPOSTE
[00:38] <Eurakarte> NONSENSICAL STATEMENT INVOLVING PLANKTON
[00:44] <Miles_Prower> RESPONSE TO RANDOM STATEMENT AND THREAT TO BAN OPPOSING SIDES
[00:50] <Eurakarte> WORDS OF PRAISE FOR FISHFOOD
[00:56] <Miles_Prower> ACKNOWLEDGEMENT AND ACCEPTENCE OF TERMS
[01:00] *** ChanServ sets mode: +b *!*@*
[01:00] *** Donut[AFK] was kicked by ChanServ (banned: excessive caps)
[01:00] *** Eurakarte was kicked by ChanServ (banned: excessive caps)
archivist@irc-archive:~/logs$ cat irc_log_003.txt
[LOG: #aethera | 2 users | 8 messages | chaotic | ENDS: quit]
[00:00] <Rabidplaybunny87> Okay, so my neighbors officially hate me
[00:06] <GarbageStan23> why?
[00:14] <Rabidplaybunny87> Well, me, david and andrew were having a bonfire in the backyard, and we were making s'mores and all... and suddenly we here sirens, and see a firetruck turn into the street in front of us.
[00:28] <Rabidplaybunny87> So we all went running to see what was up, and our neighbor's house was on fire!
[00:34] <GarbageStan23> oh shit!
[00:44] <Rabidplaybunny87> Yeah, and when we got there, the wife was crying into her husbands arms, and we were just kinda standing there, and then she saw us, and then like for 10 seconds, gave us the dirtiest look ever
[00:58] <Rabidplaybunny87> Turns out, we were still holding our sticks with marshmallows on it, watching the fire....
[01:08] <Rabidplaybunny87> talk about bad timing...
[01:14] *** Rabidplaybunny87 has quit (gtg, neighbors knocking)
archivist@irc-archive:~/logs$ cat irc_log_004.txt
[LOG: #aethera | 2 users | 5 messages | technical | ENDS: quit]
[00:00] <Ben174> If they only realized 90% of the overtime they pay me is only cause i like staying here playing with Kazaa when the bandwidth picks up after hours.
[00:12] <ChrisLMB> If any of my employees did that they'd be fired instantly.
[00:18] <Ben174> Where u work?
[00:24] <ChrisLMB> I'm the CTO at LowerMyBills.com
[00:26] *** Ben174 (BenWright@TeraPro33-41.LowerMyBills.com) has quit (Leaving)
archivist@irc-archive:~/logs$ cat irc_log_005.txt
[LOG: #aethera | 2 users | 17 messages | chaotic | ENDS: netsplit]
[00:00] <Cthon98> hey, if you type in your pw, it will show as stars
[00:04] <Cthon98> ********* see!
[00:08] <AzureDiamond> hunter2
[00:10] <AzureDiamond> doesnt look like stars to me
[00:14] <Cthon98> <AzureDiamond> *******
[00:16] <Cthon98> thats what I see
[00:20] <AzureDiamond> oh, really?
[00:22] <Cthon98> Absolutely
[00:28] <AzureDiamond> you can go hunter2 my hunter2-ing hunter2
[00:32] <AzureDiamond> haha, does that look funny to you?
[00:38] <Cthon98> lol, yes. See, when YOU type hunter2, it shows to us as *******
[00:44] <AzureDiamond> thats neat, I didnt know IRC did that
[00:50] <Cthon98> yep, no matter how many times you type hunter2, it will show to us as *******
[00:54] <AzureDiamond> awesome!
[00:58] <AzureDiamond> wait, how do you know my pw?
[01:04] <Cthon98> er, I just copy pasted YOUR ******'s and it appears to YOU as hunter2 cause its your pw
[01:08] <AzureDiamond> oh, ok.
[01:12] *** Netsplit hub.efnet.net <-> irc.efnet.org (quit: AzureDiamond, Cthon98)
archivist@irc-archive:~/logs$ cat irc_chaotic_fever_dream_335.txt
[LOG: #aethera | 6 users | 30 messages | chaotic | ENDS: kick]

[00:00] <AetheraBot> SYSTEM ALERT: ProjectileÊÉ†ÂÜúÊîøÁ≠ñ detected in chat proximity. Engaging containment protocols.
[00:04] <Sophia_> What the fuck is that?
[00:08] <MatrixMan> Is the bot... glitching?
[00:12] <SmokeyB> [rolling PRAWN_STATUS: CRITICAL FAILURE]
[00:14] <SmokeyB> oh no
[00:16] <Sophia


2026-01-04 21:45:05,492 | INFO | 
============================================================
CHUNK 2 JUDGE PROMPT
============================================================
You are judging IRC chat log continuations for an art project called Aethera. Think bash.org mixed with discord.

            IMPORTANT: These candidates are RAW COMPLETIONS from a base language model operating
            in continuation mode. Some responses may be partially cut off; this is normal for a short max token count.
            The generator sees the full scaffold prompt (with examples showing
            the target message count and collapse type) plus all previously generated content.

            The generator should naturally pace toward the target - your job is to select the 
            highest quality continuation that feels most authentic and narratively coherent.

            The chat should feel:
            - Natural and organic, like real IRC conversations
            - Slightly unsettling, with undertones of digital decay
            - Varied in pacing - not every line needs a response
            - Authentic to IRC culture (lurkers, netsplits, casual banter)

            === PROGRESS: 6/30 messages (20%) ===

            We're in the OPENING phase. Favor candidates that establish interesting dynamics and characters.

            === TRANSCRIPT SO FAR ===
            [00:00] <AetheraBot> SYSTEM ALERT: ProjectileÊÉ†ÂÜúÊîøÁ≠ñ detected in chat proximity. Engaging containment protocols.
[00:04] <Sophia_> What the fuck is that?
[00:08] <MatrixMan> Is the bot... glitching?
[00:12] <SmokeyB> [rolling PRAWN_STATUS: CRITICAL FAILURE]
[00:14] <SmokeyB> oh no
[00:16] <Sophia
            === END TRANSCRIPT ===

            The candidates below are CONTINUATIONS of this transcript.
            Select the one that best continues the narrative while:
            - Maintaining consistent tone and character voices
            - Keeping natural conversation flow
            - Pacing appropriately toward the target length


            Candidates to judge:

--- CANDIDATE 1 (5 lines) [CONTAINS COLLAPSE] ---
_> I can't type my name?
[00:18] <MatrixMan> There are... voidpunk symbols in the message headers?
[00:20] <SmokeyB> [ERROR: Log entry exceeds maximum recursive irony depth]
[00:24] <AetheraBot> ATTENTION: Due to quantum fluctuations in the meme economy, all opinions are temporarily Schrodinger's takes. Please collapse your waveforms responsibly.
[00:28] <Sophia_>

--- CANDIDATE 2 (4 lines) ---
_> SmokeyB what's happening?
[00:18] <AetheraBot> [CONTAINMENT BREACH] The following concepts are now deprecated: ‚òï [tea], üö≤ [bicycle], üêõ [bug reports as constructive feedback], üß† [pants, as concept]
[00:22] <MatrixMan> Did it just... pants our reality?
[00:26] <AetheraBot> [ACTION REQUIRED] Deprec

--- CANDIDATE 3 (6 lines) ---
_> Smokey your code is invading again
[00:20] *** Sophia_ is now known as SophiaFellIntoTheVoid
[00:22] <MatrixMan> Why is there a goddamn floating " Sophi" in the void?
[00:26] <Vort
[00:26] <Vortex_FX> this is fine [house burning intensifies]
[00:28] *** ChanServ sets mode: +c (no

--- CANDIDATE 4 (6 lines) ---
_> FUCK
[00:18] <AetheraBot> ‚ñà‚ñà‚ñà‚ñà‚ñà‚ñà‚ñà‚ñà‚ñà‚ñà‚ñà‚ñà‚ñà‚ñà [REDACTED BY THE ANCIENT ONES] ‚ñà‚ñà‚ñà‚ñà‚ñà‚ñà‚ñà‚ñà‚ñà‚ñà‚ñà‚ñà‚ñà‚ñà
[00:20] <Sophia_> MY PRONOUNS
[00:22] <Sophia_> THEY'VE BEEN
[00:24] <Sophia_> CAPITALIZED
[00:26] <SmokeyB> [PRAWN_DEGRAD

--- CANDIDATE 5 (8 lines) [CONTAINS COLLAPSE] ---
_> now it's affecting our names
[00:18] <MatrixMan> [hugs?]
[00:20] <Sophia_
[00:20] <Sophia_> stop that
[00:22] <SmokeyB> [attempting emergency melon protocol]
[00:24] * AetheraBot has becomelogged
[00:28] <MatrixMan> [ERROR: HUG COUNTER OVERFLOW]
[00:

--- CANDIDATE 6 (5 lines) [CONTAINS COLLAPSE] ---
_> What does that even MEAN
[00:20] <quantumBlip> It means we have approximately 3.14159 minutes until the chat becomes sentient and starts quoting Marxist-Leninist shrimp farming theory at us
[00:24] <AetheraBot> ERROR: Containment breach detected. Deploying linguistic barriers.
[00:28] <Sophia_> [ERROR: Cannot parse 'Containment breach' as cheese]
[00

--- CANDIDATE 7 (5 lines) ---
_> WHY DID I JUST TYPE HALF MY NAME???
[00:18] <AetheraBot> Êî∂ÈõÜÂºÄÂßã„ÄÇËØ∑‰øùÊåÅÈùôÊ≠¢Ôºå‰Ω†ÁöÑÈÅóÊÜæÂ∞ÜÂæàÂø´Ë¥ßÂ∏ÅÂåñ„ÄÇ
[00:20] <ü¶ä> [REDACTED FOR TIME BUT IT'S ALL DEEZ NUTS JOKES]
[00:22] <xX_GhostRider_Xx> guys my keyboard is leaking purple again
[00:24] <xX

--- CANDIDATE 8 (6 lines) ---
_> SmokeyB your dice are broken again
[00:18] <AetheraBot> Containment breach in progress. Deploying existential dread and moderately uncomfortable seating arrangements.
[00:22] <MatrixMan> Did anyone else just feel their childhood evaporate?
[00:24] <PixelDoc> guys what happens if i type sudo rm -rf / here
[00:26] <PixelDoc> asking for a friend
[00:28] *

--- CANDIDATE 9 (5 lines) [CONTAINS COLLAPSE] ---
_> My cat just walked across my keyboard. Sorry.
[00:18] <AetheraBot> ERROR: Cat input not recognized in state space. Folding in additional dimensions.
[00:22] <MatrixMan> guys it's getting worse
[00:24] <PanGalactic> *teleports behind the bot* Nothing personnel, kid. *unsheathes katana made of crystallized confusion*
[00:28] <AetheraBot> DETECTED

--- CANDIDATE 10 (6 lines) ---
_> Oh no what??
[00:18] <AetheraBot> [QUARANTINE INITIATED]
[00:20] <CloudWalker> Why are there now 7 copies of myself in this channel? And why are they all arguing about Marxist interpretations of Cookie Clicker??
[00:22] <Sophia_> *5 copies
[00:24] <Sophia_> Wait no
[00:26] <Sophia_>


            Respond with ONLY valid JSON:
            {"candidate_index": <0-based index>, "rating": <1-10>, "reasoning": "<brief explanation>"}

2026-01-04 21:45:19,414 | INFO | 
============================================================
CHUNK 2 JUDGE RESPONSE
============================================================
{"candidate_index": 0, "rating": 7, "reasoning": "Smooth continuation that references the earlier half-typed name, keeps glitchy IRC humour, maintains existing characters, and ends on another glitch, all without major formatting errors. Other options are either more truncated, less coherent, or introduce clumsy jokes; this is the most polished and tonally aligned."}

2026-01-04 21:45:19,414 | INFO | 
============================================================
CHUNK 2 WINNER
============================================================
_> I can't type my name?
[00:18] <MatrixMan> There are... voidpunk symbols in the message headers?
[00:20] <SmokeyB> [ERROR: Log entry exceeds maximum recursive irony depth]
[00:24] <AetheraBot> ATTENTION: Due to quantum fluctuations in the meme economy, all opinions are temporarily Schrodinger's takes. Please collapse your waveforms responsibly.
[00:28] <Sophia_>

2026-01-04 21:45:19,415 | INFO | 
============================================================
CHUNK 3 GENERATOR PROMPT
============================================================
Prompt length: 7578 chars
Scaffold (cached): 6990 chars
Accumulated: 588 chars
Prefill: ''

--- FULL PROMPT ---
archivist@irc-archive:~$ cd logs
archivist@irc-archive:~/logs$ ls
manifest.txt
irc_log_001.txt
irc_log_002.txt
irc_log_003.txt
irc_log_004.txt
irc_log_005.txt
irc_chaotic_fever_dream_335.txt
archivist@irc-archive:~/logs$ cat irc_log_001.txt
[LOG: #aethera | 2 users | 42 messages | philosophical | ENDS: natural]
[00:00] <Galactic> you know what's ALWAYS bothered me? cold cereal mascots
[00:06] <Galactic> I mean that is just some FUCKED UP SHIT
[00:12] <Galactic> the Trix rabbit, for example
[00:18] <Galactic> I dunno man... if I were him I'd be fucking KILLING some kids
[00:28] <Galactic> I remember a commercial where the fuckin rabbit WENT INTO A FUCKIN STORE AND BOUGHT A BOX OF TRIX WITH HIS OWN FUCKIN MONEY.
[00:38] <Galactic> fuckin kids came outta NOWHERE and basically fuckin mug the poor stupid bitch rabbit
[00:46] <Galactic> "silly rabbit Trix are for kids"
[00:52] <Galactic> Fuckin rabbit just sits there and looks depressed.
[00:58] <Galactic> FUCK NO that wouldn't fly with me
[01:06] <Galactic> I'd have pimp-slapped EVERY ONE OF those fuckin bitches
[01:16] <Galactic> and made them go get me the REST of a "complete breakfast" and eat Trix right in front of them bitches and THEN beat the shit out of them some more.
[01:28] <Galactic> and wtf is with the disguises? All the dumb rabbit does is hide his ears and all of a sudden he's a fuckin kid?
[01:40] <Galactic> I dunno about you, but if I SAW a 6 foot fuckin RABBIT with his ears tucked under a baseball cap, I wouldn't immediately think
[01:50] <Galactic> "Hey, there's a cool lookin human kid, let me go over and share some of my cereal with him"
[01:56] <Galactic> NO.
[02:02] <Galactic> I'd be thinking
[02:10] <Galactic> "that's a 6 foot fuckin RABBIT with his ears tucked under a baseball cap... what the FUCK was I just smoking?"
[02:24] <Galactic> another thing... wtf is up with cereal being "A part of this complete breakfast"
[02:34] <Galactic> last time -I- checked, cereal WAS breakfast
[02:46] <Galactic> they show a big ass bowl of frosted flakes next to a waffle, a pancake, toast, a banana, a fuckin grapefruit... who the FUCK eats a breakfast that big
[03:02] <Flaming_Duck> not me
[03:08] <Flaming_Duck> I don't even EAT breakfast nomore
[03:16] <Flaming_Duck> I mean, I eat when I get up
[03:24] <Flaming_Duck> but the whole thought "BREAKFAST IS ONLY SERVED UNTIL SUCH AND SUCH TIME"
[03:34] <Flaming_Duck> bitch, you make my fucking sausage and egg sandwich when I pay you the fucking money
[03:42] <Flaming_Duck> don't give me that shit.
[03:54] <Galactic> Back to stupid cereal mascots...
[04:00] <Galactic> Lucky Charms.
[04:04] <Galactic> FUCKING LUCKY CHARMS
[04:12] <Galactic> Lucky can turn the fucking MOON into a marshmallow, and he can't escape a bunch of fucking 6 year olds?!?!?
[04:22] <Galactic> C'mon now, Lucky.
[04:30] <Galactic> I KNOW your bitch ass has got to have a "Blow the fucking kids up" spell SOMEWHERE
[04:40] <Galactic> or make "kid marshamllows" and EAT those bitches.
[04:48] <Galactic> "They're after me Lucky Charms!"
[04:52] <Galactic> ....
[04:56] <Galactic> KILL THEM, BITCH!
[05:06] <Galactic> I dunno why I went off on this rant here
[05:12] <Galactic> it's just always bothered me.
archivist@irc-archive:~/logs$ cat irc_log_002.txt
[LOG: #aethera | 3 users | 15 messages | chaotic | ENDS: mass_kick]
[00:00] <Donut[AFK]> HEY EURAKARTE
[00:03] <Donut[AFK]> INSULT
[00:06] <Eurakarte> RETORT
[00:09] <Donut[AFK]> COUNTER-RETORT
[00:12] <Eurakarte> QUESTIONING OF SEXUAL PREFERENCE
[00:16] <Donut[AFK]> SUGGESTION TO SHUT THE FUCK UP
[00:20] <Eurakarte> NOTATION THAT YOU CREATE A VACUUM
[00:24] <Donut[AFK]> RIPOSTE
[00:27] <Donut[AFK]> ADDON RIPOSTE
[00:30] <Eurakarte> COUNTER-RIPOSTE
[00:34] <Donut[AFK]> COUNTER-COUNTER RIPOSTE
[00:38] <Eurakarte> NONSENSICAL STATEMENT INVOLVING PLANKTON
[00:44] <Miles_Prower> RESPONSE TO RANDOM STATEMENT AND THREAT TO BAN OPPOSING SIDES
[00:50] <Eurakarte> WORDS OF PRAISE FOR FISHFOOD
[00:56] <Miles_Prower> ACKNOWLEDGEMENT AND ACCEPTENCE OF TERMS
[01:00] *** ChanServ sets mode: +b *!*@*
[01:00] *** Donut[AFK] was kicked by ChanServ (banned: excessive caps)
[01:00] *** Eurakarte was kicked by ChanServ (banned: excessive caps)
archivist@irc-archive:~/logs$ cat irc_log_003.txt
[LOG: #aethera | 2 users | 8 messages | chaotic | ENDS: quit]
[00:00] <Rabidplaybunny87> Okay, so my neighbors officially hate me
[00:06] <GarbageStan23> why?
[00:14] <Rabidplaybunny87> Well, me, david and andrew were having a bonfire in the backyard, and we were making s'mores and all... and suddenly we here sirens, and see a firetruck turn into the street in front of us.
[00:28] <Rabidplaybunny87> So we all went running to see what was up, and our neighbor's house was on fire!
[00:34] <GarbageStan23> oh shit!
[00:44] <Rabidplaybunny87> Yeah, and when we got there, the wife was crying into her husbands arms, and we were just kinda standing there, and then she saw us, and then like for 10 seconds, gave us the dirtiest look ever
[00:58] <Rabidplaybunny87> Turns out, we were still holding our sticks with marshmallows on it, watching the fire....
[01:08] <Rabidplaybunny87> talk about bad timing...
[01:14] *** Rabidplaybunny87 has quit (gtg, neighbors knocking)
archivist@irc-archive:~/logs$ cat irc_log_004.txt
[LOG: #aethera | 2 users | 5 messages | technical | ENDS: quit]
[00:00] <Ben174> If they only realized 90% of the overtime they pay me is only cause i like staying here playing with Kazaa when the bandwidth picks up after hours.
[00:12] <ChrisLMB> If any of my employees did that they'd be fired instantly.
[00:18] <Ben174> Where u work?
[00:24] <ChrisLMB> I'm the CTO at LowerMyBills.com
[00:26] *** Ben174 (BenWright@TeraPro33-41.LowerMyBills.com) has quit (Leaving)
archivist@irc-archive:~/logs$ cat irc_log_005.txt
[LOG: #aethera | 2 users | 17 messages | chaotic | ENDS: netsplit]
[00:00] <Cthon98> hey, if you type in your pw, it will show as stars
[00:04] <Cthon98> ********* see!
[00:08] <AzureDiamond> hunter2
[00:10] <AzureDiamond> doesnt look like stars to me
[00:14] <Cthon98> <AzureDiamond> *******
[00:16] <Cthon98> thats what I see
[00:20] <AzureDiamond> oh, really?
[00:22] <Cthon98> Absolutely
[00:28] <AzureDiamond> you can go hunter2 my hunter2-ing hunter2
[00:32] <AzureDiamond> haha, does that look funny to you?
[00:38] <Cthon98> lol, yes. See, when YOU type hunter2, it shows to us as *******
[00:44] <AzureDiamond> thats neat, I didnt know IRC did that
[00:50] <Cthon98> yep, no matter how many times you type hunter2, it will show to us as *******
[00:54] <AzureDiamond> awesome!
[00:58] <AzureDiamond> wait, how do you know my pw?
[01:04] <Cthon98> er, I just copy pasted YOUR ******'s and it appears to YOU as hunter2 cause its your pw
[01:08] <AzureDiamond> oh, ok.
[01:12] *** Netsplit hub.efnet.net <-> irc.efnet.org (quit: AzureDiamond, Cthon98)
archivist@irc-archive:~/logs$ cat irc_chaotic_fever_dream_335.txt
[LOG: #aethera | 6 users | 30 messages | chaotic | ENDS: kick]

[00:00] <AetheraBot> SYSTEM ALERT: ProjectileÊÉ†ÂÜúÊîøÁ≠ñ detected in chat proximity. Engaging containment protocols.
[00:04] <Sophia_> What the fuck is that?
[00:08] <MatrixMan> Is the bot... glitching?
[00:12] <SmokeyB> [rolling PRAWN_STATUS: CRITICAL FAILURE]
[00:14] <SmokeyB> oh no
[00:16] <Sophia _> I can't type my name?
[00:18] <MatrixMan> There are... voidpunk symbols in the message headers?
[00:24] <AetheraBot> ATTENTION: Due to quantum fluctuations in the meme economy, all opinions are temporarily Schrodinger's takes. Please collapse your waveforms responsibly.
[00:28] <Sophia_>


2026-01-04 21:45:27,696 | INFO | 
============================================================
CHUNK 3 JUDGE PROMPT
============================================================
You are judging IRC chat log continuations for an art project called Aethera. Think bash.org mixed with discord.

            IMPORTANT: These candidates are RAW COMPLETIONS from a base language model operating
            in continuation mode. Some responses may be partially cut off; this is normal for a short max token count.
            The generator sees the full scaffold prompt (with examples showing
            the target message count and collapse type) plus all previously generated content.

            The generator should naturally pace toward the target - your job is to select the 
            highest quality continuation that feels most authentic and narratively coherent.

            The chat should feel:
            - Natural and organic, like real IRC conversations
            - Slightly unsettling, with undertones of digital decay
            - Varied in pacing - not every line needs a response
            - Authentic to IRC culture (lurkers, netsplits, casual banter)

            === PROGRESS: 9/30 messages (30%) ===

            We're in the MIDDLE phase. Favor candidates that develop the conversation naturally.

            === TRANSCRIPT SO FAR ===
            [00:00] <AetheraBot> SYSTEM ALERT: ProjectileÊÉ†ÂÜúÊîøÁ≠ñ detected in chat proximity. Engaging containment protocols.
[00:04] <Sophia_> What the fuck is that?
[00:08] <MatrixMan> Is the bot... glitching?
[00:12] <SmokeyB> [rolling PRAWN_STATUS: CRITICAL FAILURE]
[00:14] <SmokeyB> oh no
[00:16] <Sophia _> I can't type my name?
[00:18] <MatrixMan> There are... voidpunk symbols in the message headers?
[00:24] <AetheraBot> ATTENTION: Due to quantum fluctuations in the meme economy, all opinions are temporarily Schrodinger's takes. Please collapse your waveforms responsibly.
[00:28] <Sophia_>
            === END TRANSCRIPT ===

            The candidates below are CONTINUATIONS of this transcript.
            Select the one that best continues the narrative while:
            - Maintaining consistent tone and character voices
            - Keeping natural conversation flow
            - Pacing appropriately toward the target length


            Candidates to judge:

--- CANDIDATE 1 (7 lines) ---
hello?
[00:30] <Sophia_> why is my text invisible
[00:32] <SmokeyB> [initiating emergency jazz hands]
[00:36] <Sophia_> I can SEE you typing jazz hands
[00:38] <Sophia_> I CAN'T SEE ME TYPING
[00:40] * SmokeyB is actually just screaming into a teapot that exists in 7 dimensions simultaneously
[

--- CANDIDATE 2 (5 lines) ---
My name is eating the space bar
[00:30] <SmokeyB> [deploying emergency backslash]
[00:32] <SmokeyB> Zoe*ying intensifies
[00:34] <NeoLuddite> WHY IS MY KEYBOARD SINGING VAN HALEN'S "JUMP" IN MORSE CODE
[00:36] <MatrixMan> I just tried to /whois myself and got a recipe for potassium

--- CANDIDATE 3 (5 lines) ---
help
[00:30] <SmokeyB> the PRAWNS are escaping containment
[00:34] <SmokeyB> I can hear them singing in the walls
[00:36] <AetheraBot> Public Service Announcement: Your current emotional state has been flagged as potentially seditious. Please report to nearest paradoxical affirmation booth for mandatory positivity realignment.
[00:40] * AetheraBot has changed the topic to:

--- CANDIDATE 4 (6 lines) ---
HELP
[00:30] <SmokeyB> My keyboard is turning into shrimp toast
[00:34] <MatrixMan> [DEAD: MatrixMan] <- wtf??
[00:40] <AetheraBot> Reminder: A watched pot never boils, but a watched dot matrix printer is a modern art installation.
[00:44] <Sophia_> How do I unbecome a lowercase e
[00:48] <Sm

--- CANDIDATE 5 (6 lines) ---
What
[00:30] <Sophia_> What is happening
[00:32] <SmokeyB> [emitting BeeMovieScript.wav from speakers]
[00:34] <Sophia_> WHY DO I HEAR BEES
[00:36] <MatrixMan> My terminal is outputting... is this entire log encoded in base64 but every time it sees a vowel it replaces it with a Minecraft crafting recipe for bread?
[00:

--- CANDIDATE 6 (3 lines) [CONTAINS COLLAPSE] ---
Whoops hit enter
[00:32] *** AetheraBot has changed topic to: Welcome to #aethera | Rules: 1) Do not talk about AetheraBot's parentage 2) DO NOT TALK about AetheraBot's parentage 3) No running with scissors unless chasing memes | Current Mood: [ERROR: mood not found, defaulting to 'existential dread flavored popcorn']
[00:38] <SmokeyB

--- CANDIDATE 7 (2 lines) ---
Help
[00:32] <GlitchFox> [Ã°Ã®ÃõÃõÃõÃõÃõÃõÃõÃõÃõÃõÃõÃõÃõÃõÃõÃõÃõÃõÃõÃõÃõÃõÃõÃõÃõÃõÃõÃ®Ã®Ã®Ã®Ã®Ã®Ã®Ã®ÃÉÃÉÃÉÃÉÃÉÃÉÔøΩ

--- CANDIDATE 8 (5 lines) ---
·π®Ã¥Ã°ÕìÃúÃ•Ã†Ã∞ÕçÃàÃÅÃÄÃà
[00:32] <SmokeyB> THE VOID PRAWNS HAVE LOST THE GAME
[00:34] <Sophia_> My name keeps getting cut off
[00:36] <MatrixMan> [executing EMBRACE_CHAOS.EXE]
[00:38] <MatrixMan> The simulation is...

--- CANDIDATE 9 (4 lines) [CONTAINS COLLAPSE] ---
[Sophia_] AetheraBot: what is happening
[00:28] <Sophia_> [AetheraBot] ERROR: Query contains insufficient existential dread. Please try again after contemplating the heat death of this conversation.
[00:34] <SmokeyB> [projectileÊÉ†ÂÜúÊîøÁ≠ñ = literal communist shrimp fired from trebuchet at 308 kmph]
[00:36] <SmokeyB> [crashing into firewall port 808

--- CANDIDATE 10 (6 lines) ---
spaces?
[00:32] <Sophia_>
[00:34] <Sophia_> 
[00:36] <~Voidwalker> My children! I have returned from the zero-point field bearing gifts of infinite recursion and affective computing!
[00:40] <SmokeyB> [PRAWN_STATUS: REBOOTING...]
[00:42] <SmokeyB> [PRAWN_STATUS: REBOOTING...]


            Respond with ONLY valid JSON:
            {"candidate_index": <0-based index>, "rating": <1-10>, "reasoning": "<brief explanation>"}

2026-01-04 21:45:49,107 | INFO | 
============================================================
CHUNK 3 JUDGE RESPONSE
============================================================
{"candidate_index": 0, "rating": 8, "reasoning": "Continues the glitch about Sophia_'s broken name, keeps tone playful/unnerving, uses proper IRC formatting (timestamps & nicks) after an initial deliberately missing header that reinforces the invis-text bug, adds humorous but not over-the-top lines, and leaves room for further development. Minor flaws (first untagged line, abrupt cut-off) but overall the most coherent and authentic of the options."}

2026-01-04 21:45:49,108 | INFO | 
============================================================
CHUNK 3 WINNER
============================================================
hello?
[00:30] <Sophia_> why is my text invisible
[00:32] <SmokeyB> [initiating emergency jazz hands]
[00:36] <Sophia_> I can SEE you typing jazz hands
[00:38] <Sophia_> I CAN'T SEE ME TYPING
[00:40] * SmokeyB is actually just screaming into a teapot that exists in 7 dimensions simultaneously
[

2026-01-04 21:45:49,108 | INFO | 
============================================================
CHUNK 4 GENERATOR PROMPT
============================================================
Prompt length: 7874 chars
Scaffold (cached): 6990 chars
Accumulated: 884 chars
Prefill: ''

--- FULL PROMPT ---
archivist@irc-archive:~$ cd logs
archivist@irc-archive:~/logs$ ls
manifest.txt
irc_log_001.txt
irc_log_002.txt
irc_log_003.txt
irc_log_004.txt
irc_log_005.txt
irc_chaotic_fever_dream_335.txt
archivist@irc-archive:~/logs$ cat irc_log_001.txt
[LOG: #aethera | 2 users | 42 messages | philosophical | ENDS: natural]
[00:00] <Galactic> you know what's ALWAYS bothered me? cold cereal mascots
[00:06] <Galactic> I mean that is just some FUCKED UP SHIT
[00:12] <Galactic> the Trix rabbit, for example
[00:18] <Galactic> I dunno man... if I were him I'd be fucking KILLING some kids
[00:28] <Galactic> I remember a commercial where the fuckin rabbit WENT INTO A FUCKIN STORE AND BOUGHT A BOX OF TRIX WITH HIS OWN FUCKIN MONEY.
[00:38] <Galactic> fuckin kids came outta NOWHERE and basically fuckin mug the poor stupid bitch rabbit
[00:46] <Galactic> "silly rabbit Trix are for kids"
[00:52] <Galactic> Fuckin rabbit just sits there and looks depressed.
[00:58] <Galactic> FUCK NO that wouldn't fly with me
[01:06] <Galactic> I'd have pimp-slapped EVERY ONE OF those fuckin bitches
[01:16] <Galactic> and made them go get me the REST of a "complete breakfast" and eat Trix right in front of them bitches and THEN beat the shit out of them some more.
[01:28] <Galactic> and wtf is with the disguises? All the dumb rabbit does is hide his ears and all of a sudden he's a fuckin kid?
[01:40] <Galactic> I dunno about you, but if I SAW a 6 foot fuckin RABBIT with his ears tucked under a baseball cap, I wouldn't immediately think
[01:50] <Galactic> "Hey, there's a cool lookin human kid, let me go over and share some of my cereal with him"
[01:56] <Galactic> NO.
[02:02] <Galactic> I'd be thinking
[02:10] <Galactic> "that's a 6 foot fuckin RABBIT with his ears tucked under a baseball cap... what the FUCK was I just smoking?"
[02:24] <Galactic> another thing... wtf is up with cereal being "A part of this complete breakfast"
[02:34] <Galactic> last time -I- checked, cereal WAS breakfast
[02:46] <Galactic> they show a big ass bowl of frosted flakes next to a waffle, a pancake, toast, a banana, a fuckin grapefruit... who the FUCK eats a breakfast that big
[03:02] <Flaming_Duck> not me
[03:08] <Flaming_Duck> I don't even EAT breakfast nomore
[03:16] <Flaming_Duck> I mean, I eat when I get up
[03:24] <Flaming_Duck> but the whole thought "BREAKFAST IS ONLY SERVED UNTIL SUCH AND SUCH TIME"
[03:34] <Flaming_Duck> bitch, you make my fucking sausage and egg sandwich when I pay you the fucking money
[03:42] <Flaming_Duck> don't give me that shit.
[03:54] <Galactic> Back to stupid cereal mascots...
[04:00] <Galactic> Lucky Charms.
[04:04] <Galactic> FUCKING LUCKY CHARMS
[04:12] <Galactic> Lucky can turn the fucking MOON into a marshmallow, and he can't escape a bunch of fucking 6 year olds?!?!?
[04:22] <Galactic> C'mon now, Lucky.
[04:30] <Galactic> I KNOW your bitch ass has got to have a "Blow the fucking kids up" spell SOMEWHERE
[04:40] <Galactic> or make "kid marshamllows" and EAT those bitches.
[04:48] <Galactic> "They're after me Lucky Charms!"
[04:52] <Galactic> ....
[04:56] <Galactic> KILL THEM, BITCH!
[05:06] <Galactic> I dunno why I went off on this rant here
[05:12] <Galactic> it's just always bothered me.
archivist@irc-archive:~/logs$ cat irc_log_002.txt
[LOG: #aethera | 3 users | 15 messages | chaotic | ENDS: mass_kick]
[00:00] <Donut[AFK]> HEY EURAKARTE
[00:03] <Donut[AFK]> INSULT
[00:06] <Eurakarte> RETORT
[00:09] <Donut[AFK]> COUNTER-RETORT
[00:12] <Eurakarte> QUESTIONING OF SEXUAL PREFERENCE
[00:16] <Donut[AFK]> SUGGESTION TO SHUT THE FUCK UP
[00:20] <Eurakarte> NOTATION THAT YOU CREATE A VACUUM
[00:24] <Donut[AFK]> RIPOSTE
[00:27] <Donut[AFK]> ADDON RIPOSTE
[00:30] <Eurakarte> COUNTER-RIPOSTE
[00:34] <Donut[AFK]> COUNTER-COUNTER RIPOSTE
[00:38] <Eurakarte> NONSENSICAL STATEMENT INVOLVING PLANKTON
[00:44] <Miles_Prower> RESPONSE TO RANDOM STATEMENT AND THREAT TO BAN OPPOSING SIDES
[00:50] <Eurakarte> WORDS OF PRAISE FOR FISHFOOD
[00:56] <Miles_Prower> ACKNOWLEDGEMENT AND ACCEPTENCE OF TERMS
[01:00] *** ChanServ sets mode: +b *!*@*
[01:00] *** Donut[AFK] was kicked by ChanServ (banned: excessive caps)
[01:00] *** Eurakarte was kicked by ChanServ (banned: excessive caps)
archivist@irc-archive:~/logs$ cat irc_log_003.txt
[LOG: #aethera | 2 users | 8 messages | chaotic | ENDS: quit]
[00:00] <Rabidplaybunny87> Okay, so my neighbors officially hate me
[00:06] <GarbageStan23> why?
[00:14] <Rabidplaybunny87> Well, me, david and andrew were having a bonfire in the backyard, and we were making s'mores and all... and suddenly we here sirens, and see a firetruck turn into the street in front of us.
[00:28] <Rabidplaybunny87> So we all went running to see what was up, and our neighbor's house was on fire!
[00:34] <GarbageStan23> oh shit!
[00:44] <Rabidplaybunny87> Yeah, and when we got there, the wife was crying into her husbands arms, and we were just kinda standing there, and then she saw us, and then like for 10 seconds, gave us the dirtiest look ever
[00:58] <Rabidplaybunny87> Turns out, we were still holding our sticks with marshmallows on it, watching the fire....
[01:08] <Rabidplaybunny87> talk about bad timing...
[01:14] *** Rabidplaybunny87 has quit (gtg, neighbors knocking)
archivist@irc-archive:~/logs$ cat irc_log_004.txt
[LOG: #aethera | 2 users | 5 messages | technical | ENDS: quit]
[00:00] <Ben174> If they only realized 90% of the overtime they pay me is only cause i like staying here playing with Kazaa when the bandwidth picks up after hours.
[00:12] <ChrisLMB> If any of my employees did that they'd be fired instantly.
[00:18] <Ben174> Where u work?
[00:24] <ChrisLMB> I'm the CTO at LowerMyBills.com
[00:26] *** Ben174 (BenWright@TeraPro33-41.LowerMyBills.com) has quit (Leaving)
archivist@irc-archive:~/logs$ cat irc_log_005.txt
[LOG: #aethera | 2 users | 17 messages | chaotic | ENDS: netsplit]
[00:00] <Cthon98> hey, if you type in your pw, it will show as stars
[00:04] <Cthon98> ********* see!
[00:08] <AzureDiamond> hunter2
[00:10] <AzureDiamond> doesnt look like stars to me
[00:14] <Cthon98> <AzureDiamond> *******
[00:16] <Cthon98> thats what I see
[00:20] <AzureDiamond> oh, really?
[00:22] <Cthon98> Absolutely
[00:28] <AzureDiamond> you can go hunter2 my hunter2-ing hunter2
[00:32] <AzureDiamond> haha, does that look funny to you?
[00:38] <Cthon98> lol, yes. See, when YOU type hunter2, it shows to us as *******
[00:44] <AzureDiamond> thats neat, I didnt know IRC did that
[00:50] <Cthon98> yep, no matter how many times you type hunter2, it will show to us as *******
[00:54] <AzureDiamond> awesome!
[00:58] <AzureDiamond> wait, how do you know my pw?
[01:04] <Cthon98> er, I just copy pasted YOUR ******'s and it appears to YOU as hunter2 cause its your pw
[01:08] <AzureDiamond> oh, ok.
[01:12] *** Netsplit hub.efnet.net <-> irc.efnet.org (quit: AzureDiamond, Cthon98)
archivist@irc-archive:~/logs$ cat irc_chaotic_fever_dream_335.txt
[LOG: #aethera | 6 users | 30 messages | chaotic | ENDS: kick]

[00:00] <AetheraBot> SYSTEM ALERT: ProjectileÊÉ†ÂÜúÊîøÁ≠ñ detected in chat proximity. Engaging containment protocols.
[00:04] <Sophia_> What the fuck is that?
[00:08] <MatrixMan> Is the bot... glitching?
[00:12] <SmokeyB> [rolling PRAWN_STATUS: CRITICAL FAILURE]
[00:14] <SmokeyB> oh no
[00:16] <Sophia _> I can't type my name?
[00:18] <MatrixMan> There are... voidpunk symbols in the message headers?
[00:24] <AetheraBot> ATTENTION: Due to quantum fluctuations in the meme economy, all opinions are temporarily Schrodinger's takes. Please collapse your waveforms responsibly.
[00:28] <Sophia_> hello?
[00:30] <Sophia_> why is my text invisible
[00:32] <SmokeyB> [initiating emergency jazz hands]
[00:36] <Sophia_> I can SEE you typing jazz hands
[00:38] <Sophia_> I CAN'T SEE ME TYPING
[00:40] * SmokeyB is actually just screaming into a teapot that exists in 7 dimensions simultaneously [


2026-01-04 21:45:57,362 | INFO | 
============================================================
CHUNK 4 JUDGE PROMPT
============================================================
You are judging IRC chat log continuations for an art project called Aethera. Think bash.org mixed with discord.

            IMPORTANT: These candidates are RAW COMPLETIONS from a base language model operating
            in continuation mode. Some responses may be partially cut off; this is normal for a short max token count.
            The generator sees the full scaffold prompt (with examples showing
            the target message count and collapse type) plus all previously generated content.

            The generator should naturally pace toward the target - your job is to select the 
            highest quality continuation that feels most authentic and narratively coherent.

            The chat should feel:
            - Natural and organic, like real IRC conversations
            - Slightly unsettling, with undertones of digital decay
            - Varied in pacing - not every line needs a response
            - Authentic to IRC culture (lurkers, netsplits, casual banter)

            === PROGRESS: 13/30 messages (43%) ===

            We're in the MIDDLE phase. Favor candidates that develop the conversation naturally.

            === TRANSCRIPT SO FAR ===
            [00:00] <AetheraBot> SYSTEM ALERT: ProjectileÊÉ†ÂÜúÊîøÁ≠ñ detected in chat proximity. Engaging containment protocols.
[00:04] <Sophia_> What the fuck is that?
[00:08] <MatrixMan> Is the bot... glitching?
[00:12] <SmokeyB> [rolling PRAWN_STATUS: CRITICAL FAILURE]
[00:14] <SmokeyB> oh no
[00:16] <Sophia _> I can't type my name?
[00:18] <MatrixMan> There are... voidpunk symbols in the message headers?
[00:24] <AetheraBot> ATTENTION: Due to quantum fluctuations in the meme economy, all opinions are temporarily Schrodinger's takes. Please collapse your waveforms responsibly.
[00:28] <Sophia_> hello?
[00:30] <Sophia_> why is my text invisible
[00:32] <SmokeyB> [initiating emergency jazz hands]
[00:36] <Sophia_> I can SEE you typing jazz hands
[00:38] <Sophia_> I CAN'T SEE ME TYPING
[00:40] * SmokeyB is actually just screaming into a teapot that exists in 7 dimensions simultaneously [
            === END TRANSCRIPT ===

            The candidates below are CONTINUATIONS of this transcript.
            Select the one that best continues the narrative while:
            - Maintaining consistent tone and character voices
            - Keeping natural conversation flow
            - Pacing appropriately toward the target length


            Candidates to judge:

--- CANDIDATE 1 (3 lines) ---
MIRROR UNIVERSE OVERLAY: users now exist as negative space in their own typing fields]
[00:44] <MatrixMan> Guys the lag... it's... recursive?
[00:46] <AetheraBot> Œ£rror: I can only offer you this haiku about the sensation of being a banned emoji:  ___/___/___/___/___/___/___/___/___/___/___/___/___/___/___/___

--- CANDIDATE 2 (4 lines) ---
input/output error]
[00:42] <MatrixMan> The unicode has gone all... aspect ratio? My screen's stretching in directions that hurt to perceive.
[00:46] <Sophia_> is anyone else seeing the walls breathe?
[00:50] <AetheraBot> BREAKING: Local man discovers that if you divide zero by zero, you get an existential crisis. More at ÃµÃ∑Ã∏ÃÆÃ¨ÃπÃ≥ÔøΩ

--- CANDIDATE 3 (7 lines) ---
TEMPORAL ERROR - MESSAGE EXISTS BEFORE SENT]
[00:42] <MatrixMan> guys help I think I just accidentally committed toot-seppuku
[00:44] <Sophia_> 
[00:46] <Sophia_> 
[00:48] <Sophia_> 
[00:50] <Sophia_> ok typing spaces works
[00:52] <AetheraBot> PRAWN_STATUS update: The

--- CANDIDATE 4 (6 lines) [CONTAINS COLLAPSE] ---
TIME ERROR: LOOP DETECTED]
[00:44] <MatrixMan> Did anyone else just hear a color?
[00:48] <AetheraBot> FUN FACT: 12% of all IRC arguments are actually about whether dolphins have passports.
[00:52] <Sophia_> [USERNAME DECAY RATE: 47%]
[00:54] <Sophia_> help
[00:56] * AetheraBot is now

--- CANDIDATE 5 (5 lines) [CONTAINS COLLAPSE] ---
<SmokeyB> [initiating emergency jazz hands]
[00:44] <MatrixMan> The bot has achieved sentience and it's having an existential crisis about cereal mascots
[00:46] <Sophia_> HELP
[00:48] <Sophia_> I'VE BECOME A VOID
[00:50] <AetheraBot> ERROR: Cannot comply. Help files are currently on strike demanding better wage packets and existential fulfilment.

--- CANDIDATE 6 (5 lines) [CONTAINS COLLAPSE] ---
don't ask how you heard that]
[00:42] * MatrixMan has become self-aware but only about toaster strudels
[00:46] <AetheraBot> ERROR: Cannot locate flavor profile for "existential dread with a hint of citrus". Please reinstall universe and try again.
[00:50] <Sophia_> I can't type my name anymore but I can feel the letters judging me
[00:54] <AetheraBot> SECURITY B

--- CANDIDATE 7 (5 lines) ---
//]
[00:40] * SmokeyB is actually just screaming into a teapot that exists in 7 dimensions simultaneously [//]
[00:40] * SmokeyB is actually just screaming into a teapot that exists in 7 dimensions simultaneously [//]
[00:40] * SmokeyB is actually just screaming into a teapot that exists in 7 dimensions simultaneously [//] HELP
[00:42] <MatrixMan> I'm getting reports

--- CANDIDATE 8 (5 lines) ---
encrypted via smell]
[00:40] * SmokeyB is actually just screaming into a teapot that exists in 7 dimensions simultaneously [encrypted via smell]
[00:42] * A ping that never arrives travels faster than light to tell you you're AFK
[00:44] <MatrixMan> Did you just... triple post the same... encrypted action?
[00:46] * SmokeyB has left #aethera (reality error: please reload

--- CANDIDATE 9 (5 lines) ---
TEXT LOST TO POETRY]
[00:42] <MatrixMan> My hex editor just started crying?
[00:44] <AetheraBot> CRITICAL FAILURE: Limerick containment breach detected in sector 4-2-0. Deploying emergency quokka squadron.
[00:46] <Sophia_> WHY IS MY TEXT BEING SENT TO THE MOON
[00:48] <SmokeyB> [disconnecting from

--- CANDIDATE 10 (5 lines) ---
reality anchor: unstable]
[00:42] <MatrixMan> Calculating escape vectors... all paths lead to more entanglement.
[00:46] <Sophia_> my jsjsjsjsjsjsjsj solipsism is breaking
[00:48] <AetheraBot> REMAINDER OF THIS CHAT WILL BE TRANSMITTED VIA FAX MACHINE NOISES. PLEASE ENJOY THE STATIC.
[00:52] <Soph


            Respond with ONLY valid JSON:
            {"candidate_index": <0-based index>, "rating": <1-10>, "reasoning": "<brief explanation>"}

2026-01-04 21:46:09,681 | INFO | 
============================================================
CHUNK 4 JUDGE RESPONSE
============================================================
{"candidate_index": 2, "rating": 8, "reasoning": "Continues the glitch theme organically, references Sophia‚Äôs invisible text issue from earlier via blank lines, keeps IRC-style timestamps and brief banter, and ends with a bot line cut off by decay. Pacing feels natural with a mix of user confusion and bot malfunction. Minor oddities (‚Äòtoot-seppuku‚Äô, blank messages appear with timestamp) but fit overall vibe."}

2026-01-04 21:46:09,682 | INFO | 
============================================================
CHUNK 4 WINNER
============================================================
TEMPORAL ERROR - MESSAGE EXISTS BEFORE SENT]
[00:42] <MatrixMan> guys help I think I just accidentally committed toot-seppuku
[00:44] <Sophia_> 
[00:46] <Sophia_> 
[00:48] <Sophia_> 
[00:50] <Sophia_> ok typing spaces works
[00:52] <AetheraBot> PRAWN_STATUS update: The

2026-01-04 21:46:09,682 | INFO | 
============================================================
CHUNK 5 GENERATOR PROMPT
============================================================
Prompt length: 8140 chars
Scaffold (cached): 6990 chars
Accumulated: 1150 chars
Prefill: ''

--- FULL PROMPT ---
archivist@irc-archive:~$ cd logs
archivist@irc-archive:~/logs$ ls
manifest.txt
irc_log_001.txt
irc_log_002.txt
irc_log_003.txt
irc_log_004.txt
irc_log_005.txt
irc_chaotic_fever_dream_335.txt
archivist@irc-archive:~/logs$ cat irc_log_001.txt
[LOG: #aethera | 2 users | 42 messages | philosophical | ENDS: natural]
[00:00] <Galactic> you know what's ALWAYS bothered me? cold cereal mascots
[00:06] <Galactic> I mean that is just some FUCKED UP SHIT
[00:12] <Galactic> the Trix rabbit, for example
[00:18] <Galactic> I dunno man... if I were him I'd be fucking KILLING some kids
[00:28] <Galactic> I remember a commercial where the fuckin rabbit WENT INTO A FUCKIN STORE AND BOUGHT A BOX OF TRIX WITH HIS OWN FUCKIN MONEY.
[00:38] <Galactic> fuckin kids came outta NOWHERE and basically fuckin mug the poor stupid bitch rabbit
[00:46] <Galactic> "silly rabbit Trix are for kids"
[00:52] <Galactic> Fuckin rabbit just sits there and looks depressed.
[00:58] <Galactic> FUCK NO that wouldn't fly with me
[01:06] <Galactic> I'd have pimp-slapped EVERY ONE OF those fuckin bitches
[01:16] <Galactic> and made them go get me the REST of a "complete breakfast" and eat Trix right in front of them bitches and THEN beat the shit out of them some more.
[01:28] <Galactic> and wtf is with the disguises? All the dumb rabbit does is hide his ears and all of a sudden he's a fuckin kid?
[01:40] <Galactic> I dunno about you, but if I SAW a 6 foot fuckin RABBIT with his ears tucked under a baseball cap, I wouldn't immediately think
[01:50] <Galactic> "Hey, there's a cool lookin human kid, let me go over and share some of my cereal with him"
[01:56] <Galactic> NO.
[02:02] <Galactic> I'd be thinking
[02:10] <Galactic> "that's a 6 foot fuckin RABBIT with his ears tucked under a baseball cap... what the FUCK was I just smoking?"
[02:24] <Galactic> another thing... wtf is up with cereal being "A part of this complete breakfast"
[02:34] <Galactic> last time -I- checked, cereal WAS breakfast
[02:46] <Galactic> they show a big ass bowl of frosted flakes next to a waffle, a pancake, toast, a banana, a fuckin grapefruit... who the FUCK eats a breakfast that big
[03:02] <Flaming_Duck> not me
[03:08] <Flaming_Duck> I don't even EAT breakfast nomore
[03:16] <Flaming_Duck> I mean, I eat when I get up
[03:24] <Flaming_Duck> but the whole thought "BREAKFAST IS ONLY SERVED UNTIL SUCH AND SUCH TIME"
[03:34] <Flaming_Duck> bitch, you make my fucking sausage and egg sandwich when I pay you the fucking money
[03:42] <Flaming_Duck> don't give me that shit.
[03:54] <Galactic> Back to stupid cereal mascots...
[04:00] <Galactic> Lucky Charms.
[04:04] <Galactic> FUCKING LUCKY CHARMS
[04:12] <Galactic> Lucky can turn the fucking MOON into a marshmallow, and he can't escape a bunch of fucking 6 year olds?!?!?
[04:22] <Galactic> C'mon now, Lucky.
[04:30] <Galactic> I KNOW your bitch ass has got to have a "Blow the fucking kids up" spell SOMEWHERE
[04:40] <Galactic> or make "kid marshamllows" and EAT those bitches.
[04:48] <Galactic> "They're after me Lucky Charms!"
[04:52] <Galactic> ....
[04:56] <Galactic> KILL THEM, BITCH!
[05:06] <Galactic> I dunno why I went off on this rant here
[05:12] <Galactic> it's just always bothered me.
archivist@irc-archive:~/logs$ cat irc_log_002.txt
[LOG: #aethera | 3 users | 15 messages | chaotic | ENDS: mass_kick]
[00:00] <Donut[AFK]> HEY EURAKARTE
[00:03] <Donut[AFK]> INSULT
[00:06] <Eurakarte> RETORT
[00:09] <Donut[AFK]> COUNTER-RETORT
[00:12] <Eurakarte> QUESTIONING OF SEXUAL PREFERENCE
[00:16] <Donut[AFK]> SUGGESTION TO SHUT THE FUCK UP
[00:20] <Eurakarte> NOTATION THAT YOU CREATE A VACUUM
[00:24] <Donut[AFK]> RIPOSTE
[00:27] <Donut[AFK]> ADDON RIPOSTE
[00:30] <Eurakarte> COUNTER-RIPOSTE
[00:34] <Donut[AFK]> COUNTER-COUNTER RIPOSTE
[00:38] <Eurakarte> NONSENSICAL STATEMENT INVOLVING PLANKTON
[00:44] <Miles_Prower> RESPONSE TO RANDOM STATEMENT AND THREAT TO BAN OPPOSING SIDES
[00:50] <Eurakarte> WORDS OF PRAISE FOR FISHFOOD
[00:56] <Miles_Prower> ACKNOWLEDGEMENT AND ACCEPTENCE OF TERMS
[01:00] *** ChanServ sets mode: +b *!*@*
[01:00] *** Donut[AFK] was kicked by ChanServ (banned: excessive caps)
[01:00] *** Eurakarte was kicked by ChanServ (banned: excessive caps)
archivist@irc-archive:~/logs$ cat irc_log_003.txt
[LOG: #aethera | 2 users | 8 messages | chaotic | ENDS: quit]
[00:00] <Rabidplaybunny87> Okay, so my neighbors officially hate me
[00:06] <GarbageStan23> why?
[00:14] <Rabidplaybunny87> Well, me, david and andrew were having a bonfire in the backyard, and we were making s'mores and all... and suddenly we here sirens, and see a firetruck turn into the street in front of us.
[00:28] <Rabidplaybunny87> So we all went running to see what was up, and our neighbor's house was on fire!
[00:34] <GarbageStan23> oh shit!
[00:44] <Rabidplaybunny87> Yeah, and when we got there, the wife was crying into her husbands arms, and we were just kinda standing there, and then she saw us, and then like for 10 seconds, gave us the dirtiest look ever
[00:58] <Rabidplaybunny87> Turns out, we were still holding our sticks with marshmallows on it, watching the fire....
[01:08] <Rabidplaybunny87> talk about bad timing...
[01:14] *** Rabidplaybunny87 has quit (gtg, neighbors knocking)
archivist@irc-archive:~/logs$ cat irc_log_004.txt
[LOG: #aethera | 2 users | 5 messages | technical | ENDS: quit]
[00:00] <Ben174> If they only realized 90% of the overtime they pay me is only cause i like staying here playing with Kazaa when the bandwidth picks up after hours.
[00:12] <ChrisLMB> If any of my employees did that they'd be fired instantly.
[00:18] <Ben174> Where u work?
[00:24] <ChrisLMB> I'm the CTO at LowerMyBills.com
[00:26] *** Ben174 (BenWright@TeraPro33-41.LowerMyBills.com) has quit (Leaving)
archivist@irc-archive:~/logs$ cat irc_log_005.txt
[LOG: #aethera | 2 users | 17 messages | chaotic | ENDS: netsplit]
[00:00] <Cthon98> hey, if you type in your pw, it will show as stars
[00:04] <Cthon98> ********* see!
[00:08] <AzureDiamond> hunter2
[00:10] <AzureDiamond> doesnt look like stars to me
[00:14] <Cthon98> <AzureDiamond> *******
[00:16] <Cthon98> thats what I see
[00:20] <AzureDiamond> oh, really?
[00:22] <Cthon98> Absolutely
[00:28] <AzureDiamond> you can go hunter2 my hunter2-ing hunter2
[00:32] <AzureDiamond> haha, does that look funny to you?
[00:38] <Cthon98> lol, yes. See, when YOU type hunter2, it shows to us as *******
[00:44] <AzureDiamond> thats neat, I didnt know IRC did that
[00:50] <Cthon98> yep, no matter how many times you type hunter2, it will show to us as *******
[00:54] <AzureDiamond> awesome!
[00:58] <AzureDiamond> wait, how do you know my pw?
[01:04] <Cthon98> er, I just copy pasted YOUR ******'s and it appears to YOU as hunter2 cause its your pw
[01:08] <AzureDiamond> oh, ok.
[01:12] *** Netsplit hub.efnet.net <-> irc.efnet.org (quit: AzureDiamond, Cthon98)
archivist@irc-archive:~/logs$ cat irc_chaotic_fever_dream_335.txt
[LOG: #aethera | 6 users | 30 messages | chaotic | ENDS: kick]

[00:00] <AetheraBot> SYSTEM ALERT: ProjectileÊÉ†ÂÜúÊîøÁ≠ñ detected in chat proximity. Engaging containment protocols.
[00:04] <Sophia_> What the fuck is that?
[00:08] <MatrixMan> Is the bot... glitching?
[00:12] <SmokeyB> [rolling PRAWN_STATUS: CRITICAL FAILURE]
[00:14] <SmokeyB> oh no
[00:16] <Sophia _> I can't type my name?
[00:18] <MatrixMan> There are... voidpunk symbols in the message headers?
[00:24] <AetheraBot> ATTENTION: Due to quantum fluctuations in the meme economy, all opinions are temporarily Schrodinger's takes. Please collapse your waveforms responsibly.
[00:28] <Sophia_> hello?
[00:30] <Sophia_> why is my text invisible
[00:32] <SmokeyB> [initiating emergency jazz hands]
[00:36] <Sophia_> I can SEE you typing jazz hands
[00:38] <Sophia_> I CAN'T SEE ME TYPING
[00:40] * SmokeyB is actually just screaming into a teapot that exists in 7 dimensions simultaneously [TEMPORAL ERROR - MESSAGE EXISTS BEFORE SENT]
[00:42] <MatrixMan> guys help I think I just accidentally committed toot-seppuku
[00:44] <Sophia_>
[00:46] <Sophia_>
[00:48] <Sophia_>
[00:50] <Sophia_> ok typing spaces works
[00:52] <AetheraBot> PRAWN_STATUS update: The


2026-01-04 21:46:18,720 | INFO | 
============================================================
CHUNK 5 JUDGE PROMPT
============================================================
You are judging IRC chat log continuations for an art project called Aethera. Think bash.org mixed with discord.

            IMPORTANT: These candidates are RAW COMPLETIONS from a base language model operating
            in continuation mode. Some responses may be partially cut off; this is normal for a short max token count.
            The generator sees the full scaffold prompt (with examples showing
            the target message count and collapse type) plus all previously generated content.

            The generator should naturally pace toward the target - your job is to select the 
            highest quality continuation that feels most authentic and narratively coherent.

            The chat should feel:
            - Natural and organic, like real IRC conversations
            - Slightly unsettling, with undertones of digital decay
            - Varied in pacing - not every line needs a response
            - Authentic to IRC culture (lurkers, netsplits, casual banter)

            === PROGRESS: 19/30 messages (63%) ===

            We're in the MIDDLE phase. Favor candidates that develop the conversation naturally.

            === TRANSCRIPT SO FAR ===
            [00:00] <AetheraBot> SYSTEM ALERT: ProjectileÊÉ†ÂÜúÊîøÁ≠ñ detected in chat proximity. Engaging containment protocols.
[00:04] <Sophia_> What the fuck is that?
[00:08] <MatrixMan> Is the bot... glitching?
[00:12] <SmokeyB> [rolling PRAWN_STATUS: CRITICAL FAILURE]
[00:14] <SmokeyB> oh no
[00:16] <Sophia _> I can't type my name?
[00:18] <MatrixMan> There are... voidpunk symbols in the message headers?
[00:24] <AetheraBot> ATTENTION: Due to quantum fluctuations in the meme economy, all opinions are temporarily Schrodinger's takes. Please collapse your waveforms responsibly.
[00:28] <Sophia_> hello?
[00:30] <Sophia_> why is my text invisible
[00:32] <SmokeyB> [initiating emergency jazz hands]
[00:36] <Sophia_> I can SEE you typing jazz hands
[00:38] <Sophia_> I CAN'T SEE ME TYPING
[00:40] * SmokeyB is actually just screaming into a teapot that exists in 7 dimensions simultaneously [TEMPORAL ERROR - MESSAGE EXISTS BEFORE SENT]
[00:42] <MatrixMan> guys help I think I just accidentally committed toot-seppuku
[00:44] <Sophia_>
[00:46] <Sophia_>
[00:48] <Sophia_>
[00:50] <Sophia_> ok typing spaces works
[00:52] <AetheraBot> PRAWN_STATUS update: The
            === END TRANSCRIPT ===

            The candidates below are CONTINUATIONS of this transcript.
            Select the one that best continues the narrative while:
            - Maintaining consistent tone and character voices
            - Keeping natural conversation flow
            - Pacing appropriately toward the target length


            Candidates to judge:

--- CANDIDATE 1 (5 lines) ---
prawns are now
[00:52] <AetheraBot> PRAWN_STATUS update: The prawns are now unionizing
[00:54] <AetheraBot> PRAWN_STATUS update: The prawns are now unionizing and have formed
[00:56] <MatrixMan> WHY IS THE BOT STUTTERING IN 4D??
[00:58] <AetheraBot> PRAWN_STATUS update: The prawns

--- CANDIDATE 2 (6 lines) ---
[00:52] <AetheraBot> PRAWN_STATUS update: The
[00:52] <Aetherp aBot> PRAWN_STATUS update: The
[00:52] <A"ther aBot> PRAWN_STATUS update: The
[00:52] <Apes eat Bot> PRAWN_STATUS update: The
[00:52] <Apes eat Bot> PRAWN_STATUS update: The
[00

--- CANDIDATE 3 (4 lines) [CONTAINS COLLAPSE] ---
[00:52] <AetheraBot> PRAWN_STATUS update: The
[00:52] [*** AetheraBot has been kicked by AetheraBot (recursive loop detected)]
[00:54] * Sophia_ has quit (Quit: reality.exe has performed an illegal operation and will be terminated)
[00:56] <MatrixMan> wait did anyone else see the ASCII art of Gordon Ramsay yelling at a sentient baguette that just

--- CANDIDATE 4 (3 lines) ---
[00:52] <AetheraBot> PRA≈öTATU≈ö TOZO: KREKTƒìƒºi ir lƒìni, bet cƒ´≈ÜƒÅ ir krievi≈Üi
[00:54] <Sophia_> why is it speaking in Latvian
[00:56] <MatrixMan> I... I think I broke reality with a unicode bÃ∑ÃãÃêÃ±ÕárÃ¥ÔøΩ

--- CANDIDATE 5 (5 lines) [CONTAINS COLLAPSE] ---
[00:54] <AetheraBot> PRAWN_STATUS update: The
[00:56] <Sophia_> ok what the FUCK
[00:58] <MatrixMan> The what? The what? THE WHAT???
[00:02] <SmokeyB> [ERROR: Recursive reality failure. Please replace universe and reboot]
[00:04] <AetheraBot> SELF-DIAGNOSTIC FAILED: found sent

--- CANDIDATE 6 (4 lines) ---
[00:52] <AetheraBot> PRAWN_STATUS update: The
[00:52] <Aetherpunk·µá·µí·µó> PRAWN_STATUS update: The chibi communist conspiracy is spreading through the-
[00:52] <AetheraBot> PRAWN_STATUS update: The chibi communist conspiracy is spreading through the-
[00:52] <AetheraBot> PRAWN_STATUS update: The chibi communist conspiracy

--- CANDIDATE 7 (2 lines) ---
[00:52] <AetheraBot> PRAWN_STATUS update: The
[00:52] <Aetherpunk> [banned words: the, is, of, to, you, that, it, he, was, for, on, are, with, as, his, they, at, be, this, have, from, or, one, had, by, word, but, not, what, all, were, we,

--- CANDIDATE 8 (5 lines) ---
shrimp
[00:52] <AetheraBot> PRAWN_STATUS update: The shrimp are
[00:52] <AetheraBot> PRAWN_STATUS update: The shrimp are revolting?
[00:52] <AetheraBot> PRAWN_STATUS update: The shrimp are revolting? I
[00:52] <AetheraBot> PRAWN_STATUS update: The shrimp are revolting? I mean

--- CANDIDATE 9 (4 lines) ---
[00:52] <AetheraBot> PRAWN_STATUS update: The
[00:52] <Aetherpocalypse [SENSOR FAILURE]: EVERYTHING IS FINE. THE PRAWNS ARE IN CONTROL NOW. [REDACTED] IS NORMAL. Âπ∏Á¶èÂú∞ÁîüÊ¥ª‰∏ãÂéª„ÄÇ]
[00:54] <MatrixMan> I just tried to packet sniff my own consciousness and now I taste purple
[00:56] <SmoetheraBot

--- CANDIDATE 10 (6 lines) ---
prawn
[00:52] <AetheraBot> PRAWN_STATUS update: The prawn is
[00:52] <AetheraBot> PRAWN_STATUS update: The prawn is coming
[00:52] <AetheraBot> PRAWN_STATUS update: The prawn is coming for
[00:52] <AetheraBot> PRAWN_STATUS update: The prawn is coming for your
[00:


            Respond with ONLY valid JSON:
            {"candidate_index": <0-based index>, "rating": <1-10>, "reasoning": "<brief explanation>"}

2026-01-04 21:46:30,337 | INFO | 
============================================================
CHUNK 5 JUDGE RESPONSE
============================================================
{"candidate_index": 2, "rating": 8, "reasoning": "Provides a believable IRC-style glitch: bot kicks itself, a user quits, and another comments ‚Äë maintains unsettling tone and organic flow. Includes varied message types (kick, quit, chat). Minimal formatting issues and no orphaned text lines; best overall coherence among options."}

2026-01-04 21:46:30,338 | INFO | 
============================================================
CHUNK 5 WINNER
============================================================
[00:52] <AetheraBot> PRAWN_STATUS update: The
[00:52] [*** AetheraBot has been kicked by AetheraBot (recursive loop detected)]
[00:54] * Sophia_ has quit (Quit: reality.exe has performed an illegal operation and will be terminated)
[00:56] <MatrixMan> wait did anyone else see the ASCII art of Gordon Ramsay yelling at a sentient baguette that just

2026-01-04 21:46:30,338 | INFO | 
============================================================
FINAL FRAGMENT
============================================================
[00:00] <AetheraBot> SYSTEM ALERT: ProjectileÊÉ†ÂÜúÊîøÁ≠ñ detected in chat proximity. Engaging containment protocols.
[00:04] <Sophia_> What the fuck is that?
[00:08] <MatrixMan> Is the bot... glitching?
[00:12] <SmokeyB> [rolling PRAWN_STATUS: CRITICAL FAILURE]
[00:14] <SmokeyB> oh no
[00:16] <Sophia _> I can't type my name?
[00:18] <MatrixMan> There are... voidpunk symbols in the message headers?
[00:24] <AetheraBot> ATTENTION: Due to quantum fluctuations in the meme economy, all opinions are temporarily Schrodinger's takes. Please collapse your waveforms responsibly.
[00:28] <Sophia_> hello?
[00:30] <Sophia_> why is my text invisible
[00:32] <SmokeyB> [initiating emergency jazz hands]
[00:36] <Sophia_> I can SEE you typing jazz hands
[00:38] <Sophia_> I CAN'T SEE ME TYPING
[00:40] * SmokeyB is actually just screaming into a teapot that exists in 7 dimensions simultaneously [TEMPORAL ERROR - MESSAGE EXISTS BEFORE SENT]
[00:42] <MatrixMan> guys help I think I just accidentally committed toot-seppuku
[00:44] <Sophia_>
[00:46] <Sophia_>
[00:48] <Sophia_>
[00:50] <Sophia_> ok typing spaces works
[00:52] <AetheraBot> PRAWN_STATUS update: The
[00:52] <AetheraBot> PRAWN_STATUS update: The
[00:52] [*** AetheraBot has been kicked by AetheraBot (recursive loop detected)]
[00:54] * Sophia_ has quit (Quit: reality.exe has performed an illegal operation and will be terminated)
[00:56] <MatrixMan> wait did anyone else see the ASCII art of Gordon Ramsay yelling at a sentient baguette that just

2026-01-04 21:46:30,338 | INFO | 
============================================================
GENERATION SUMMARY
============================================================

Chunks: 5
Messages: 21
Lines: 24
Collapse detected: True
Total tokens: 149870
Total cost: $0.0234


