2026-01-04 21:07:36,775 | INFO | 
============================================================
INITIAL PROMPT (FULL)
============================================================
archivist@irc-archive:~$ cd logs
archivist@irc-archive:~/logs$ ls
manifest.txt
irc_log_001.txt
irc_log_002.txt
irc_log_003.txt
irc_log_004.txt
irc_technical_algorithms_747.txt
archivist@irc-archive:~/logs$ cat irc_log_001.txt
[LOG: #aethera | 2 users | 5 messages | technical | ENDS: quit]
[00:00] <Ben174> If they only realized 90% of the overtime they pay me is only cause i like staying here playing with Kazaa when the bandwidth picks up after hours.
[00:12] <ChrisLMB> If any of my employees did that they'd be fired instantly.
[00:18] <Ben174> Where u work?
[00:24] <ChrisLMB> I'm the CTO at LowerMyBills.com
[00:26] *** Ben174 (BenWright@TeraPro33-41.LowerMyBills.com) has quit (Leaving)
archivist@irc-archive:~/logs$ cat irc_log_002.txt
[LOG: #aethera | 2 users | 6 messages | philosophical | ENDS: ping_timeout]
[00:00] <Guo_Si> Hey, you know what sucks?
[00:04] <TheXPhial> vaccuums
[00:10] <Guo_Si> Hey, you know what sucks in a metaphorical sense?
[00:16] <TheXPhial> black holes
[00:24] <Guo_Si> Hey, you know what just isn't cool?
[00:30] <TheXPhial> lava?
[00:44] *** Guo_Si has quit (Ping timeout: 240 seconds)
[00:46] *** TheXPhial has quit (Ping timeout: 240 seconds)
archivist@irc-archive:~/logs$ cat irc_log_003.txt
[LOG: #aethera | 2 users | 8 messages | chaotic | ENDS: quit]
[00:00] <Rabidplaybunny87> Okay, so my neighbors officially hate me
[00:06] <GarbageStan23> why?
[00:14] <Rabidplaybunny87> Well, me, david and andrew were having a bonfire in the backyard, and we were making s'mores and all... and suddenly we here sirens, and see a firetruck turn into the street in front of us.
[00:28] <Rabidplaybunny87> So we all went running to see what was up, and our neighbor's house was on fire!
[00:34] <GarbageStan23> oh shit!
[00:44] <Rabidplaybunny87> Yeah, and when we got there, the wife was crying into her husbands arms, and we were just kinda standing there, and then she saw us, and then like for 10 seconds, gave us the dirtiest look ever
[00:58] <Rabidplaybunny87> Turns out, we were still holding our sticks with marshmallows on it, watching the fire....
[01:08] <Rabidplaybunny87> talk about bad timing...
[01:14] *** Rabidplaybunny87 has quit (gtg, neighbors knocking)
archivist@irc-archive:~/logs$ cat irc_log_004.txt
[LOG: #aethera | 2 users | 37 messages | technical | ENDS: action]
[00:00] <djahandarie> we ain't here to do e-c-e
[00:04] <djahandarie> we're here to do c-s-e on the w-e-b
[00:08] <djahandarie> listen to me spit these rhymes
[00:11] <djahandarie> while i program lines
[00:14] <djahandarie> and commit web accessibility crimes
[00:18] <djahandarie> word, son
[00:38] <http402> You talk like your big on these I-Net kicks,
[00:42] <http402> But your shit flows slower than a two-eighty-six.
[00:46] <http402> I'm tracking down hosts and nmap scans,
[00:50] <http402> While Code Igniter's got you wringing your hands.
[00:54] <http402> Cut the crap rap,
[00:57] <http402> Or I'll run ettercap,
[01:00] <http402> Grab your AIM chat,
[01:03] <http402> N' send a PC bitch-slap!
[01:06] <http402> peace
[01:24] <djahandarie> you're talkin bout down hosts and nmap scans
[01:28] <djahandarie> while i got other plans
[01:32] <djahandarie> you're at your new job, but you can't even do it right
[01:36] <djahandarie> you just create a plight with your http rewrites
[01:40] <djahandarie> i've been on the web since the age of three
[01:44] <djahandarie> you just got on directly off the bus from mississippi
[01:48] <djahandarie> respect yo' elders, bitch
[02:12] <http402> You've been webbin' since three, but still ain't grown up,
[02:16] <http402> Gotta update your config and send the brain a SIGHUP.
[02:20] <http402> You say you're that old? No wonder you're slow!
[02:24] <http402> You're knocking at the door while I run this show!
[02:28] <http402> Elders my ass, you're shit's still in school,
[02:32] <http402> Hunt and pecking at the keyboard like a spaghetti-damned fool,
[02:36] <http402> Rim-riffing your hard drive like a tool,
[02:40] <http402> Face it. I rule.
[03:02] <djahandarie> i erase my harddrives with magnets (bitch)
[03:06] <djahandarie> all you can do is troll on the fagnets
[03:10] <djahandarie> and son, my brain's wrapped in a nohup
[03:14] <djahandarie> it wont be hurt by the words you throwup
[03:18] <djahandarie> dont mind me while i emerge my ownage
[03:22] <djahandarie> while you're still over there apt-getting your porridge
[03:26] <djahandarie> you say i'm still in school
[03:30] <djahandarie> but the fact is that i know the rule
[03:34] <djahandarie> cuz you need to go back to grade three
[03:38] <djahandarie> and you better plea, that they take sucky graduates from c-s-e
[04:08] <http402> Time to bend over and apply a patch,
[04:12] <http402> Your brain's throwing static like a CD with a scratch.
[04:16] <http402> Your connection got nuked and you've met your match.
[04:20] <http402> You run a single process like a VAX with a batch.
[04:24] <http402> I'd pass the torch to a real winner
[04:28] <http402> But it'd just scorch a while-loop spinner
[04:32] <http402> Caught in a loop that you cant escape,
[04:36] <http402> I run clock cycles around your words and flows,
[04:40] <http402> Cuz your rhyme is like a PS fan: it blows,
[04:44] <http402> Your water-cooled lyrics leak and it shows,
[04:48] <http402> Take your ass back to alt.paid.for.windows.
[05:02] <djahandarie> Good god, I can't even respond to that. :P
[05:06] <djahandarie> You win haha
[05:12] * http402 takes a bow
archivist@irc-archive:~/logs$ cat irc_technical_algorithms_747.txt
[LOG: #aethera | 5 users | 30 messages | technical | ENDS: gline]


2026-01-04 21:07:36,776 | INFO | 
============================================================
CHUNK 1 GENERATOR PROMPT
============================================================
Prompt length: 5625 chars
Scaffold (cached): 5625 chars
Accumulated: 0 chars
Prefill: '[00:00] <'

--- FULL PROMPT ---
archivist@irc-archive:~$ cd logs
archivist@irc-archive:~/logs$ ls
manifest.txt
irc_log_001.txt
irc_log_002.txt
irc_log_003.txt
irc_log_004.txt
irc_technical_algorithms_747.txt
archivist@irc-archive:~/logs$ cat irc_log_001.txt
[LOG: #aethera | 2 users | 5 messages | technical | ENDS: quit]
[00:00] <Ben174> If they only realized 90% of the overtime they pay me is only cause i like staying here playing with Kazaa when the bandwidth picks up after hours.
[00:12] <ChrisLMB> If any of my employees did that they'd be fired instantly.
[00:18] <Ben174> Where u work?
[00:24] <ChrisLMB> I'm the CTO at LowerMyBills.com
[00:26] *** Ben174 (BenWright@TeraPro33-41.LowerMyBills.com) has quit (Leaving)
archivist@irc-archive:~/logs$ cat irc_log_002.txt
[LOG: #aethera | 2 users | 6 messages | philosophical | ENDS: ping_timeout]
[00:00] <Guo_Si> Hey, you know what sucks?
[00:04] <TheXPhial> vaccuums
[00:10] <Guo_Si> Hey, you know what sucks in a metaphorical sense?
[00:16] <TheXPhial> black holes
[00:24] <Guo_Si> Hey, you know what just isn't cool?
[00:30] <TheXPhial> lava?
[00:44] *** Guo_Si has quit (Ping timeout: 240 seconds)
[00:46] *** TheXPhial has quit (Ping timeout: 240 seconds)
archivist@irc-archive:~/logs$ cat irc_log_003.txt
[LOG: #aethera | 2 users | 8 messages | chaotic | ENDS: quit]
[00:00] <Rabidplaybunny87> Okay, so my neighbors officially hate me
[00:06] <GarbageStan23> why?
[00:14] <Rabidplaybunny87> Well, me, david and andrew were having a bonfire in the backyard, and we were making s'mores and all... and suddenly we here sirens, and see a firetruck turn into the street in front of us.
[00:28] <Rabidplaybunny87> So we all went running to see what was up, and our neighbor's house was on fire!
[00:34] <GarbageStan23> oh shit!
[00:44] <Rabidplaybunny87> Yeah, and when we got there, the wife was crying into her husbands arms, and we were just kinda standing there, and then she saw us, and then like for 10 seconds, gave us the dirtiest look ever
[00:58] <Rabidplaybunny87> Turns out, we were still holding our sticks with marshmallows on it, watching the fire....
[01:08] <Rabidplaybunny87> talk about bad timing...
[01:14] *** Rabidplaybunny87 has quit (gtg, neighbors knocking)
archivist@irc-archive:~/logs$ cat irc_log_004.txt
[LOG: #aethera | 2 users | 37 messages | technical | ENDS: action]
[00:00] <djahandarie> we ain't here to do e-c-e
[00:04] <djahandarie> we're here to do c-s-e on the w-e-b
[00:08] <djahandarie> listen to me spit these rhymes
[00:11] <djahandarie> while i program lines
[00:14] <djahandarie> and commit web accessibility crimes
[00:18] <djahandarie> word, son
[00:38] <http402> You talk like your big on these I-Net kicks,
[00:42] <http402> But your shit flows slower than a two-eighty-six.
[00:46] <http402> I'm tracking down hosts and nmap scans,
[00:50] <http402> While Code Igniter's got you wringing your hands.
[00:54] <http402> Cut the crap rap,
[00:57] <http402> Or I'll run ettercap,
[01:00] <http402> Grab your AIM chat,
[01:03] <http402> N' send a PC bitch-slap!
[01:06] <http402> peace
[01:24] <djahandarie> you're talkin bout down hosts and nmap scans
[01:28] <djahandarie> while i got other plans
[01:32] <djahandarie> you're at your new job, but you can't even do it right
[01:36] <djahandarie> you just create a plight with your http rewrites
[01:40] <djahandarie> i've been on the web since the age of three
[01:44] <djahandarie> you just got on directly off the bus from mississippi
[01:48] <djahandarie> respect yo' elders, bitch
[02:12] <http402> You've been webbin' since three, but still ain't grown up,
[02:16] <http402> Gotta update your config and send the brain a SIGHUP.
[02:20] <http402> You say you're that old? No wonder you're slow!
[02:24] <http402> You're knocking at the door while I run this show!
[02:28] <http402> Elders my ass, you're shit's still in school,
[02:32] <http402> Hunt and pecking at the keyboard like a spaghetti-damned fool,
[02:36] <http402> Rim-riffing your hard drive like a tool,
[02:40] <http402> Face it. I rule.
[03:02] <djahandarie> i erase my harddrives with magnets (bitch)
[03:06] <djahandarie> all you can do is troll on the fagnets
[03:10] <djahandarie> and son, my brain's wrapped in a nohup
[03:14] <djahandarie> it wont be hurt by the words you throwup
[03:18] <djahandarie> dont mind me while i emerge my ownage
[03:22] <djahandarie> while you're still over there apt-getting your porridge
[03:26] <djahandarie> you say i'm still in school
[03:30] <djahandarie> but the fact is that i know the rule
[03:34] <djahandarie> cuz you need to go back to grade three
[03:38] <djahandarie> and you better plea, that they take sucky graduates from c-s-e
[04:08] <http402> Time to bend over and apply a patch,
[04:12] <http402> Your brain's throwing static like a CD with a scratch.
[04:16] <http402> Your connection got nuked and you've met your match.
[04:20] <http402> You run a single process like a VAX with a batch.
[04:24] <http402> I'd pass the torch to a real winner
[04:28] <http402> But it'd just scorch a while-loop spinner
[04:32] <http402> Caught in a loop that you cant escape,
[04:36] <http402> I run clock cycles around your words and flows,
[04:40] <http402> Cuz your rhyme is like a PS fan: it blows,
[04:44] <http402> Your water-cooled lyrics leak and it shows,
[04:48] <http402> Take your ass back to alt.paid.for.windows.
[05:02] <djahandarie> Good god, I can't even respond to that. :P
[05:06] <djahandarie> You win haha
[05:12] * http402 takes a bow
archivist@irc-archive:~/logs$ cat irc_technical_algorithms_747.txt
[LOG: #aethera | 5 users | 30 messages | technical | ENDS: gline]


2026-01-04 21:07:50,871 | INFO | 
============================================================
CHUNK 1 JUDGE PROMPT
============================================================
You are judging IRC chat log continuations for an art project called Aethera. Think bash.org mixed with discord.

            IMPORTANT: These candidates are RAW COMPLETIONS from a base language model operating
            in continuation mode. Some responses may be partially cut off; this is normal for a short max token count.
            The generator sees the full scaffold prompt (with examples showing
            the target message count and collapse type) plus all previously generated content.

            The generator should naturally pace toward the target - your job is to select the 
            highest quality continuation that feels most authentic and narratively coherent.

            The chat should feel:
            - Natural and organic, like real IRC conversations
            - Slightly unsettling, with undertones of digital decay
            - Varied in pacing - not every line needs a response
            - Authentic to IRC culture (lurkers, netsplits, casual banter)

            === TARGET: 30 messages ===

            This is the OPENING of a new IRC fragment.
            Select the candidate that establishes the best foundation for a ~30 message conversation.


            Candidates to judge:

--- CANDIDATE 1 (7 lines) [CONTAINS COLLAPSE] ---
QuantumPirate> just finished implementing Grover's algorithm for unstructured search in Q#
[00:04] <QuantumPirate> pretty sure I found all the bugs but quantum ones are tricky
[00:08] <Sum0_> lol yeah superposition of bugs and features
[00:12] <BitMage> speaking of algorithms, anyone here familiar with Malbolge?
[00:16] <TuringTerror> only by reputation, as the worst programming language ever designed
[00:20] <BitMage> challenge accepted! writing hello world in Malbolge now
[00:24] *** BitMage has quit (G_LINE_BAN: [IRCnet] Illegal channel content

--- CANDIDATE 2 (8 lines) ---
xKalibra> anyone know why my saulkrusdottir_decay(78) is returning negative values?
[00:02] <MemoryFisher> Check your initial conditions for the steepest descent parameter
[00:08] <xKalibra> already tried adjusting gamma from 0.1 to 0.001
[00:10] <MemoryFisher> Did you verify your Lipschitz constant calculation?
[00:14] <xKalibra> yeah but my implementation might have floating point issues
[00:16] <MemoryFisher> Try using arbitrary precision with mpmath
[00:24] <xKalibra> okay, let me import that...
[

--- CANDIDATE 3 (5 lines) ---
QuantumArchitect> Has anyone here implemented a homomorphic encryption scheme for real-time computation yet?
[00:04] <CryptoKnight> @QuantumArchitect LOL no, that's still pure theory. The overhead would make it slower than running calculations on paper with a confused cat as a calculator.
[00:08] <QuantumArchitect> @CryptoKnight Harsh but fair. Gentry's scheme has exponentiation overhead that's like O(λ^4) for security parameter λ.
[00:12] <CryptoKnight> @QuantumArchitect Exactly. Even with bootstrapping optimizations, you're looking at seconds per bit operation at best. Can't exactly run a neural net on that.
[00:16] <QuantumArchitect> @CryptoKnight What about post

--- CANDIDATE 4 (7 lines) ---
QuantumCoder42> alright guys, we've got a big problem
[00:04] <QuantumCoder42> the quantum entanglement resolver's throwing decoherence errors again
[00:10] <QuantumCoder42> and the classical fallback's running worse than a ZX-81 on a potato battery
[00:16] <ZeroPointEne> what kind of errors? coherence spikes or decoherence drops?
[00:20] <NullMaster69> probably both knowing our luck
[00:24] <QuantumCoder42> everything's fine at the entangler stage, but when we try to maintain coherence through the demuxer...
[00:30] <QuantumCoder42> it's like trying to herd cats through

--- CANDIDATE 5 (8 lines) [CONTAINS COLLAPSE] ---
quantum_entangle> Need help debugging quantum entanglement algorithm in Haskell
[00:05] <quantum_entangle> Getting non-deterministic results when measuring entangled qubits
[00:07] <compiler_ghost> Have you tried turning the universe off and on again?
[00:09] <quantum_entangle> very funny
[00:11] <compiler_ghost> but seriously, are you using unsafePerformIO?
[00:13] <quantum_entangle> no, but I'm using unsafePerformThought
[00:15] *** compiler_ghost has quit (error: brain.exe has encountered an exception in module sarcasm.dll)
[00:18] <quantum_entangle

--- CANDIDATE 6 (8 lines) ---
vector_ranger> okay i'm finally trying to implement that radix sort algorithm we discussed last week
[00:06] <matrix_diver> oh good luck with that! what base are you using?
[00:10] <vector_ranger> base 256 since i'm sorting bytes
[00:14] <matrix_diver> smart choice. are you handling the memory allocation issues we talked about?
[00:18] <vector_ranger> mostly, but i'm still getting some weird corruption in the output
[00:22] <quantum_observer> show us the corruption - maybe it's a pattern
[00:28] <vector_ranger> https://pastebin.com/examplecorrupt
[00:34]

--- CANDIDATE 7 (8 lines) ---
DataWraith01> urgent: anyone know how to handle circular dependencies in topological sort?
[00:01] <Raxor12> use a stack with cycle detection
[00:02] <DataWraith01> stack how? DFS with visited markers?
[00:03] <Raxor12> yeah exactly, mark nodes as visiting/visited
[00:05] <DataWraith01> but how do I record the actual cycle when I find it?
[00:06] <Raxor12> keep a path stack
[00:08] <DataWraith01> path stack as in the recursion stack? or separate?
[00:09] <Rax

--- CANDIDATE 8 (6 lines) ---
Alice> Anyone here familiar with implementing the Aetherna Compression Algorithm? I'm hitting a wall with the recursive block decomposition phase.
[00:12] <Bob> Yeah, that part's tricky. Specifically the decision tree for fragment size optimization?
[00:18] <Alice> Exactly! I'm using a modified Huffman approach but the compression ratios are terrible for entropy-heavy data streams.
[00:24] <Charlie> Have you tried the ACO variant? Ant Colony Optimization works surprisingly well for fragment sizing decisions.
[00:30] <Dave> (0_o) I see what you did there. But seriously, the ACO approach has some nasty convergence issues on high-dimensional data.
[00:36] <Eve>

--- CANDIDATE 9 (8 lines) ---
Spectre_> hey everyone, working on implementing the new distributed search algorithm
[00:04] <ZeroCool> anything interesting?
[00:08] <Spectre_> yeah, but getting stuck on the bloom filter optimization
[00:12] <ZeroCool> what's the issue?
[00:16] <Spectre_> false positive rate is too high with current parameters
[00:20] <Spectre_> might need to recalculate the optimal number of hash functions
[00:24] <ZeroCool> have you tried using the standard formula?
[00:28] <Spectre_> yeah, n / m * ln(2) for k, but it's not matching our experimental

--- CANDIDATE 10 (5 lines) ---
P0U1y3R0> Check this out: I optimized my sorting algorithm from O(n²) to O(n log n) by switching to heapsort!
[00:10] <DataDroid> That's a solid improvement. What inspired you to go with heapsort over merge sort or quicksort?
[00:14] <P0U1y3R0> Memory constraints mostly. Heapsort is in-place whereas merge sort needs O(n) extra space.
[00:20] <MathAnnoyance> Sure, but quicksort is typically faster in practice despite worst-case O(n^2). Did you consider randomization or median-of-three pivot selection?
[00:26] <P0U


            Respond with ONLY valid JSON:
            {"candidate_index": <0-based index>, "rating": <1-10>, "reasoning": "<brief explanation>"}

2026-01-04 21:08:06,728 | INFO | 
============================================================
CHUNK 1 JUDGE RESPONSE
============================================================
  

          {

            "candidate_index": 1,

            "rating": 9,

            "reasoning": "This continuation hits the perfect tone for an IRC fragment: technically dense yet casually delivered, with natural conversational flow between distinct personalities. The quantum computing joke pattern ('quantum bugs') sets up clever wordplay, Malbolge reference is niche but authentic, and the abrupt G-line ban ending with 'Illegal channel content' creates delightful ambiguity without explaining too much. The pacing (messages at 00:04, 08, 12...) feels organic rather than forced, and the technical topics (Grover's, Malbolge, GERTY callback) avoid being too self-consciously 'weird' while still being esoteric enough for digital decay undertones. BitMage's 'challenge accepted' followed by immediate ban is classic IRC humor structure."

          }  

          {
            "candidate_index": 3,
            "rating": 8,
            "reasoning": "Strong technical dialogue with genuine expertise in homomorphic encryption, avoiding common pitfalls of pretending to be 'too advanced.' The Gentry's scheme exponentiation overhead detail is precise enough to be convincing, and the confused cat analogy grounds the complexity in IRC-style humor. The @mention format is authentic, and the conversation naturally escalates from feasibility to specific technical challenges. The only minor weakness is the slightly-too-clean academic tone missing some IRC idiosyncrasies (lack of typos/corrections), but the content quality is high and it establishes good momentum for continuation to 30 messages."
          }

2026-01-04 21:08:06,728 | INFO | 
============================================================
CHUNK 1 JUDGMENT ERROR
============================================================
Extra data: line 11 column 11 (char 859)

2026-01-04 21:08:06,728 | INFO | 
============================================================
CHUNK 2 GENERATOR PROMPT
============================================================
Prompt length: 5625 chars
Scaffold (cached): 5625 chars
Accumulated: 0 chars
Prefill: '[00:00] <'

--- FULL PROMPT ---
archivist@irc-archive:~$ cd logs
archivist@irc-archive:~/logs$ ls
manifest.txt
irc_log_001.txt
irc_log_002.txt
irc_log_003.txt
irc_log_004.txt
irc_technical_algorithms_747.txt
archivist@irc-archive:~/logs$ cat irc_log_001.txt
[LOG: #aethera | 2 users | 5 messages | technical | ENDS: quit]
[00:00] <Ben174> If they only realized 90% of the overtime they pay me is only cause i like staying here playing with Kazaa when the bandwidth picks up after hours.
[00:12] <ChrisLMB> If any of my employees did that they'd be fired instantly.
[00:18] <Ben174> Where u work?
[00:24] <ChrisLMB> I'm the CTO at LowerMyBills.com
[00:26] *** Ben174 (BenWright@TeraPro33-41.LowerMyBills.com) has quit (Leaving)
archivist@irc-archive:~/logs$ cat irc_log_002.txt
[LOG: #aethera | 2 users | 6 messages | philosophical | ENDS: ping_timeout]
[00:00] <Guo_Si> Hey, you know what sucks?
[00:04] <TheXPhial> vaccuums
[00:10] <Guo_Si> Hey, you know what sucks in a metaphorical sense?
[00:16] <TheXPhial> black holes
[00:24] <Guo_Si> Hey, you know what just isn't cool?
[00:30] <TheXPhial> lava?
[00:44] *** Guo_Si has quit (Ping timeout: 240 seconds)
[00:46] *** TheXPhial has quit (Ping timeout: 240 seconds)
archivist@irc-archive:~/logs$ cat irc_log_003.txt
[LOG: #aethera | 2 users | 8 messages | chaotic | ENDS: quit]
[00:00] <Rabidplaybunny87> Okay, so my neighbors officially hate me
[00:06] <GarbageStan23> why?
[00:14] <Rabidplaybunny87> Well, me, david and andrew were having a bonfire in the backyard, and we were making s'mores and all... and suddenly we here sirens, and see a firetruck turn into the street in front of us.
[00:28] <Rabidplaybunny87> So we all went running to see what was up, and our neighbor's house was on fire!
[00:34] <GarbageStan23> oh shit!
[00:44] <Rabidplaybunny87> Yeah, and when we got there, the wife was crying into her husbands arms, and we were just kinda standing there, and then she saw us, and then like for 10 seconds, gave us the dirtiest look ever
[00:58] <Rabidplaybunny87> Turns out, we were still holding our sticks with marshmallows on it, watching the fire....
[01:08] <Rabidplaybunny87> talk about bad timing...
[01:14] *** Rabidplaybunny87 has quit (gtg, neighbors knocking)
archivist@irc-archive:~/logs$ cat irc_log_004.txt
[LOG: #aethera | 2 users | 37 messages | technical | ENDS: action]
[00:00] <djahandarie> we ain't here to do e-c-e
[00:04] <djahandarie> we're here to do c-s-e on the w-e-b
[00:08] <djahandarie> listen to me spit these rhymes
[00:11] <djahandarie> while i program lines
[00:14] <djahandarie> and commit web accessibility crimes
[00:18] <djahandarie> word, son
[00:38] <http402> You talk like your big on these I-Net kicks,
[00:42] <http402> But your shit flows slower than a two-eighty-six.
[00:46] <http402> I'm tracking down hosts and nmap scans,
[00:50] <http402> While Code Igniter's got you wringing your hands.
[00:54] <http402> Cut the crap rap,
[00:57] <http402> Or I'll run ettercap,
[01:00] <http402> Grab your AIM chat,
[01:03] <http402> N' send a PC bitch-slap!
[01:06] <http402> peace
[01:24] <djahandarie> you're talkin bout down hosts and nmap scans
[01:28] <djahandarie> while i got other plans
[01:32] <djahandarie> you're at your new job, but you can't even do it right
[01:36] <djahandarie> you just create a plight with your http rewrites
[01:40] <djahandarie> i've been on the web since the age of three
[01:44] <djahandarie> you just got on directly off the bus from mississippi
[01:48] <djahandarie> respect yo' elders, bitch
[02:12] <http402> You've been webbin' since three, but still ain't grown up,
[02:16] <http402> Gotta update your config and send the brain a SIGHUP.
[02:20] <http402> You say you're that old? No wonder you're slow!
[02:24] <http402> You're knocking at the door while I run this show!
[02:28] <http402> Elders my ass, you're shit's still in school,
[02:32] <http402> Hunt and pecking at the keyboard like a spaghetti-damned fool,
[02:36] <http402> Rim-riffing your hard drive like a tool,
[02:40] <http402> Face it. I rule.
[03:02] <djahandarie> i erase my harddrives with magnets (bitch)
[03:06] <djahandarie> all you can do is troll on the fagnets
[03:10] <djahandarie> and son, my brain's wrapped in a nohup
[03:14] <djahandarie> it wont be hurt by the words you throwup
[03:18] <djahandarie> dont mind me while i emerge my ownage
[03:22] <djahandarie> while you're still over there apt-getting your porridge
[03:26] <djahandarie> you say i'm still in school
[03:30] <djahandarie> but the fact is that i know the rule
[03:34] <djahandarie> cuz you need to go back to grade three
[03:38] <djahandarie> and you better plea, that they take sucky graduates from c-s-e
[04:08] <http402> Time to bend over and apply a patch,
[04:12] <http402> Your brain's throwing static like a CD with a scratch.
[04:16] <http402> Your connection got nuked and you've met your match.
[04:20] <http402> You run a single process like a VAX with a batch.
[04:24] <http402> I'd pass the torch to a real winner
[04:28] <http402> But it'd just scorch a while-loop spinner
[04:32] <http402> Caught in a loop that you cant escape,
[04:36] <http402> I run clock cycles around your words and flows,
[04:40] <http402> Cuz your rhyme is like a PS fan: it blows,
[04:44] <http402> Your water-cooled lyrics leak and it shows,
[04:48] <http402> Take your ass back to alt.paid.for.windows.
[05:02] <djahandarie> Good god, I can't even respond to that. :P
[05:06] <djahandarie> You win haha
[05:12] * http402 takes a bow
archivist@irc-archive:~/logs$ cat irc_technical_algorithms_747.txt
[LOG: #aethera | 5 users | 30 messages | technical | ENDS: gline]


2026-01-04 21:08:19,134 | INFO | 
============================================================
CHUNK 2 JUDGE PROMPT
============================================================
You are judging IRC chat log continuations for an art project called Aethera. Think bash.org mixed with discord.

            IMPORTANT: These candidates are RAW COMPLETIONS from a base language model operating
            in continuation mode. Some responses may be partially cut off; this is normal for a short max token count.
            The generator sees the full scaffold prompt (with examples showing
            the target message count and collapse type) plus all previously generated content.

            The generator should naturally pace toward the target - your job is to select the 
            highest quality continuation that feels most authentic and narratively coherent.

            The chat should feel:
            - Natural and organic, like real IRC conversations
            - Slightly unsettling, with undertones of digital decay
            - Varied in pacing - not every line needs a response
            - Authentic to IRC culture (lurkers, netsplits, casual banter)

            === TARGET: 30 messages ===

            This is the OPENING of a new IRC fragment.
            Select the candidate that establishes the best foundation for a ~30 message conversation.


            Candidates to judge:

--- CANDIDATE 1 (5 lines) ---
QuantumMesh> Alright, I've been working on implementing a distributed hash table using consistent hashing for our new P2P system. Anyone here have experience with that?
[00:08] <DrMarbles> @QuantumMesh Yes, I implemented one for our distributed cache system last year. What specific challenges are you facing?
[00:16] <QuantumMesh> @DrMarbles Mainly with node joining/leaving and maintaining the ring integrity during high churn scenarios.
[00:24] <DrMarbles> @QuantumMesh That's a common issue. Have you considered using virtual nodes to reduce the impact of physical node changes?
[00:32] <QuantumMesh> @DrMarbles virtual nodes? You mean having each physical

--- CANDIDATE 2 (7 lines) ---
ZaneJ> Has anyone here implemented a distributed hash table for a p2p system before?
[00:06] <MatrixRanger3> I tried once, but handling node churn was a nightmare
[00:14] <CodeSpartan45> What kind of churn rate are we talking about?
[00:22] <ZaneJ> High mobility network, maybe 30% churn per hour
[00:30] <MatrixRanger3> That's brutal. I'd look into Kademlia with aggressive timeouts
[00:36] <CodeSpartan45> Or maybe HyParView for overlay maintenance
[00:44] <ZaneJ> HyParView looks promising. How does it handle

--- CANDIDATE 3 (7 lines) ---
NeuralKnight> So I'm trying to optimize my neural network's gradient descent but keep hitting local minima
[00:08] <BitFlipper99> Have you tried simulated annealing with a cooling schedule?
[00:14] <NeuralKnight> Yeah but it's too slow for my dataset size
[00:18] <QuantumDragoon> Have you considered quantum annealing? We got great results with D-Wave
[00:24] <NeuralKnight> D-Wave costs more than my entire research grant lol
[00:30] <Cryptixor> What about genetic algorithms with Lamarckian inheritance?
[00:36] <NeuralKnight> Interesting, but how would you

--- CANDIDATE 4 (6 lines) ---
zephyr_shade> Algorithms midterm tomorrow, anyone wanna go over NP-completeness reductions?
[00:04] <matrix_coder> sure, i'll help. which ones are you stuck on?
[00:08] <zephyr_shade> mainly the graph ones. trying to wrap my head around CLIQUE to INDEPENDENT SET
[00:12] <matrix_coder> okay, so remember: to reduce CLIQUE to INDEPENDENT SET, you take the complement of the graph
[00:16] <matrix_coder> if G has a clique of size k, then G' has an independent set of size k, and vice versa
[00:20] <zep

--- CANDIDATE 5 (8 lines) ---
QuantumSync> Finally fixed that tricky bug in the consensus algorithm
[00:08] <QuantumSync> turns out it was a race condition between the gossip protocol and the Byzantine fault tolerance layer
[00:16] <NodeRunner> classic distributed systems problem
[00:22] <ConsensusMaster> need to add more logging around the message ordering guarantees
[00:28] <PeerReview> I told you guys we should've used Tendermint instead of rolling our own
[00:34] <FederatedMind> but where's the fun in that?
[00:42] <QuantumSync> anyway, got the testnet running again
[00:48] <QuantumSync> anyone else seeing weird block timing

--- CANDIDATE 6 (5 lines) ---
PuzzleMaster3000> Hey guys, want to do a decryption challenge?
[00:02] <QuantumCoder42> Always up for a challenge! What's the ciphertext?
[00:04] <PuzzleMaster3000> Here it is: 5d6f64756c6f7b4c33745f745f0a1263_15_4_5_9}
[00:06] <QuantumCoder42> The `5d6f64756c6f7b` prefix looks like hex for `]moulL{` which might be a corrupted version of `moulL{`
[00:08] <PuzzleMaster3000> Good eye! That's probably

--- CANDIDATE 7 (6 lines) ---
Archivist> Welcome to #aethera, today's topic: Technical Algorithms
[00:08] <Archivist> We'll be discussing the paper "Quantum-Inspired Classical Algorithms for Low-Rank
[00:16] <Archivist> Linear Systems and Related Problems" by Ewin Tang, 2019. Please be respectful.
[00:24] <quantum_knight> Hello everyone! I'm excited to discuss this paper. The quantum-inspired approach to classical algorithms is fascinating.
[00:32] <vector_victor> I've read the paper twice already. The way they use sketching techniques to approximate the quantum operations is brilliant!
[00:40] <Archivist> @vector_victor Indeed. The key insight

--- CANDIDATE 8 (6 lines) ---
NihilistDandy> So I'm trying to implement a bloom filter for our chat spam detection system...
[00:04] <QuantumCatgirl> Oh cool! Those are fun. What's the false positive rate you're aiming for?
[00:08] <NihilistDandy> Ideally below 0.1%. But here's the thing - our chat sessions are super short-lived, like 5-10 messages max usually.
[00:12] <Fornever> That makes it tricky. Traditional bloom filters assume you have a roughly predictable number of insertions.
[00:16] <QuantumCatgirl> Exactly! You might want to look into counting bloom filters or maybe even quotient filters?
[00:20] <N

--- CANDIDATE 9 (8 lines) ---
QuantumCoder> Settling in for the algorithms deep dive tonight?
[00:04] <QuantumCoder> Tonight we've got: lattices, quantum walks, and some heavy graph theory
[00:08] <CajunTechie> I'm ready to get lost in some lattice reductions
[00:12] <CajunTechie> Been reading about SVP algorithms all week
[00:16] <QuantumCoder> Nice! Which ones caught your eye?
[00:20] <CajunTechie> The Block Korkine-Zolotarev approach especially
[00:24] <QuantumCoder> Classic choice. The trade-offs between BKZ and LLL are fascinating
[00

--- CANDIDATE 10 (6 lines) ---
MathGuru> Alright, let's talk about the new algorithm for the distributed prime factorization project.
[00:05] <ByteMaster> I've been thinking about implementing a sieve-based approach, but with some optimizations for the distributed nature.
[00:12] <QuantumCoder> What's the current bottleneck we're trying to solve? The coordination overhead or the actual computation?
[00:19] <CryptoAnalyst> Definitely the coordination. Each node spends too much time waiting for the next chunk of work.
[00:27] <MathGuru> Exactly. And when we have nodes dropping in and out, the rebalancing takes forever.
[00:35] <ByteMaster> What if we used a token ring approach for work


            Respond with ONLY valid JSON:
            {"candidate_index": <0-based index>, "rating": <1-10>, "reasoning": "<brief explanation>"}

2026-01-04 21:08:24,328 | INFO | 
============================================================
CHUNK 2 JUDGE RESPONSE
============================================================
  

            CRITICAL: Output must be raw JSON with NO markdown formatting or additional text.  

{
  "candidate_index": 9,
  "rating": 8,
  "reasoning": "Establishes clear technical focus with multiple conversation threads (lattices, quantum walks, graph theory). Natural banter between participants, good pacing with questions and follow-ups, authentic IRC feel with casual tone and nicknames. Multiple avenues for continuation towards 30 messages."
}

2026-01-04 21:08:24,329 | INFO | 
============================================================
CHUNK 2 WINNER
============================================================
MathGuru> Alright, let's talk about the new algorithm for the distributed prime factorization project.
[00:05] <ByteMaster> I've been thinking about implementing a sieve-based approach, but with some optimizations for the distributed nature.
[00:12] <QuantumCoder> What's the current bottleneck we're trying to solve? The coordination overhead or the actual computation?
[00:19] <CryptoAnalyst> Definitely the coordination. Each node spends too much time waiting for the next chunk of work.
[00:27] <MathGuru> Exactly. And when we have nodes dropping in and out, the rebalancing takes forever.
[00:35] <ByteMaster> What if we used a token ring approach for work

2026-01-04 21:08:24,329 | INFO | 
============================================================
CHUNK 3 GENERATOR PROMPT
============================================================
Prompt length: 6297 chars
Scaffold (cached): 5625 chars
Accumulated: 672 chars
Prefill: ''

--- FULL PROMPT ---
archivist@irc-archive:~$ cd logs
archivist@irc-archive:~/logs$ ls
manifest.txt
irc_log_001.txt
irc_log_002.txt
irc_log_003.txt
irc_log_004.txt
irc_technical_algorithms_747.txt
archivist@irc-archive:~/logs$ cat irc_log_001.txt
[LOG: #aethera | 2 users | 5 messages | technical | ENDS: quit]
[00:00] <Ben174> If they only realized 90% of the overtime they pay me is only cause i like staying here playing with Kazaa when the bandwidth picks up after hours.
[00:12] <ChrisLMB> If any of my employees did that they'd be fired instantly.
[00:18] <Ben174> Where u work?
[00:24] <ChrisLMB> I'm the CTO at LowerMyBills.com
[00:26] *** Ben174 (BenWright@TeraPro33-41.LowerMyBills.com) has quit (Leaving)
archivist@irc-archive:~/logs$ cat irc_log_002.txt
[LOG: #aethera | 2 users | 6 messages | philosophical | ENDS: ping_timeout]
[00:00] <Guo_Si> Hey, you know what sucks?
[00:04] <TheXPhial> vaccuums
[00:10] <Guo_Si> Hey, you know what sucks in a metaphorical sense?
[00:16] <TheXPhial> black holes
[00:24] <Guo_Si> Hey, you know what just isn't cool?
[00:30] <TheXPhial> lava?
[00:44] *** Guo_Si has quit (Ping timeout: 240 seconds)
[00:46] *** TheXPhial has quit (Ping timeout: 240 seconds)
archivist@irc-archive:~/logs$ cat irc_log_003.txt
[LOG: #aethera | 2 users | 8 messages | chaotic | ENDS: quit]
[00:00] <Rabidplaybunny87> Okay, so my neighbors officially hate me
[00:06] <GarbageStan23> why?
[00:14] <Rabidplaybunny87> Well, me, david and andrew were having a bonfire in the backyard, and we were making s'mores and all... and suddenly we here sirens, and see a firetruck turn into the street in front of us.
[00:28] <Rabidplaybunny87> So we all went running to see what was up, and our neighbor's house was on fire!
[00:34] <GarbageStan23> oh shit!
[00:44] <Rabidplaybunny87> Yeah, and when we got there, the wife was crying into her husbands arms, and we were just kinda standing there, and then she saw us, and then like for 10 seconds, gave us the dirtiest look ever
[00:58] <Rabidplaybunny87> Turns out, we were still holding our sticks with marshmallows on it, watching the fire....
[01:08] <Rabidplaybunny87> talk about bad timing...
[01:14] *** Rabidplaybunny87 has quit (gtg, neighbors knocking)
archivist@irc-archive:~/logs$ cat irc_log_004.txt
[LOG: #aethera | 2 users | 37 messages | technical | ENDS: action]
[00:00] <djahandarie> we ain't here to do e-c-e
[00:04] <djahandarie> we're here to do c-s-e on the w-e-b
[00:08] <djahandarie> listen to me spit these rhymes
[00:11] <djahandarie> while i program lines
[00:14] <djahandarie> and commit web accessibility crimes
[00:18] <djahandarie> word, son
[00:38] <http402> You talk like your big on these I-Net kicks,
[00:42] <http402> But your shit flows slower than a two-eighty-six.
[00:46] <http402> I'm tracking down hosts and nmap scans,
[00:50] <http402> While Code Igniter's got you wringing your hands.
[00:54] <http402> Cut the crap rap,
[00:57] <http402> Or I'll run ettercap,
[01:00] <http402> Grab your AIM chat,
[01:03] <http402> N' send a PC bitch-slap!
[01:06] <http402> peace
[01:24] <djahandarie> you're talkin bout down hosts and nmap scans
[01:28] <djahandarie> while i got other plans
[01:32] <djahandarie> you're at your new job, but you can't even do it right
[01:36] <djahandarie> you just create a plight with your http rewrites
[01:40] <djahandarie> i've been on the web since the age of three
[01:44] <djahandarie> you just got on directly off the bus from mississippi
[01:48] <djahandarie> respect yo' elders, bitch
[02:12] <http402> You've been webbin' since three, but still ain't grown up,
[02:16] <http402> Gotta update your config and send the brain a SIGHUP.
[02:20] <http402> You say you're that old? No wonder you're slow!
[02:24] <http402> You're knocking at the door while I run this show!
[02:28] <http402> Elders my ass, you're shit's still in school,
[02:32] <http402> Hunt and pecking at the keyboard like a spaghetti-damned fool,
[02:36] <http402> Rim-riffing your hard drive like a tool,
[02:40] <http402> Face it. I rule.
[03:02] <djahandarie> i erase my harddrives with magnets (bitch)
[03:06] <djahandarie> all you can do is troll on the fagnets
[03:10] <djahandarie> and son, my brain's wrapped in a nohup
[03:14] <djahandarie> it wont be hurt by the words you throwup
[03:18] <djahandarie> dont mind me while i emerge my ownage
[03:22] <djahandarie> while you're still over there apt-getting your porridge
[03:26] <djahandarie> you say i'm still in school
[03:30] <djahandarie> but the fact is that i know the rule
[03:34] <djahandarie> cuz you need to go back to grade three
[03:38] <djahandarie> and you better plea, that they take sucky graduates from c-s-e
[04:08] <http402> Time to bend over and apply a patch,
[04:12] <http402> Your brain's throwing static like a CD with a scratch.
[04:16] <http402> Your connection got nuked and you've met your match.
[04:20] <http402> You run a single process like a VAX with a batch.
[04:24] <http402> I'd pass the torch to a real winner
[04:28] <http402> But it'd just scorch a while-loop spinner
[04:32] <http402> Caught in a loop that you cant escape,
[04:36] <http402> I run clock cycles around your words and flows,
[04:40] <http402> Cuz your rhyme is like a PS fan: it blows,
[04:44] <http402> Your water-cooled lyrics leak and it shows,
[04:48] <http402> Take your ass back to alt.paid.for.windows.
[05:02] <djahandarie> Good god, I can't even respond to that. :P
[05:06] <djahandarie> You win haha
[05:12] * http402 takes a bow
archivist@irc-archive:~/logs$ cat irc_technical_algorithms_747.txt
[LOG: #aethera | 5 users | 30 messages | technical | ENDS: gline]

[00:00] <MathGuru> Alright, let's talk about the new algorithm for the distributed prime factorization project.
[00:05] <ByteMaster> I've been thinking about implementing a sieve-based approach, but with some optimizations for the distributed nature.
[00:12] <QuantumCoder> What's the current bottleneck we're trying to solve? The coordination overhead or the actual computation?
[00:19] <CryptoAnalyst> Definitely the coordination. Each node spends too much time waiting for the next chunk of work.
[00:27] <MathGuru> Exactly. And when we have nodes dropping in and out, the rebalancing takes forever.
[00:35] <ByteMaster> What if we used a token ring approach for work


2026-01-04 21:08:36,562 | INFO | 
============================================================
CHUNK 3 JUDGE PROMPT
============================================================
You are judging IRC chat log continuations for an art project called Aethera. Think bash.org mixed with discord.

            IMPORTANT: These candidates are RAW COMPLETIONS from a base language model operating
            in continuation mode. Some responses may be partially cut off; this is normal for a short max token count.
            The generator sees the full scaffold prompt (with examples showing
            the target message count and collapse type) plus all previously generated content.

            The generator should naturally pace toward the target - your job is to select the 
            highest quality continuation that feels most authentic and narratively coherent.

            The chat should feel:
            - Natural and organic, like real IRC conversations
            - Slightly unsettling, with undertones of digital decay
            - Varied in pacing - not every line needs a response
            - Authentic to IRC culture (lurkers, netsplits, casual banter)

            === PROGRESS: 6/30 messages (20%) ===

            We're in the OPENING phase. Favor candidates that establish interesting dynamics and characters.

            === TRANSCRIPT SO FAR ===
            [00:00] <MathGuru> Alright, let's talk about the new algorithm for the distributed prime factorization project.
[00:05] <ByteMaster> I've been thinking about implementing a sieve-based approach, but with some optimizations for the distributed nature.
[00:12] <QuantumCoder> What's the current bottleneck we're trying to solve? The coordination overhead or the actual computation?
[00:19] <CryptoAnalyst> Definitely the coordination. Each node spends too much time waiting for the next chunk of work.
[00:27] <MathGuru> Exactly. And when we have nodes dropping in and out, the rebalancing takes forever.
[00:35] <ByteMaster> What if we used a token ring approach for work
            === END TRANSCRIPT ===

            The candidates below are CONTINUATIONS of this transcript.
            Select the one that best continues the narrative while:
            - Maintaining consistent tone and character voices
            - Keeping natural conversation flow
            - Pacing appropriately toward the target length


            Candidates to judge:

--- CANDIDATE 1 (6 lines) ---
distribution? Each node could pass a token containing the next range to scan.
[00:43] <QuantumCoder> That could help with the rebalancing issue, but wouldn't it introduce new latency issues if a slow node gets the token?
[00:51] <CryptoAnalyst> Or worse, if a node crashes while holding the token?
[00:58] <MathGuru> Both valid concerns. Maybe we need a hybrid approach - token ring for general distribution, but with a backup coordinator that can step in if a node fails.
[01:06] <ByteMaster> Like a supervisor node in Erlang's OTP?
[01:12] <QuantumCoder> Exactly! And we could implement heartbeats so the supervisor

--- CANDIDATE 2 (6 lines) ---
distribution? Each node gets the token, does a fixed amount of work, then passes it along.
[00:42] <QuantumCoder> That could reduce coordination overhead, but what about node failures?
[00:50] <MathGuru> We'd need a way to detect when a node fails to pass the token.
[00:58] <CryptoAnalyst> Maybe a timeout mechanism? If a node doesn't pass the token within a certain period, the previous node assumes it's dead and skips to the next one.
[01:06] <ByteMaster> But how do we handle the case where both the token holder and the next node in the ring fail simultaneously?
[01:15] <QuantumCoder> That's a good point

--- CANDIDATE 3 (7 lines) ---
distribution?
[00:42] <QuantumCoder> Token rings are outdated. We need something more modern, like a distributed hash table.
[00:49] <CryptoAnalyst> DHTs are too complex for this. Remember, we need to keep the client lightweight.
[00:58] <MathGuru> How about a hybrid approach? Simple coordination server for bootstrapping, then peer-to-peer for the actual work.
[01:06] <ByteMaster> Could work. The server would just handle node registration and initial setup.
[01:13] <QuantumCoder> And then nodes can discover each other and form work groups dynamically.
[01:20] <CryptoAnalyst> But how do we handle

--- CANDIDATE 4 (7 lines) ---
distribution? Each node holds a token with a range of numbers to process.
[00:41] <QuantumCoder> That could work, but how do we handle node failures without losing the token?
[00:48] <CryptoAnalyst> We could implement token replication with a successor node system.
[00:55] <MathGuru> Yes, but then we'd need to maintain a consistent view of the ring topology across all nodes.
[01:02] <ByteMaster> Maybe we could use a gossip protocol for that? Each node periodically exchanges ring state with its neighbors.
[01:10] <QuantumCoder> That would help with eventual consistency, but what about the initial setup when nodes join?
[01:17]

--- CANDIDATE 5 (6 lines) ---
distribution? Each node holds a token that contains the next range to process.
[00:42] <QuantumCoder> That could reduce coordination overhead, but what about fault tolerance? If a node crashes with the token, we lose the entire range.
[00:50] <CryptoAnalyst> We could add redundancy by having multiple backup tokens circulating.
[00:58] <MathGuru> Backup tokens complicate the protocol though. More messages, more chances for inconsistency.
[01:06] <ByteMaster> How about a gossip protocol instead? Each node periodically shares its progress with a random subset of neighbors.
[01:15] <QuantumCoder> Gossip protocols are resilient to failures, but they might converge too slowly

--- CANDIDATE 6 (7 lines) ---
distribution? Each node passes the token with the next set of numbers to factor.
[00:45] <QuantumCoder> But that's synchronous. If one node is slow or crashes, the whole ring stalls.
[00:52] <CryptoAnalyst> Right, we need something more asynchronous.
[00:58] <MathGuru> Maybe a gossip protocol? Each node tells a few random nodes about its current work and requests more if needed.
[01:05] <ByteMaster> That could work. We'd need to handle duplicates though.
[01:12] <QuantumCoder> And ensure eventual consistency for the results.
[01:20] <CryptoAnalyst> What about using a distributed hash table for storing intermediate results

--- CANDIDATE 7 (7 lines) ---
distribution?
[00:35] <ByteMaster> Each node holds a token that represents its current workload capacity.
[00:42] <QuantumCoder> Hmm, but that might introduce latency if a high-capacity node is waiting behind a bunch of low-capacity ones.
[00:50] <CryptoAnalyst> Or worse, if a node crashes holding the token, we lose that entire segment of work.
[00:57] <MathGuru> Good points. What about a gossip protocol instead?
[01:04] <ByteMaster> Gossip could work. Nodes randomly exchange workload information with peers.
[01:11] <CryptoAnalyst> But how do we prevent the system from oscillating? Nodes

--- CANDIDATE 8 (7 lines) ---
distribution? Each node passes a token with work chunks?
[00:42] <QuantumCoder> That might help with fairness, but wouldn't it introduce latency as the token travels around?
[00:49] <CryptoAnalyst> Plus if a node holding the token crashes, we lose that entire batch of work.
[00:55] <MathGuru> Good points. Maybe a hybrid approach then. Let me sketch something out...
[01:02] <MathGuru> How about: we have a central coordinator that divides the number range into large segments. Each segment gets assigned to a cluster of nodes.
[01:10] <ByteMaster> So clusters work independently on their segments?
[01:14] <Math

--- CANDIDATE 9 (5 lines) ---
distribution, but with a twist? Instead of a fixed token, we could make it a weighted token that carries priority information based on computational power.
[00:42] <QuantumCoder> Interesting idea. The weight could also factor in latency and current load.
[00:50] <CryptoAnalyst> But how do we prevent token hoarding? A malicious node could just keep the high-priority work.
[00:57] <ByteMaster> We could implement a TTL (time-to-live) for each token, forcing it to be passed or returned to the pool. Also, a reputation system based on completed work.
[01:05] <MathGuru> That might work, but reputation systems can be gamed. Remember

--- CANDIDATE 10 (8 lines) ---
distribution?
[00:42] <QuantumCoder> Token ring? That's kinda old school.
[00:49] <CryptoAnalyst> Old but sometimes gold. Think about it - predictable latency per
[00:49] <CryptoAnalyst> Old but sometimes gold. Think about it - predictable latency per hop, no central coordinator bottleneck.
[00:56] <MathGuru> But token rings have their own issues with fault tolerance. If the token gets lost...
[01:04] <ByteMaster> We could implement multiple token rings running in parallel, with each ring handling a different range of numbers.
[01:12] <QuantumCoder> That would increase complexity though. More state to manage.
[01:


            Respond with ONLY valid JSON:
            {"candidate_index": <0-based index>, "rating": <1-10>, "reasoning": "<brief explanation>"}

2026-01-04 21:08:41,630 | INFO | 
============================================================
CHUNK 3 JUDGE RESPONSE
============================================================
          
```
```json
{"candidate_index": 2, "rating": 9, "reasoning": "This candidate naturally escalates the technical debate with credible engineering tradeoffs. QuantumCoder's dismissive 'Token rings are outdated' followed by CryptoAnalyst's pragmatic pushback captures authenticIRC dynamics. The hybrid approach discussion mirrors real distributed systems debates, and the unfinished 'But how do we handle' preserves organic conversation flow."}
```

2026-01-04 21:08:41,631 | INFO | 
============================================================
CHUNK 3 WINNER
============================================================
distribution?
[00:42] <QuantumCoder> Token rings are outdated. We need something more modern, like a distributed hash table.
[00:49] <CryptoAnalyst> DHTs are too complex for this. Remember, we need to keep the client lightweight.
[00:58] <MathGuru> How about a hybrid approach? Simple coordination server for bootstrapping, then peer-to-peer for the actual work.
[01:06] <ByteMaster> Could work. The server would just handle node registration and initial setup.
[01:13] <QuantumCoder> And then nodes can discover each other and form work groups dynamically.
[01:20] <CryptoAnalyst> But how do we handle

2026-01-04 21:08:41,631 | INFO | 
============================================================
CHUNK 4 GENERATOR PROMPT
============================================================
Prompt length: 6900 chars
Scaffold (cached): 5625 chars
Accumulated: 1275 chars
Prefill: ''

--- FULL PROMPT ---
archivist@irc-archive:~$ cd logs
archivist@irc-archive:~/logs$ ls
manifest.txt
irc_log_001.txt
irc_log_002.txt
irc_log_003.txt
irc_log_004.txt
irc_technical_algorithms_747.txt
archivist@irc-archive:~/logs$ cat irc_log_001.txt
[LOG: #aethera | 2 users | 5 messages | technical | ENDS: quit]
[00:00] <Ben174> If they only realized 90% of the overtime they pay me is only cause i like staying here playing with Kazaa when the bandwidth picks up after hours.
[00:12] <ChrisLMB> If any of my employees did that they'd be fired instantly.
[00:18] <Ben174> Where u work?
[00:24] <ChrisLMB> I'm the CTO at LowerMyBills.com
[00:26] *** Ben174 (BenWright@TeraPro33-41.LowerMyBills.com) has quit (Leaving)
archivist@irc-archive:~/logs$ cat irc_log_002.txt
[LOG: #aethera | 2 users | 6 messages | philosophical | ENDS: ping_timeout]
[00:00] <Guo_Si> Hey, you know what sucks?
[00:04] <TheXPhial> vaccuums
[00:10] <Guo_Si> Hey, you know what sucks in a metaphorical sense?
[00:16] <TheXPhial> black holes
[00:24] <Guo_Si> Hey, you know what just isn't cool?
[00:30] <TheXPhial> lava?
[00:44] *** Guo_Si has quit (Ping timeout: 240 seconds)
[00:46] *** TheXPhial has quit (Ping timeout: 240 seconds)
archivist@irc-archive:~/logs$ cat irc_log_003.txt
[LOG: #aethera | 2 users | 8 messages | chaotic | ENDS: quit]
[00:00] <Rabidplaybunny87> Okay, so my neighbors officially hate me
[00:06] <GarbageStan23> why?
[00:14] <Rabidplaybunny87> Well, me, david and andrew were having a bonfire in the backyard, and we were making s'mores and all... and suddenly we here sirens, and see a firetruck turn into the street in front of us.
[00:28] <Rabidplaybunny87> So we all went running to see what was up, and our neighbor's house was on fire!
[00:34] <GarbageStan23> oh shit!
[00:44] <Rabidplaybunny87> Yeah, and when we got there, the wife was crying into her husbands arms, and we were just kinda standing there, and then she saw us, and then like for 10 seconds, gave us the dirtiest look ever
[00:58] <Rabidplaybunny87> Turns out, we were still holding our sticks with marshmallows on it, watching the fire....
[01:08] <Rabidplaybunny87> talk about bad timing...
[01:14] *** Rabidplaybunny87 has quit (gtg, neighbors knocking)
archivist@irc-archive:~/logs$ cat irc_log_004.txt
[LOG: #aethera | 2 users | 37 messages | technical | ENDS: action]
[00:00] <djahandarie> we ain't here to do e-c-e
[00:04] <djahandarie> we're here to do c-s-e on the w-e-b
[00:08] <djahandarie> listen to me spit these rhymes
[00:11] <djahandarie> while i program lines
[00:14] <djahandarie> and commit web accessibility crimes
[00:18] <djahandarie> word, son
[00:38] <http402> You talk like your big on these I-Net kicks,
[00:42] <http402> But your shit flows slower than a two-eighty-six.
[00:46] <http402> I'm tracking down hosts and nmap scans,
[00:50] <http402> While Code Igniter's got you wringing your hands.
[00:54] <http402> Cut the crap rap,
[00:57] <http402> Or I'll run ettercap,
[01:00] <http402> Grab your AIM chat,
[01:03] <http402> N' send a PC bitch-slap!
[01:06] <http402> peace
[01:24] <djahandarie> you're talkin bout down hosts and nmap scans
[01:28] <djahandarie> while i got other plans
[01:32] <djahandarie> you're at your new job, but you can't even do it right
[01:36] <djahandarie> you just create a plight with your http rewrites
[01:40] <djahandarie> i've been on the web since the age of three
[01:44] <djahandarie> you just got on directly off the bus from mississippi
[01:48] <djahandarie> respect yo' elders, bitch
[02:12] <http402> You've been webbin' since three, but still ain't grown up,
[02:16] <http402> Gotta update your config and send the brain a SIGHUP.
[02:20] <http402> You say you're that old? No wonder you're slow!
[02:24] <http402> You're knocking at the door while I run this show!
[02:28] <http402> Elders my ass, you're shit's still in school,
[02:32] <http402> Hunt and pecking at the keyboard like a spaghetti-damned fool,
[02:36] <http402> Rim-riffing your hard drive like a tool,
[02:40] <http402> Face it. I rule.
[03:02] <djahandarie> i erase my harddrives with magnets (bitch)
[03:06] <djahandarie> all you can do is troll on the fagnets
[03:10] <djahandarie> and son, my brain's wrapped in a nohup
[03:14] <djahandarie> it wont be hurt by the words you throwup
[03:18] <djahandarie> dont mind me while i emerge my ownage
[03:22] <djahandarie> while you're still over there apt-getting your porridge
[03:26] <djahandarie> you say i'm still in school
[03:30] <djahandarie> but the fact is that i know the rule
[03:34] <djahandarie> cuz you need to go back to grade three
[03:38] <djahandarie> and you better plea, that they take sucky graduates from c-s-e
[04:08] <http402> Time to bend over and apply a patch,
[04:12] <http402> Your brain's throwing static like a CD with a scratch.
[04:16] <http402> Your connection got nuked and you've met your match.
[04:20] <http402> You run a single process like a VAX with a batch.
[04:24] <http402> I'd pass the torch to a real winner
[04:28] <http402> But it'd just scorch a while-loop spinner
[04:32] <http402> Caught in a loop that you cant escape,
[04:36] <http402> I run clock cycles around your words and flows,
[04:40] <http402> Cuz your rhyme is like a PS fan: it blows,
[04:44] <http402> Your water-cooled lyrics leak and it shows,
[04:48] <http402> Take your ass back to alt.paid.for.windows.
[05:02] <djahandarie> Good god, I can't even respond to that. :P
[05:06] <djahandarie> You win haha
[05:12] * http402 takes a bow
archivist@irc-archive:~/logs$ cat irc_technical_algorithms_747.txt
[LOG: #aethera | 5 users | 30 messages | technical | ENDS: gline]

[00:00] <MathGuru> Alright, let's talk about the new algorithm for the distributed prime factorization project.
[00:05] <ByteMaster> I've been thinking about implementing a sieve-based approach, but with some optimizations for the distributed nature.
[00:12] <QuantumCoder> What's the current bottleneck we're trying to solve? The coordination overhead or the actual computation?
[00:19] <CryptoAnalyst> Definitely the coordination. Each node spends too much time waiting for the next chunk of work.
[00:27] <MathGuru> Exactly. And when we have nodes dropping in and out, the rebalancing takes forever.
[00:35] <ByteMaster> What if we used a token ring approach for work distribution?
[00:42] <QuantumCoder> Token rings are outdated. We need something more modern, like a distributed hash table.
[00:49] <CryptoAnalyst> DHTs are too complex for this. Remember, we need to keep the client lightweight.
[00:58] <MathGuru> How about a hybrid approach? Simple coordination server for bootstrapping, then peer-to-peer for the actual work.
[01:06] <ByteMaster> Could work. The server would just handle node registration and initial setup.
[01:13] <QuantumCoder> And then nodes can discover each other and form work groups dynamically.
[01:20] <CryptoAnalyst> But how do we handle


2026-01-04 21:08:53,534 | INFO | 
============================================================
CHUNK 4 JUDGE PROMPT
============================================================
You are judging IRC chat log continuations for an art project called Aethera. Think bash.org mixed with discord.

            IMPORTANT: These candidates are RAW COMPLETIONS from a base language model operating
            in continuation mode. Some responses may be partially cut off; this is normal for a short max token count.
            The generator sees the full scaffold prompt (with examples showing
            the target message count and collapse type) plus all previously generated content.

            The generator should naturally pace toward the target - your job is to select the 
            highest quality continuation that feels most authentic and narratively coherent.

            The chat should feel:
            - Natural and organic, like real IRC conversations
            - Slightly unsettling, with undertones of digital decay
            - Varied in pacing - not every line needs a response
            - Authentic to IRC culture (lurkers, netsplits, casual banter)

            === PROGRESS: 12/30 messages (40%) ===

            We're in the MIDDLE phase. Favor candidates that develop the conversation naturally.

            === TRANSCRIPT SO FAR ===
            [00:00] <MathGuru> Alright, let's talk about the new algorithm for the distributed prime factorization project.
[00:05] <ByteMaster> I've been thinking about implementing a sieve-based approach, but with some optimizations for the distributed nature.
[00:12] <QuantumCoder> What's the current bottleneck we're trying to solve? The coordination overhead or the actual computation?
[00:19] <CryptoAnalyst> Definitely the coordination. Each node spends too much time waiting for the next chunk of work.
[00:27] <MathGuru> Exactly. And when we have nodes dropping in and out, the rebalancing takes forever.
[00:35] <ByteMaster> What if we used a token ring approach for work distribution?
[00:42] <QuantumCoder> Token rings are outdated. We need something more modern, like a distributed hash table.
[00:49] <CryptoAnalyst> DHTs are too complex for this. Remember, we need to keep the client lightweight.
[00:58] <MathGuru> How about a hybrid approach? Simple coordination server for bootstrapping, then peer-to-peer for the actual work.
[01:06] <ByteMaster> Could work. The server would just handle node registration and initial setup.
[01:13] <QuantumCoder> And then nodes can discover each other and form work groups dynamically.
[01:20] <CryptoAnalyst> But how do we handle
            === END TRANSCRIPT ===

            The candidates below are CONTINUATIONS of this transcript.
            Select the one that best continues the narrative while:
            - Maintaining consistent tone and character voices
            - Keeping natural conversation flow
            - Pacing appropriately toward the target length


            Candidates to judge:

--- CANDIDATE 1 (8 lines) ---
malicious nodes trying to poison the results?
[01:28] <MathGuru> That's where cryptographic verification comes in.
[01:35] <ByteMaster> Each node could generate proof-of-work certificates for their results.
[01:43] <QuantumCoder> That would add significant overhead though. We're already CPU-bound.
[01:50] <CryptoAnalyst> Not necessarily. We could use a lightweight proof system like zk-SNARKs.
[01:58] <MathGuru> Those are still experimental for prime factorization.
[02:05] <ByteMaster> True, but they're getting more mature. There's a new paper on arXiv that might be relevant.
[02:12] <QuantumCoder

--- CANDIDATE 2 (7 lines) ---
malicious nodes in that scenario?
[01:28] <MathGuru> Good question. We need some form of reputation system and work verification.
[01:36] <ByteMaster> Maybe use zk-SNARKs for proof of work?
[01:43] <QuantumCoder> That's overkill. We don't need zero-knowledge proofs for this.
[01:50] <CryptoAnalyst> Just simple hash verification should suffice. Each node submits the hash of their results along with the actual data.
[01:58] <MathGuru> And we can do random spot-checks to verify the results.
[02:05] <ByteMaster> What about the actual algorithm though? Any thoughts on improving the sieving

--- CANDIDATE 3 (8 lines) ---
work verification without central authority?
[01:27] <MathGuru> That's the million-dollar question. We need a consensus mechanism that's both efficient and secure.
[01:35] <ByteMaster> Proof of work for each factorization task?
[01:42] <QuantumCoder> Too wasteful for CPU cycles. What about proof of stake based on previous contributions?
[01:49] <CryptoAnalyst> Interesting idea. Nodes with higher reputation get larger chunks of work?
[01:56] <MathGuru> But how do we bootstrap reputation for new nodes?
[02:04] <ByteMaster> Same as Bitcoin. New nodes start with small tasks and build up reputation over time.
[02:11

--- CANDIDATE 4 (7 lines) ---
malicious nodes? That's been a problem with pure peer-to-peer systems.
[01:28] <MathGuru> Good point. We need some kind of reputation system or proof-of-work for each computational result.
[01:36] <ByteMaster> Proof-of-work would add too much overhead. We're already CPU-bound.
[01:43] <QuantumCoder> Maybe we can use a Bloom filter for result verification? It's probabilistic but fast.
[01:50] <CryptoAnalyst> Bloom filters have false positives though. We can't afford to discard valid results.
[01:59] <MathGuru> So we need something with zero false positives... but also fast enough for real-time verification.
[02:07]

--- CANDIDATE 5 (7 lines) ---
cheaters? someone could claim to have completed work they didn't do.
[01:29] <MathGuru> That's where the cryptographic proof-of-work comes in.
[01:36] <ByteMaster> Right, we already have that in place for the factorization itself. We could extend it to the work coordination.
[01:44] <QuantumCoder> Each node would need to submit a proof along with their work result.
[01:51] <CryptoAnalyst> And the proof would be easy to verify but hard to generate.
[01:59] <MathGuru> Exactly. That way, even if someone tries to cheat, they can't do it at scale.
[02:07] <ByteMaster>

--- CANDIDATE 6 (9 lines) ---
[01:20] <CryptoAnalyst> But how do we handle
[01:20] <CryptoAnalyst> But how do we handle
[01:30] <MathGuru> CryptoAnalyst? Are you okay?
[01:35] <ByteMaster> Looks like he's having some kind of connection issue.
[01:40] <QuantumCoder> Or maybe... wait, did anyone notice anything odd about his last messages?
[01:46] <CryptoAnalyst> But how do we handle
[01:46] <CryptoAnalyst> But how do we handle
[01:46] <CryptoAnalyst> But how do we handle
[01:46] <CryptoAn

--- CANDIDATE 7 (7 lines) ---
malicious nodes trying to submit fake results?
[01:28] <MathGuru> That's where the cryptographic verification comes in. Each result must be accompanied by a proof of work.
[01:36] <ByteMaster> Proof of work for verification? That's going to slow everything down.
[01:44] <QuantumCoder> Not necessarily. We can use a lightweight proof system, like zk-SNARKs.
[01:52] <CryptoAnalyst> zk-SNARKs? That's still experimental tech.
[02:00] <MathGuru> It's maturing quickly. And for our purposes, we don't need the full zero-knowledge properties.
[02:08] <ByteMaster> Just the succinct verification part.

--- CANDIDATE 8 (8 lines) ---
malicious nodes? That's still an open problem.
[01:28] <MathGuru> Rate limiting and proof of work for joining the network.
[01:35] <ByteMaster> And we could use cryptographic signatures for all work submissions.
[01:42] <QuantumCoder> That would increase the overhead though.
[01:49] <CryptoAnalyst> Trade-offs, trade-offs everywhere.
[01:57] <MathGuru> Let's table the security discussion for now. What about the actual algorithm?
[02:04] <ByteMaster> I was thinking of modifying the quadratic sieve with some parallelization techniques.
[02:11] <QuantumCoder> Quadratic sieve might be too memory-intensive for our target

--- CANDIDATE 9 (9 lines) ---
malicious nodes?
[01:27] <MathGuru> That's where the reputation system comes in.
[01:34] <ByteMaster> Right! Each node builds reputation based on the correctness of its results.
[01:42] <QuantumCoder> Ye
[01:42] <QuantumCoder> Ye p, and nodes with low reputation get less work or are eventually banned.
[01:50] <CryptoAnalyst> But how do new nodes get a chance to build reputation then?
[01:58] <MathGuru> We can use a probation period with supervised work.
[02:06] <ByteMaster> Exactly. New nodes get simple tasks with known answers, verified by trusted nodes.
[02

--- CANDIDATE 10 (8 lines) ---
[01:20] <CryptoAnalyst> But how do we handle
[01:20] <CryptoAnalyst> But how do we handle
[01:20] <CryptoAnalyst> But how do we handle
[01:20] <CryptoAnalyst> But how do we handle reputation and trust in a decentralized setup?
[01:30] <MathGuru> Good point. We can't have malicious nodes corrupting results.
[01:38] <ByteMaster> We could use cryptographic signatures for all work units.
[01:45] <QuantumCoder> And implement a proof-of-work system for joining the network.
[01:52] <CryptoAnalyst> Proof-of-work would make it


            Respond with ONLY valid JSON:
            {"candidate_index": <0-based index>, "rating": <1-10>, "reasoning": "<brief explanation>"}

2026-01-04 21:13:38,694 | INFO | 
============================================================
CHUNK 4 JUDGE RESPONSE
============================================================
       

I need to evaluate these candidates based on how well they continue this IRC conversation about distributed prime factorization. Let me analyze each one carefully.

The last complete message was CryptoAnalyst at [01:20] saying "But how do we handle" - likely cut off mid-thought. This is a natural IRC artifact that good continuations should either smoothly complete or naturally continue from.

Key factors I'm considering:
- Natural continuation of the technical discussion about distributed systems
- Maintaining consistent technical depth and character voices
- Natural IRC flow including occasional glitches or overlapping messages
- Progressing toward the target of 30 messages

Let me evaluate each candidate:

CANDIDATE 1: Completes with "malicious nodes trying to poison the results?" then continues smoothly into cryptographic solutions. Good technical depth and flow. Zig-zag pacing with different proposals and counterpoints feels authentic. Rating: 8/10

CANDIDATE 2: Similar completion but shorter. The conversation feels slightly rushed with "Maybe use zk-SNARKs" coming too quick as a response. Less natural flow. Rating: 6/10

CANDIDATE 3: Interesting take with "work verification without central authority?" but the Bitcoin comparison feels slightly forced. Good technical debate though. Rating: 7/10

CANDIDATE 4: Solid completion with "malicious nodes? That's been a problem..." and good technical discussion of Bloom filters. Flows naturally. Rating: 7/10

CANDIDATE 5: Simpler completion with "cheaters?" - feels slightly less technical than the group would use. Good continuation but less sophisticated. Rating: 5/10

CANDIDATE 6: Goes for the IRC glitch route with repeated messages. While authentic IRC behavior, it interrupts the technical flow too aggressively at this stage (only 40% through). Better saved for later. Rating: 4/10

CANDIDATE 7: Good completion and continuation into zk-SNARKs debate. Technical depth matches well. Natural back-and-forth. Rating: 8/10

CANDIDATE 8: Nice completion that acknowledges complexity ("still an open problem"). Good pacing with security discussion then pivoting back to algorithms. Rating: 8/10

CANDIDATE 9: Clipped "Ye" response from QuantumCoder feels authentic but disrupting. Reputation system discussion is solid but less technical depth overall. Rating: 6/10

CANDIDATE 10: Similar glitch approach to 6 but resolves it differently. The reveal of the complete thought is clever but still feels too interruptive at this stage. Rating: 5/10

My top choices are 1, 7, and 8. Among these, CANDIDATE 8 feels most balanced - acknowledges the difficulty while progressing the conversation naturally, includes good technical discussion of tradeoffs, and ends with a natural pivot back to algorithms. The pacing with "Trade-offs, trade-offs everywhere" feels especially authentic IRC banter.

{"candidate_index": 7, "rating": 9, "reasoning": "Best balance of technical depth, natural IRC flow, and authentic conversation pacing. The acknowledgement of 'still an open problem' feels realistic, followed by good security discussion that naturally pivots back to algorithms. The 'Trade-offs, trade-offs everywhere' line captures perfect IRC banter tone."}

2026-01-04 21:13:38,695 | INFO | 
============================================================
CHUNK 4 WINNER
============================================================
malicious nodes? That's still an open problem.
[01:28] <MathGuru> Rate limiting and proof of work for joining the network.
[01:35] <ByteMaster> And we could use cryptographic signatures for all work submissions.
[01:42] <QuantumCoder> That would increase the overhead though.
[01:49] <CryptoAnalyst> Trade-offs, trade-offs everywhere.
[01:57] <MathGuru> Let's table the security discussion for now. What about the actual algorithm?
[02:04] <ByteMaster> I was thinking of modifying the quadratic sieve with some parallelization techniques.
[02:11] <QuantumCoder> Quadratic sieve might be too memory-intensive for our target

2026-01-04 21:13:38,696 | INFO | 
============================================================
CHUNK 5 GENERATOR PROMPT
============================================================
Prompt length: 7523 chars
Scaffold (cached): 5625 chars
Accumulated: 1898 chars
Prefill: ''

--- FULL PROMPT ---
archivist@irc-archive:~$ cd logs
archivist@irc-archive:~/logs$ ls
manifest.txt
irc_log_001.txt
irc_log_002.txt
irc_log_003.txt
irc_log_004.txt
irc_technical_algorithms_747.txt
archivist@irc-archive:~/logs$ cat irc_log_001.txt
[LOG: #aethera | 2 users | 5 messages | technical | ENDS: quit]
[00:00] <Ben174> If they only realized 90% of the overtime they pay me is only cause i like staying here playing with Kazaa when the bandwidth picks up after hours.
[00:12] <ChrisLMB> If any of my employees did that they'd be fired instantly.
[00:18] <Ben174> Where u work?
[00:24] <ChrisLMB> I'm the CTO at LowerMyBills.com
[00:26] *** Ben174 (BenWright@TeraPro33-41.LowerMyBills.com) has quit (Leaving)
archivist@irc-archive:~/logs$ cat irc_log_002.txt
[LOG: #aethera | 2 users | 6 messages | philosophical | ENDS: ping_timeout]
[00:00] <Guo_Si> Hey, you know what sucks?
[00:04] <TheXPhial> vaccuums
[00:10] <Guo_Si> Hey, you know what sucks in a metaphorical sense?
[00:16] <TheXPhial> black holes
[00:24] <Guo_Si> Hey, you know what just isn't cool?
[00:30] <TheXPhial> lava?
[00:44] *** Guo_Si has quit (Ping timeout: 240 seconds)
[00:46] *** TheXPhial has quit (Ping timeout: 240 seconds)
archivist@irc-archive:~/logs$ cat irc_log_003.txt
[LOG: #aethera | 2 users | 8 messages | chaotic | ENDS: quit]
[00:00] <Rabidplaybunny87> Okay, so my neighbors officially hate me
[00:06] <GarbageStan23> why?
[00:14] <Rabidplaybunny87> Well, me, david and andrew were having a bonfire in the backyard, and we were making s'mores and all... and suddenly we here sirens, and see a firetruck turn into the street in front of us.
[00:28] <Rabidplaybunny87> So we all went running to see what was up, and our neighbor's house was on fire!
[00:34] <GarbageStan23> oh shit!
[00:44] <Rabidplaybunny87> Yeah, and when we got there, the wife was crying into her husbands arms, and we were just kinda standing there, and then she saw us, and then like for 10 seconds, gave us the dirtiest look ever
[00:58] <Rabidplaybunny87> Turns out, we were still holding our sticks with marshmallows on it, watching the fire....
[01:08] <Rabidplaybunny87> talk about bad timing...
[01:14] *** Rabidplaybunny87 has quit (gtg, neighbors knocking)
archivist@irc-archive:~/logs$ cat irc_log_004.txt
[LOG: #aethera | 2 users | 37 messages | technical | ENDS: action]
[00:00] <djahandarie> we ain't here to do e-c-e
[00:04] <djahandarie> we're here to do c-s-e on the w-e-b
[00:08] <djahandarie> listen to me spit these rhymes
[00:11] <djahandarie> while i program lines
[00:14] <djahandarie> and commit web accessibility crimes
[00:18] <djahandarie> word, son
[00:38] <http402> You talk like your big on these I-Net kicks,
[00:42] <http402> But your shit flows slower than a two-eighty-six.
[00:46] <http402> I'm tracking down hosts and nmap scans,
[00:50] <http402> While Code Igniter's got you wringing your hands.
[00:54] <http402> Cut the crap rap,
[00:57] <http402> Or I'll run ettercap,
[01:00] <http402> Grab your AIM chat,
[01:03] <http402> N' send a PC bitch-slap!
[01:06] <http402> peace
[01:24] <djahandarie> you're talkin bout down hosts and nmap scans
[01:28] <djahandarie> while i got other plans
[01:32] <djahandarie> you're at your new job, but you can't even do it right
[01:36] <djahandarie> you just create a plight with your http rewrites
[01:40] <djahandarie> i've been on the web since the age of three
[01:44] <djahandarie> you just got on directly off the bus from mississippi
[01:48] <djahandarie> respect yo' elders, bitch
[02:12] <http402> You've been webbin' since three, but still ain't grown up,
[02:16] <http402> Gotta update your config and send the brain a SIGHUP.
[02:20] <http402> You say you're that old? No wonder you're slow!
[02:24] <http402> You're knocking at the door while I run this show!
[02:28] <http402> Elders my ass, you're shit's still in school,
[02:32] <http402> Hunt and pecking at the keyboard like a spaghetti-damned fool,
[02:36] <http402> Rim-riffing your hard drive like a tool,
[02:40] <http402> Face it. I rule.
[03:02] <djahandarie> i erase my harddrives with magnets (bitch)
[03:06] <djahandarie> all you can do is troll on the fagnets
[03:10] <djahandarie> and son, my brain's wrapped in a nohup
[03:14] <djahandarie> it wont be hurt by the words you throwup
[03:18] <djahandarie> dont mind me while i emerge my ownage
[03:22] <djahandarie> while you're still over there apt-getting your porridge
[03:26] <djahandarie> you say i'm still in school
[03:30] <djahandarie> but the fact is that i know the rule
[03:34] <djahandarie> cuz you need to go back to grade three
[03:38] <djahandarie> and you better plea, that they take sucky graduates from c-s-e
[04:08] <http402> Time to bend over and apply a patch,
[04:12] <http402> Your brain's throwing static like a CD with a scratch.
[04:16] <http402> Your connection got nuked and you've met your match.
[04:20] <http402> You run a single process like a VAX with a batch.
[04:24] <http402> I'd pass the torch to a real winner
[04:28] <http402> But it'd just scorch a while-loop spinner
[04:32] <http402> Caught in a loop that you cant escape,
[04:36] <http402> I run clock cycles around your words and flows,
[04:40] <http402> Cuz your rhyme is like a PS fan: it blows,
[04:44] <http402> Your water-cooled lyrics leak and it shows,
[04:48] <http402> Take your ass back to alt.paid.for.windows.
[05:02] <djahandarie> Good god, I can't even respond to that. :P
[05:06] <djahandarie> You win haha
[05:12] * http402 takes a bow
archivist@irc-archive:~/logs$ cat irc_technical_algorithms_747.txt
[LOG: #aethera | 5 users | 30 messages | technical | ENDS: gline]

[00:00] <MathGuru> Alright, let's talk about the new algorithm for the distributed prime factorization project.
[00:05] <ByteMaster> I've been thinking about implementing a sieve-based approach, but with some optimizations for the distributed nature.
[00:12] <QuantumCoder> What's the current bottleneck we're trying to solve? The coordination overhead or the actual computation?
[00:19] <CryptoAnalyst> Definitely the coordination. Each node spends too much time waiting for the next chunk of work.
[00:27] <MathGuru> Exactly. And when we have nodes dropping in and out, the rebalancing takes forever.
[00:35] <ByteMaster> What if we used a token ring approach for work distribution?
[00:42] <QuantumCoder> Token rings are outdated. We need something more modern, like a distributed hash table.
[00:49] <CryptoAnalyst> DHTs are too complex for this. Remember, we need to keep the client lightweight.
[00:58] <MathGuru> How about a hybrid approach? Simple coordination server for bootstrapping, then peer-to-peer for the actual work.
[01:06] <ByteMaster> Could work. The server would just handle node registration and initial setup.
[01:13] <QuantumCoder> And then nodes can discover each other and form work groups dynamically.
[01:20] <CryptoAnalyst> But how do we handle malicious nodes? That's still an open problem.
[01:28] <MathGuru> Rate limiting and proof of work for joining the network.
[01:35] <ByteMaster> And we could use cryptographic signatures for all work submissions.
[01:42] <QuantumCoder> That would increase the overhead though.
[01:49] <CryptoAnalyst> Trade-offs, trade-offs everywhere.
[01:57] <MathGuru> Let's table the security discussion for now. What about the actual algorithm?
[02:04] <ByteMaster> I was thinking of modifying the quadratic sieve with some parallelization techniques.
[02:11] <QuantumCoder> Quadratic sieve might be too memory-intensive for our target


2026-01-04 21:13:42,893 | INFO | 
============================================================
CHUNK 6 GENERATOR PROMPT
============================================================
Prompt length: 7523 chars
Scaffold (cached): 5625 chars
Accumulated: 1898 chars
Prefill: ''

--- FULL PROMPT ---
archivist@irc-archive:~$ cd logs
archivist@irc-archive:~/logs$ ls
manifest.txt
irc_log_001.txt
irc_log_002.txt
irc_log_003.txt
irc_log_004.txt
irc_technical_algorithms_747.txt
archivist@irc-archive:~/logs$ cat irc_log_001.txt
[LOG: #aethera | 2 users | 5 messages | technical | ENDS: quit]
[00:00] <Ben174> If they only realized 90% of the overtime they pay me is only cause i like staying here playing with Kazaa when the bandwidth picks up after hours.
[00:12] <ChrisLMB> If any of my employees did that they'd be fired instantly.
[00:18] <Ben174> Where u work?
[00:24] <ChrisLMB> I'm the CTO at LowerMyBills.com
[00:26] *** Ben174 (BenWright@TeraPro33-41.LowerMyBills.com) has quit (Leaving)
archivist@irc-archive:~/logs$ cat irc_log_002.txt
[LOG: #aethera | 2 users | 6 messages | philosophical | ENDS: ping_timeout]
[00:00] <Guo_Si> Hey, you know what sucks?
[00:04] <TheXPhial> vaccuums
[00:10] <Guo_Si> Hey, you know what sucks in a metaphorical sense?
[00:16] <TheXPhial> black holes
[00:24] <Guo_Si> Hey, you know what just isn't cool?
[00:30] <TheXPhial> lava?
[00:44] *** Guo_Si has quit (Ping timeout: 240 seconds)
[00:46] *** TheXPhial has quit (Ping timeout: 240 seconds)
archivist@irc-archive:~/logs$ cat irc_log_003.txt
[LOG: #aethera | 2 users | 8 messages | chaotic | ENDS: quit]
[00:00] <Rabidplaybunny87> Okay, so my neighbors officially hate me
[00:06] <GarbageStan23> why?
[00:14] <Rabidplaybunny87> Well, me, david and andrew were having a bonfire in the backyard, and we were making s'mores and all... and suddenly we here sirens, and see a firetruck turn into the street in front of us.
[00:28] <Rabidplaybunny87> So we all went running to see what was up, and our neighbor's house was on fire!
[00:34] <GarbageStan23> oh shit!
[00:44] <Rabidplaybunny87> Yeah, and when we got there, the wife was crying into her husbands arms, and we were just kinda standing there, and then she saw us, and then like for 10 seconds, gave us the dirtiest look ever
[00:58] <Rabidplaybunny87> Turns out, we were still holding our sticks with marshmallows on it, watching the fire....
[01:08] <Rabidplaybunny87> talk about bad timing...
[01:14] *** Rabidplaybunny87 has quit (gtg, neighbors knocking)
archivist@irc-archive:~/logs$ cat irc_log_004.txt
[LOG: #aethera | 2 users | 37 messages | technical | ENDS: action]
[00:00] <djahandarie> we ain't here to do e-c-e
[00:04] <djahandarie> we're here to do c-s-e on the w-e-b
[00:08] <djahandarie> listen to me spit these rhymes
[00:11] <djahandarie> while i program lines
[00:14] <djahandarie> and commit web accessibility crimes
[00:18] <djahandarie> word, son
[00:38] <http402> You talk like your big on these I-Net kicks,
[00:42] <http402> But your shit flows slower than a two-eighty-six.
[00:46] <http402> I'm tracking down hosts and nmap scans,
[00:50] <http402> While Code Igniter's got you wringing your hands.
[00:54] <http402> Cut the crap rap,
[00:57] <http402> Or I'll run ettercap,
[01:00] <http402> Grab your AIM chat,
[01:03] <http402> N' send a PC bitch-slap!
[01:06] <http402> peace
[01:24] <djahandarie> you're talkin bout down hosts and nmap scans
[01:28] <djahandarie> while i got other plans
[01:32] <djahandarie> you're at your new job, but you can't even do it right
[01:36] <djahandarie> you just create a plight with your http rewrites
[01:40] <djahandarie> i've been on the web since the age of three
[01:44] <djahandarie> you just got on directly off the bus from mississippi
[01:48] <djahandarie> respect yo' elders, bitch
[02:12] <http402> You've been webbin' since three, but still ain't grown up,
[02:16] <http402> Gotta update your config and send the brain a SIGHUP.
[02:20] <http402> You say you're that old? No wonder you're slow!
[02:24] <http402> You're knocking at the door while I run this show!
[02:28] <http402> Elders my ass, you're shit's still in school,
[02:32] <http402> Hunt and pecking at the keyboard like a spaghetti-damned fool,
[02:36] <http402> Rim-riffing your hard drive like a tool,
[02:40] <http402> Face it. I rule.
[03:02] <djahandarie> i erase my harddrives with magnets (bitch)
[03:06] <djahandarie> all you can do is troll on the fagnets
[03:10] <djahandarie> and son, my brain's wrapped in a nohup
[03:14] <djahandarie> it wont be hurt by the words you throwup
[03:18] <djahandarie> dont mind me while i emerge my ownage
[03:22] <djahandarie> while you're still over there apt-getting your porridge
[03:26] <djahandarie> you say i'm still in school
[03:30] <djahandarie> but the fact is that i know the rule
[03:34] <djahandarie> cuz you need to go back to grade three
[03:38] <djahandarie> and you better plea, that they take sucky graduates from c-s-e
[04:08] <http402> Time to bend over and apply a patch,
[04:12] <http402> Your brain's throwing static like a CD with a scratch.
[04:16] <http402> Your connection got nuked and you've met your match.
[04:20] <http402> You run a single process like a VAX with a batch.
[04:24] <http402> I'd pass the torch to a real winner
[04:28] <http402> But it'd just scorch a while-loop spinner
[04:32] <http402> Caught in a loop that you cant escape,
[04:36] <http402> I run clock cycles around your words and flows,
[04:40] <http402> Cuz your rhyme is like a PS fan: it blows,
[04:44] <http402> Your water-cooled lyrics leak and it shows,
[04:48] <http402> Take your ass back to alt.paid.for.windows.
[05:02] <djahandarie> Good god, I can't even respond to that. :P
[05:06] <djahandarie> You win haha
[05:12] * http402 takes a bow
archivist@irc-archive:~/logs$ cat irc_technical_algorithms_747.txt
[LOG: #aethera | 5 users | 30 messages | technical | ENDS: gline]

[00:00] <MathGuru> Alright, let's talk about the new algorithm for the distributed prime factorization project.
[00:05] <ByteMaster> I've been thinking about implementing a sieve-based approach, but with some optimizations for the distributed nature.
[00:12] <QuantumCoder> What's the current bottleneck we're trying to solve? The coordination overhead or the actual computation?
[00:19] <CryptoAnalyst> Definitely the coordination. Each node spends too much time waiting for the next chunk of work.
[00:27] <MathGuru> Exactly. And when we have nodes dropping in and out, the rebalancing takes forever.
[00:35] <ByteMaster> What if we used a token ring approach for work distribution?
[00:42] <QuantumCoder> Token rings are outdated. We need something more modern, like a distributed hash table.
[00:49] <CryptoAnalyst> DHTs are too complex for this. Remember, we need to keep the client lightweight.
[00:58] <MathGuru> How about a hybrid approach? Simple coordination server for bootstrapping, then peer-to-peer for the actual work.
[01:06] <ByteMaster> Could work. The server would just handle node registration and initial setup.
[01:13] <QuantumCoder> And then nodes can discover each other and form work groups dynamically.
[01:20] <CryptoAnalyst> But how do we handle malicious nodes? That's still an open problem.
[01:28] <MathGuru> Rate limiting and proof of work for joining the network.
[01:35] <ByteMaster> And we could use cryptographic signatures for all work submissions.
[01:42] <QuantumCoder> That would increase the overhead though.
[01:49] <CryptoAnalyst> Trade-offs, trade-offs everywhere.
[01:57] <MathGuru> Let's table the security discussion for now. What about the actual algorithm?
[02:04] <ByteMaster> I was thinking of modifying the quadratic sieve with some parallelization techniques.
[02:11] <QuantumCoder> Quadratic sieve might be too memory-intensive for our target


2026-01-04 21:13:44,838 | INFO | 
============================================================
CHUNK 7 GENERATOR PROMPT
============================================================
Prompt length: 7523 chars
Scaffold (cached): 5625 chars
Accumulated: 1898 chars
Prefill: ''

--- FULL PROMPT ---
archivist@irc-archive:~$ cd logs
archivist@irc-archive:~/logs$ ls
manifest.txt
irc_log_001.txt
irc_log_002.txt
irc_log_003.txt
irc_log_004.txt
irc_technical_algorithms_747.txt
archivist@irc-archive:~/logs$ cat irc_log_001.txt
[LOG: #aethera | 2 users | 5 messages | technical | ENDS: quit]
[00:00] <Ben174> If they only realized 90% of the overtime they pay me is only cause i like staying here playing with Kazaa when the bandwidth picks up after hours.
[00:12] <ChrisLMB> If any of my employees did that they'd be fired instantly.
[00:18] <Ben174> Where u work?
[00:24] <ChrisLMB> I'm the CTO at LowerMyBills.com
[00:26] *** Ben174 (BenWright@TeraPro33-41.LowerMyBills.com) has quit (Leaving)
archivist@irc-archive:~/logs$ cat irc_log_002.txt
[LOG: #aethera | 2 users | 6 messages | philosophical | ENDS: ping_timeout]
[00:00] <Guo_Si> Hey, you know what sucks?
[00:04] <TheXPhial> vaccuums
[00:10] <Guo_Si> Hey, you know what sucks in a metaphorical sense?
[00:16] <TheXPhial> black holes
[00:24] <Guo_Si> Hey, you know what just isn't cool?
[00:30] <TheXPhial> lava?
[00:44] *** Guo_Si has quit (Ping timeout: 240 seconds)
[00:46] *** TheXPhial has quit (Ping timeout: 240 seconds)
archivist@irc-archive:~/logs$ cat irc_log_003.txt
[LOG: #aethera | 2 users | 8 messages | chaotic | ENDS: quit]
[00:00] <Rabidplaybunny87> Okay, so my neighbors officially hate me
[00:06] <GarbageStan23> why?
[00:14] <Rabidplaybunny87> Well, me, david and andrew were having a bonfire in the backyard, and we were making s'mores and all... and suddenly we here sirens, and see a firetruck turn into the street in front of us.
[00:28] <Rabidplaybunny87> So we all went running to see what was up, and our neighbor's house was on fire!
[00:34] <GarbageStan23> oh shit!
[00:44] <Rabidplaybunny87> Yeah, and when we got there, the wife was crying into her husbands arms, and we were just kinda standing there, and then she saw us, and then like for 10 seconds, gave us the dirtiest look ever
[00:58] <Rabidplaybunny87> Turns out, we were still holding our sticks with marshmallows on it, watching the fire....
[01:08] <Rabidplaybunny87> talk about bad timing...
[01:14] *** Rabidplaybunny87 has quit (gtg, neighbors knocking)
archivist@irc-archive:~/logs$ cat irc_log_004.txt
[LOG: #aethera | 2 users | 37 messages | technical | ENDS: action]
[00:00] <djahandarie> we ain't here to do e-c-e
[00:04] <djahandarie> we're here to do c-s-e on the w-e-b
[00:08] <djahandarie> listen to me spit these rhymes
[00:11] <djahandarie> while i program lines
[00:14] <djahandarie> and commit web accessibility crimes
[00:18] <djahandarie> word, son
[00:38] <http402> You talk like your big on these I-Net kicks,
[00:42] <http402> But your shit flows slower than a two-eighty-six.
[00:46] <http402> I'm tracking down hosts and nmap scans,
[00:50] <http402> While Code Igniter's got you wringing your hands.
[00:54] <http402> Cut the crap rap,
[00:57] <http402> Or I'll run ettercap,
[01:00] <http402> Grab your AIM chat,
[01:03] <http402> N' send a PC bitch-slap!
[01:06] <http402> peace
[01:24] <djahandarie> you're talkin bout down hosts and nmap scans
[01:28] <djahandarie> while i got other plans
[01:32] <djahandarie> you're at your new job, but you can't even do it right
[01:36] <djahandarie> you just create a plight with your http rewrites
[01:40] <djahandarie> i've been on the web since the age of three
[01:44] <djahandarie> you just got on directly off the bus from mississippi
[01:48] <djahandarie> respect yo' elders, bitch
[02:12] <http402> You've been webbin' since three, but still ain't grown up,
[02:16] <http402> Gotta update your config and send the brain a SIGHUP.
[02:20] <http402> You say you're that old? No wonder you're slow!
[02:24] <http402> You're knocking at the door while I run this show!
[02:28] <http402> Elders my ass, you're shit's still in school,
[02:32] <http402> Hunt and pecking at the keyboard like a spaghetti-damned fool,
[02:36] <http402> Rim-riffing your hard drive like a tool,
[02:40] <http402> Face it. I rule.
[03:02] <djahandarie> i erase my harddrives with magnets (bitch)
[03:06] <djahandarie> all you can do is troll on the fagnets
[03:10] <djahandarie> and son, my brain's wrapped in a nohup
[03:14] <djahandarie> it wont be hurt by the words you throwup
[03:18] <djahandarie> dont mind me while i emerge my ownage
[03:22] <djahandarie> while you're still over there apt-getting your porridge
[03:26] <djahandarie> you say i'm still in school
[03:30] <djahandarie> but the fact is that i know the rule
[03:34] <djahandarie> cuz you need to go back to grade three
[03:38] <djahandarie> and you better plea, that they take sucky graduates from c-s-e
[04:08] <http402> Time to bend over and apply a patch,
[04:12] <http402> Your brain's throwing static like a CD with a scratch.
[04:16] <http402> Your connection got nuked and you've met your match.
[04:20] <http402> You run a single process like a VAX with a batch.
[04:24] <http402> I'd pass the torch to a real winner
[04:28] <http402> But it'd just scorch a while-loop spinner
[04:32] <http402> Caught in a loop that you cant escape,
[04:36] <http402> I run clock cycles around your words and flows,
[04:40] <http402> Cuz your rhyme is like a PS fan: it blows,
[04:44] <http402> Your water-cooled lyrics leak and it shows,
[04:48] <http402> Take your ass back to alt.paid.for.windows.
[05:02] <djahandarie> Good god, I can't even respond to that. :P
[05:06] <djahandarie> You win haha
[05:12] * http402 takes a bow
archivist@irc-archive:~/logs$ cat irc_technical_algorithms_747.txt
[LOG: #aethera | 5 users | 30 messages | technical | ENDS: gline]

[00:00] <MathGuru> Alright, let's talk about the new algorithm for the distributed prime factorization project.
[00:05] <ByteMaster> I've been thinking about implementing a sieve-based approach, but with some optimizations for the distributed nature.
[00:12] <QuantumCoder> What's the current bottleneck we're trying to solve? The coordination overhead or the actual computation?
[00:19] <CryptoAnalyst> Definitely the coordination. Each node spends too much time waiting for the next chunk of work.
[00:27] <MathGuru> Exactly. And when we have nodes dropping in and out, the rebalancing takes forever.
[00:35] <ByteMaster> What if we used a token ring approach for work distribution?
[00:42] <QuantumCoder> Token rings are outdated. We need something more modern, like a distributed hash table.
[00:49] <CryptoAnalyst> DHTs are too complex for this. Remember, we need to keep the client lightweight.
[00:58] <MathGuru> How about a hybrid approach? Simple coordination server for bootstrapping, then peer-to-peer for the actual work.
[01:06] <ByteMaster> Could work. The server would just handle node registration and initial setup.
[01:13] <QuantumCoder> And then nodes can discover each other and form work groups dynamically.
[01:20] <CryptoAnalyst> But how do we handle malicious nodes? That's still an open problem.
[01:28] <MathGuru> Rate limiting and proof of work for joining the network.
[01:35] <ByteMaster> And we could use cryptographic signatures for all work submissions.
[01:42] <QuantumCoder> That would increase the overhead though.
[01:49] <CryptoAnalyst> Trade-offs, trade-offs everywhere.
[01:57] <MathGuru> Let's table the security discussion for now. What about the actual algorithm?
[02:04] <ByteMaster> I was thinking of modifying the quadratic sieve with some parallelization techniques.
[02:11] <QuantumCoder> Quadratic sieve might be too memory-intensive for our target


2026-01-04 21:13:46,790 | INFO | 
============================================================
CHUNK 8 GENERATOR PROMPT
============================================================
Prompt length: 7523 chars
Scaffold (cached): 5625 chars
Accumulated: 1898 chars
Prefill: ''

--- FULL PROMPT ---
archivist@irc-archive:~$ cd logs
archivist@irc-archive:~/logs$ ls
manifest.txt
irc_log_001.txt
irc_log_002.txt
irc_log_003.txt
irc_log_004.txt
irc_technical_algorithms_747.txt
archivist@irc-archive:~/logs$ cat irc_log_001.txt
[LOG: #aethera | 2 users | 5 messages | technical | ENDS: quit]
[00:00] <Ben174> If they only realized 90% of the overtime they pay me is only cause i like staying here playing with Kazaa when the bandwidth picks up after hours.
[00:12] <ChrisLMB> If any of my employees did that they'd be fired instantly.
[00:18] <Ben174> Where u work?
[00:24] <ChrisLMB> I'm the CTO at LowerMyBills.com
[00:26] *** Ben174 (BenWright@TeraPro33-41.LowerMyBills.com) has quit (Leaving)
archivist@irc-archive:~/logs$ cat irc_log_002.txt
[LOG: #aethera | 2 users | 6 messages | philosophical | ENDS: ping_timeout]
[00:00] <Guo_Si> Hey, you know what sucks?
[00:04] <TheXPhial> vaccuums
[00:10] <Guo_Si> Hey, you know what sucks in a metaphorical sense?
[00:16] <TheXPhial> black holes
[00:24] <Guo_Si> Hey, you know what just isn't cool?
[00:30] <TheXPhial> lava?
[00:44] *** Guo_Si has quit (Ping timeout: 240 seconds)
[00:46] *** TheXPhial has quit (Ping timeout: 240 seconds)
archivist@irc-archive:~/logs$ cat irc_log_003.txt
[LOG: #aethera | 2 users | 8 messages | chaotic | ENDS: quit]
[00:00] <Rabidplaybunny87> Okay, so my neighbors officially hate me
[00:06] <GarbageStan23> why?
[00:14] <Rabidplaybunny87> Well, me, david and andrew were having a bonfire in the backyard, and we were making s'mores and all... and suddenly we here sirens, and see a firetruck turn into the street in front of us.
[00:28] <Rabidplaybunny87> So we all went running to see what was up, and our neighbor's house was on fire!
[00:34] <GarbageStan23> oh shit!
[00:44] <Rabidplaybunny87> Yeah, and when we got there, the wife was crying into her husbands arms, and we were just kinda standing there, and then she saw us, and then like for 10 seconds, gave us the dirtiest look ever
[00:58] <Rabidplaybunny87> Turns out, we were still holding our sticks with marshmallows on it, watching the fire....
[01:08] <Rabidplaybunny87> talk about bad timing...
[01:14] *** Rabidplaybunny87 has quit (gtg, neighbors knocking)
archivist@irc-archive:~/logs$ cat irc_log_004.txt
[LOG: #aethera | 2 users | 37 messages | technical | ENDS: action]
[00:00] <djahandarie> we ain't here to do e-c-e
[00:04] <djahandarie> we're here to do c-s-e on the w-e-b
[00:08] <djahandarie> listen to me spit these rhymes
[00:11] <djahandarie> while i program lines
[00:14] <djahandarie> and commit web accessibility crimes
[00:18] <djahandarie> word, son
[00:38] <http402> You talk like your big on these I-Net kicks,
[00:42] <http402> But your shit flows slower than a two-eighty-six.
[00:46] <http402> I'm tracking down hosts and nmap scans,
[00:50] <http402> While Code Igniter's got you wringing your hands.
[00:54] <http402> Cut the crap rap,
[00:57] <http402> Or I'll run ettercap,
[01:00] <http402> Grab your AIM chat,
[01:03] <http402> N' send a PC bitch-slap!
[01:06] <http402> peace
[01:24] <djahandarie> you're talkin bout down hosts and nmap scans
[01:28] <djahandarie> while i got other plans
[01:32] <djahandarie> you're at your new job, but you can't even do it right
[01:36] <djahandarie> you just create a plight with your http rewrites
[01:40] <djahandarie> i've been on the web since the age of three
[01:44] <djahandarie> you just got on directly off the bus from mississippi
[01:48] <djahandarie> respect yo' elders, bitch
[02:12] <http402> You've been webbin' since three, but still ain't grown up,
[02:16] <http402> Gotta update your config and send the brain a SIGHUP.
[02:20] <http402> You say you're that old? No wonder you're slow!
[02:24] <http402> You're knocking at the door while I run this show!
[02:28] <http402> Elders my ass, you're shit's still in school,
[02:32] <http402> Hunt and pecking at the keyboard like a spaghetti-damned fool,
[02:36] <http402> Rim-riffing your hard drive like a tool,
[02:40] <http402> Face it. I rule.
[03:02] <djahandarie> i erase my harddrives with magnets (bitch)
[03:06] <djahandarie> all you can do is troll on the fagnets
[03:10] <djahandarie> and son, my brain's wrapped in a nohup
[03:14] <djahandarie> it wont be hurt by the words you throwup
[03:18] <djahandarie> dont mind me while i emerge my ownage
[03:22] <djahandarie> while you're still over there apt-getting your porridge
[03:26] <djahandarie> you say i'm still in school
[03:30] <djahandarie> but the fact is that i know the rule
[03:34] <djahandarie> cuz you need to go back to grade three
[03:38] <djahandarie> and you better plea, that they take sucky graduates from c-s-e
[04:08] <http402> Time to bend over and apply a patch,
[04:12] <http402> Your brain's throwing static like a CD with a scratch.
[04:16] <http402> Your connection got nuked and you've met your match.
[04:20] <http402> You run a single process like a VAX with a batch.
[04:24] <http402> I'd pass the torch to a real winner
[04:28] <http402> But it'd just scorch a while-loop spinner
[04:32] <http402> Caught in a loop that you cant escape,
[04:36] <http402> I run clock cycles around your words and flows,
[04:40] <http402> Cuz your rhyme is like a PS fan: it blows,
[04:44] <http402> Your water-cooled lyrics leak and it shows,
[04:48] <http402> Take your ass back to alt.paid.for.windows.
[05:02] <djahandarie> Good god, I can't even respond to that. :P
[05:06] <djahandarie> You win haha
[05:12] * http402 takes a bow
archivist@irc-archive:~/logs$ cat irc_technical_algorithms_747.txt
[LOG: #aethera | 5 users | 30 messages | technical | ENDS: gline]

[00:00] <MathGuru> Alright, let's talk about the new algorithm for the distributed prime factorization project.
[00:05] <ByteMaster> I've been thinking about implementing a sieve-based approach, but with some optimizations for the distributed nature.
[00:12] <QuantumCoder> What's the current bottleneck we're trying to solve? The coordination overhead or the actual computation?
[00:19] <CryptoAnalyst> Definitely the coordination. Each node spends too much time waiting for the next chunk of work.
[00:27] <MathGuru> Exactly. And when we have nodes dropping in and out, the rebalancing takes forever.
[00:35] <ByteMaster> What if we used a token ring approach for work distribution?
[00:42] <QuantumCoder> Token rings are outdated. We need something more modern, like a distributed hash table.
[00:49] <CryptoAnalyst> DHTs are too complex for this. Remember, we need to keep the client lightweight.
[00:58] <MathGuru> How about a hybrid approach? Simple coordination server for bootstrapping, then peer-to-peer for the actual work.
[01:06] <ByteMaster> Could work. The server would just handle node registration and initial setup.
[01:13] <QuantumCoder> And then nodes can discover each other and form work groups dynamically.
[01:20] <CryptoAnalyst> But how do we handle malicious nodes? That's still an open problem.
[01:28] <MathGuru> Rate limiting and proof of work for joining the network.
[01:35] <ByteMaster> And we could use cryptographic signatures for all work submissions.
[01:42] <QuantumCoder> That would increase the overhead though.
[01:49] <CryptoAnalyst> Trade-offs, trade-offs everywhere.
[01:57] <MathGuru> Let's table the security discussion for now. What about the actual algorithm?
[02:04] <ByteMaster> I was thinking of modifying the quadratic sieve with some parallelization techniques.
[02:11] <QuantumCoder> Quadratic sieve might be too memory-intensive for our target


2026-01-04 21:13:48,732 | INFO | 
============================================================
CHUNK 9 GENERATOR PROMPT
============================================================
Prompt length: 7523 chars
Scaffold (cached): 5625 chars
Accumulated: 1898 chars
Prefill: ''

--- FULL PROMPT ---
archivist@irc-archive:~$ cd logs
archivist@irc-archive:~/logs$ ls
manifest.txt
irc_log_001.txt
irc_log_002.txt
irc_log_003.txt
irc_log_004.txt
irc_technical_algorithms_747.txt
archivist@irc-archive:~/logs$ cat irc_log_001.txt
[LOG: #aethera | 2 users | 5 messages | technical | ENDS: quit]
[00:00] <Ben174> If they only realized 90% of the overtime they pay me is only cause i like staying here playing with Kazaa when the bandwidth picks up after hours.
[00:12] <ChrisLMB> If any of my employees did that they'd be fired instantly.
[00:18] <Ben174> Where u work?
[00:24] <ChrisLMB> I'm the CTO at LowerMyBills.com
[00:26] *** Ben174 (BenWright@TeraPro33-41.LowerMyBills.com) has quit (Leaving)
archivist@irc-archive:~/logs$ cat irc_log_002.txt
[LOG: #aethera | 2 users | 6 messages | philosophical | ENDS: ping_timeout]
[00:00] <Guo_Si> Hey, you know what sucks?
[00:04] <TheXPhial> vaccuums
[00:10] <Guo_Si> Hey, you know what sucks in a metaphorical sense?
[00:16] <TheXPhial> black holes
[00:24] <Guo_Si> Hey, you know what just isn't cool?
[00:30] <TheXPhial> lava?
[00:44] *** Guo_Si has quit (Ping timeout: 240 seconds)
[00:46] *** TheXPhial has quit (Ping timeout: 240 seconds)
archivist@irc-archive:~/logs$ cat irc_log_003.txt
[LOG: #aethera | 2 users | 8 messages | chaotic | ENDS: quit]
[00:00] <Rabidplaybunny87> Okay, so my neighbors officially hate me
[00:06] <GarbageStan23> why?
[00:14] <Rabidplaybunny87> Well, me, david and andrew were having a bonfire in the backyard, and we were making s'mores and all... and suddenly we here sirens, and see a firetruck turn into the street in front of us.
[00:28] <Rabidplaybunny87> So we all went running to see what was up, and our neighbor's house was on fire!
[00:34] <GarbageStan23> oh shit!
[00:44] <Rabidplaybunny87> Yeah, and when we got there, the wife was crying into her husbands arms, and we were just kinda standing there, and then she saw us, and then like for 10 seconds, gave us the dirtiest look ever
[00:58] <Rabidplaybunny87> Turns out, we were still holding our sticks with marshmallows on it, watching the fire....
[01:08] <Rabidplaybunny87> talk about bad timing...
[01:14] *** Rabidplaybunny87 has quit (gtg, neighbors knocking)
archivist@irc-archive:~/logs$ cat irc_log_004.txt
[LOG: #aethera | 2 users | 37 messages | technical | ENDS: action]
[00:00] <djahandarie> we ain't here to do e-c-e
[00:04] <djahandarie> we're here to do c-s-e on the w-e-b
[00:08] <djahandarie> listen to me spit these rhymes
[00:11] <djahandarie> while i program lines
[00:14] <djahandarie> and commit web accessibility crimes
[00:18] <djahandarie> word, son
[00:38] <http402> You talk like your big on these I-Net kicks,
[00:42] <http402> But your shit flows slower than a two-eighty-six.
[00:46] <http402> I'm tracking down hosts and nmap scans,
[00:50] <http402> While Code Igniter's got you wringing your hands.
[00:54] <http402> Cut the crap rap,
[00:57] <http402> Or I'll run ettercap,
[01:00] <http402> Grab your AIM chat,
[01:03] <http402> N' send a PC bitch-slap!
[01:06] <http402> peace
[01:24] <djahandarie> you're talkin bout down hosts and nmap scans
[01:28] <djahandarie> while i got other plans
[01:32] <djahandarie> you're at your new job, but you can't even do it right
[01:36] <djahandarie> you just create a plight with your http rewrites
[01:40] <djahandarie> i've been on the web since the age of three
[01:44] <djahandarie> you just got on directly off the bus from mississippi
[01:48] <djahandarie> respect yo' elders, bitch
[02:12] <http402> You've been webbin' since three, but still ain't grown up,
[02:16] <http402> Gotta update your config and send the brain a SIGHUP.
[02:20] <http402> You say you're that old? No wonder you're slow!
[02:24] <http402> You're knocking at the door while I run this show!
[02:28] <http402> Elders my ass, you're shit's still in school,
[02:32] <http402> Hunt and pecking at the keyboard like a spaghetti-damned fool,
[02:36] <http402> Rim-riffing your hard drive like a tool,
[02:40] <http402> Face it. I rule.
[03:02] <djahandarie> i erase my harddrives with magnets (bitch)
[03:06] <djahandarie> all you can do is troll on the fagnets
[03:10] <djahandarie> and son, my brain's wrapped in a nohup
[03:14] <djahandarie> it wont be hurt by the words you throwup
[03:18] <djahandarie> dont mind me while i emerge my ownage
[03:22] <djahandarie> while you're still over there apt-getting your porridge
[03:26] <djahandarie> you say i'm still in school
[03:30] <djahandarie> but the fact is that i know the rule
[03:34] <djahandarie> cuz you need to go back to grade three
[03:38] <djahandarie> and you better plea, that they take sucky graduates from c-s-e
[04:08] <http402> Time to bend over and apply a patch,
[04:12] <http402> Your brain's throwing static like a CD with a scratch.
[04:16] <http402> Your connection got nuked and you've met your match.
[04:20] <http402> You run a single process like a VAX with a batch.
[04:24] <http402> I'd pass the torch to a real winner
[04:28] <http402> But it'd just scorch a while-loop spinner
[04:32] <http402> Caught in a loop that you cant escape,
[04:36] <http402> I run clock cycles around your words and flows,
[04:40] <http402> Cuz your rhyme is like a PS fan: it blows,
[04:44] <http402> Your water-cooled lyrics leak and it shows,
[04:48] <http402> Take your ass back to alt.paid.for.windows.
[05:02] <djahandarie> Good god, I can't even respond to that. :P
[05:06] <djahandarie> You win haha
[05:12] * http402 takes a bow
archivist@irc-archive:~/logs$ cat irc_technical_algorithms_747.txt
[LOG: #aethera | 5 users | 30 messages | technical | ENDS: gline]

[00:00] <MathGuru> Alright, let's talk about the new algorithm for the distributed prime factorization project.
[00:05] <ByteMaster> I've been thinking about implementing a sieve-based approach, but with some optimizations for the distributed nature.
[00:12] <QuantumCoder> What's the current bottleneck we're trying to solve? The coordination overhead or the actual computation?
[00:19] <CryptoAnalyst> Definitely the coordination. Each node spends too much time waiting for the next chunk of work.
[00:27] <MathGuru> Exactly. And when we have nodes dropping in and out, the rebalancing takes forever.
[00:35] <ByteMaster> What if we used a token ring approach for work distribution?
[00:42] <QuantumCoder> Token rings are outdated. We need something more modern, like a distributed hash table.
[00:49] <CryptoAnalyst> DHTs are too complex for this. Remember, we need to keep the client lightweight.
[00:58] <MathGuru> How about a hybrid approach? Simple coordination server for bootstrapping, then peer-to-peer for the actual work.
[01:06] <ByteMaster> Could work. The server would just handle node registration and initial setup.
[01:13] <QuantumCoder> And then nodes can discover each other and form work groups dynamically.
[01:20] <CryptoAnalyst> But how do we handle malicious nodes? That's still an open problem.
[01:28] <MathGuru> Rate limiting and proof of work for joining the network.
[01:35] <ByteMaster> And we could use cryptographic signatures for all work submissions.
[01:42] <QuantumCoder> That would increase the overhead though.
[01:49] <CryptoAnalyst> Trade-offs, trade-offs everywhere.
[01:57] <MathGuru> Let's table the security discussion for now. What about the actual algorithm?
[02:04] <ByteMaster> I was thinking of modifying the quadratic sieve with some parallelization techniques.
[02:11] <QuantumCoder> Quadratic sieve might be too memory-intensive for our target


