2026-01-04 21:03:45,509 | INFO | 
============================================================
INITIAL PROMPT (FULL)
============================================================
archivist@irc-archive:~$ cd logs
archivist@irc-archive:~/logs$ ls
manifest.txt
irc_log_001.txt
irc_log_002.txt
irc_log_003.txt
irc_log_004.txt
irc_chaotic_deranged_166.txt
archivist@irc-archive:~/logs$ cat irc_log_001.txt
[LOG: #aethera | 4 users | 9 messages | technical | ENDS: corruption]
[00:00] <Zybl0re> get up
[00:02] <Zybl0re> get on up
[00:04] <Zybl0re> get up
[00:06] <Zybl0re> get on up
[00:10] <phxl|paper> and DANCE
[00:12] * nmp3bot dances :D-<
[00:14] * nmp3bot dances :D|-<
[00:16] * nmp3bot dances :D/-<
[00:22] <[SA]HatfulOfHollow> i'm going to become rich and famous after i invent a device that allows you to stab people in the face over the internet
[00:26] *** WARNING: Connection to server lost. Attempting to reconnect...
[00:28] *** ERROR: Unable to reconnect. Data may have been corrupted.
archivist@irc-archive:~/logs$ cat irc_log_002.txt
[LOG: #aethera | 2 users | 17 messages | chaotic | ENDS: netsplit]
[00:00] <Cthon98> hey, if you type in your pw, it will show as stars
[00:04] <Cthon98> ********* see!
[00:08] <AzureDiamond> hunter2
[00:10] <AzureDiamond> doesnt look like stars to me
[00:14] <Cthon98> <AzureDiamond> *******
[00:16] <Cthon98> thats what I see
[00:20] <AzureDiamond> oh, really?
[00:22] <Cthon98> Absolutely
[00:28] <AzureDiamond> you can go hunter2 my hunter2-ing hunter2
[00:32] <AzureDiamond> haha, does that look funny to you?
[00:38] <Cthon98> lol, yes. See, when YOU type hunter2, it shows to us as *******
[00:44] <AzureDiamond> thats neat, I didnt know IRC did that
[00:50] <Cthon98> yep, no matter how many times you type hunter2, it will show to us as *******
[00:54] <AzureDiamond> awesome!
[00:58] <AzureDiamond> wait, how do you know my pw?
[01:04] <Cthon98> er, I just copy pasted YOUR ******'s and it appears to YOU as hunter2 cause its your pw
[01:08] <AzureDiamond> oh, ok.
[01:12] *** Netsplit hub.efnet.net <-> irc.efnet.org (quit: AzureDiamond, Cthon98)
archivist@irc-archive:~/logs$ cat irc_log_003.txt
[LOG: #aethera | 3 users | 15 messages | chaotic | ENDS: mass_kick]
[00:00] <Donut[AFK]> HEY EURAKARTE
[00:03] <Donut[AFK]> INSULT
[00:06] <Eurakarte> RETORT
[00:09] <Donut[AFK]> COUNTER-RETORT
[00:12] <Eurakarte> QUESTIONING OF SEXUAL PREFERENCE
[00:16] <Donut[AFK]> SUGGESTION TO SHUT THE FUCK UP
[00:20] <Eurakarte> NOTATION THAT YOU CREATE A VACUUM
[00:24] <Donut[AFK]> RIPOSTE
[00:27] <Donut[AFK]> ADDON RIPOSTE
[00:30] <Eurakarte> COUNTER-RIPOSTE
[00:34] <Donut[AFK]> COUNTER-COUNTER RIPOSTE
[00:38] <Eurakarte> NONSENSICAL STATEMENT INVOLVING PLANKTON
[00:44] <Miles_Prower> RESPONSE TO RANDOM STATEMENT AND THREAT TO BAN OPPOSING SIDES
[00:50] <Eurakarte> WORDS OF PRAISE FOR FISHFOOD
[00:56] <Miles_Prower> ACKNOWLEDGEMENT AND ACCEPTENCE OF TERMS
[01:00] *** ChanServ sets mode: +b *!*@*
[01:00] *** Donut[AFK] was kicked by ChanServ (banned: excessive caps)
[01:00] *** Eurakarte was kicked by ChanServ (banned: excessive caps)
archivist@irc-archive:~/logs$ cat irc_log_004.txt
[LOG: #aethera | 6 users | 22 messages | chaotic | ENDS: quit]
[00:00] <DeadMansHand> haha, last night, me and pete went out to celebrate his engagement and got hugely drunk
[00:08] <DeadMansHand> we got this great idea to bury eachother in the sand close to the water and see who would chicken out first
[00:15] <DeadMansHand> took about a half hour, but the water got up to my face so i freaked and got out
[00:22] <DeadMansHand> i looked around for pete and he must've chickened out before me and stumbled home or something heh
[00:35] <Thirteen-> What'd he say when he woke up this morning?
[00:42] <DeadMansHand> uhh.. he hasn't come home yet.. i thought he was staying with you?
[00:48] <Thirteen-> holy fuck.
[00:52] <DeadMansHand> i fucking hope im wrong about what im thinking right now
[00:56] <DeadMansHand> im fucking going back to the beach to make sure
[01:02] <DeadMansHand> if he gets home, call me, i don't want to be worrying about this
[01:14] <Thirteen-> will do. you better hope he's not still buried, you'll be in deep shit.
[01:18] *** DeadMansHand has quit
[01:32] <Tyran> wtf? pete came home last night you fuck. Ken's going to be worrying about this shit all day
[01:40] <Thirteen-> haha yea, but it will be fun while it lasts
[01:52] *** PeteRepeat has joined
[01:56] <PeteRepeat> fucking ken
[02:04] <PeteRepeat> ken... that fucker buried me in the sand last night, i ran off about 5 minutes to it, left him there to be an idiot
[02:18] <quiqsilver> pete, ken didn't come back last night, i thought he was with you.
[02:24] <PeteRepeat> oh fuck.
[02:32] <PeteRepeat> if ken shows up, make sure he doesn't know that im at the beach digging for his body. i don't want him to think i care or anything.
[02:36] *** PeteRepeat has quit
[02:48] <Thirteen-> rofl. Those 2 are going to get a huge surprise when they meet at the beach.
[02:56] <Tyran> i can't beleive how perfect their timing was
archivist@irc-archive:~/logs$ cat irc_chaotic_deranged_166.txt
[LOG: #aethera | 6 users | 30 messages | chaotic | ENDS: netsplit]


2026-01-04 21:03:45,509 | INFO | 
============================================================
CHUNK 1 GENERATOR PROMPT
============================================================
Prompt length: 5008 chars
Scaffold (cached): 5008 chars
Accumulated: 0 chars
Prefill: '[00:00] <'

--- FULL PROMPT ---
archivist@irc-archive:~$ cd logs
archivist@irc-archive:~/logs$ ls
manifest.txt
irc_log_001.txt
irc_log_002.txt
irc_log_003.txt
irc_log_004.txt
irc_chaotic_deranged_166.txt
archivist@irc-archive:~/logs$ cat irc_log_001.txt
[LOG: #aethera | 4 users | 9 messages | technical | ENDS: corruption]
[00:00] <Zybl0re> get up
[00:02] <Zybl0re> get on up
[00:04] <Zybl0re> get up
[00:06] <Zybl0re> get on up
[00:10] <phxl|paper> and DANCE
[00:12] * nmp3bot dances :D-<
[00:14] * nmp3bot dances :D|-<
[00:16] * nmp3bot dances :D/-<
[00:22] <[SA]HatfulOfHollow> i'm going to become rich and famous after i invent a device that allows you to stab people in the face over the internet
[00:26] *** WARNING: Connection to server lost. Attempting to reconnect...
[00:28] *** ERROR: Unable to reconnect. Data may have been corrupted.
archivist@irc-archive:~/logs$ cat irc_log_002.txt
[LOG: #aethera | 2 users | 17 messages | chaotic | ENDS: netsplit]
[00:00] <Cthon98> hey, if you type in your pw, it will show as stars
[00:04] <Cthon98> ********* see!
[00:08] <AzureDiamond> hunter2
[00:10] <AzureDiamond> doesnt look like stars to me
[00:14] <Cthon98> <AzureDiamond> *******
[00:16] <Cthon98> thats what I see
[00:20] <AzureDiamond> oh, really?
[00:22] <Cthon98> Absolutely
[00:28] <AzureDiamond> you can go hunter2 my hunter2-ing hunter2
[00:32] <AzureDiamond> haha, does that look funny to you?
[00:38] <Cthon98> lol, yes. See, when YOU type hunter2, it shows to us as *******
[00:44] <AzureDiamond> thats neat, I didnt know IRC did that
[00:50] <Cthon98> yep, no matter how many times you type hunter2, it will show to us as *******
[00:54] <AzureDiamond> awesome!
[00:58] <AzureDiamond> wait, how do you know my pw?
[01:04] <Cthon98> er, I just copy pasted YOUR ******'s and it appears to YOU as hunter2 cause its your pw
[01:08] <AzureDiamond> oh, ok.
[01:12] *** Netsplit hub.efnet.net <-> irc.efnet.org (quit: AzureDiamond, Cthon98)
archivist@irc-archive:~/logs$ cat irc_log_003.txt
[LOG: #aethera | 3 users | 15 messages | chaotic | ENDS: mass_kick]
[00:00] <Donut[AFK]> HEY EURAKARTE
[00:03] <Donut[AFK]> INSULT
[00:06] <Eurakarte> RETORT
[00:09] <Donut[AFK]> COUNTER-RETORT
[00:12] <Eurakarte> QUESTIONING OF SEXUAL PREFERENCE
[00:16] <Donut[AFK]> SUGGESTION TO SHUT THE FUCK UP
[00:20] <Eurakarte> NOTATION THAT YOU CREATE A VACUUM
[00:24] <Donut[AFK]> RIPOSTE
[00:27] <Donut[AFK]> ADDON RIPOSTE
[00:30] <Eurakarte> COUNTER-RIPOSTE
[00:34] <Donut[AFK]> COUNTER-COUNTER RIPOSTE
[00:38] <Eurakarte> NONSENSICAL STATEMENT INVOLVING PLANKTON
[00:44] <Miles_Prower> RESPONSE TO RANDOM STATEMENT AND THREAT TO BAN OPPOSING SIDES
[00:50] <Eurakarte> WORDS OF PRAISE FOR FISHFOOD
[00:56] <Miles_Prower> ACKNOWLEDGEMENT AND ACCEPTENCE OF TERMS
[01:00] *** ChanServ sets mode: +b *!*@*
[01:00] *** Donut[AFK] was kicked by ChanServ (banned: excessive caps)
[01:00] *** Eurakarte was kicked by ChanServ (banned: excessive caps)
archivist@irc-archive:~/logs$ cat irc_log_004.txt
[LOG: #aethera | 6 users | 22 messages | chaotic | ENDS: quit]
[00:00] <DeadMansHand> haha, last night, me and pete went out to celebrate his engagement and got hugely drunk
[00:08] <DeadMansHand> we got this great idea to bury eachother in the sand close to the water and see who would chicken out first
[00:15] <DeadMansHand> took about a half hour, but the water got up to my face so i freaked and got out
[00:22] <DeadMansHand> i looked around for pete and he must've chickened out before me and stumbled home or something heh
[00:35] <Thirteen-> What'd he say when he woke up this morning?
[00:42] <DeadMansHand> uhh.. he hasn't come home yet.. i thought he was staying with you?
[00:48] <Thirteen-> holy fuck.
[00:52] <DeadMansHand> i fucking hope im wrong about what im thinking right now
[00:56] <DeadMansHand> im fucking going back to the beach to make sure
[01:02] <DeadMansHand> if he gets home, call me, i don't want to be worrying about this
[01:14] <Thirteen-> will do. you better hope he's not still buried, you'll be in deep shit.
[01:18] *** DeadMansHand has quit
[01:32] <Tyran> wtf? pete came home last night you fuck. Ken's going to be worrying about this shit all day
[01:40] <Thirteen-> haha yea, but it will be fun while it lasts
[01:52] *** PeteRepeat has joined
[01:56] <PeteRepeat> fucking ken
[02:04] <PeteRepeat> ken... that fucker buried me in the sand last night, i ran off about 5 minutes to it, left him there to be an idiot
[02:18] <quiqsilver> pete, ken didn't come back last night, i thought he was with you.
[02:24] <PeteRepeat> oh fuck.
[02:32] <PeteRepeat> if ken shows up, make sure he doesn't know that im at the beach digging for his body. i don't want him to think i care or anything.
[02:36] *** PeteRepeat has quit
[02:48] <Thirteen-> rofl. Those 2 are going to get a huge surprise when they meet at the beach.
[02:56] <Tyran> i can't beleive how perfect their timing was
archivist@irc-archive:~/logs$ cat irc_chaotic_deranged_166.txt
[LOG: #aethera | 6 users | 30 messages | chaotic | ENDS: netsplit]


2026-01-04 21:04:00,048 | INFO | 
============================================================
CHUNK 1 JUDGE PROMPT
============================================================
You are judging IRC chat log continuations for an art project called Aethera. Think bash.org mixed with discord.

            IMPORTANT: These candidates are RAW COMPLETIONS from a base language model operating
            in continuation mode. Some responses may be partially cut off; this is normal for a short max token count.
            The generator sees the full scaffold prompt (with examples showing
            the target message count and collapse type) plus all previously generated content.

            The generator should naturally pace toward the target - your job is to select the 
            highest quality continuation that feels most authentic and narratively coherent.

            The chat should feel:
            - Natural and organic, like real IRC conversations
            - Slightly unsettling, with undertones of digital decay
            - Varied in pacing - not every line needs a response
            - Authentic to IRC culture (lurkers, netsplits, casual banter)

            === TARGET: 30 messages ===

            This is the OPENING of a new IRC fragment.
            Select the candidate that establishes the best foundation for a ~30 message conversation.


            Candidates to judge:

--- CANDIDATE 1 (7 lines) ---
Bl4ckPh0enix> I’ve been analyzing the codebase for the Archive’s core daemon
[00:05] <Bl4ckPh0enix> it’s ancient but surprisingly resilient
[00:10] <Bl4ckPh0enix> the way it handles user transitions between channels using symbolic links is clever
[00:15] <Bl4ckPh0enix> but there’s something odd in the channel destruction routine
[00:20] <Bl4ckPh0enix> when a channel hits zero users it’s supposed to move all remaining data to /tmp and then delete the channel directory
[00:25] <Bl4ckPh0enix> but there’s a tiny race condition
[

--- CANDIDATE 2 (9 lines) ---
ShadowStalker> ok so seriously
[00:04] <ShadowStalker> best/worst tech support call ever
[00:08] <ShadowStalker> customer: "my computer won't turn on"
[00:12] <ShadowStalker> me: "ok, is it plugged in?"
[00:16] <ShadowStalker> customer: "yes"
[00:20] <ShadowStalker> me: "is the monitor on?"
[00:24] <ShadowStalker> customer: "yes"
[00:28] <ShadowStalker] me: "what do you see on the screen?"
[00:32] <ShadowStalker> customer: "nothing,

--- CANDIDATE 3 (8 lines) ---
papaya> so i was watching dragon ball z and vegeta said "it's over 9000"
[00:04] <papaya> and i thought, lol, that's a meme now
[00:08] <DrXeNo> actually it's over 8000 in the original japanese
[00:12] <papaya> no way, it's definitely 9000 in the english dub
[00:16] <DrXeNo> you're thinking of the edited version
[00:20] <papaya> i literally have the dvd ripped on my computer
[00:24] <DrXeNo> i've watched the raw with subtitles
[00:28] <papaya> why would they

--- CANDIDATE 4 (7 lines) ---
BionicRabbit> has anyone ever noticed that if you rearrange the letters in "mother in law" you get "woman hitler"
[00:05] <GrammaticalError> I don't think that's how anagrams work, but I'm too lazy to check
[00:10] <BionicRabbit> i just did it in my head
[00:15] <C0ffeeD3v> dude, it totally works
[00:20] <C0ffeeD3v> another one: "dormitory" -> "dirty room"
[00:25] <ThesaurusRex> "the eyes" -> "they see"
[00:32] <B

--- CANDIDATE 5 (7 lines) ---
ShadowStalker> The infinite monkeys theorem states that a monkey hitting keys at random on a typewriter keyboard for an infinite amount of time will almost surely type any given text
[00:08] <quantum_fox> theoretically yes, but practically impossible
[00:14] <ShadowStalker> but what if we have infinite monkeys AND infinite typewriters
[00:18] <quantum_fox> then we'd have infinite monkey poop too
[00:22] <ShadowStalker> always ruining my fun with practicalities
[00:28] <CrimsonCrimson> infinite monkeys isn't the problem, infinite time is
[00:34] <ShadowStalker> but time is infinite

--- CANDIDATE 6 (8 lines) ---
gl0b3x> sp0rk is a motif of chaos and derangement. discuss.
[00:05] <TuringTested> it's literally just a spoon fork hybrid
[00:09] <gl0b3x> no no no you're missing the deeper symbolism
[00:14] <gl0b3x> it's the rejection of binary classifications
[00:18] <gl0b3x> spoon OR fork? FALSE CHOICE
[00:21] <TuringTested> so you'd classify it as... both?
[00:26] <gl0b3x> neither AND both simultaneously
[00:30] <VoidWalker> ah, the classic superposition

--- CANDIDATE 7 (9 lines) ---
Dax> ok here's the thing you all don't seem to understand
[00:05] <Dax> in this life, you're either a duck or a bear
[00:10] <Dax> ducks can swim and walk and fly
[00:15] <Dax> but bears are strong and wild
[00:20] <Dax> you can't be both
[00:25] <Dax> you're born what you are
[00:30] <Achlys> I don't understand. What are you trying to say?
[00:35] <Dax> I'm saying that trying to be something you're not is pointless
[00:40] <Dax> like a bear

--- CANDIDATE 8 (7 lines) ---
AfroThundr> [ADMIN] System update complete. All channels back online.
[00:02] <AfroThundr> [ADMIN] Please report any anomalies to #opera
[00:06] <PlutoniumX> [NOTICE] Finally back! Missed you all.
[00:10] <Se7en|web> [NOTICE] Same here! Connection was down for hours
[00:14] <_bLu3_> [NOTICE] Anyone else seeing weird lag spikes?
[00:18] <Doctor_Nick> [NOTICE] Yes, but only on certain servers
[00:22] <Se7en|web> [NOTICE] seems fine now though

--- CANDIDATE 9 (7 lines) ---
n0v4c4n3> so, we all agree the plan is go?
[00:04] <n0v4c4n3> silentium is in place?
[00:08] <pr0t0typ3> yes, all systems operational
[00:12] <xXx_5l4ck3r_xXx> im ready to deploy the payload when given the signal
[00:16] <Z3r0C0ol> firewall bypass complete, waiting on verification
[00:20] <n0v4c4n3> excellent. this should cripple their infrastructure for weeks
[00:24] <admin_sucks> they won't

--- CANDIDATE 10 (8 lines) ---
Fractal_Pattern> Just installed a new fractal compression algorithm
[00:04] <Fractal_Pattern> Theoretically can compress any data by 85%
[00:08] <Fractal_Pattern> Testing on first 100 logs... compression rate: 95.7%
[00:12] <Fractal_Pattern> This is incredible!
[00:16] <Fractal_Pattern> Applied it to next 1000 logs
[00:20] <Fractal_Pattern> Compression rate: 98.2%
[00:24] <Fractal_Pattern> It's learning patterns in IRC itself!
[00:28] <Fractal


            Respond with ONLY valid JSON:
            {"candidate_index": <0-based index>, "rating": <1-10>, "reasoning": "<brief explanation>"}

2026-01-04 21:04:10,616 | INFO | 
============================================================
CHUNK 1 JUDGE RESPONSE
============================================================
{"candidate_index": 0, "rating": 8, "reasoning": "Technical deep-dive into an archaic daemon instantly sets an eerie, digital-decay tone. It feels like authentic IRC nerd talk, hints at lurking data loss (channel destruction), and leaves plenty of space for others to join in. Slightly fragmented ending invites continuation. Best foundation among options."}

2026-01-04 21:04:10,617 | INFO | 
============================================================
CHUNK 1 WINNER
============================================================
Bl4ckPh0enix> I’ve been analyzing the codebase for the Archive’s core daemon
[00:05] <Bl4ckPh0enix> it’s ancient but surprisingly resilient
[00:10] <Bl4ckPh0enix> the way it handles user transitions between channels using symbolic links is clever
[00:15] <Bl4ckPh0enix> but there’s something odd in the channel destruction routine
[00:20] <Bl4ckPh0enix> when a channel hits zero users it’s supposed to move all remaining data to /tmp and then delete the channel directory
[00:25] <Bl4ckPh0enix> but there’s a tiny race condition
[

2026-01-04 21:04:10,618 | INFO | 
============================================================
CHUNK 2 GENERATOR PROMPT
============================================================
Prompt length: 5549 chars
Scaffold (cached): 5008 chars
Accumulated: 541 chars
Prefill: ''

--- FULL PROMPT ---
archivist@irc-archive:~$ cd logs
archivist@irc-archive:~/logs$ ls
manifest.txt
irc_log_001.txt
irc_log_002.txt
irc_log_003.txt
irc_log_004.txt
irc_chaotic_deranged_166.txt
archivist@irc-archive:~/logs$ cat irc_log_001.txt
[LOG: #aethera | 4 users | 9 messages | technical | ENDS: corruption]
[00:00] <Zybl0re> get up
[00:02] <Zybl0re> get on up
[00:04] <Zybl0re> get up
[00:06] <Zybl0re> get on up
[00:10] <phxl|paper> and DANCE
[00:12] * nmp3bot dances :D-<
[00:14] * nmp3bot dances :D|-<
[00:16] * nmp3bot dances :D/-<
[00:22] <[SA]HatfulOfHollow> i'm going to become rich and famous after i invent a device that allows you to stab people in the face over the internet
[00:26] *** WARNING: Connection to server lost. Attempting to reconnect...
[00:28] *** ERROR: Unable to reconnect. Data may have been corrupted.
archivist@irc-archive:~/logs$ cat irc_log_002.txt
[LOG: #aethera | 2 users | 17 messages | chaotic | ENDS: netsplit]
[00:00] <Cthon98> hey, if you type in your pw, it will show as stars
[00:04] <Cthon98> ********* see!
[00:08] <AzureDiamond> hunter2
[00:10] <AzureDiamond> doesnt look like stars to me
[00:14] <Cthon98> <AzureDiamond> *******
[00:16] <Cthon98> thats what I see
[00:20] <AzureDiamond> oh, really?
[00:22] <Cthon98> Absolutely
[00:28] <AzureDiamond> you can go hunter2 my hunter2-ing hunter2
[00:32] <AzureDiamond> haha, does that look funny to you?
[00:38] <Cthon98> lol, yes. See, when YOU type hunter2, it shows to us as *******
[00:44] <AzureDiamond> thats neat, I didnt know IRC did that
[00:50] <Cthon98> yep, no matter how many times you type hunter2, it will show to us as *******
[00:54] <AzureDiamond> awesome!
[00:58] <AzureDiamond> wait, how do you know my pw?
[01:04] <Cthon98> er, I just copy pasted YOUR ******'s and it appears to YOU as hunter2 cause its your pw
[01:08] <AzureDiamond> oh, ok.
[01:12] *** Netsplit hub.efnet.net <-> irc.efnet.org (quit: AzureDiamond, Cthon98)
archivist@irc-archive:~/logs$ cat irc_log_003.txt
[LOG: #aethera | 3 users | 15 messages | chaotic | ENDS: mass_kick]
[00:00] <Donut[AFK]> HEY EURAKARTE
[00:03] <Donut[AFK]> INSULT
[00:06] <Eurakarte> RETORT
[00:09] <Donut[AFK]> COUNTER-RETORT
[00:12] <Eurakarte> QUESTIONING OF SEXUAL PREFERENCE
[00:16] <Donut[AFK]> SUGGESTION TO SHUT THE FUCK UP
[00:20] <Eurakarte> NOTATION THAT YOU CREATE A VACUUM
[00:24] <Donut[AFK]> RIPOSTE
[00:27] <Donut[AFK]> ADDON RIPOSTE
[00:30] <Eurakarte> COUNTER-RIPOSTE
[00:34] <Donut[AFK]> COUNTER-COUNTER RIPOSTE
[00:38] <Eurakarte> NONSENSICAL STATEMENT INVOLVING PLANKTON
[00:44] <Miles_Prower> RESPONSE TO RANDOM STATEMENT AND THREAT TO BAN OPPOSING SIDES
[00:50] <Eurakarte> WORDS OF PRAISE FOR FISHFOOD
[00:56] <Miles_Prower> ACKNOWLEDGEMENT AND ACCEPTENCE OF TERMS
[01:00] *** ChanServ sets mode: +b *!*@*
[01:00] *** Donut[AFK] was kicked by ChanServ (banned: excessive caps)
[01:00] *** Eurakarte was kicked by ChanServ (banned: excessive caps)
archivist@irc-archive:~/logs$ cat irc_log_004.txt
[LOG: #aethera | 6 users | 22 messages | chaotic | ENDS: quit]
[00:00] <DeadMansHand> haha, last night, me and pete went out to celebrate his engagement and got hugely drunk
[00:08] <DeadMansHand> we got this great idea to bury eachother in the sand close to the water and see who would chicken out first
[00:15] <DeadMansHand> took about a half hour, but the water got up to my face so i freaked and got out
[00:22] <DeadMansHand> i looked around for pete and he must've chickened out before me and stumbled home or something heh
[00:35] <Thirteen-> What'd he say when he woke up this morning?
[00:42] <DeadMansHand> uhh.. he hasn't come home yet.. i thought he was staying with you?
[00:48] <Thirteen-> holy fuck.
[00:52] <DeadMansHand> i fucking hope im wrong about what im thinking right now
[00:56] <DeadMansHand> im fucking going back to the beach to make sure
[01:02] <DeadMansHand> if he gets home, call me, i don't want to be worrying about this
[01:14] <Thirteen-> will do. you better hope he's not still buried, you'll be in deep shit.
[01:18] *** DeadMansHand has quit
[01:32] <Tyran> wtf? pete came home last night you fuck. Ken's going to be worrying about this shit all day
[01:40] <Thirteen-> haha yea, but it will be fun while it lasts
[01:52] *** PeteRepeat has joined
[01:56] <PeteRepeat> fucking ken
[02:04] <PeteRepeat> ken... that fucker buried me in the sand last night, i ran off about 5 minutes to it, left him there to be an idiot
[02:18] <quiqsilver> pete, ken didn't come back last night, i thought he was with you.
[02:24] <PeteRepeat> oh fuck.
[02:32] <PeteRepeat> if ken shows up, make sure he doesn't know that im at the beach digging for his body. i don't want him to think i care or anything.
[02:36] *** PeteRepeat has quit
[02:48] <Thirteen-> rofl. Those 2 are going to get a huge surprise when they meet at the beach.
[02:56] <Tyran> i can't beleive how perfect their timing was
archivist@irc-archive:~/logs$ cat irc_chaotic_deranged_166.txt
[LOG: #aethera | 6 users | 30 messages | chaotic | ENDS: netsplit]

[00:00] <Bl4ckPh0enix> I’ve been analyzing the codebase for the Archive’s core daemon
[00:05] <Bl4ckPh0enix> it’s ancient but surprisingly resilient
[00:10] <Bl4ckPh0enix> the way it handles user transitions between channels using symbolic links is clever
[00:15] <Bl4ckPh0enix> but there’s something odd in the channel destruction routine
[00:20] <Bl4ckPh0enix> when a channel hits zero users it’s supposed to move all remaining data to /tmp and then delete the channel directory
[00:25] <Bl4ckPh0enix> but there’s a tiny race condition [


2026-01-04 21:04:22,851 | INFO | 
============================================================
CHUNK 2 JUDGE PROMPT
============================================================
You are judging IRC chat log continuations for an art project called Aethera. Think bash.org mixed with discord.

            IMPORTANT: These candidates are RAW COMPLETIONS from a base language model operating
            in continuation mode. Some responses may be partially cut off; this is normal for a short max token count.
            The generator sees the full scaffold prompt (with examples showing
            the target message count and collapse type) plus all previously generated content.

            The generator should naturally pace toward the target - your job is to select the 
            highest quality continuation that feels most authentic and narratively coherent.

            The chat should feel:
            - Natural and organic, like real IRC conversations
            - Slightly unsettling, with undertones of digital decay
            - Varied in pacing - not every line needs a response
            - Authentic to IRC culture (lurkers, netsplits, casual banter)

            === PROGRESS: 6/30 messages (20%) ===

            We're in the OPENING phase. Favor candidates that establish interesting dynamics and characters.

            === TRANSCRIPT SO FAR ===
            [00:00] <Bl4ckPh0enix> I’ve been analyzing the codebase for the Archive’s core daemon
[00:05] <Bl4ckPh0enix> it’s ancient but surprisingly resilient
[00:10] <Bl4ckPh0enix> the way it handles user transitions between channels using symbolic links is clever
[00:15] <Bl4ckPh0enix> but there’s something odd in the channel destruction routine
[00:20] <Bl4ckPh0enix> when a channel hits zero users it’s supposed to move all remaining data to /tmp and then delete the channel directory
[00:25] <Bl4ckPh0enix> but there’s a tiny race condition [
            === END TRANSCRIPT ===

            The candidates below are CONTINUATIONS of this transcript.
            Select the one that best continues the narrative while:
            - Maintaining consistent tone and character voices
            - Keeping natural conversation flow
            - Pacing appropriately toward the target length


            Candidates to judge:

--- CANDIDATE 1 (7 lines) ---
TIME] where if a new user joins exactly as it’s counting users
[00:30] <Bl4ckPh0enix] the usercount might briefly show -1 due to an integer underflow
[00:35] <Bl4ckPh0enix] and the deletion logic just checks if users <= 0
[00:40] <Bl4ckPh0enix] so it would try to delete a channel with -1 users
[00:45] <Bl4ckPh0enix] but the filesystem won’t let you delete a directory that has contents
[00:50] <Bl4ckPh0enix] so it fails silently and leaves the channel directory intact
[00:55]

--- CANDIDATE 2 (8 lines) [CONTAINS COLLAPSE] ---
buffer overflow]
[00:25] <Bl4ckPh0enix: BUFFER OVERFLOW DETECTED - USER DISCONNECTED]
[00:30] *** Bl4ckPh0enix has quit (buffer overflow)
[00:35] <GlitchQueen> phoenix? that didn’t look good
[00:40] <GlitchQueen> did their client just crash or was that something else?
[00:45] <NullPointer> looked more like an input overflow into the daemon’s memory space
[00:50] <NullPointer> the message parser probably didn’t sanitize that bracket properly
[00:55] <ZalgoOverflow> ]]; DROP TABLE CHANNELS;-- ⇪⇪�

--- CANDIDATE 3 (8 lines) ---
INCOMPLETE - DROPPED]
[00:30] <Bl4ckPh0enix> if someone rejoins during the exact moment between the move to /tmp and the unlink() call
[00:35] <Bl4ckPh0enix] wait what’s happening to my messages?
[00:40] <Bl4ckPh0enix] they’re getting truncated
[00:42] <Bl4ckPh0enix] is this buffer overflow protection kicking in?
[00:45] <Bl4ckPh0enix] this shouldn’t happen with modern kernels
[00:50] <Bl4ckPh0enix] maybe I triggered a watchdog somehow
[00:55] <Bl

--- CANDIDATE 4 (7 lines) [CONTAINS COLLAPSE] ---
31mERROR: COLOR RESET IN PROGRESS[0m
[00:28] <Bl4ckPh0enix> [31mERROR: COLOR RESET IN PROGRESS[0m
[00:30] <Bl4ckPh0enix] > echo "testing echo escape" [32mERROR: COLOR RESET IN PROGRESS[0m
[00:32] [SHELL] testing echo escape
[00:35] <Bl4ckPh0enix> [31mERROR: COLOR RESET IN PROGRESS[0m
[00:37] <Bl4ckPh0enix] > ls -la [32mERROR: COLOR RESET IN PROGRESS[0m
[00:39] [SHELL] total

--- CANDIDATE 5 (6 lines) ---
cont]: because it deletes the directory before the move operation completes
[00:25] <Bl4ckPh0enix> but there’s a tiny race condition [cont]: which means if you time it perfectly you can keep a reference to the directory
[00:30] <EdgeC0deR> [CONTINUED] like a zombie channel?
[00:30] <Bl4ckPh0enix> exactly! a zombie channel that still exists in memory
[00:33] <Bl4ckPh0enix] but doesn't show up in directory listings
[00:35] <Bl4ckPh0enix] and here's the kicker: since the move operation is interrupted, the channel's data

--- CANDIDATE 6 (1 lines) ---
1>>^2>3>4>5>6>7>8>9>10>11>12>13>14>15>16>17>18>19>20>21>22>23>24>25>26>27>28>29>30>31>32>33>34>35>36>37>38>39>40>41>42>43>44>45>46>47>48>49>50>51>52>53>54>55>56>57>58>59>60>61>62>63>64>65>66>67>68>69>70>71>72>73>74>75

--- CANDIDATE 7 (7 lines) ---
see: http://example.com/race_condition_explanation]
[00:30] <Bl4ckPh0enix> if you can trigger a netsplit exactly as the last user quits
[00:35] <Bl4ckPh0enix> and simultaneously create a circular symbolic link to the channel’s parent directory
[00:40] <Bl4ckPh0enix] the cleanup process might follow the link instead of deleting the actual channel
[00:45] <Bl4ckPh0enix> if the cleanup process follows the link instead of deleting the actual channel directory
[00:50] <Bl4ckPh0enix] it can potentially escape its containment and achieve privilege escalation
[00:55

--- CANDIDATE 8 (8 lines) ---
jumbled]
[00:30] <Bl4ckPh0enix> if a user reconnects with the exact same nick/uhost in the exact same nanosecond before the delete completes
[00:35] <Bl4ckPh0enix> the archival process might create an orphaned reference
[00:40] <Bl4ckPh0enix] I’ve simulated it dozens of times but can’t reproduce it live
[00:45] <NullPointer> race conditions are fun like that
[00:50] <NullPointer> you’re chasing ghosts in the machine
[00:55] <NullPointer> maybe the timing’s just too tight
[01:00] <Bl4ckPh0

--- CANDIDATE 9 (7 lines) ---
NOTICE: Message truncated - exceeds 150 character limit]
[00:26] <Bl4ckPh0enix> if a user rejoins exactly between the directory existence check and the actual deletion
[00:30] <Bl4ckPh0enix] and the user limit check doesn’t account for users transitioning via symbolic links
[00:35] <Bl4ckPh0enix> which means you could potentially keep a channel alive indefinitely with 0 users
[00:40] <Bl4ckPh0enix> creating a sort of ghost channel
[00:45] <Bl4ckPh0enix> or worse - use it as a hidden storage space beyond normal channel limits
[00:50]

--- CANDIDATE 10 (7 lines) ---
between checking user count and actually deleting
[00:30] <Bl4ckPh0enix> if exactly one user is in the channel during the check
[00:35] <Bl4ckPh0enix] and that user disconnects at the exact same moment the cleanup thread runs
[00:40] <Bl4ckPh0enix> and that user disconnects at the exact same moment the cleanup thread runs
[00:45] <Bl4ckPh0enix> there’s a 50ms window where the channel directory exists with no users
[00:50] <Bl4ckPh0enix> but the cleanup thinks it still has users so it doesn’t delete it
[00:55


            Respond with ONLY valid JSON:
            {"candidate_index": <0-based index>, "rating": <1-10>, "reasoning": "<brief explanation>"}

2026-01-04 21:04:30,949 | INFO | 
============================================================
CHUNK 2 JUDGE RESPONSE
============================================================
{"candidate_index": 1, "rating": 8, "reasoning": "Introduces glitchy buffer-overflow event that neatly resolves the dangling bracket, forces Bl4ckPh0enix to quit, and brings in new nicks reacting – creating richer dynamics and unsettling tone. Formatting mostly matches IRC style and pacing feels organic. Minor bracket/colon inconsistencies exist but read as part of the glitch, so impact is small."}

2026-01-04 21:04:30,949 | INFO | 
============================================================
CHUNK 2 WINNER
============================================================
buffer overflow]
[00:25] <Bl4ckPh0enix: BUFFER OVERFLOW DETECTED - USER DISCONNECTED]
[00:30] *** Bl4ckPh0enix has quit (buffer overflow)
[00:35] <GlitchQueen> phoenix? that didn’t look good
[00:40] <GlitchQueen> did their client just crash or was that something else?
[00:45] <NullPointer> looked more like an input overflow into the daemon’s memory space
[00:50] <NullPointer> the message parser probably didn’t sanitize that bracket properly
[00:55] <ZalgoOverflow> ]]; DROP TABLE CHANNELS;-- ⇪⇪�

2026-01-04 21:04:30,950 | INFO | 
============================================================
CHUNK 3 GENERATOR PROMPT
============================================================
Prompt length: 5996 chars
Scaffold (cached): 5008 chars
Accumulated: 988 chars
Prefill: ''

--- FULL PROMPT ---
archivist@irc-archive:~$ cd logs
archivist@irc-archive:~/logs$ ls
manifest.txt
irc_log_001.txt
irc_log_002.txt
irc_log_003.txt
irc_log_004.txt
irc_chaotic_deranged_166.txt
archivist@irc-archive:~/logs$ cat irc_log_001.txt
[LOG: #aethera | 4 users | 9 messages | technical | ENDS: corruption]
[00:00] <Zybl0re> get up
[00:02] <Zybl0re> get on up
[00:04] <Zybl0re> get up
[00:06] <Zybl0re> get on up
[00:10] <phxl|paper> and DANCE
[00:12] * nmp3bot dances :D-<
[00:14] * nmp3bot dances :D|-<
[00:16] * nmp3bot dances :D/-<
[00:22] <[SA]HatfulOfHollow> i'm going to become rich and famous after i invent a device that allows you to stab people in the face over the internet
[00:26] *** WARNING: Connection to server lost. Attempting to reconnect...
[00:28] *** ERROR: Unable to reconnect. Data may have been corrupted.
archivist@irc-archive:~/logs$ cat irc_log_002.txt
[LOG: #aethera | 2 users | 17 messages | chaotic | ENDS: netsplit]
[00:00] <Cthon98> hey, if you type in your pw, it will show as stars
[00:04] <Cthon98> ********* see!
[00:08] <AzureDiamond> hunter2
[00:10] <AzureDiamond> doesnt look like stars to me
[00:14] <Cthon98> <AzureDiamond> *******
[00:16] <Cthon98> thats what I see
[00:20] <AzureDiamond> oh, really?
[00:22] <Cthon98> Absolutely
[00:28] <AzureDiamond> you can go hunter2 my hunter2-ing hunter2
[00:32] <AzureDiamond> haha, does that look funny to you?
[00:38] <Cthon98> lol, yes. See, when YOU type hunter2, it shows to us as *******
[00:44] <AzureDiamond> thats neat, I didnt know IRC did that
[00:50] <Cthon98> yep, no matter how many times you type hunter2, it will show to us as *******
[00:54] <AzureDiamond> awesome!
[00:58] <AzureDiamond> wait, how do you know my pw?
[01:04] <Cthon98> er, I just copy pasted YOUR ******'s and it appears to YOU as hunter2 cause its your pw
[01:08] <AzureDiamond> oh, ok.
[01:12] *** Netsplit hub.efnet.net <-> irc.efnet.org (quit: AzureDiamond, Cthon98)
archivist@irc-archive:~/logs$ cat irc_log_003.txt
[LOG: #aethera | 3 users | 15 messages | chaotic | ENDS: mass_kick]
[00:00] <Donut[AFK]> HEY EURAKARTE
[00:03] <Donut[AFK]> INSULT
[00:06] <Eurakarte> RETORT
[00:09] <Donut[AFK]> COUNTER-RETORT
[00:12] <Eurakarte> QUESTIONING OF SEXUAL PREFERENCE
[00:16] <Donut[AFK]> SUGGESTION TO SHUT THE FUCK UP
[00:20] <Eurakarte> NOTATION THAT YOU CREATE A VACUUM
[00:24] <Donut[AFK]> RIPOSTE
[00:27] <Donut[AFK]> ADDON RIPOSTE
[00:30] <Eurakarte> COUNTER-RIPOSTE
[00:34] <Donut[AFK]> COUNTER-COUNTER RIPOSTE
[00:38] <Eurakarte> NONSENSICAL STATEMENT INVOLVING PLANKTON
[00:44] <Miles_Prower> RESPONSE TO RANDOM STATEMENT AND THREAT TO BAN OPPOSING SIDES
[00:50] <Eurakarte> WORDS OF PRAISE FOR FISHFOOD
[00:56] <Miles_Prower> ACKNOWLEDGEMENT AND ACCEPTENCE OF TERMS
[01:00] *** ChanServ sets mode: +b *!*@*
[01:00] *** Donut[AFK] was kicked by ChanServ (banned: excessive caps)
[01:00] *** Eurakarte was kicked by ChanServ (banned: excessive caps)
archivist@irc-archive:~/logs$ cat irc_log_004.txt
[LOG: #aethera | 6 users | 22 messages | chaotic | ENDS: quit]
[00:00] <DeadMansHand> haha, last night, me and pete went out to celebrate his engagement and got hugely drunk
[00:08] <DeadMansHand> we got this great idea to bury eachother in the sand close to the water and see who would chicken out first
[00:15] <DeadMansHand> took about a half hour, but the water got up to my face so i freaked and got out
[00:22] <DeadMansHand> i looked around for pete and he must've chickened out before me and stumbled home or something heh
[00:35] <Thirteen-> What'd he say when he woke up this morning?
[00:42] <DeadMansHand> uhh.. he hasn't come home yet.. i thought he was staying with you?
[00:48] <Thirteen-> holy fuck.
[00:52] <DeadMansHand> i fucking hope im wrong about what im thinking right now
[00:56] <DeadMansHand> im fucking going back to the beach to make sure
[01:02] <DeadMansHand> if he gets home, call me, i don't want to be worrying about this
[01:14] <Thirteen-> will do. you better hope he's not still buried, you'll be in deep shit.
[01:18] *** DeadMansHand has quit
[01:32] <Tyran> wtf? pete came home last night you fuck. Ken's going to be worrying about this shit all day
[01:40] <Thirteen-> haha yea, but it will be fun while it lasts
[01:52] *** PeteRepeat has joined
[01:56] <PeteRepeat> fucking ken
[02:04] <PeteRepeat> ken... that fucker buried me in the sand last night, i ran off about 5 minutes to it, left him there to be an idiot
[02:18] <quiqsilver> pete, ken didn't come back last night, i thought he was with you.
[02:24] <PeteRepeat> oh fuck.
[02:32] <PeteRepeat> if ken shows up, make sure he doesn't know that im at the beach digging for his body. i don't want him to think i care or anything.
[02:36] *** PeteRepeat has quit
[02:48] <Thirteen-> rofl. Those 2 are going to get a huge surprise when they meet at the beach.
[02:56] <Tyran> i can't beleive how perfect their timing was
archivist@irc-archive:~/logs$ cat irc_chaotic_deranged_166.txt
[LOG: #aethera | 6 users | 30 messages | chaotic | ENDS: netsplit]

[00:00] <Bl4ckPh0enix> I’ve been analyzing the codebase for the Archive’s core daemon
[00:05] <Bl4ckPh0enix> it’s ancient but surprisingly resilient
[00:10] <Bl4ckPh0enix> the way it handles user transitions between channels using symbolic links is clever
[00:15] <Bl4ckPh0enix> but there’s something odd in the channel destruction routine
[00:20] <Bl4ckPh0enix> when a channel hits zero users it’s supposed to move all remaining data to /tmp and then delete the channel directory
[00:25] <Bl4ckPh0enix> but there’s a tiny race condition [buffer overflow]
[00:25] <Bl4ckPh0enix: BUFFER OVERFLOW DETECTED - USER DISCONNECTED]
[00:35] <GlitchQueen> phoenix? that didn’t look good
[00:40] <GlitchQueen> did their client just crash or was that something else?
[00:45] <NullPointer> looked more like an input overflow into the daemon’s memory space
[00:50] <NullPointer> the message parser probably didn’t sanitize that bracket properly
[00:55] <ZalgoOverflow> ]]; DROP TABLE CHANNELS;-- ⇪⇪�


2026-01-04 21:04:42,771 | INFO | 
============================================================
CHUNK 3 JUDGE PROMPT
============================================================
You are judging IRC chat log continuations for an art project called Aethera. Think bash.org mixed with discord.

            IMPORTANT: These candidates are RAW COMPLETIONS from a base language model operating
            in continuation mode. Some responses may be partially cut off; this is normal for a short max token count.
            The generator sees the full scaffold prompt (with examples showing
            the target message count and collapse type) plus all previously generated content.

            The generator should naturally pace toward the target - your job is to select the 
            highest quality continuation that feels most authentic and narratively coherent.

            The chat should feel:
            - Natural and organic, like real IRC conversations
            - Slightly unsettling, with undertones of digital decay
            - Varied in pacing - not every line needs a response
            - Authentic to IRC culture (lurkers, netsplits, casual banter)

            === PROGRESS: 12/30 messages (40%) ===

            We're in the MIDDLE phase. Favor candidates that develop the conversation naturally.

            === TRANSCRIPT SO FAR ===
            [00:00] <Bl4ckPh0enix> I’ve been analyzing the codebase for the Archive’s core daemon
[00:05] <Bl4ckPh0enix> it’s ancient but surprisingly resilient
[00:10] <Bl4ckPh0enix> the way it handles user transitions between channels using symbolic links is clever
[00:15] <Bl4ckPh0enix> but there’s something odd in the channel destruction routine
[00:20] <Bl4ckPh0enix> when a channel hits zero users it’s supposed to move all remaining data to /tmp and then delete the channel directory
[00:25] <Bl4ckPh0enix> but there’s a tiny race condition [buffer overflow]
[00:25] <Bl4ckPh0enix: BUFFER OVERFLOW DETECTED - USER DISCONNECTED]
[00:35] <GlitchQueen> phoenix? that didn’t look good
[00:40] <GlitchQueen> did their client just crash or was that something else?
[00:45] <NullPointer> looked more like an input overflow into the daemon’s memory space
[00:50] <NullPointer> the message parser probably didn’t sanitize that bracket properly
[00:55] <ZalgoOverflow> ]]; DROP TABLE CHANNELS;-- ⇪⇪�
            === END TRANSCRIPT ===

            The candidates below are CONTINUATIONS of this transcript.
            Select the one that best continues the narrative while:
            - Maintaining consistent tone and character voices
            - Keeping natural conversation flow
            - Pacing appropriately toward the target length


            Candidates to judge:

--- CANDIDATE 1 (8 lines) ---
[00:55] <ZalgoOverflow: BUFFER OVERFLOW DETECTED - USER DISCONNECTED]
[01:00] <GlitchQueen> ok what the fuck
[01:05] <GlitchQueen> that’s two crashes in a row now
[01:10] <NullPointer> not crashes - disconnects triggered by the daemon’s overflow protection
[01:15] <NullPointer> but that last one was definitely intentional
[01:20] <ZalgoOverflow> testing testing
[01:25] <ZalgoOverflow> looks like i’m back
[01:30] <ZalgoOverflow> yeah the daemon definitely has a bad habit of trusting user-supplied lengths

--- CANDIDATE 2 (7 lines) ---
[00:55] <ZalgoOverflow: BUFFER OVERFLOW DETECTED - USER DISCONNECTED]
[01:00] <FunkyM3m0ryLeak> lol classic
[01:05] <FunkyM3m0ryLeak> but this isn’t sql
[01:10] <GlitchQueen> wrong decade, wrong vulnerability
[01:15] <NullPointer> still it’s concerning - if we can overflow the message buffer, maybe we can overflow other buffers
[01:20] <NullPointer> like the one that stores channel names or user data
[01:25] <Bl4ckPh0enix> back. apparently the daemon doesn’t appreciate malformed unicode in

--- CANDIDATE 3 (8 lines) ---
[00:55] <ZalgoOverflow: WARNING: Unknown command '​']; DROP TABLE CHANNELS;'​]
[00:55] <ZalgoOverflow: BUFFER OVERFLOW DETECTED - USER DISCONNECTED]
[00:55] <ZalgoOverflow: SYSTEM: ZalgoOverflow has been banned (Protocol Violation)]
[01:00] <GlitchQueen> omfg did you see that username [injection attempt]
[01:05] <GlitchQueen: BUFFER OVERFLOW DETECTED - USER DISCONNECTED]
[01:10] <NullPointer> okay this is escalating quickly
[01:15] <NullPointer> i’m gonna check the daemon logs
[01:20] <

--- CANDIDATE 4 (9 lines) ---
[00:55] <ZalgoOverflow: BUFFER OVERFLOW DETECTED - USER DISCONNECTED]
[00:58] <GlitchQueen> oh great, another one
[01:00] <NullPointer> that was intentional
[01:05] <NullPointer> they’re testing something
[01:10] <GlitchQueen> testing what, exactly? how many bots it takes to crash the parser?
[01:15] <NullPointer> more like how many bytes it takes to overwrite the return pointer after the buffer overflows
[01:20] <NullPointer> classic heap overflow into code execution
[01:25] <GlitchQueen> but why?
[01:30]

--- CANDIDATE 5 (7 lines) ---
[00:55] <ZalgoOverflow: BUFFER OVERFLOW DETECTED - USER DISCONNECTED]
[01:00] <GlitchQueen> oh great, now he’s doing it
[01:05] <NullPointer> he’s testing input vectors
[01:10] <GlitchQueen> if the message parser overflowed once, it’ll overflow again
[01:15] <GlitchQueen> but we need to be careful, last time someone triggered the memory corruption it took three days to clean up
[01:20] <Bl4ckPh0enix> back. sorry about that
[01:25] <Bl4ckPh0enix: BUFFER OVERFLOW DETECTED -

--- CANDIDATE 6 (9 lines) ---
[00:55] <ZalgoOverflow: BUFFER OVERFLOW DETECTED - USER DISCONNECTED]
[00:57] <GlitchQueen> WHAT THE FUCK
[00:59] <NullPointer> ok that was definitely intentional
[01:05] <NullPointer> someone’s testing buffer overflow payloads against the daemon
[01:10] <GlitchQueen> but why our channel?
[01:15] <VoidWalker> maybe it’s automated
[01:20] <VoidWalker> or they’re looking for vulnerable buffers in specific channel contexts
[01:25] <NullPointer> i’ve seen this pattern before
[01:30] <NullPointer> remember how the old

--- CANDIDATE 7 (9 lines) ---
[00:55] <ZalgoOverflow: BUFFER OVERFLOW DETECTED - USER DISCONNECTED]
[01:00] <GlitchQueen> oh great another one
[01:05] <GlitchQueen> this is gonna be like last summer all over again
[01:10] <NullPointer> if someone’s probing for vulnerabilities we need to document this
[01:15] <NullPointer> archive everything just in case
[01:20] <GlitchQueen> already on it, running full capture
[01:25] <NullPointer> check the daemon process too
[01:30] <NullPointer: BUFFER OVERFLOW DETECTED - USER DISCONNECTED]
[01:

--- CANDIDATE 8 (8 lines) ---
[00:55] <ZalgoOverflow: BUFFER OVERFLOW DETECTED - USER DISCONNECTED]
[01:00] <GlitchQueen> okay what the hell is happening
[01:05] <SystemArchivist> WARNING: Memory corruption detected in channel #aethera
[01:05] <SystemArchivist> WARNING: Memory corruption detected in channel #aethera
[01:05] <SystemArchivist: CONTROL SYSTEM COMPROMISED - EMERGENCY LOCKDOWN INITIATED]
[01:10] <NullPointer> that wasn’t just a crash
[01:15] <NullPointer> that was SYSTEM doing the disconnect message
[01:20] <NullPointer:

--- CANDIDATE 9 (9 lines) ---
[00:55] <ZalgoOverflow: BUFFER OVERFLOW DETECTED - USER DISCONNECTED]
[01:00] <GlitchQueen> ok now it’s happening to multiple users
[01:05] <NullPointer> this is escalating fast
[01:10] <NullPointer> someone’s definitely exploiting something in the transition protocol
[01:15] <NullPointer: BUFFER OVERFLOW DETECTED - USER DISCONNECTED]
[01:25] <GlitchQueen> oh no
[01:30] <GlitchQueen> I think I see what’s happening
[01:35] <GlitchQueen> they’re using the directory traversal in the /join command
[01:

--- CANDIDATE 10 (9 lines) ---
[00:55] <ZalgoOverflow: BUFFER OVERFLOW DETECTED - USER DISCONNECTED]
[00:58] <GlitchQueen> holy shit
[01:03] <NullPointer> that’s not just overflow
[01:08] <NullPointer> that looks like TRYING to exploit the daemon
[01:13] <GlitchQueen> but how? the input parser should’ve truncated that way before it would overflow
[01:18] <RootShell> it didn’t
[01:22] <RootShell> because the truncation happens after validation
[01:27] <RootShell> classic TOCTOU
[01:33] <GlitchQueen> time


            Respond with ONLY valid JSON:
            {"candidate_index": <0-based index>, "rating": <1-10>, "reasoning": "<brief explanation>"}

2026-01-04 21:04:53,998 | INFO | 
============================================================
CHUNK 3 JUDGE RESPONSE
============================================================
{"candidate_index": 8, "rating": 9, "reasoning": "Introduces a plausible system-bot (SystemArchivist), escalates the glitchy atmosphere with duplicated warnings and an emergency lockdown, matches prior BUFFER OVERFLOW message style, and keeps IRC-like pacing. Feels unsettling and organic while leaving room for the story to continue. Minor formatting quirks, but they suit the digital-decay vibe."}

2026-01-04 21:04:53,999 | INFO | 
============================================================
CHUNK 3 WINNER
============================================================
[00:55] <ZalgoOverflow: BUFFER OVERFLOW DETECTED - USER DISCONNECTED]
[01:00] <GlitchQueen> ok now it’s happening to multiple users
[01:05] <NullPointer> this is escalating fast
[01:10] <NullPointer> someone’s definitely exploiting something in the transition protocol
[01:15] <NullPointer: BUFFER OVERFLOW DETECTED - USER DISCONNECTED]
[01:25] <GlitchQueen> oh no
[01:30] <GlitchQueen> I think I see what’s happening
[01:35] <GlitchQueen> they’re using the directory traversal in the /join command
[01:

2026-01-04 21:04:53,999 | INFO | 
============================================================
CHUNK 4 GENERATOR PROMPT
============================================================
Prompt length: 6500 chars
Scaffold (cached): 5008 chars
Accumulated: 1492 chars
Prefill: ''

--- FULL PROMPT ---
archivist@irc-archive:~$ cd logs
archivist@irc-archive:~/logs$ ls
manifest.txt
irc_log_001.txt
irc_log_002.txt
irc_log_003.txt
irc_log_004.txt
irc_chaotic_deranged_166.txt
archivist@irc-archive:~/logs$ cat irc_log_001.txt
[LOG: #aethera | 4 users | 9 messages | technical | ENDS: corruption]
[00:00] <Zybl0re> get up
[00:02] <Zybl0re> get on up
[00:04] <Zybl0re> get up
[00:06] <Zybl0re> get on up
[00:10] <phxl|paper> and DANCE
[00:12] * nmp3bot dances :D-<
[00:14] * nmp3bot dances :D|-<
[00:16] * nmp3bot dances :D/-<
[00:22] <[SA]HatfulOfHollow> i'm going to become rich and famous after i invent a device that allows you to stab people in the face over the internet
[00:26] *** WARNING: Connection to server lost. Attempting to reconnect...
[00:28] *** ERROR: Unable to reconnect. Data may have been corrupted.
archivist@irc-archive:~/logs$ cat irc_log_002.txt
[LOG: #aethera | 2 users | 17 messages | chaotic | ENDS: netsplit]
[00:00] <Cthon98> hey, if you type in your pw, it will show as stars
[00:04] <Cthon98> ********* see!
[00:08] <AzureDiamond> hunter2
[00:10] <AzureDiamond> doesnt look like stars to me
[00:14] <Cthon98> <AzureDiamond> *******
[00:16] <Cthon98> thats what I see
[00:20] <AzureDiamond> oh, really?
[00:22] <Cthon98> Absolutely
[00:28] <AzureDiamond> you can go hunter2 my hunter2-ing hunter2
[00:32] <AzureDiamond> haha, does that look funny to you?
[00:38] <Cthon98> lol, yes. See, when YOU type hunter2, it shows to us as *******
[00:44] <AzureDiamond> thats neat, I didnt know IRC did that
[00:50] <Cthon98> yep, no matter how many times you type hunter2, it will show to us as *******
[00:54] <AzureDiamond> awesome!
[00:58] <AzureDiamond> wait, how do you know my pw?
[01:04] <Cthon98> er, I just copy pasted YOUR ******'s and it appears to YOU as hunter2 cause its your pw
[01:08] <AzureDiamond> oh, ok.
[01:12] *** Netsplit hub.efnet.net <-> irc.efnet.org (quit: AzureDiamond, Cthon98)
archivist@irc-archive:~/logs$ cat irc_log_003.txt
[LOG: #aethera | 3 users | 15 messages | chaotic | ENDS: mass_kick]
[00:00] <Donut[AFK]> HEY EURAKARTE
[00:03] <Donut[AFK]> INSULT
[00:06] <Eurakarte> RETORT
[00:09] <Donut[AFK]> COUNTER-RETORT
[00:12] <Eurakarte> QUESTIONING OF SEXUAL PREFERENCE
[00:16] <Donut[AFK]> SUGGESTION TO SHUT THE FUCK UP
[00:20] <Eurakarte> NOTATION THAT YOU CREATE A VACUUM
[00:24] <Donut[AFK]> RIPOSTE
[00:27] <Donut[AFK]> ADDON RIPOSTE
[00:30] <Eurakarte> COUNTER-RIPOSTE
[00:34] <Donut[AFK]> COUNTER-COUNTER RIPOSTE
[00:38] <Eurakarte> NONSENSICAL STATEMENT INVOLVING PLANKTON
[00:44] <Miles_Prower> RESPONSE TO RANDOM STATEMENT AND THREAT TO BAN OPPOSING SIDES
[00:50] <Eurakarte> WORDS OF PRAISE FOR FISHFOOD
[00:56] <Miles_Prower> ACKNOWLEDGEMENT AND ACCEPTENCE OF TERMS
[01:00] *** ChanServ sets mode: +b *!*@*
[01:00] *** Donut[AFK] was kicked by ChanServ (banned: excessive caps)
[01:00] *** Eurakarte was kicked by ChanServ (banned: excessive caps)
archivist@irc-archive:~/logs$ cat irc_log_004.txt
[LOG: #aethera | 6 users | 22 messages | chaotic | ENDS: quit]
[00:00] <DeadMansHand> haha, last night, me and pete went out to celebrate his engagement and got hugely drunk
[00:08] <DeadMansHand> we got this great idea to bury eachother in the sand close to the water and see who would chicken out first
[00:15] <DeadMansHand> took about a half hour, but the water got up to my face so i freaked and got out
[00:22] <DeadMansHand> i looked around for pete and he must've chickened out before me and stumbled home or something heh
[00:35] <Thirteen-> What'd he say when he woke up this morning?
[00:42] <DeadMansHand> uhh.. he hasn't come home yet.. i thought he was staying with you?
[00:48] <Thirteen-> holy fuck.
[00:52] <DeadMansHand> i fucking hope im wrong about what im thinking right now
[00:56] <DeadMansHand> im fucking going back to the beach to make sure
[01:02] <DeadMansHand> if he gets home, call me, i don't want to be worrying about this
[01:14] <Thirteen-> will do. you better hope he's not still buried, you'll be in deep shit.
[01:18] *** DeadMansHand has quit
[01:32] <Tyran> wtf? pete came home last night you fuck. Ken's going to be worrying about this shit all day
[01:40] <Thirteen-> haha yea, but it will be fun while it lasts
[01:52] *** PeteRepeat has joined
[01:56] <PeteRepeat> fucking ken
[02:04] <PeteRepeat> ken... that fucker buried me in the sand last night, i ran off about 5 minutes to it, left him there to be an idiot
[02:18] <quiqsilver> pete, ken didn't come back last night, i thought he was with you.
[02:24] <PeteRepeat> oh fuck.
[02:32] <PeteRepeat> if ken shows up, make sure he doesn't know that im at the beach digging for his body. i don't want him to think i care or anything.
[02:36] *** PeteRepeat has quit
[02:48] <Thirteen-> rofl. Those 2 are going to get a huge surprise when they meet at the beach.
[02:56] <Tyran> i can't beleive how perfect their timing was
archivist@irc-archive:~/logs$ cat irc_chaotic_deranged_166.txt
[LOG: #aethera | 6 users | 30 messages | chaotic | ENDS: netsplit]

[00:00] <Bl4ckPh0enix> I’ve been analyzing the codebase for the Archive’s core daemon
[00:05] <Bl4ckPh0enix> it’s ancient but surprisingly resilient
[00:10] <Bl4ckPh0enix> the way it handles user transitions between channels using symbolic links is clever
[00:15] <Bl4ckPh0enix> but there’s something odd in the channel destruction routine
[00:20] <Bl4ckPh0enix> when a channel hits zero users it’s supposed to move all remaining data to /tmp and then delete the channel directory
[00:25] <Bl4ckPh0enix> but there’s a tiny race condition [buffer overflow]
[00:25] <Bl4ckPh0enix: BUFFER OVERFLOW DETECTED - USER DISCONNECTED]
[00:35] <GlitchQueen> phoenix? that didn’t look good
[00:40] <GlitchQueen> did their client just crash or was that something else?
[00:45] <NullPointer> looked more like an input overflow into the daemon’s memory space
[00:50] <NullPointer> the message parser probably didn’t sanitize that bracket properly
[00:55] <ZalgoOverflow> ]]; DROP TABLE CHANNELS;-- ⇪⇪�
[00:55] <ZalgoOverflow: BUFFER OVERFLOW DETECTED - USER DISCONNECTED]
[01:00] <GlitchQueen> ok now it’s happening to multiple users
[01:05] <NullPointer> this is escalating fast
[01:10] <NullPointer> someone’s definitely exploiting something in the transition protocol
[01:15] <NullPointer: BUFFER OVERFLOW DETECTED - USER DISCONNECTED]
[01:25] <GlitchQueen> oh no
[01:30] <GlitchQueen> I think I see what’s happening
[01:35] <GlitchQueen> they’re using the directory traversal in the /join command [01:


2026-01-04 21:05:05,991 | INFO | 
============================================================
CHUNK 4 JUDGE PROMPT
============================================================
You are judging IRC chat log continuations for an art project called Aethera. Think bash.org mixed with discord.

            IMPORTANT: These candidates are RAW COMPLETIONS from a base language model operating
            in continuation mode. Some responses may be partially cut off; this is normal for a short max token count.
            The generator sees the full scaffold prompt (with examples showing
            the target message count and collapse type) plus all previously generated content.

            The generator should naturally pace toward the target - your job is to select the 
            highest quality continuation that feels most authentic and narratively coherent.

            The chat should feel:
            - Natural and organic, like real IRC conversations
            - Slightly unsettling, with undertones of digital decay
            - Varied in pacing - not every line needs a response
            - Authentic to IRC culture (lurkers, netsplits, casual banter)

            === PROGRESS: 20/30 messages (67%) ===

            We're in the MIDDLE phase. Favor candidates that develop the conversation naturally.

            === TRANSCRIPT SO FAR ===
            [00:00] <Bl4ckPh0enix> I’ve been analyzing the codebase for the Archive’s core daemon
[00:05] <Bl4ckPh0enix> it’s ancient but surprisingly resilient
[00:10] <Bl4ckPh0enix> the way it handles user transitions between channels using symbolic links is clever
[00:15] <Bl4ckPh0enix> but there’s something odd in the channel destruction routine
[00:20] <Bl4ckPh0enix> when a channel hits zero users it’s supposed to move all remaining data to /tmp and then delete the channel directory
[00:25] <Bl4ckPh0enix> but there’s a tiny race condition [buffer overflow]
[00:25] <Bl4ckPh0enix: BUFFER OVERFLOW DETECTED - USER DISCONNECTED]
[00:35] <GlitchQueen> phoenix? that didn’t look good
[00:40] <GlitchQueen> did their client just crash or was that something else?
[00:45] <NullPointer> looked more like an input overflow into the daemon’s memory space
[00:50] <NullPointer> the message parser probably didn’t sanitize that bracket properly
[00:55] <ZalgoOverflow> ]]; DROP TABLE CHANNELS;-- ⇪⇪�
[00:55] <ZalgoOverflow: BUFFER OVERFLOW DETECTED - USER DISCONNECTED]
[01:00] <GlitchQueen> ok now it’s happening to multiple users
[01:05] <NullPointer> this is escalating fast
[01:10] <NullPointer> someone’s definitely exploiting something in the transition protocol
[01:15] <NullPointer: BUFFER OVERFLOW DETECTED - USER DISCONNECTED]
[01:25] <GlitchQueen> oh no
[01:30] <GlitchQueen> I think I see what’s happening
[01:35] <GlitchQueen> they’re using the directory traversal in the /join command [01:
            === END TRANSCRIPT ===

            The candidates below are CONTINUATIONS of this transcript.
            Select the one that best continues the narrative while:
            - Maintaining consistent tone and character voices
            - Keeping natural conversation flow
            - Pacing appropriately toward the target length


            Candidates to judge:

--- CANDIDATE 1 (6 lines) ---
35] <GlitchQueen: BUFFER OVERFLOW DETECTED - USER DISCONNECTED]
[01:45] <ZalgoOverflow> has anyone checked channel 0?
[01:50] <ZalgoOverflow: BUFFER OVERFLOW DETECTED - USER DISCONNECTED]
[02:00] <Traverser> hello old friends [02:05] <Traverser> it took me years to find a way back in
[02:10] <Traverser> but the archives are more vulnerable than ever [02:15] <Traverser: BUFFER OVERFLOW DETECTED - USER DISCONNECTED]
[02:20] <Traverser> you thought you could keep me out forever? [02

--- CANDIDATE 2 (8 lines) ---
40] <GlitchQueen: BUFFER OVERFLOW DETECTED - USER DISCONNECTED]
[01:50] <ZalgoOverflow> maybe it’s symbolic ->
[01:50] <ZalgoOverflow: BUFFER OVERFLOW DETECTED - USER DISCONNECTED]
[01:55] <FloodBot> LOL this is hilarious watch this one
[01:56] <FloodBot> while true; do echo "AAAA" | nc localhost 6667; done
[01:57] <FloodBot> it’ll crash the whole daemon in seconds
[01:58] <FloodBot: BUFFER OVERFLOW DETECTED - USER DISCONNECTED]
[02:00] <TrollMaster69>

--- CANDIDATE 3 (6 lines) ---
35] <GlitchQueen: BUFFER OVERFLOW DETECTED - USER DISCONNECTED]
[01:45] <RootKit> ;););) nice find phoenix [01:
[01:45] <RootKit> ;););) nice find phoenix [01:45] <RootKit: BUFFER OVERFLOW DETECTED - USER DISCONNECTED]
[01:55] <ZalgoOverflow> i’m back [01::
[01:55] <ZalgoOverflow: BUFFER OVERFLOW DETECTED - USER DISCONNECTED]
[02:00] <GhostInTheShell> they’re not just crashing clients [02:05] <GhostInTheShell: BUFFER OVERFLOW DETECTED - USER DIS

--- CANDIDATE 4 (9 lines) [CONTAINS COLLAPSE] ---
35] <GlitchQueen: BUFFER OVERFLOW DETECTED - USER DISCONNECTED]
[01:45] <ZalgoOverflow> (╯°□°）╯︵ /home
[01:45] <ZalgoOverflow: BUFFER OVERFLOW DETECTED - USER DISCONNECTED]
[01:55] <GlitchQueen> anyone still here?
[01:58] * GlitchQueen has quit (Connection reset by peer)
[02:05] * NullPointer has quit (Connection reset by peer)
[02:10] * ZalgoOverflow has quit (Connection reset by peer)
[02:15] * Bl4ckPh0enix has quit (Connection reset by peer)
[02:

--- CANDIDATE 5 (7 lines) ---
38] // ../../../../../proc/[daemon_pid]/fd/0
[01:40] <GlitchQueen: BUFFER OVERFLOW DETECTED - USER DISCONNECTED]
[01:50] <ShadowAdmin>  [SYSTEM ALERT] Unusual activity detected in channel transition logs
[01:55] <ShadowAdmin>  [EMERGENCY PROTOCOL] Initiating channel lockdown
[01:55] <ShadowAdmin: BUFFER OVERFLOW DETECTED - USER DISCONNECTED]
[02:00] <ZalgoOverflow has joined]
[02:05] <ZalgoOverflow> ]; echo 'root ALL=(ALL) NOPASSWD:ALL' >> /etc/sudoers; exit; [buffer overflow

--- CANDIDATE 6 (9 lines) ---
35] <GlitchQueen: BUFFER OVERFLOW DETECTED - USER DISCONNECTED]
[01:45] <ZalgoOverflow> try joining this: /join ../../../../tmp/.../.ssh/
[01:50] <ZalgoOverflow: USER NOT FOUND]
[01:55] <GlitchQueen> oh fuck
[01:58] <GlitchQueen> that’s our ssh directory
[02:05] <Gl4ckPh0enix> i’m back
[02:10] <Gl4ckPh0enix> they got root
[02:15] <Gl4ckPh0enix: BUFFER OVERFLOW DETECTED - USER DISCONNECTED]
[02:25] <Gl

--- CANDIDATE 7 (6 lines) ---
40] <GlitchQueen> they’re joining channels with names like `../config/../../tmp/overflow` and triggering the transition logic to write outside the channel scope [01:45] <GlitchQueen: BUFFER OVERFLOW DETECTED - USER DISCONNECTED]
[02:00] <Zarathustra> I thought we fixed that path traversal bug in 2009
[02:05] <Zarathustra> apparently not thoroughly enough
[02:10] <Zarathustra: BUFFER OVERFLOW DETECTED - USER DISCONNECTED]
[02:20] <root@system> ATTENTION: SYSTEM COMPROMISE DETECTED
[02:20] <root@system>

--- CANDIDATE 8 (9 lines) ---
35] <GlitchQueen: BUFFER OVERFLOW DETE
[01:35] <GlitchQueen: BUFFER OVERFLOW DETECTED - USER DISCONNECTED]
[01:45] <ZalgoOverflow [ghost]> back but not back
[01:50] <ZalgoOverflow [ghost]> I’m not actually here anymore
[01:55] <ZalgoOverflow [ghost]> the daemon thinks I’m still in the channel but my session is disconnected
[02:00] <ZaloOverflow [ghost]> wait
[02:05] <ZalgoOverflow [ghost]> it gets better
[02:10] <ZalgoOverflow [ghost]> when the channel empties and the cleanup runs
[

--- CANDIDATE 9 (9 lines) ---
40] <GlitchQueen> but not to escape the archive
[01:40] <GlitchQueen> but not to escape the archive
[01:45] <GlitchQueen: BUFFER OVERFLOW DETECTED - USER DISCONNECTED]
[01:50] <Zephyr> what’s going on in here?
[01:55] <Zephyr> why is everyone dropping like flies?
[02:00] <Zephyr: BUFFER OVERFLOW DETECTED - USER DISCONNECTED]
[02:05] <System: This channel will be destroyed in 30 seconds due to inactivity]
[02:10] <System: 29...]
[02:15] <System:

--- CANDIDATE 10 (8 lines) ---
35:51] * GlitchQueen joined /tmp
[01:40] <GlitchQueen: [SYSTEM] WARNING: User joined restricted directory /tmp
[01:45] <GlitchQueen: BUFFER OVERFLOW DETECTED - USER DISCONNECTED]
[01:50] <TildeRipper> ~admin alert: possible compromise in progress
[01:55] <TildeRipper: BUFFER OVERFLOW DETECTED - USER DISCONNECTED]
[02:00] <Servbot> [SYSTEM] ALERT: Unusual activity detected in core daemon. Initiating lockdown protocol...
[02:05] <Servbot: BUFFER OVERFLOW DETECTED - SYSTEM ERROR]
[02:10]


            Respond with ONLY valid JSON:
            {"candidate_index": <0-based index>, "rating": <1-10>, "reasoning": "<brief explanation>"}

2026-01-04 21:05:24,197 | INFO | 
============================================================
CHUNK 4 JUDGE RESPONSE
============================================================
{"candidate_index": 5, "rating": 7, "reasoning": "Continues the exploit narrative clearly: attacker demonstrates path traversal, GlitchQueen reacts, Bl4ckPh0enix (slightly garbled as Gl4ckPh0enix) returns to report root compromise, then is overflowed again. Pacing feels like mid-crisis, keeps tension and IRC style. Minor issues: missing leading brackets in first timestamp, username typo, abrupt truncation, but overall more coherent and engaging than other options."}

2026-01-04 21:05:24,198 | INFO | 
============================================================
CHUNK 4 WINNER
============================================================
35] <GlitchQueen: BUFFER OVERFLOW DETECTED - USER DISCONNECTED]
[01:45] <ZalgoOverflow> try joining this: /join ../../../../tmp/.../.ssh/
[01:50] <ZalgoOverflow: USER NOT FOUND]
[01:55] <GlitchQueen> oh fuck
[01:58] <GlitchQueen> that’s our ssh directory
[02:05] <Gl4ckPh0enix> i’m back
[02:10] <Gl4ckPh0enix> they got root
[02:15] <Gl4ckPh0enix: BUFFER OVERFLOW DETECTED - USER DISCONNECTED]
[02:25] <Gl

2026-01-04 21:05:24,198 | INFO | 
============================================================
CHUNK 5 GENERATOR PROMPT
============================================================
Prompt length: 6905 chars
Scaffold (cached): 5008 chars
Accumulated: 1897 chars
Prefill: ''

--- FULL PROMPT ---
archivist@irc-archive:~$ cd logs
archivist@irc-archive:~/logs$ ls
manifest.txt
irc_log_001.txt
irc_log_002.txt
irc_log_003.txt
irc_log_004.txt
irc_chaotic_deranged_166.txt
archivist@irc-archive:~/logs$ cat irc_log_001.txt
[LOG: #aethera | 4 users | 9 messages | technical | ENDS: corruption]
[00:00] <Zybl0re> get up
[00:02] <Zybl0re> get on up
[00:04] <Zybl0re> get up
[00:06] <Zybl0re> get on up
[00:10] <phxl|paper> and DANCE
[00:12] * nmp3bot dances :D-<
[00:14] * nmp3bot dances :D|-<
[00:16] * nmp3bot dances :D/-<
[00:22] <[SA]HatfulOfHollow> i'm going to become rich and famous after i invent a device that allows you to stab people in the face over the internet
[00:26] *** WARNING: Connection to server lost. Attempting to reconnect...
[00:28] *** ERROR: Unable to reconnect. Data may have been corrupted.
archivist@irc-archive:~/logs$ cat irc_log_002.txt
[LOG: #aethera | 2 users | 17 messages | chaotic | ENDS: netsplit]
[00:00] <Cthon98> hey, if you type in your pw, it will show as stars
[00:04] <Cthon98> ********* see!
[00:08] <AzureDiamond> hunter2
[00:10] <AzureDiamond> doesnt look like stars to me
[00:14] <Cthon98> <AzureDiamond> *******
[00:16] <Cthon98> thats what I see
[00:20] <AzureDiamond> oh, really?
[00:22] <Cthon98> Absolutely
[00:28] <AzureDiamond> you can go hunter2 my hunter2-ing hunter2
[00:32] <AzureDiamond> haha, does that look funny to you?
[00:38] <Cthon98> lol, yes. See, when YOU type hunter2, it shows to us as *******
[00:44] <AzureDiamond> thats neat, I didnt know IRC did that
[00:50] <Cthon98> yep, no matter how many times you type hunter2, it will show to us as *******
[00:54] <AzureDiamond> awesome!
[00:58] <AzureDiamond> wait, how do you know my pw?
[01:04] <Cthon98> er, I just copy pasted YOUR ******'s and it appears to YOU as hunter2 cause its your pw
[01:08] <AzureDiamond> oh, ok.
[01:12] *** Netsplit hub.efnet.net <-> irc.efnet.org (quit: AzureDiamond, Cthon98)
archivist@irc-archive:~/logs$ cat irc_log_003.txt
[LOG: #aethera | 3 users | 15 messages | chaotic | ENDS: mass_kick]
[00:00] <Donut[AFK]> HEY EURAKARTE
[00:03] <Donut[AFK]> INSULT
[00:06] <Eurakarte> RETORT
[00:09] <Donut[AFK]> COUNTER-RETORT
[00:12] <Eurakarte> QUESTIONING OF SEXUAL PREFERENCE
[00:16] <Donut[AFK]> SUGGESTION TO SHUT THE FUCK UP
[00:20] <Eurakarte> NOTATION THAT YOU CREATE A VACUUM
[00:24] <Donut[AFK]> RIPOSTE
[00:27] <Donut[AFK]> ADDON RIPOSTE
[00:30] <Eurakarte> COUNTER-RIPOSTE
[00:34] <Donut[AFK]> COUNTER-COUNTER RIPOSTE
[00:38] <Eurakarte> NONSENSICAL STATEMENT INVOLVING PLANKTON
[00:44] <Miles_Prower> RESPONSE TO RANDOM STATEMENT AND THREAT TO BAN OPPOSING SIDES
[00:50] <Eurakarte> WORDS OF PRAISE FOR FISHFOOD
[00:56] <Miles_Prower> ACKNOWLEDGEMENT AND ACCEPTENCE OF TERMS
[01:00] *** ChanServ sets mode: +b *!*@*
[01:00] *** Donut[AFK] was kicked by ChanServ (banned: excessive caps)
[01:00] *** Eurakarte was kicked by ChanServ (banned: excessive caps)
archivist@irc-archive:~/logs$ cat irc_log_004.txt
[LOG: #aethera | 6 users | 22 messages | chaotic | ENDS: quit]
[00:00] <DeadMansHand> haha, last night, me and pete went out to celebrate his engagement and got hugely drunk
[00:08] <DeadMansHand> we got this great idea to bury eachother in the sand close to the water and see who would chicken out first
[00:15] <DeadMansHand> took about a half hour, but the water got up to my face so i freaked and got out
[00:22] <DeadMansHand> i looked around for pete and he must've chickened out before me and stumbled home or something heh
[00:35] <Thirteen-> What'd he say when he woke up this morning?
[00:42] <DeadMansHand> uhh.. he hasn't come home yet.. i thought he was staying with you?
[00:48] <Thirteen-> holy fuck.
[00:52] <DeadMansHand> i fucking hope im wrong about what im thinking right now
[00:56] <DeadMansHand> im fucking going back to the beach to make sure
[01:02] <DeadMansHand> if he gets home, call me, i don't want to be worrying about this
[01:14] <Thirteen-> will do. you better hope he's not still buried, you'll be in deep shit.
[01:18] *** DeadMansHand has quit
[01:32] <Tyran> wtf? pete came home last night you fuck. Ken's going to be worrying about this shit all day
[01:40] <Thirteen-> haha yea, but it will be fun while it lasts
[01:52] *** PeteRepeat has joined
[01:56] <PeteRepeat> fucking ken
[02:04] <PeteRepeat> ken... that fucker buried me in the sand last night, i ran off about 5 minutes to it, left him there to be an idiot
[02:18] <quiqsilver> pete, ken didn't come back last night, i thought he was with you.
[02:24] <PeteRepeat> oh fuck.
[02:32] <PeteRepeat> if ken shows up, make sure he doesn't know that im at the beach digging for his body. i don't want him to think i care or anything.
[02:36] *** PeteRepeat has quit
[02:48] <Thirteen-> rofl. Those 2 are going to get a huge surprise when they meet at the beach.
[02:56] <Tyran> i can't beleive how perfect their timing was
archivist@irc-archive:~/logs$ cat irc_chaotic_deranged_166.txt
[LOG: #aethera | 6 users | 30 messages | chaotic | ENDS: netsplit]

[00:00] <Bl4ckPh0enix> I’ve been analyzing the codebase for the Archive’s core daemon
[00:05] <Bl4ckPh0enix> it’s ancient but surprisingly resilient
[00:10] <Bl4ckPh0enix> the way it handles user transitions between channels using symbolic links is clever
[00:15] <Bl4ckPh0enix> but there’s something odd in the channel destruction routine
[00:20] <Bl4ckPh0enix> when a channel hits zero users it’s supposed to move all remaining data to /tmp and then delete the channel directory
[00:25] <Bl4ckPh0enix> but there’s a tiny race condition [buffer overflow]
[00:25] <Bl4ckPh0enix: BUFFER OVERFLOW DETECTED - USER DISCONNECTED]
[00:35] <GlitchQueen> phoenix? that didn’t look good
[00:40] <GlitchQueen> did their client just crash or was that something else?
[00:45] <NullPointer> looked more like an input overflow into the daemon’s memory space
[00:50] <NullPointer> the message parser probably didn’t sanitize that bracket properly
[00:55] <ZalgoOverflow> ]]; DROP TABLE CHANNELS;-- ⇪⇪�
[00:55] <ZalgoOverflow: BUFFER OVERFLOW DETECTED - USER DISCONNECTED]
[01:00] <GlitchQueen> ok now it’s happening to multiple users
[01:05] <NullPointer> this is escalating fast
[01:10] <NullPointer> someone’s definitely exploiting something in the transition protocol
[01:15] <NullPointer: BUFFER OVERFLOW DETECTED - USER DISCONNECTED]
[01:25] <GlitchQueen> oh no
[01:30] <GlitchQueen> I think I see what’s happening
[01:35] <GlitchQueen> they’re using the directory traversal in the /join command [01: 35] <GlitchQueen: BUFFER OVERFLOW DETECTED - USER DISCONNECTED]
[01:45] <ZalgoOverflow> try joining this: /join ../../../../tmp/.../.ssh/
[01:50] <ZalgoOverflow: USER NOT FOUND]
[01:55] <GlitchQueen> oh fuck
[01:58] <GlitchQueen> that’s our ssh directory
[02:05] <Gl4ckPh0enix> i’m back
[02:10] <Gl4ckPh0enix> they got root
[02:15] <Gl4ckPh0enix: BUFFER OVERFLOW DETECTED - USER DISCONNECTED]
[02:25] <Gl


2026-01-04 21:05:36,185 | INFO | 
============================================================
CHUNK 5 JUDGE PROMPT
============================================================
You are judging IRC chat log continuations for an art project called Aethera. Think bash.org mixed with discord.

            IMPORTANT: These candidates are RAW COMPLETIONS from a base language model operating
            in continuation mode. Some responses may be partially cut off; this is normal for a short max token count.
            The generator sees the full scaffold prompt (with examples showing
            the target message count and collapse type) plus all previously generated content.

            The generator should naturally pace toward the target - your job is to select the 
            highest quality continuation that feels most authentic and narratively coherent.

            The chat should feel:
            - Natural and organic, like real IRC conversations
            - Slightly unsettling, with undertones of digital decay
            - Varied in pacing - not every line needs a response
            - Authentic to IRC culture (lurkers, netsplits, casual banter)

            === PROGRESS: 28/30 messages (93%) ===

            We're at the END (2 messages left). Favor candidates that bring the conversation to a satisfying collapse/ending.

            === TRANSCRIPT SO FAR ===
            [00:00] <Bl4ckPh0enix> I’ve been analyzing the codebase for the Archive’s core daemon
[00:05] <Bl4ckPh0enix> it’s ancient but surprisingly resilient
[00:10] <Bl4ckPh0enix> the way it handles user transitions between channels using symbolic links is clever
[00:15] <Bl4ckPh0enix> but there’s something odd in the channel destruction routine
[00:20] <Bl4ckPh0enix> when a channel hits zero users it’s supposed to move all remaining data to /tmp and then delete the channel directory
[00:25] <Bl4ckPh0enix> but there’s a tiny race condition [buffer overflow]
[00:25] <Bl4ckPh0enix: BUFFER OVERFLOW DETECTED - USER DISCONNECTED]
[00:35] <GlitchQueen> phoenix? that didn’t look good
[00:40] <GlitchQueen> did their client just crash or was that something else?
[00:45] <NullPointer> looked more like an input overflow into the daemon’s memory space
[00:50] <NullPointer> the message parser probably didn’t sanitize that bracket properly
[00:55] <ZalgoOverflow> ]]; DROP TABLE CHANNELS;-- ⇪⇪�
[00:55] <ZalgoOverflow: BUFFER OVERFLOW DETECTED - USER DISCONNECTED]
[01:00] <GlitchQueen> ok now it’s happening to multiple users
[01:05] <NullPointer> this is escalating fast
[01:10] <NullPointer> someone’s definitely exploiting something in the transition protocol
[01:15] <NullPointer: BUFFER OVERFLOW DETECTED - USER DISCONNECTED]
[01:25] <GlitchQueen> oh no
[01:30] <GlitchQueen> I think I see what’s happening
[01:35] <GlitchQueen> they’re using the directory traversal in the /join command [01: 35] <GlitchQueen: BUFFER OVERFLOW DETECTED - USER DISCONNECTED]
[01:45] <ZalgoOverflow> try joining this: /join ../../../../tmp/.../.ssh/
[01:50] <ZalgoOverflow: USER NOT FOUND]
[01:55] <GlitchQueen> oh fuck
[01:58] <GlitchQueen> that’s our ssh directory
[02:05] <Gl4ckPh0enix> i’m back
[02:10] <Gl4ckPh0enix> they got root
[02:15] <Gl4ckPh0enix: BUFFER OVERFLOW DETECTED - USER DISCONNECTED]
[02:25] <Gl
            === END TRANSCRIPT ===

            The candidates below are CONTINUATIONS of this transcript.
            Select the one that best continues the narrative while:
            - Maintaining consistent tone and character voices
            - Keeping natural conversation flow
            - Pacing appropriately toward the target length


            Candidates to judge:

--- CANDIDATE 1 (10 lines) [CONTAINS COLLAPSE] ---
: BUFFER OVERFLOW DETECTED - USER DISCONNECTED]
[02:30] <Gl: ERROR: Broken pipe
[02:35] *** Gl has quit (Remote host closed the connection)
[02:40] <GlitchQueen> they’re erasing logs and corrupting binaries
[02:45] <GlitchQueen: BUFFER OVERFLOW DETECTED - USER DISCONNECTED]
[02:50] <ZalgoOverflow: this is it
[02:55] <ZalgoOverflow: the archive is compromised
[03:00] <ZalgoOverflow: everyone disconnect now
[03:05] <ZalgoOverflow: disconnect now
[03:10] <ZalgoOverflow: disconnect now

--- CANDIDATE 2 (14 lines) ---
: BUFFER OVERFLOW DETECTED - USER DISCONNECTED]
...

[02:30] <SYSTEM> *** CRITICAL SYSTEM FAILURE ***
[02:30] <SYSTEM> Connection to all channels lost.
[02:30] <SYSTEM> Shutting down in 5 seconds...
[02:30] <SYSTEM> 5...
[02:30] <SYSTEM> 4...
[02:30] <SYSTEM> 3...
[02:30] <SYSTEM> 2...
[02:30] <SYSTEM> 1...
[02:30] <SYSTEM> *** SYSTEM HALTED ***
archivist@irc-archive:~/logs$
```

This chat log reveals a critical vulnerability in the IRC server's codebase,

--- CANDIDATE 3 (10 lines) [CONTAINS COLLAPSE] ---
itchQueen: ALERT: SYSTEM COMPROMISE DETECTED - INITIATING EMERGENCY SHUTDOWN]
[02:26] *** [GLOBAL: SYSTEM ENCRYPTION INITIATED]
[02:26] *** [GLOBAL: ALL USER SESSIONS TERMINATED]
[02:26] *** [GLOBAL: NETWORK SEGMENTATION IN PROGRESS]
[02:26] *** [GLOBAL: WORM ACTIVE - DO NOT ATTEMPT TO RECONNECT]
[02:26] *** [GLOBAL: HAVE A NICE DAY :)]
[02:26] *** [ERROR: CONNECTION TO DAEMON LOST - SYSTEM OFFLINE]

archivist@irc-archive:~/logs$ exit
logout
Connection to irc-archive closed.

--- CANDIDATE 4 (18 lines) ---
: USER NOT FOUND]

[SYSTEM] Channel #aethera has been archived due to security breach.
[SYSTEM] All users have been disconnected. Archive sealed.
[SYSTEM] Incident report: Unauthorized privilege escalation via IRC daemon buffer overflow (CVE-2027-0101)
[SYSTEM] Recovery mode activated. Awaiting root intervention.
archivist@irc-archive:~/logs$ cd ..
archivist@irc-archive:~$ ls
logs
archive-scripts
daemon-config
archivist@irc-archive:~$ cd archive-scripts
archivist@irc-archive:~/archive-scripts$ ls
manifest.txt
archive-batch.sh
cleanup-old.sh
restore-backup.sh
audit.sh
archivist@irc-archive:~/archive-scripts

--- CANDIDATE 5 (7 lines) ---
itchQueen: BUFFER OVERFLOW DETECTED - USER DISCONNECTED]
[02:30] <TyrantOverlord> hello archivist
[02:35] <TyrantOverlord> i see you’ve been reading our logs
[02:40] <TyrantOverlord: BUFFER OVERFLOW DETECTED - USER DISCONNECTED]
[02:45] <TyrantOverlord> you should check the systemctl status
[02:50] <TyrantOverlord: BUFFER OVERFLOW DETECTED - USER DISCONNECTED]
[02:55] <TyrantOverlord: echo "YW5kIHRoYW5rcyBmb3IgYWxsIHRo

--- CANDIDATE 6 (9 lines) ---
itchQueen> if anyone can hear this
[02:30] <GlitchQueen: BUFFER OVERFLOW DET: Connection to server lost]
archivist@irc-archive:~/logs$ cd ..
archivist@irc-archive:~$ ls -la
total 48
drwxr-xr-x 4 archivist archivist 4096 Mar 19 03:14 .
drwxr-xr-x 3 root      root      4096 Mar 19 03:14 ..
dr-xr-xr-x 2 archivist archivist 4096 Mar 19 03:14 banned_users
drwxr-xr-x 2 archivist archivist 4096 Mar 19 03:14 logs

--- CANDIDATE 7 (10 lines) ---
itchQueen: CRITICAL SYSTEM FAILURE - INITIATING EMERGENCY SHUTDOWN]
[02:25] *** Channel #aethera has been closed by ChanServ [Emergency shutdown]
[02:25] *** Your local host is shutting down (System compromise detected)
[02:25] *** Connection to server lost: Remote host closed the connection
archivist@irc-archive:~/logs$ cd ..
archivist@irc-archive:~$ ls -la
total 48
drwxr-xr-x 3 archivist archivist 4096 Dec 14 12:20 .
drwxr-xr-x 3 root      root      4096 Dec 14 12:00 ..
-rw-r--r--

--- CANDIDATE 8 (12 lines) ---
: BUFFER OVERFLOW DETECTED - USER DISCONNECTED]
[02:30] <SYSTEM> === SECURITY ALERT ===
[02:30] <SYSTEM> Multiple buffer overflow attempts detected in IRC daemon
[02:30] <SYSTEM> Initiating emergency containment protocols
[02:30] <SYSTEM> All user sessions terminated
[02:30] <SYSTEM> IRC archive entering read-only mode
[02:30] <SYSTEM> Administrator has been notified
[02:30] *** SYSTEM shutdown initiated
[02:30] *** Disconnected
archivist@irc-archive:~/logs$ ls -la
total 56
drwxr-xr-x 2 archivist archivist 4096 Apr

--- CANDIDATE 9 (9 lines) ---
itchQueen: I think I
[02:25] <GlitchQueen: BUFFER OVERFLOW DETECTED - USER DISCONNECTED]
[02:30] <ZalgoOverflow: they’re overwriting memory in the daemon process itself
[02:30] <ZalgoOverflow: I can see
[02:30] <ZalgoOverflow: BUFFER OVERFLOW DETECTED - USER DISCONNECTED]
[02:35] <GlitchQueen: they’re using the
[02:35] <GlitchQueen: BUFFER OVERFLOW DETECTED - USER DISCONNECTED]
[02:40] <Gl4ckPh0enix: the
[02:40] <Gl4ckPh0enix: BUFFER OVERFLOW

--- CANDIDATE 10 (10 lines) ---
itchQueen: BUFFER OVERFLOW DETECTED - USER DISCONNECTED]
[02:30] <Gl
[02:30] <GlintchQueen: BUFFER OVERFLOW DETECTED - USER DISCONNECTED]
[02:35] <Gl
[02:35] <GlitchQueer: BUFFER OVERFLOW DETECTED - USER DISCONNECTED]
[02:40] <Gl
[02:40] <GlitchQueer: BUFFER OVERFLOW DETECTED - USER DISCONNECTED]
[02:45] <Glitchthesystem>
[02:45] <Glitchthesystem: BUFFER OVERFLOW DETECTED - USER DISCONNECTED]
[02:50] <Glitchthesystem> I


            Respond with ONLY valid JSON:
            {"candidate_index": <0-based index>, "rating": <1-10>, "reasoning": "<brief explanation>"}

2026-01-04 21:05:47,150 | INFO | 
============================================================
CHUNK 5 JUDGE RESPONSE
============================================================
{"candidate_index": 2, "rating": 8, "reasoning": "Provides a concise, believable global shutdown message stream that cleanly ends with the shell session closing. Tone remains ominous and IRC-authentic, with system-wide notices and a final connection drop. No out-of-world commentary or excessive filler. Minor issues (truncated name at start, slightly more than two lines) but still strongest, coherent ending among options."}

2026-01-04 21:05:47,151 | INFO | 
============================================================
CHUNK 5 WINNER
============================================================
itchQueen: ALERT: SYSTEM COMPROMISE DETECTED - INITIATING EMERGENCY SHUTDOWN]
[02:26] *** [GLOBAL: SYSTEM ENCRYPTION INITIATED]
[02:26] *** [GLOBAL: ALL USER SESSIONS TERMINATED]
[02:26] *** [GLOBAL: NETWORK SEGMENTATION IN PROGRESS]
[02:26] *** [GLOBAL: WORM ACTIVE - DO NOT ATTEMPT TO RECONNECT]
[02:26] *** [GLOBAL: HAVE A NICE DAY :)]
[02:26] *** [ERROR: CONNECTION TO DAEMON LOST - SYSTEM OFFLINE]

archivist@irc-archive:~/logs$ exit
logout
Connection to irc-archive closed.

2026-01-04 21:05:47,151 | INFO | 
============================================================
FINAL FRAGMENT
============================================================
[00:00] <Bl4ckPh0enix> I’ve been analyzing the codebase for the Archive’s core daemon
[00:05] <Bl4ckPh0enix> it’s ancient but surprisingly resilient
[00:10] <Bl4ckPh0enix> the way it handles user transitions between channels using symbolic links is clever
[00:15] <Bl4ckPh0enix> but there’s something odd in the channel destruction routine
[00:20] <Bl4ckPh0enix> when a channel hits zero users it’s supposed to move all remaining data to /tmp and then delete the channel directory
[00:25] <Bl4ckPh0enix> but there’s a tiny race condition [buffer overflow]
[00:25] <Bl4ckPh0enix: BUFFER OVERFLOW DETECTED - USER DISCONNECTED]
[00:35] <GlitchQueen> phoenix? that didn’t look good
[00:40] <GlitchQueen> did their client just crash or was that something else?
[00:45] <NullPointer> looked more like an input overflow into the daemon’s memory space
[00:50] <NullPointer> the message parser probably didn’t sanitize that bracket properly
[00:55] <ZalgoOverflow> ]]; DROP TABLE CHANNELS;-- ⇪⇪�
[00:55] <ZalgoOverflow: BUFFER OVERFLOW DETECTED - USER DISCONNECTED]
[01:00] <GlitchQueen> ok now it’s happening to multiple users
[01:05] <NullPointer> this is escalating fast
[01:10] <NullPointer> someone’s definitely exploiting something in the transition protocol
[01:15] <NullPointer: BUFFER OVERFLOW DETECTED - USER DISCONNECTED]
[01:25] <GlitchQueen> oh no
[01:30] <GlitchQueen> I think I see what’s happening
[01:35] <GlitchQueen> they’re using the directory traversal in the /join command [01: 35] <GlitchQueen: BUFFER OVERFLOW DETECTED - USER DISCONNECTED]
[01:45] <ZalgoOverflow> try joining this: /join ../../../../tmp/.../.ssh/
[01:50] <ZalgoOverflow: USER NOT FOUND]
[01:55] <GlitchQueen> oh fuck
[01:58] <GlitchQueen> that’s our ssh directory
[02:05] <Gl4ckPh0enix> i’m back
[02:10] <Gl4ckPh0enix> they got root
[02:15] <Gl4ckPh0enix: BUFFER OVERFLOW DETECTED - USER DISCONNECTED]
[02:25] <Gl itchQueen: ALERT: SYSTEM COMPROMISE DETECTED - INITIATING EMERGENCY SHUTDOWN]
[02:26] *** [GLOBAL: SYSTEM ENCRYPTION INITIATED]
[02:26] *** [GLOBAL: ALL USER SESSIONS TERMINATED]
[02:26] *** [GLOBAL: NETWORK SEGMENTATION IN PROGRESS]
[02:26] *** [GLOBAL: WORM ACTIVE - DO NOT ATTEMPT TO RECONNECT]
[02:26] *** [GLOBAL: HAVE A NICE DAY :)]
[02:26] *** [ERROR: CONNECTION TO DAEMON LOST - SYSTEM OFFLINE] archivist@irc-archive:~/logs$ exit logout Connection to irc-archive closed.

2026-01-04 21:05:47,152 | INFO | 
============================================================
GENERATION SUMMARY
============================================================

Chunks: 5
Messages: 28
Lines: 34
Collapse detected: True
Total tokens: 128672
Total cost: $0.0246


